check: (10,10) want 203040 got 203040 ok
check: (1270,790) want 203040 got 203040 ok
check: (450,260) want ff0000 got ff0000 ok
check: (460,540) want ff0000 got ff0000 ok
check: (830,260) want ff0000 got ff0000 ok
check: (530,340) want 00ff00 got 00ff00 ok
check: (810,520) want 00ff00 got 00ff00 ok
check: (830,545) want ff0000 got ff0000 ok
check: (850,540) want 203040 got 203040 ok
check: build/ws105-p007/criteria/c9-p052/windows.png 1280x800 PASS
check: (10,10) want 00ff00 got 00ff00 ok
check: (640,400) want 00ff00 got 00ff00 ok
check: (1270,790) want 00ff00 got 00ff00 ok
check: (450,260) want 00ff00 got 00ff00 ok
check: build/ws105-p007/criteria/c9-p052/fullscreen.png 1280x800 PASS
check: (10,10) want 203040 got 203040 ok
check: (450,260) want ff0000 got ff0000 ok
check: (530,340) want 00ff00 got 00ff00 ok
check: (810,520) want 00ff00 got 00ff00 ok
check: (850,540) want 203040 got 203040 ok
check: build/ws105-p007/criteria/c9-p052/back.png 1280x800 PASS
direct presents: 0
vulkan imports: 12
compose frames: 252
ZWL OUTPUT open width=1280 height=800 images=3 format=37
ZWL MODE window switch_ms=638 at_ms=46846
ZWL PERF compose frames=28 draw_ms=108.84 (acquire 24.48 submit+present 64.41) frame_ms=117.81
ZWL PERF compose frames=65 draw_ms=60.27 (acquire 17.27 submit+present 32.34) frame_ms=63.61
ZWL PERF compose frames=76 draw_ms=55.46 (acquire 17.43 submit+present 28.34) frame_ms=61.49
ZWL PERF compose frames=64 draw_ms=57.16 (acquire 13.75 submit+present 32.53) frame_ms=62.49
p052: PASS
