ZWL PREFERENCES open
ZWL DISPLAY device=llvmpipe (LLVM 19.1.7, 256 bits) width=1280 height=800 refresh_mhz=74994
ZWL STARTUP step=vulkan-device ms=213
ZWL STARTUP step=vulkan-objects-arrow ms=264
ZWL STARTUP step=wallpaper-picture ms=27
ZWL STARTUP step=wallpaper ms=258
ZWL STARTUP step=glyphs-text ms=28
ZWL STARTUP step=glyphs-icons ms=14
ZWL STARTUP step=glyphs-mark ms=40
ZWL GLASS atlas cache-top=380 cells=273 faces=1
ZWL STARTUP step=glyphs ms=185
ZWL GLASS ready text=1
ZWL STARTUP step=compose ms=1000 at_ms=245362
ZWL INPUT device=/dev/input/event0 kind=pointer abs=1
ZWL INPUT device=/dev/input/event1 kind=keyboard abs=0
ZWL INPUT device=/dev/input/event2 kind=pointer abs=0
ZWL INPUT device=/dev/input/event3 kind=keyboard abs=0
ZWL STARTUP step=input ms=1 at_ms=245363
ZWL KEYMAP format=xkb_v1 errno=0
ZWL STARTUP step=keymap ms=1 at_ms=245364
ZWL STARTUP step=socket ms=0 at_ms=245364
ZWL IME none program=/usr/libexec/keiland-ime errno=6
ZWL READY socket=/tmp/wayland-0 width=1280 height=800 timeout_ms=400000 pid=1055
ZWL CORNER zone x=1252 y=0 width=28 height=28
ZWL OSK zone kind=flick x=1252 y=772 size=28
ZWL OSK zone kind=qwerty x=0 y=772 size=28
ZWL STARTUP step=output-display ms=6
ZWL STARTUP step=output-pipelines ms=160
ZWL STARTUP step=output-swapchain ms=386
ZWL STARTUP step=output-targets ms=90
ZWL OUTPUT open width=1280 height=800 images=3 format=37
ZWL MODE window switch_ms=642 at_ms=246016
ZWL LAT draw frame=1 at_us=246016000
ZWL LAT acquired frame=1 at_us=246017000
ZWL GLASS desktops x=822 step=46 width=40
ZWL NETWORK icon x=1066 y=3 width=30 height=28
ZWL VOLUME icon x=1033 y=3 width=30 height=28
ZWL LAT recorded frame=1 at_us=246038000
ZWL COMPOSE frame=1 image=0 windows=0 at_ms=246108
ZWL LAT submit frame=1 at_us=246108000
ZWL LAT shown frame=1 at_us=246118000
ZWL HOME skip name=Image Viewer missing=/bin/imageview
ZWL HOME skip name=Text Editor missing=/bin/textedit
ZWL HOME skip name=Browser missing=/bin/browser
ZWL NETWORK state reachable=1 connected=1 kind=wired interface=ue0 wifi=absent ssid=
ZWL LAT draw frame=2 at_us=246120000
ZWL LAT acquired frame=2 at_us=246251000
ZWL LAT recorded frame=2 at_us=246273000
ZWL COMPOSE frame=2 image=1 windows=0 at_ms=246343
ZWL LAT submit frame=2 at_us=246343000
ZWL LAT shown frame=2 at_us=246354000
ZWL CLIENT client=1 fd=17
ZWL CONFIGURE client=1 surface=8 serial=1 width=0 height=0 fullscreen=0
ZWL LAT draw frame=3 at_us=246378000
ZWL LAT acquired frame=3 at_us=246385000
ZWL LAT recorded frame=3 at_us=246407000
ZWL COMPOSE frame=3 image=2 windows=0 at_ms=246477
ZWL LAT submit frame=3 at_us=246477000
ZWL LAT shown frame=3 at_us=246487000
ZWL SEAT client=1 pointer=1 keyboard=0 touch=0
ZWL SEAT client=1 pointer=1 keyboard=1 touch=0
ZWL COMMIT client=1 surface=8 buffer=15 queued=0
ZWL LAT adopt surface=8 at_us=246490000
ZWL MAP client=1 surface=8 x=440 y=293
ZWL SHM_COPY client=1 surface=8 buffer=15 rows=0-300 sum=47199377
ZWL LAT draw frame=4 at_us=246698000
ZWL LAT acquired frame=4 at_us=246698000
ZWL LAT recorded frame=4 at_us=246719000
ZWL COMPOSE frame=4 image=0 windows=1 at_ms=246789
ZWL LAT submit frame=4 at_us=246789000
ZWL LAT shown frame=4 at_us=246800000
ZWL LAT draw frame=5 at_us=250000000
ZWL LAT acquired frame=5 at_us=250000000
ZWL LAT recorded frame=5 at_us=250021000
ZWL COMPOSE frame=5 image=1 windows=1 at_ms=250092
ZWL LAT submit frame=5 at_us=250092000
ZWL LAT shown frame=5 at_us=250102000
ZWL PERF 5008ms: passes=363 timeouts=351 | poll 81.3% work 36.0%
ZWL PERF compose frames=5 draw_ms=139.24 (acquire 32.34 submit+present 82.02) frame_ms=151.36
ZWL PERF shm copies=1 copy_ms=3.303
ZWL LAT draw frame=6 at_us=251218000
ZWL LAT acquired frame=6 at_us=251218000
ZWL LAT recorded frame=6 at_us=251240000
ZWL COMPOSE frame=6 image=2 windows=1 at_ms=251310
ZWL LAT submit frame=6 at_us=251310000
ZWL LAT shown frame=6 at_us=251319000
ZWL LAT draw frame=7 at_us=251371000
ZWL LAT acquired frame=7 at_us=251372000
ZWL LAT recorded frame=7 at_us=251393000
ZWL COMPOSE frame=7 image=0 windows=1 at_ms=251463
ZWL LAT submit frame=7 at_us=251463000
ZWL LAT shown frame=7 at_us=251474000
ZWL POPUP create client=1 popup=19 surface=17 parent=8 x=60 y=60 width=360 height=180
ZWL POPUP grab popup=19 surface=17
ZWL POPUP configure surface=17 serial=7 x=60 y=60 width=360 height=180
ZWL PING pong client=1 serial=6
ZWL COMMIT client=1 surface=17 buffer=21 queued=0
ZWL LAT adopt surface=17 at_us=251667000
ZWL POPUP map surface=17 x=500 y=353 grab=1
ZWL SHM_COPY client=1 surface=17 buffer=21 rows=0-180 sum=26c56835
ZWL LAT draw frame=8 at_us=251871000
ZWL LAT acquired frame=8 at_us=251871000
ZWL LAT recorded frame=8 at_us=251892000
ZWL COMPOSE frame=8 image=1 windows=1 at_ms=251962
ZWL LAT submit frame=8 at_us=251962000
ZWL LAT shown frame=8 at_us=251972000
ZWL PERF 5005ms: passes=458 timeouts=447 | poll 89.0% work 11.0%
ZWL PERF compose frames=3 draw_ms=91.40 (acquire 0.29 submit+present 69.87) frame_ms=101.68
ZWL PERF shm copies=1 copy_ms=1.413
ZWL LAT draw frame=9 at_us=255876000
ZWL LAT acquired frame=9 at_us=255877000
ZWL LAT recorded frame=9 at_us=255898000
ZWL COMPOSE frame=9 image=2 windows=1 at_ms=255968
ZWL LAT submit frame=9 at_us=255968000
ZWL LAT shown frame=9 at_us=255978000
ZWL LAT draw frame=10 at_us=256030000
ZWL LAT acquired frame=10 at_us=256030000
ZWL LAT recorded frame=10 at_us=256052000
ZWL COMPOSE frame=10 image=0 windows=1 at_ms=256121
ZWL LAT submit frame=10 at_us=256121000
ZWL LAT shown frame=10 at_us=256131000
ZWL POPUP create client=1 popup=25 surface=23 parent=17 x=360 y=120 width=360 height=120
ZWL POPUP grab popup=25 surface=23
ZWL POPUP configure surface=23 serial=16 x=360 y=120 width=360 height=120
ZWL PING pong client=1 serial=15
ZWL COMMIT client=1 surface=23 buffer=27 queued=0
ZWL LAT adopt surface=23 at_us=256334000
ZWL POPUP map surface=23 x=860 y=473 grab=1
ZWL SHM_COPY client=1 surface=23 buffer=27 rows=0-120 sum=0e8510e5
ZWL LAT draw frame=11 at_us=256537000
ZWL LAT acquired frame=11 at_us=256537000
ZWL LAT recorded frame=11 at_us=256558000
ZWL COMPOSE frame=11 image=1 windows=1 at_ms=256628
ZWL LAT submit frame=11 at_us=256628000
ZWL LAT shown frame=11 at_us=256639000
P017_PROBE_BOUNDARY
POPUPPROBE configure window width=0 height=0 states=1 resizing=0
POPUPPROBE ready run=p
POPUPPROBE focus window
POPUPPROBE enter window x=200 y=107
POPUPPROBE button window state=1 x=60 y=60
POPUPPROBE open menu at=60,60
POPUPPROBE ping serial=6 answered
POPUPPROBE configure menu x=60 y=60 width=360 height=180
POPUPPROBE unfocus window
POPUPPROBE focus menu
POPUPPROBE leave window
POPUPPROBE enter menu x=0 y=0
POPUPPROBE button menu state=0 x=0 y=0
POPUPPROBE button menu state=1 x=100 y=130
POPUPPROBE open submenu row=120
POPUPPROBE ping serial=15 answered
POPUPPROBE configure submenu x=360 y=120 width=360 height=120
POPUPPROBE unfocus menu
POPUPPROBE focus submenu
POPUPPROBE button menu state=0 x=100 y=130
