POPUPPROBE configure window width=0 height=0 states=1 resizing=0
POPUPPROBE ready run=p
POPUPPROBE focus window
POPUPPROBE enter window x=200 y=107
POPUPPROBE button window state=1 x=60 y=60
POPUPPROBE open menu at=60,60
POPUPPROBE ping serial=6 answered
POPUPPROBE configure menu x=60 y=60 width=360 height=180
POPUPPROBE unfocus window
POPUPPROBE focus menu
POPUPPROBE leave window
POPUPPROBE enter menu x=0 y=0
POPUPPROBE button menu state=0 x=0 y=0
POPUPPROBE button menu state=1 x=100 y=130
POPUPPROBE open submenu row=120
POPUPPROBE ping serial=15 answered
POPUPPROBE button menu state=0 x=100 y=130
POPUPPROBE configure submenu x=360 y=120 width=360 height=120
POPUPPROBE unfocus menu
POPUPPROBE focus submenu
POPUPPROBE leave menu
POPUPPROBE enter submenu x=98 y=45
POPUPPROBE button submenu state=1 x=100 y=45
POPUPPROBE choose submenu row=1
POPUPPROBE close submenu
POPUPPROBE close menu
POPUPPROBE ping serial=24 answered
POPUPPROBE unfocus other
POPUPPROBE focus other
POPUPPROBE leave other
POPUPPROBE unfocus other
POPUPPROBE focus window
POPUPPROBE enter window x=520 y=225
POPUPPROBE button window state=1 x=360 y=60
POPUPPROBE open menu at=360,60
POPUPPROBE ping serial=34 answered
POPUPPROBE configure menu x=360 y=60 width=360 height=180
POPUPPROBE unfocus window
POPUPPROBE focus menu
POPUPPROBE leave window
POPUPPROBE enter menu x=0 y=0
POPUPPROBE button menu state=0 x=0 y=0
POPUPPROBE button menu state=1 x=100 y=130
POPUPPROBE open submenu row=120
POPUPPROBE ping serial=43 answered
POPUPPROBE button menu state=0 x=100 y=130
POPUPPROBE configure submenu x=-360 y=120 width=360 height=120
POPUPPROBE unfocus menu
POPUPPROBE focus submenu
POPUPPROBE leave menu
POPUPPROBE done submenu
POPUPPROBE close submenu
POPUPPROBE done menu
POPUPPROBE close menu
POPUPPROBE unfocus other
POPUPPROBE focus window
POPUPPROBE enter window x=-400 y=407
POPUPPROBE button window state=1 x=60 y=60
POPUPPROBE open menu at=60,60
POPUPPROBE ping serial=55 answered
POPUPPROBE configure menu x=60 y=60 width=360 height=180
POPUPPROBE unfocus window
POPUPPROBE focus menu
POPUPPROBE leave window
POPUPPROBE enter menu x=0 y=0
POPUPPROBE button menu state=0 x=0 y=0
POPUPPROBE key 19 state=1
POPUPPROBE reposition menu token=1
POPUPPROBE key 19 state=0
POPUPPROBE repositioned token=1
POPUPPROBE configure menu x=10 y=40 width=360 height=180
POPUPPROBE leave menu
POPUPPROBE done menu
POPUPPROBE close menu
POPUPPROBE unfocus other
POPUPPROBE focus window
POPUPPROBE enter window x=-400 y=407
POPUPPROBE button window state=1 x=200 y=10
POPUPPROBE move
POPUPPROBE ping serial=72 answered
POPUPPROBE button window state=0 x=200 y=10
POPUPPROBE button window state=1 x=390 y=290
POPUPPROBE resize bottom-right
POPUPPROBE ping serial=75 answered
POPUPPROBE configure window width=450 height=333 states=2 resizing=1
POPUPPROBE configure window width=500 height=366 states=2 resizing=1
POPUPPROBE configure window width=550 height=400 states=2 resizing=1
POPUPPROBE configure window width=550 height=400 states=1 resizing=0
POPUPPROBE button window state=0 x=390 y=290
POPUPPROBE button window state=1 x=5 y=200
POPUPPROBE resize left
POPUPPROBE ping serial=82 answered
POPUPPROBE configure window width=417 height=400 states=2 resizing=1
POPUPPROBE configure window width=284 height=400 states=2 resizing=1
POPUPPROBE configure window width=200 height=400 states=2 resizing=1
POPUPPROBE configure window width=200 height=400 states=1 resizing=0
POPUPPROBE button window state=0 x=5 y=200
POPUPPROBE button window state=1 x=5 y=200
POPUPPROBE resize left
POPUPPROBE ping serial=89 answered
POPUPPROBE configure window width=466 height=400 states=2 resizing=1
POPUPPROBE configure window width=733 height=400 states=2 resizing=1
POPUPPROBE configure window width=800 height=400 states=2 resizing=1
POPUPPROBE configure window width=800 height=400 states=1 resizing=0
POPUPPROBE button window state=0 x=5 y=200
POPUPPROBE key 25 state=1
POPUPPROBE pong off
POPUPPROBE key 25 state=0
POPUPPROBE button window state=1 x=400 y=100
POPUPPROBE window-menu
POPUPPROBE ping serial=98 ignored
POPUPPROBE button window state=0 x=400 y=100
POPUPPROBE key 25 state=1
POPUPPROBE pong on answered=98
POPUPPROBE key 25 state=0
POPUPPROBE key 50 state=1
POPUPPROBE configure window width=1280 height=762 states=2 resizing=0
POPUPPROBE key 50 state=0
POPUPPROBE key 22 state=1
POPUPPROBE key 22 state=0
POPUPPROBE configure window width=800 height=400 states=1 resizing=0
POPUPPROBE key 49 state=1
POPUPPROBE unfocus window
POPUPPROBE leave window
