ZWL PREFERENCES open
ZWL DISPLAY device=llvmpipe (LLVM 19.1.7, 256 bits) width=1280 height=800 refresh_mhz=74994
ZWL STARTUP step=vulkan-device ms=211
ZWL STARTUP step=vulkan-objects-arrow ms=264
ZWL STARTUP step=wallpaper-picture ms=27
ZWL STARTUP step=wallpaper ms=262
ZWL STARTUP step=glyphs-text ms=28
ZWL STARTUP step=glyphs-icons ms=14
ZWL STARTUP step=glyphs-mark ms=21
ZWL GLASS atlas cache-top=380 cells=273 faces=1
ZWL STARTUP step=glyphs ms=166
ZWL GLASS ready text=1
ZWL STARTUP step=compose ms=983 at_ms=1080162
ZWL INPUT device=/dev/input/event0 kind=pointer abs=1
ZWL INPUT device=/dev/input/event1 kind=keyboard abs=0
ZWL INPUT device=/dev/input/event2 kind=pointer abs=0
ZWL INPUT device=/dev/input/event3 kind=keyboard abs=0
ZWL STARTUP step=input ms=2 at_ms=1080164
ZWL KEYMAP format=xkb_v1 errno=0
ZWL STARTUP step=keymap ms=0 at_ms=1080164
ZWL STARTUP step=socket ms=0 at_ms=1080164
ZWL IME none program=/usr/libexec/keiland-ime errno=6
ZWL READY socket=/tmp/wayland-0 width=1280 height=800 timeout_ms=400000 pid=2026
ZWL CORNER zone x=1252 y=0 width=28 height=28
ZWL OSK zone kind=flick x=1252 y=772 size=28
ZWL OSK zone kind=qwerty x=0 y=772 size=28
ZWL STARTUP step=output-display ms=65
ZWL STARTUP step=output-pipelines ms=534
ZWL STARTUP step=output-swapchain ms=386
ZWL STARTUP step=output-targets ms=90
ZWL OUTPUT open width=1280 height=800 images=3 format=37
ZWL MODE window switch_ms=1075 at_ms=1081249
ZWL GLASS desktops x=827 step=46 width=40
ZWL NETWORK icon x=1071 y=3 width=30 height=28
ZWL VOLUME icon x=1038 y=3 width=30 height=28
ZWL DIAG slow step=schedule ms=1166
ZWL DIAG slow step=preferences ms=6559
ZWL CLIENT client=1 fd=18
ZWL HOME skip name=Image Viewer missing=/bin/imageview
ZWL HOME skip name=Text Editor missing=/bin/textedit
ZWL HOME skip name=Browser missing=/bin/browser
ZWL NETWORK state reachable=1 connected=1 kind=wired interface=ue0 wifi=absent ssid=
ZWL PERF 7839ms: passes=3 timeouts=1 | poll 0.1% work 19.6%
ZWL PERF compose frames=2 draw_ms=107.50 (acquire 0.46 submit+present 82.14) frame_ms=3971.80
ZWL CONFIGURE client=1 surface=8 serial=1 width=0 height=0 fullscreen=0
ZWL DIAG slow step=schedule ms=112
ZWL SEAT client=1 pointer=1 keyboard=0 touch=0
ZWL SEAT client=1 pointer=1 keyboard=1 touch=0
ZWL DECORATION applied client=1 surface=8 mode=1
ZWL MAP client=1 surface=8 x=440 y=293
ZWL DIAG slow step=schedule ms=278
ZWL DIAG slow step=schedule ms=117
ZWL DIAG slow step=schedule ms=113
ZWL POPUP create client=1 popup=19 surface=17 parent=8 x=60 y=60 width=360 height=180
ZWL POPUP grab popup=19 surface=17
ZWL POPUP configure surface=17 serial=7 x=60 y=60 width=360 height=180
ZWL PING pong client=1 serial=6
ZWL POPUP map surface=17 x=500 y=353 grab=1
ZWL DIAG slow step=schedule ms=295
ZWL DIAG slow step=preferences ms=2545
ZWL PERF 6654ms: passes=295 timeouts=276 | poll 43.4% work 18.2%
ZWL PERF compose frames=7 draw_ms=100.46 (acquire 9.97 submit+present 70.00) frame_ms=110.62
ZWL PERF shm copies=2 copy_ms=1.041
ZWL POPUP create client=1 popup=25 surface=23 parent=17 x=360 y=120 width=360 height=120
ZWL POPUP grab popup=25 surface=23
ZWL POPUP configure surface=23 serial=17 x=360 y=120 width=360 height=120
ZWL PING pong client=1 serial=15
ZWL POPUP map surface=23 x=860 y=473 grab=1
ZWL DIAG slow step=schedule ms=294
ZWL DIAG slow step=clients ms=136
ZWL PING pong client=1 serial=24
ZWL DIAG slow step=clients ms=133
ZWL POPUP create client=1 popup=31 surface=29 parent=8 x=360 y=60 width=360 height=180
ZWL POPUP grab popup=31 surface=29
ZWL POPUP configure surface=29 serial=36 x=360 y=60 width=360 height=180
ZWL PING pong client=1 serial=35
ZWL POPUP map surface=29 x=800 y=353 grab=1
ZWL DIAG slow step=schedule ms=275
ZWL PERF 5002ms: passes=367 timeouts=345 | poll 69.6% work 30.2%
ZWL PERF compose frames=8 draw_ms=90.54 (acquire 0.30 submit+present 69.75) frame_ms=100.50
ZWL PERF shm copies=2 copy_ms=1.164
ZWL DIAG slow step=preferences ms=5040
ZWL POPUP create client=1 popup=37 surface=35 parent=29 x=-360 y=120 width=360 height=120
ZWL POPUP grab popup=37 surface=35
ZWL POPUP configure surface=35 serial=46 x=-360 y=120 width=360 height=120
ZWL PING pong client=1 serial=44
ZWL PERF 5273ms: passes=15 timeouts=13 | poll 2.4% work 2.0%
ZWL PERF compose frames=1 draw_ms=91.26 (acquire 0.27 submit+present 70.09) frame_ms=101.20
ZWL POPUP map surface=35 x=440 y=473 grab=1
ZWL DIAG slow step=schedule ms=282
P020_AFTER_CAPTURE
