ZWL PREFERENCES open
ZWL DISPLAY device=llvmpipe (LLVM 19.1.7, 256 bits) width=1280 height=800 refresh_mhz=74994
ZWL STARTUP step=vulkan-device ms=211
ZWL STARTUP step=vulkan-objects-arrow ms=623
ZWL STARTUP step=wallpaper-picture ms=26
ZWL STARTUP step=wallpaper ms=259
ZWL STARTUP step=glyphs-text ms=29
ZWL STARTUP step=glyphs-icons ms=13
ZWL STARTUP step=glyphs-mark ms=22
ZWL GLASS atlas cache-top=380 cells=273 faces=1
ZWL STARTUP step=glyphs ms=167
ZWL GLASS ready text=1
ZWL STARTUP step=compose ms=1341 at_ms=1123594
ZWL INPUT device=/dev/input/event0 kind=pointer abs=1
ZWL INPUT device=/dev/input/event1 kind=keyboard abs=0
ZWL INPUT device=/dev/input/event2 kind=pointer abs=0
ZWL INPUT device=/dev/input/event3 kind=keyboard abs=0
ZWL STARTUP step=input ms=1 at_ms=1123595
ZWL KEYMAP format=xkb_v1 errno=0
ZWL STARTUP step=keymap ms=0 at_ms=1123595
ZWL STARTUP step=socket ms=0 at_ms=1123595
ZWL IME none program=/usr/libexec/keiland-ime errno=6
ZWL READY socket=/tmp/wayland-0 width=1280 height=800 timeout_ms=400000 pid=2157
ZWL CORNER zone x=1252 y=0 width=28 height=28
ZWL OSK zone kind=flick x=1252 y=772 size=28
ZWL OSK zone kind=qwerty x=0 y=772 size=28
ZWL STARTUP step=output-display ms=5
ZWL STARTUP step=output-pipelines ms=160
ZWL STARTUP step=output-swapchain ms=386
ZWL STARTUP step=output-targets ms=90
ZWL OUTPUT open width=1280 height=800 images=3 format=37
ZWL MODE window switch_ms=641 at_ms=1124247
ZWL GLASS desktops x=827 step=46 width=40
ZWL NETWORK icon x=1071 y=3 width=30 height=28
ZWL VOLUME icon x=1038 y=3 width=30 height=28
ZWL DIAG slow step=schedule ms=733
ZWL HOME skip name=Image Viewer missing=/bin/imageview
ZWL HOME skip name=Text Editor missing=/bin/textedit
ZWL HOME skip name=Browser missing=/bin/browser
ZWL NETWORK state reachable=1 connected=1 kind=wired interface=ue0 wifi=absent ssid=
ZWL DIAG slow step=schedule ms=225
ZWL DIAG slow step=preferences ms=4394
ZWL CLIENT client=1 fd=17
ZWL PERF 5404ms: passes=7 timeouts=3 | poll 0.6% work 21.0%
ZWL PERF compose frames=2 draw_ms=183.13 (acquire 77.49 submit+present 80.92) frame_ms=195.21
ZWL CONFIGURE client=1 surface=8 serial=1 width=0 height=0 fullscreen=0
ZWL SEAT client=1 pointer=1 keyboard=0 touch=0
ZWL SEAT client=1 pointer=1 keyboard=1 touch=0
ZWL DECORATION applied client=1 surface=8 mode=1
ZWL MAP client=1 surface=8 x=440 y=293
ZWL DIAG slow step=schedule ms=288
ZWL POPUP create client=1 popup=19 surface=17 parent=8 x=60 y=60 width=360 height=180
ZWL POPUP grab popup=19 surface=17
ZWL POPUP configure surface=17 serial=7 x=60 y=60 width=360 height=180
ZWL PING pong client=1 serial=6
ZWL POPUP map surface=17 x=500 y=353 grab=1
ZWL DIAG slow step=schedule ms=295
ZWL DIAG slow step=preferences ms=2191
ZWL PERF 5389ms: passes=235 timeouts=220 | poll 41.9% work 17.5%
ZWL PERF compose frames=5 draw_ms=90.74 (acquire 0.27 submit+present 69.87) frame_ms=100.82
ZWL PERF shm copies=2 copy_ms=1.878
ZWL POPUP create client=1 popup=25 surface=23 parent=17 x=360 y=120 width=360 height=120
ZWL POPUP grab popup=25 surface=23
ZWL POPUP configure surface=23 serial=16 x=360 y=120 width=360 height=120
ZWL PING pong client=1 serial=15
ZWL POPUP map surface=23 x=860 y=473 grab=1
ZWL DIAG slow step=schedule ms=295
ZWL DIAG slow step=preferences ms=1583
ZWL PERF 5765ms: passes=363 timeouts=352 | poll 61.3% work 11.1%
ZWL PERF compose frames=4 draw_ms=90.76 (acquire 0.29 submit+present 69.86) frame_ms=100.96
ZWL PERF shm copies=1 copy_ms=0.911
ZWL DIAG slow step=clients ms=136
ZWL PING pong client=1 serial=24
ZWL DIAG slow step=clients ms=136
ZWL DIAG slow step=preferences ms=2039
ZWL PERF 5121ms: passes=247 timeouts=239 | poll 50.4% work 12.9%
ZWL PERF compose frames=4 draw_ms=83.95 (acquire 0.30 submit+present 64.22) frame_ms=93.53
ZWL POPUP create client=1 popup=31 surface=29 parent=8 x=360 y=60 width=360 height=180
ZWL POPUP grab popup=31 surface=29
ZWL POPUP configure surface=29 serial=36 x=360 y=60 width=360 height=180
ZWL PING pong client=1 serial=35
ZWL POPUP map surface=29 x=800 y=353 grab=1
ZWL DIAG slow step=schedule ms=275
ZWL POPUP create client=1 popup=37 surface=35 parent=29 x=-360 y=120 width=360 height=120
ZWL POPUP grab popup=37 surface=35
ZWL POPUP configure surface=35 serial=45 x=-360 y=120 width=360 height=120
ZWL PING pong client=1 serial=44
ZWL POPUP map surface=35 x=440 y=473 grab=1
ZWL DIAG slow step=schedule ms=275
ZWL DIAG slow step=preferences ms=717
ZWL PERF 5005ms: passes=346 timeouts=325 | poll 69.4% work 17.8%
ZWL PERF compose frames=6 draw_ms=80.54 (acquire 0.23 submit+present 61.78) frame_ms=89.31
ZWL PERF shm copies=2 copy_ms=1.007
ZWL DIAG slow step=preferences ms=2865
