[1409452.471] {Default Queue} wl_pointer#6.motion(204628, 403.00000000, 33.00000000)
[1409509.760] {Default Queue} wl_pointer#6.button(7, 204686, 272, 1)
[1409883.616] {Default Queue} wl_pointer#6.motion(205060, 413.00000000, 38.00000000)
[1409883.976]  -> xdg_toplevel#31.move(wl_seat#14, 7)
[1441011.555] {Default Queue} wl_pointer#6.motion(236188, 712.00000000, 470.00000000)
[1441070.815] {Default Queue} wl_pointer#6.button(9, 236247, 272, 1)
[1441328.553] {Default Queue} wl_pointer#6.motion(236505, 720.00000000, 474.00000000)
[1441527.502] {Default Queue} wl_pointer#6.motion(236605, 728.00000000, 478.00000000)
[1441527.833]  -> xdg_toplevel#31.move(wl_seat#14, 9)
[1441550.956] {Default Queue} wl_pointer#6.motion(236706, 736.00000000, 482.00000000)
[1443376.675] {Default Queue} wl_pointer#6.motion(238553, 357.00000000, 6.00000000)
[1443450.893] {Default Queue} wl_pointer#6.button(11, 238602, 272, 1)
[1443682.348] {Default Queue} wl_pointer#6.motion(238859, 348.00000000, 1.00000000)
[1443682.641]  -> xdg_toplevel#31.move(wl_seat#14, 11)
[1445484.560] {Default Queue} wl_pointer#6.motion(240661, 158.00000000, 308.00000000)
[1445532.407] {Default Queue} wl_pointer#6.axis_source(0)
[1445532.441] {Default Queue} wl_pointer#6.axis_discrete(0, 1)
[1445532.479] {Default Queue} wl_pointer#6.axis(240709, 0, 15.00000000)
[1445686.588] {Default Queue} wl_pointer#6.axis_source(0)
[1445686.627] {Default Queue} wl_pointer#6.axis_discrete(0, 1)
[1445686.639] {Default Queue} wl_pointer#6.axis(240863, 0, 15.00000000)
[1445838.339] {Default Queue} wl_pointer#6.axis_source(0)
[1445838.379] {Default Queue} wl_pointer#6.axis_discrete(0, 1)
[1445838.391] {Default Queue} wl_pointer#6.axis(241015, 0, 15.00000000)
[1445989.965] {Default Queue} wl_pointer#6.axis_source(0)
[1445990.005] {Default Queue} wl_pointer#6.axis_discrete(0, 1)
[1445990.017] {Default Queue} wl_pointer#6.axis(241167, 0, 15.00000000)
[1446141.560] {Default Queue} wl_pointer#6.axis_source(0)
[1446141.618] {Default Queue} wl_pointer#6.axis_discrete(0, 1)
[1446141.643] {Default Queue} wl_pointer#6.axis(241318, 0, 15.00000000)
