[1709198.131] {Default Queue}  -> wl_display#1.get_registry(new id wl_registry#2)
[1709198.152] {Default Queue}  -> wl_display#1.sync(new id wl_callback#3)
[1709198.433] {Default Queue} wl_registry#2.global(1, "wl_compositor", 4)
[1709198.442] {Default Queue}  -> wl_registry#2.bind(1, "wl_compositor", 4, new id [unknown]#4)
[1709198.447] {Default Queue} wl_registry#2.global(2, "xdg_wm_base", 4)
[1709198.450] {Default Queue} wl_registry#2.global(3, "zwp_linux_dmabuf_v1", 3)
[1709198.454] {Default Queue} wl_registry#2.global(4, "wl_output", 4)
[1709198.457] {Default Queue}  -> wl_registry#2.bind(4, "wl_output", 3, new id [unknown]#5)
[1709198.520] {Default Queue}  -> wl_display#1.sync(new id wl_callback#6)
[1709198.523] {Default Queue} wl_registry#2.global(5, "wl_seat", 5)
[1709198.529] {Default Queue} wl_registry#2.global(6, "wl_shm", 1)
[1709198.532] {Default Queue}  -> wl_registry#2.bind(6, "wl_shm", 1, new id [unknown]#7)
[1709198.535] {Default Queue} wl_registry#2.global(7, "xdg_menu_manager_v1", 2)
[1709198.538] {Default Queue} wl_registry#2.global(8, "wl_subcompositor", 1)
[1709198.541] {Default Queue}  -> wl_registry#2.bind(8, "wl_subcompositor", 1, new id [unknown]#8)
[1709198.544] {Default Queue} wl_registry#2.global(9, "wl_data_device_manager", 3)
[1709198.547] {Default Queue}  -> wl_registry#2.bind(9, "wl_data_device_manager", 3, new id [unknown]#9)
[1709198.550] {Default Queue} wl_registry#2.global(10, "zxdg_decoration_manager_v1", 1)
[1709198.552] {Default Queue} wl_registry#2.global(11, "wp_cursor_shape_manager_v1", 1)
[1709198.555] {Default Queue}  -> wl_registry#2.bind(11, "wp_cursor_shape_manager_v1", 1, new id [unknown]#10)
[1709198.558] {Default Queue} wl_registry#2.global(12, "wp_viewporter", 1)
[1709198.560] {Default Queue}  -> wl_registry#2.bind(12, "wp_viewporter", 1, new id [unknown]#11)
[1709198.563] {Default Queue} wl_registry#2.global(13, "zwp_text_input_manager_v3", 1)
[1709198.566] {Default Queue} wl_registry#2.global(16, "keiland_titlebar_manager_v1", 3)
[1709198.583] {Display Queue} wl_display#1.delete_id(3)
[1709198.586] {Default Queue} wl_registry#2.global(17, "keiland_glass_manager_v1", 2)
[1709198.589] {Default Queue} wl_registry#2.global(18, "zwp_primary_selection_device_manager_v1", 1)
[1709198.592] {Default Queue}  -> wl_registry#2.bind(18, "zwp_primary_selection_device_manager_v1", 1, new id [unknown]#12)
[1709198.596] {Default Queue} wl_registry#2.global(19, "zwp_tablet_manager_v2", 1)
[1709198.598] {Default Queue}  -> wl_registry#2.bind(19, "zwp_tablet_manager_v2", 1, new id [unknown]#13)
[1709198.601] {Default Queue} wl_registry#2.global(21, "keiland_desktop_manager_v1", 1)
[1709198.604] {Default Queue} wl_registry#2.global(22, "keiland_keyboard_inset_manager_v1", 1)
[1709198.606] {Default Queue} wl_registry#2.global(23, "keiland_edit_manager_v1", 1)
[1709198.609] {Default Queue} wl_callback#3.done(504375)
[1709198.662] {Default Queue}  -> wl_shm#7.create_pool(new id wl_shm_pool#3, fd 11, 2304)
[1709198.668] {Default Queue}  -> wl_registry#2.bind(5, "wl_seat", 5, new id [unknown]#14)
[1709202.404] {Default Queue}  -> zwp_primary_selection_device_manager_v1#12.get_device(new id zwp_primary_selection_device_v1#15, wl_seat#14)
[1709202.414] {Default Queue}  -> wl_data_device_manager#9.get_data_device(new id wl_data_device#16, wl_seat#14)
[1709202.482] {Default Queue}  -> wl_compositor#4.create_surface(new id wl_surface#17)
[1709202.487] {Default Queue}  -> wp_viewporter#11.get_viewport(new id wp_viewport#18, wl_surface#17)
[1709202.490] {Default Queue}  -> zwp_tablet_manager_v2#13.get_tablet_seat(new id zwp_tablet_seat_v2#19, wl_seat#14)
[1709202.495] {Default Queue}  -> wl_display#1.sync(new id wl_callback#20)
[1709202.524] {Display Queue} wl_display#1.delete_id(6)
[1709202.528] {Default Queue} wl_output#5.geometry(0, 0, 0, 0, 0, "Unknown", "Unknown", 0)
[1709202.535] {Default Queue} wl_output#5.mode(3, 1280, 800, 74994)
[1709202.539] {Default Queue} wl_output#5.scale(1)
[1709202.541] {Default Queue} wl_output#5.done()
[1709202.544] {Default Queue} wl_callback#6.done(504376)
[1709202.547] {Default Queue} wl_shm#7.format(0)
[1709202.555] {Default Queue} wl_shm#7.format(1)
[1709202.640] {Default Queue} wl_seat#14.capabilities(3)
[1709202.643] {Default Queue}  -> wl_seat#14.get_pointer(new id wl_pointer#6)
[1709202.649] {Default Queue}  -> wp_cursor_shape_manager_v1#10.get_pointer(new id wp_cursor_shape_device_v1#21, wl_pointer#6)
[1709202.653] {Default Queue}  -> wl_seat#14.get_keyboard(new id wl_keyboard#22)
[1709202.657] {Default Queue} wl_seat#14.name("seat0")
[1709202.668] {Display Queue} wl_display#1.delete_id(20)
[1709202.671] {Default Queue} wl_callback#20.done(504380)
[1709202.673] {Default Queue}  -> wl_registry#2.bind(2, "xdg_wm_base", 4, new id [unknown]#20)

(python3:1009): Gtk-WARNING **: 07:22:42.247: Unable to acquire the address of the accessibility bus: GDBus.Error:org.freedesktop.DBus.Error.ServiceUnknown: The name org.a11y.Bus was not provided by any .service files. If you are attempting to run GTK without a11y support, GTK_A11Y should be set to 'none'.
[1709232.571] {Default Queue}  -> wl_compositor#4.create_surface(new id wl_surface#23)
[1709232.580] {Default Queue}  -> wp_viewporter#11.get_viewport(new id wp_viewport#24, wl_surface#23)
Environment variable GSK_RENDERER=cairo set, trying GskCairoRenderer
Using renderer 'GskCairoRenderer' for surface 'GdkWaylandToplevel'
[1709232.688] {Default Queue}  -> xdg_wm_base#20.get_xdg_surface(new id xdg_surface#25, wl_surface#23)
[1709232.693]  -> xdg_surface#25.get_toplevel(new id xdg_toplevel#26)
[1709232.696]  -> xdg_toplevel#26.set_parent(nil)
[1709232.699]  -> xdg_toplevel#26.set_title("WS114 GTK4 baseline")
[1709232.701]  -> xdg_toplevel#26.set_app_id("org.zedbsd.WS114Baseline")
[1709232.704]  -> wl_surface#23.commit()
[1709236.062] {Default Queue}  -> wl_display#1.get_registry(new id wl_registry#27)
[1709237.938] {Default Queue} wl_keyboard#22.keymap(1, fd 5, 6896)
[1709238.438] {Default Queue} wl_keyboard#22.repeat_info(25, 400)
[1709238.506] {Default Queue} wl_registry#27.global(1, "wl_compositor", 4)
[1709238.511] {Default Queue} wl_registry#27.global(2, "xdg_wm_base", 4)
[1709238.514] {Default Queue} wl_registry#27.global(3, "zwp_linux_dmabuf_v1", 3)
[1709238.516] {Default Queue} wl_registry#27.global(4, "wl_output", 4)
[1709238.519] {Default Queue} wl_registry#27.global(5, "wl_seat", 5)
[1709238.521] {Default Queue} wl_registry#27.global(6, "wl_shm", 1)
[1709238.524] {Default Queue} wl_registry#27.global(7, "xdg_menu_manager_v1", 2)
[1709238.526] {Default Queue} wl_registry#27.global(8, "wl_subcompositor", 1)
[1709238.528] {Default Queue} wl_registry#27.global(9, "wl_data_device_manager", 3)
[1709238.531] {Default Queue} wl_registry#27.global(10, "zxdg_decoration_manager_v1", 1)
[1709238.533] {Default Queue} wl_registry#27.global(11, "wp_cursor_shape_manager_v1", 1)
[1709238.536] {Default Queue} wl_registry#27.global(12, "wp_viewporter", 1)
[1709238.538] {Default Queue} wl_registry#27.global(13, "zwp_text_input_manager_v3", 1)
[1709238.542] {Default Queue}  -> wl_registry#27.bind(13, "zwp_text_input_manager_v3", 1, new id [unknown]#28)
[1709238.545] {Default Queue}  -> zwp_text_input_manager_v3#28.get_text_input(new id zwp_text_input_v3#29, wl_seat#14)
[1709238.548] {Default Queue} wl_registry#27.global(16, "keiland_titlebar_manager_v1", 3)
[1709238.551] {Default Queue} wl_registry#27.global(17, "keiland_glass_manager_v1", 2)
[1709238.553] {Default Queue} wl_registry#27.global(18, "zwp_primary_selection_device_manager_v1", 1)
[1709238.556] {Default Queue} wl_registry#27.global(19, "zwp_tablet_manager_v2", 1)
[1709238.558] {Default Queue} wl_registry#27.global(21, "keiland_desktop_manager_v1", 1)
[1709238.561] {Default Queue} wl_registry#27.global(22, "keiland_keyboard_inset_manager_v1", 1)
[1709238.563] {Default Queue} wl_registry#27.global(23, "keiland_edit_manager_v1", 1)
[1709238.566] xdg_toplevel#26.configure_bounds(1256, 690)
[1709238.569] xdg_toplevel#26.configure(0, 0, array[4])
[1709238.572] xdg_surface#25.configure(110)
[1709238.585]  -> xdg_surface#25.ack_configure(110)
[1709240.343]  -> xdg_toplevel#26.set_min_size(485, 338)
[1709240.354]  -> xdg_toplevel#26.set_max_size(0, 0)
[1709240.683]  -> xdg_toplevel#26.set_min_size(457, 309)
[1709240.690]  -> xdg_toplevel#26.set_max_size(0, 0)
[1709250.949] {Default Queue}  -> wl_shm#7.create_pool(new id wl_shm_pool#30, fd 13, 1423968)
[1709250.961] {Default Queue}  -> wl_shm_pool#30.create_buffer(new id wl_buffer#31, 0, 728, 489, 2912, 0)
[1709258.012]  -> xdg_surface#25.set_window_geometry(14, 12, 700, 460)
[1709258.024] {Default Queue}  -> wl_compositor#4.create_region(new id wl_region#32)
[1709258.028] {Default Queue}  -> wl_region#32.add(14, 20, 700, 452)
[1709258.031]  -> wl_surface#23.set_opaque_region(wl_region#32)
[1709258.034] {Default Queue}  -> wl_region#32.destroy()
[1709258.037] {Default Queue}  -> wl_compositor#4.create_region(new id wl_region#33)
[1709258.039] {Default Queue}  -> wl_region#33.add(2, 0, 724, 484)
[1709258.042]  -> wl_surface#23.set_input_region(wl_region#33)
[1709258.044] {Default Queue}  -> wl_region#33.destroy()
[1709258.047] {Default Queue}  -> wp_viewport#24.set_destination(728, 489)
[1709258.051]  -> wl_surface#23.attach(wl_buffer#31, 0, 0)
[1709258.054]  -> wl_surface#23.damage_buffer(0, 0, 728, 489)
[1709258.057]  -> wl_surface#23.frame(new id wl_callback#34)
[1709258.061]  -> wl_surface#23.commit()
[1709258.185] {Display Queue} wl_display#1.delete_id(32)
[1709258.192] {Display Queue} wl_display#1.delete_id(33)
[1709276.985] {Default Queue} wl_data_device#16.selection(nil)
[1709277.004] {Default Queue} zwp_primary_selection_device_v1#15.selection(nil)
[1709277.009] {Default Queue} wl_keyboard#22.enter(111, wl_surface#23, array[0])
[1709277.020] {Default Queue} wl_keyboard#22.modifiers(112, 0, 0, 0, 0)
[1709277.047] {Default Queue} zwp_text_input_v3#29.enter(wl_surface#23)
[1709277.051] {Default Queue}  -> zwp_text_input_v3#29.enable()
[1709277.067] {Default Queue}  -> zwp_text_input_v3#29.set_surrounding_text("q581 clipboard Ω 日本語", 27, 0)
[1709277.070] {Default Queue}  -> zwp_text_input_v3#29.set_text_change_cause(1)
[1709277.076] {Default Queue}  -> zwp_text_input_v3#29.set_content_type(0, 0)
[1709277.086] {Default Queue}  -> zwp_text_input_v3#29.set_cursor_rectangle(189, 112, 0, 32)
[1709277.089] {Default Queue}  -> zwp_text_input_v3#29.commit()
[1709277.092] {Default Queue} wl_pointer#6.enter(113, wl_surface#23, 323.00000000, 17.00000000)
[1709277.098] {Default Queue} wl_pointer#6.frame()
[1709277.109] {Default Queue}  -> wp_cursor_shape_device_v1#21.set_shape(113, 1)
[1709277.112] {Default Queue} wl_buffer#31.release()
[1709277.829] {Display Queue} wl_display#1.delete_id(34)
[1709277.838] {Default Queue} wl_callback#34.done(504455)
[1709278.642]  -> wl_surface#23.attach(wl_buffer#31, 0, 0)
[1709278.650]  -> wl_surface#23.damage_buffer(32, 107, 664, 42)
[1709278.654]  -> wl_surface#23.frame(new id wl_callback#34)
[1709278.658]  -> wl_surface#23.commit()
[1709294.132] {Default Queue} wl_buffer#31.release()
[1709296.391] {Display Queue} wl_display#1.delete_id(34)
[1709296.417] {Default Queue} wl_callback#34.done(504473)
[1709297.519]  -> wl_surface#23.attach(wl_buffer#31, 0, 0)
[1709297.527]  -> wl_surface#23.damage_buffer(33, 108, 662, 40)
[1709297.530]  -> wl_surface#23.frame(new id wl_callback#34)
[1709297.534]  -> wl_surface#23.commit()
[1709304.901] {Default Queue} wl_buffer#31.release()
[1709307.048] {Display Queue} wl_display#1.delete_id(34)
[1709307.064] {Default Queue} wl_callback#34.done(504484)
[1709307.944]  -> wl_surface#23.attach(wl_buffer#31, 0, 0)
[1709307.952]  -> wl_surface#23.damage_buffer(33, 108, 662, 40)
[1709307.956]  -> wl_surface#23.frame(new id wl_callback#34)
[1709307.960]  -> wl_surface#23.commit()
[1709314.975] {Default Queue} wl_buffer#31.release()
[1709317.159] {Display Queue} wl_display#1.delete_id(34)
[1709317.184] {Default Queue} wl_callback#34.done(504494)
[1709317.972]  -> wl_surface#23.attach(wl_buffer#31, 0, 0)
[1709317.980]  -> wl_surface#23.damage_buffer(33, 108, 662, 40)
[1709317.984]  -> wl_surface#23.frame(new id wl_callback#34)
[1709317.988]  -> wl_surface#23.commit()
[1709325.072] {Default Queue} wl_buffer#31.release()
[1709327.216] {Display Queue} wl_display#1.delete_id(34)
[1709327.231] {Default Queue} wl_callback#34.done(504504)
[1709328.534]  -> wl_surface#23.attach(wl_buffer#31, 0, 0)
[1709328.544]  -> wl_surface#23.damage_buffer(33, 108, 662, 40)
[1709328.548]  -> wl_surface#23.frame(new id wl_callback#34)
[1709328.552]  -> wl_surface#23.commit()
[1709336.198] {Default Queue} wl_buffer#31.release()
[1709338.345] {Display Queue} wl_display#1.delete_id(34)
[1709338.362] {Default Queue} wl_callback#34.done(504515)
[1709339.667]  -> wl_surface#23.attach(wl_buffer#31, 0, 0)
[1709339.678]  -> wl_surface#23.damage_buffer(34, 109, 660, 38)
[1709339.684]  -> wl_surface#23.frame(new id wl_callback#34)
[1709339.689]  -> wl_surface#23.commit()
[1709348.035] {Default Queue} wl_buffer#31.release()
[1709350.150] {Display Queue} wl_display#1.delete_id(34)
[1709350.157] {Default Queue} wl_callback#34.done(504527)
[1709350.975]  -> wl_surface#23.attach(wl_buffer#31, 0, 0)
[1709350.986]  -> wl_surface#23.damage_buffer(34, 109, 660, 38)
[1709350.991]  -> wl_surface#23.frame(new id wl_callback#34)
[1709350.996]  -> wl_surface#23.commit()
[1709360.186] {Default Queue} wl_buffer#31.release()
[1709362.260] {Display Queue} wl_display#1.delete_id(34)
[1709362.277] {Default Queue} wl_callback#34.done(504539)
[1709363.217]  -> wl_surface#23.attach(wl_buffer#31, 0, 0)
[1709363.227]  -> wl_surface#23.damage_buffer(34, 109, 660, 38)
[1709363.232]  -> wl_surface#23.frame(new id wl_callback#34)
[1709363.237]  -> wl_surface#23.commit()
[1709373.505] {Default Queue} wl_buffer#31.release()
[1709375.705] {Display Queue} wl_display#1.delete_id(34)
[1709375.719] {Default Queue} wl_callback#34.done(504553)
[1709376.602]  -> wl_surface#23.attach(wl_buffer#31, 0, 0)
[1709376.614]  -> wl_surface#23.damage_buffer(34, 109, 660, 38)
[1709376.620]  -> wl_surface#23.frame(new id wl_callback#34)
[1709376.625]  -> wl_surface#23.commit()
[1709385.978] {Default Queue} wl_buffer#31.release()
[1709388.219] {Display Queue} wl_display#1.delete_id(34)
[1709388.231] {Default Queue} wl_callback#34.done(504565)
[1709388.974]  -> wl_surface#23.attach(wl_buffer#31, 0, 0)
[1709388.984]  -> wl_surface#23.damage_buffer(34, 109, 660, 38)
[1709388.989]  -> wl_surface#23.frame(new id wl_callback#34)
[1709388.994]  -> wl_surface#23.commit()
[1709397.345] {Default Queue} wl_buffer#31.release()
[1709399.481] {Display Queue} wl_display#1.delete_id(34)
[1709399.497] {Default Queue} wl_callback#34.done(504576)
[1709400.494]  -> wl_surface#23.attach(wl_buffer#31, 0, 0)
[1709400.507]  -> wl_surface#23.damage_buffer(35, 110, 658, 36)
[1709400.513]  -> wl_surface#23.frame(new id wl_callback#34)
[1709400.520]  -> wl_surface#23.commit()
[1709411.285] {Default Queue} wl_buffer#31.release()
[1709413.448] {Display Queue} wl_display#1.delete_id(34)
[1709413.473] {Default Queue} wl_callback#34.done(504590)
[1709414.667]  -> wl_surface#23.attach(wl_buffer#31, 0, 0)
[1709414.682]  -> wl_surface#23.damage_buffer(35, 110, 658, 36)
[1709414.689]  -> wl_surface#23.frame(new id wl_callback#34)
[1709414.696]  -> wl_surface#23.commit()
[1709428.319] {Default Queue} wl_buffer#31.release()
[1709430.400] {Display Queue} wl_display#1.delete_id(34)
[1709430.416] {Default Queue} wl_callback#34.done(504607)
[1709431.428]  -> wl_surface#23.attach(wl_buffer#31, 0, 0)
[1709431.440]  -> wl_surface#23.damage_buffer(35, 110, 658, 36)
[1709431.446]  -> wl_surface#23.frame(new id wl_callback#34)
[1709431.452]  -> wl_surface#23.commit()
[1709443.968] {Default Queue} wl_buffer#31.release()
[1709446.038] {Display Queue} wl_display#1.delete_id(34)
[1709446.057] {Default Queue} wl_callback#34.done(504623)
[1709447.286]  -> wl_surface#23.attach(wl_buffer#31, 0, 0)
[1709447.301]  -> wl_surface#23.damage_buffer(35, 110, 658, 36)
[1709447.310]  -> wl_surface#23.frame(new id wl_callback#34)
[1709447.317]  -> wl_surface#23.commit()
[1709462.239] {Default Queue} wl_buffer#31.release()
[1709464.490] {Display Queue} wl_display#1.delete_id(34)
[1709464.516] {Default Queue} wl_callback#34.done(504641)
[1709465.603]  -> wl_surface#23.attach(wl_buffer#31, 0, 0)
[1709465.628]  -> wl_surface#23.damage_buffer(35, 110, 658, 36)
[1709465.635]  -> wl_surface#23.frame(new id wl_callback#34)
[1709465.641]  -> wl_surface#23.commit()
[1709477.821] {Default Queue} wl_buffer#31.release()
[1709480.085] {Display Queue} wl_display#1.delete_id(34)
[1709480.112] {Default Queue} wl_callback#34.done(504657)
[1709481.288]  -> wl_surface#23.attach(wl_buffer#31, 0, 0)
[1709481.299]  -> wl_surface#23.damage_buffer(35, 110, 658, 36)
[1709481.305]  -> wl_surface#23.frame(new id wl_callback#34)
[1709481.310]  -> wl_surface#23.commit()
[1709491.117] {Default Queue} wl_buffer#31.release()
[1709493.278] {Display Queue} wl_display#1.delete_id(34)
[1709493.304] {Default Queue} wl_callback#34.done(504670)
[1709494.721]  -> wl_surface#23.attach(wl_buffer#31, 0, 0)
[1709494.740]  -> wl_surface#23.damage_buffer(35, 110, 658, 36)
[1709494.750]  -> wl_surface#23.frame(new id wl_callback#34)
[1709494.758]  -> wl_surface#23.commit()
[1709506.753] {Default Queue} wl_buffer#31.release()
[1709508.915] {Display Queue} wl_display#1.delete_id(34)
[1709508.941] {Default Queue} wl_callback#34.done(504686)
[1709510.070]  -> wl_surface#23.attach(wl_buffer#31, 0, 0)
[1709510.082]  -> wl_surface#23.damage_buffer(35, 110, 658, 36)
[1709510.089]  -> wl_surface#23.frame(new id wl_callback#34)
[1709510.095]  -> wl_surface#23.commit()
[1709522.612] {Default Queue} wl_buffer#31.release()
[1709524.891] {Display Queue} wl_display#1.delete_id(34)
[1709524.916] {Default Queue} wl_callback#34.done(504702)
[1709526.347]  -> wl_surface#23.attach(wl_buffer#31, 0, 0)
[1709526.363]  -> wl_surface#23.damage_buffer(35, 110, 658, 36)
[1709526.371]  -> wl_surface#23.frame(new id wl_callback#34)
[1709526.379]  -> wl_surface#23.commit()
[1709541.021] {Default Queue} wl_buffer#31.release()
[1709543.115] {Display Queue} wl_display#1.delete_id(34)
[1709543.132] {Default Queue} wl_callback#34.done(504720)
[1709544.831]  -> wl_surface#23.attach(wl_buffer#31, 0, 0)
[1709544.856]  -> wl_surface#23.damage_buffer(35, 110, 658, 36)
[1709544.868]  -> wl_surface#23.frame(new id wl_callback#34)
[1709544.879]  -> wl_surface#23.commit()
[1709559.666] {Default Queue} wl_buffer#31.release()
[1709561.882] {Display Queue} wl_display#1.delete_id(34)
[1709561.908] {Default Queue} wl_callback#34.done(504739)
[1711604.976] {Default Queue} wl_pointer#6.motion(506782, 223.00000000, 175.00000000)
[1711605.025] {Default Queue} wl_pointer#6.frame()
[1711605.362] {Default Queue}  -> wp_cursor_shape_device_v1#21.set_shape(113, 9)
[1711606.151]  -> wl_surface#23.attach(wl_buffer#31, 0, 0)
[1711606.175]  -> wl_surface#23.frame(new id wl_callback#34)
[1711606.187]  -> wl_surface#23.commit()
[1711639.734] {Default Queue} wl_buffer#31.release()
[1711641.878] {Display Queue} wl_display#1.delete_id(34)
[1711641.914] {Default Queue} wl_callback#34.done(506819)
[1711663.828] {Default Queue} wl_pointer#6.button(114, 506841, 272, 1)
[1711663.873] {Default Queue} xdg_wm_base#20.ping(115)
[1711663.887] {Default Queue}  -> xdg_wm_base#20.pong(115)
[1711663.896] {Default Queue} wl_pointer#6.frame()
[1711664.275] {Default Queue}  -> zwp_text_input_v3#29.disable()
[1711664.291] {Default Queue}  -> zwp_text_input_v3#29.commit()
[1711664.375] {Default Queue}  -> zwp_text_input_v3#29.enable()
[1711664.402] {Default Queue}  -> zwp_text_input_v3#29.set_surrounding_text("", 0, 0)
[1711664.414] {Default Queue}  -> zwp_text_input_v3#29.set_text_change_cause(1)
[1711664.427] {Default Queue}  -> zwp_text_input_v3#29.set_content_type(0, 0)
[1711664.484] {Default Queue}  -> zwp_text_input_v3#29.set_cursor_rectangle(45, 160, 0, 32)
[1711664.496] {Default Queue}  -> zwp_text_input_v3#29.commit()
[1711664.595] {Default Queue}  -> zwp_text_input_v3#29.set_surrounding_text("", 0, 0)
[1711664.606] {Default Queue}  -> zwp_text_input_v3#29.set_text_change_cause(1)
[1711664.617] {Default Queue}  -> zwp_text_input_v3#29.set_content_type(0, 0)
[1711664.657] {Default Queue}  -> zwp_text_input_v3#29.set_cursor_rectangle(45, 160, 0, 32)
[1711664.667] {Default Queue}  -> zwp_text_input_v3#29.commit()
[1711666.652]  -> wl_surface#23.attach(wl_buffer#31, 0, 0)
[1711666.677]  -> wl_surface#23.damage_buffer(45, 119, 144, 18)
[1711666.688]  -> wl_surface#23.damage_buffer(45, 167, 1, 18)
[1711666.699]  -> wl_surface#23.frame(new id wl_callback#34)
[1711666.711]  -> wl_surface#23.commit()
[1711687.100] {Default Queue} wl_buffer#31.release()
[1711689.374] {Display Queue} wl_display#1.delete_id(34)
[1711689.402] {Default Queue} wl_callback#34.done(506866)
[1711691.286]  -> wl_surface#23.attach(wl_buffer#31, 0, 0)
[1711691.305]  -> wl_surface#23.damage_buffer(35, 110, 658, 36)
[1711691.313]  -> wl_surface#23.damage_buffer(32, 155, 664, 42)
[1711691.319]  -> wl_surface#23.frame(new id wl_callback#34)
[1711691.328]  -> wl_surface#23.commit()
[1711706.166] {Default Queue} wl_buffer#31.release()
[1711708.417] {Display Queue} wl_display#1.delete_id(34)
[1711708.445] {Default Queue} wl_callback#34.done(506885)
[1711710.023]  -> wl_surface#23.attach(wl_buffer#31, 0, 0)
[1711710.040]  -> wl_surface#23.damage_buffer(34, 109, 660, 38)
[1711710.046]  -> wl_surface#23.damage_buffer(32, 155, 664, 42)
[1711710.052]  -> wl_surface#23.frame(new id wl_callback#34)
[1711710.059]  -> wl_surface#23.commit()
[1711722.572] {Default Queue} wl_buffer#31.release()
[1711724.228] {Display Queue} wl_display#1.delete_id(34)
[1711724.244] {Default Queue} wl_callback#34.done(506901)
[1711724.261] {Default Queue} wl_pointer#6.button(116, 506901, 272, 0)
[1711724.272] {Default Queue} wl_pointer#6.frame()
[1711724.543] {Default Queue}  -> zwp_text_input_v3#29.enable()
[1711724.563] {Default Queue}  -> zwp_text_input_v3#29.set_surrounding_text("", 0, 0)
[1711724.570] {Default Queue}  -> zwp_text_input_v3#29.set_text_change_cause(1)
[1711724.579] {Default Queue}  -> zwp_text_input_v3#29.set_content_type(0, 0)
[1711724.586] {Default Queue}  -> zwp_text_input_v3#29.set_cursor_rectangle(45, 160, 0, 32)
[1711724.591] {Default Queue}  -> zwp_text_input_v3#29.commit()
[1711726.003]  -> wl_surface#23.attach(wl_buffer#31, 0, 0)
[1711726.018]  -> wl_surface#23.damage_buffer(34, 109, 660, 38)
[1711726.023]  -> wl_surface#23.damage_buffer(33, 156, 662, 40)
[1711726.028]  -> wl_surface#23.frame(new id wl_callback#34)
[1711726.034]  -> wl_surface#23.commit()
[1711742.514] {Default Queue} wl_buffer#31.release()
[1711744.741] {Display Queue} wl_display#1.delete_id(34)
[1711744.768] {Default Queue} wl_callback#34.done(506922)
[1711746.642]  -> wl_surface#23.attach(wl_buffer#31, 0, 0)
[1711746.666]  -> wl_surface#23.damage_buffer(33, 108, 662, 40)
[1711746.676]  -> wl_surface#23.damage_buffer(33, 156, 662, 40)
[1711746.686]  -> wl_surface#23.frame(new id wl_callback#34)
[1711746.696]  -> wl_surface#23.commit()
[1711760.672] {Default Queue} wl_buffer#31.release()
[1711762.809] {Display Queue} wl_display#1.delete_id(34)
[1711762.837] {Default Queue} wl_callback#34.done(506940)
[1711764.651]  -> wl_surface#23.attach(wl_buffer#31, 0, 0)
[1711764.674]  -> wl_surface#23.damage_buffer(33, 108, 662, 40)
[1711764.682]  -> wl_surface#23.damage_buffer(34, 157, 660, 38)
[1711764.690]  -> wl_surface#23.frame(new id wl_callback#34)
[1711764.699]  -> wl_surface#23.commit()
[1711777.578] {Default Queue} wl_buffer#31.release()
[1711779.835] {Display Queue} wl_display#1.delete_id(34)
[1711779.863] {Default Queue} wl_callback#34.done(506957)
[1711780.986]  -> wl_surface#23.attach(wl_buffer#31, 0, 0)
[1711780.999]  -> wl_surface#23.damage_buffer(33, 108, 662, 40)
[1711781.003]  -> wl_surface#23.damage_buffer(34, 157, 660, 38)
[1711781.007]  -> wl_surface#23.frame(new id wl_callback#34)
[1711781.012]  -> wl_surface#23.commit()
[1711791.268] {Default Queue} wl_buffer#31.release()
[1711791.298] {Display Queue} wl_display#1.delete_id(34)
[1711791.302] {Default Queue} wl_callback#34.done(506968)
[1711791.313] {Default Queue} wl_keyboard#22.key(117, 506962, 30, 1)
[1711791.936] {Default Queue}  -> wl_surface#17.attach(nil, 0, 0)
[1711791.944] {Default Queue}  -> wl_surface#17.commit()
[1711791.947] {Default Queue}  -> wl_pointer#6.set_cursor(113, wl_surface#17, 0, 0)
[1711791.965] {Default Queue}  -> zwp_text_input_v3#29.set_surrounding_text("a", 1, 1)
[1711791.983] {Default Queue}  -> zwp_text_input_v3#29.set_text_change_cause(0)
[1711791.990] {Default Queue}  -> zwp_text_input_v3#29.set_content_type(0, 0)
[1711791.997] {Default Queue}  -> zwp_text_input_v3#29.set_cursor_rectangle(52, 160, 0, 32)
[1711792.001] {Default Queue}  -> zwp_text_input_v3#29.commit()
[1711792.946]  -> wl_surface#23.attach(wl_buffer#31, 0, 0)
[1711792.958]  -> wl_surface#23.damage_buffer(33, 108, 662, 40)
[1711792.962]  -> wl_surface#23.damage_buffer(34, 157, 660, 38)
[1711792.966]  -> wl_surface#23.frame(new id wl_callback#34)
[1711792.971]  -> wl_surface#23.commit()
[1711811.686] {Default Queue} wl_buffer#31.release()
[1711813.812] {Display Queue} wl_display#1.delete_id(34)
[1711813.827] {Default Queue} wl_callback#34.done(506991)
[1711814.683]  -> wl_surface#23.attach(wl_buffer#31, 0, 0)
[1711814.693]  -> wl_surface#23.damage_buffer(32, 107, 664, 42)
[1711814.696]  -> wl_surface#23.damage_buffer(34, 157, 660, 38)
[1711814.700]  -> wl_surface#23.frame(new id wl_callback#34)
[1711814.703]  -> wl_surface#23.commit()
[1711823.314] {Default Queue} wl_buffer#31.release()
[1711825.503] {Display Queue} wl_display#1.delete_id(34)
[1711825.529] {Default Queue} wl_callback#34.done(507002)
[1711826.749]  -> wl_surface#23.attach(wl_buffer#31, 0, 0)
[1711826.759]  -> wl_surface#23.damage_buffer(32, 107, 664, 42)
[1711826.762]  -> wl_surface#23.damage_buffer(35, 158, 658, 36)
[1711826.765]  -> wl_surface#23.frame(new id wl_callback#34)
[1711826.769]  -> wl_surface#23.commit()
[1711835.545] {Default Queue} wl_buffer#31.release()
[1711837.605] {Display Queue} wl_display#1.delete_id(34)
[1711837.610] {Default Queue} wl_callback#34.done(507015)
[1711838.348]  -> wl_surface#23.attach(wl_buffer#31, 0, 0)
[1711838.357]  -> wl_surface#23.damage_buffer(32, 107, 664, 42)
[1711838.360]  -> wl_surface#23.damage_buffer(35, 158, 658, 36)
[1711838.363]  -> wl_surface#23.frame(new id wl_callback#34)
[1711838.367]  -> wl_surface#23.commit()
[1711848.373] {Display Queue} wl_display#1.delete_id(34)
[1711848.386] {Default Queue} wl_buffer#31.release()
[1711848.390] {Default Queue} wl_callback#34.done(507025)
[1711848.401] {Default Queue} wl_keyboard#22.key(118, 507020, 30, 0)
[1711849.239]  -> wl_surface#23.attach(wl_buffer#31, 0, 0)
[1711849.250]  -> wl_surface#23.damage_buffer(32, 107, 664, 42)
[1711849.253]  -> wl_surface#23.damage_buffer(35, 158, 658, 36)
[1711849.256]  -> wl_surface#23.frame(new id wl_callback#34)
[1711849.260]  -> wl_surface#23.commit()
[1711859.265] {Default Queue} wl_buffer#31.release()
[1711861.400] {Display Queue} wl_display#1.delete_id(34)
[1711861.410] {Default Queue} wl_callback#34.done(507038)
[1711862.164]  -> wl_surface#23.attach(wl_buffer#31, 0, 0)
[1711862.173]  -> wl_surface#23.damage_buffer(32, 107, 664, 42)
[1711862.176]  -> wl_surface#23.damage_buffer(35, 158, 658, 36)
[1711862.179]  -> wl_surface#23.frame(new id wl_callback#34)
[1711862.183]  -> wl_surface#23.commit()
[1711872.725] {Default Queue} wl_buffer#31.release()
[1711874.800] {Display Queue} wl_display#1.delete_id(34)
[1711874.818] {Default Queue} wl_callback#34.done(507052)
[1711875.952]  -> wl_surface#23.attach(wl_buffer#31, 0, 0)
[1711875.963]  -> wl_surface#23.damage_buffer(32, 107, 664, 42)
[1711875.968]  -> wl_surface#23.damage_buffer(35, 158, 658, 36)
[1711875.972]  -> wl_surface#23.frame(new id wl_callback#34)
[1711875.976]  -> wl_surface#23.commit()
[1711886.907] {Default Queue} wl_buffer#31.release()
[1711889.089] {Display Queue} wl_display#1.delete_id(34)
[1711889.114] {Default Queue} wl_callback#34.done(507066)
[1711890.256]  -> wl_surface#23.attach(wl_buffer#31, 0, 0)
[1711890.267]  -> wl_surface#23.damage_buffer(32, 107, 664, 42)
[1711890.272]  -> wl_surface#23.damage_buffer(35, 158, 658, 36)
[1711890.276]  -> wl_surface#23.frame(new id wl_callback#34)
[1711890.281]  -> wl_surface#23.commit()
[1711900.976] {Default Queue} wl_buffer#31.release()
[1711903.108] {Display Queue} wl_display#1.delete_id(34)
[1711903.126] {Default Queue} wl_callback#34.done(507080)
[1711904.207]  -> wl_surface#23.attach(wl_buffer#31, 0, 0)
[1711904.218]  -> wl_surface#23.damage_buffer(32, 107, 664, 42)
[1711904.223]  -> wl_surface#23.damage_buffer(35, 158, 658, 36)
[1711904.227]  -> wl_surface#23.frame(new id wl_callback#34)
[1711904.232]  -> wl_surface#23.commit()
[1711914.847] {Default Queue} wl_buffer#31.release()
[1711917.019] {Display Queue} wl_display#1.delete_id(34)
[1711917.045] {Default Queue} wl_callback#34.done(507094)
[1711919.009]  -> wl_surface#23.attach(wl_buffer#31, 0, 0)
[1711919.031]  -> wl_surface#23.damage_buffer(32, 107, 664, 42)
[1711919.041]  -> wl_surface#23.damage_buffer(35, 158, 658, 36)
[1711919.051]  -> wl_surface#23.frame(new id wl_callback#34)
[1711919.061]  -> wl_surface#23.commit()
[1711932.951] {Default Queue} wl_buffer#31.release()
[1711935.031] {Display Queue} wl_display#1.delete_id(34)
[1711935.045] {Default Queue} wl_callback#34.done(507112)
[1711936.529]  -> wl_surface#23.attach(wl_buffer#31, 0, 0)
[1711936.547]  -> wl_surface#23.damage_buffer(32, 107, 664, 42)
[1711936.555]  -> wl_surface#23.damage_buffer(35, 158, 658, 36)
[1711936.562]  -> wl_surface#23.frame(new id wl_callback#34)
[1711936.570]  -> wl_surface#23.commit()
[1711948.957] {Default Queue} wl_buffer#31.release()
[1711951.057] {Display Queue} wl_display#1.delete_id(34)
[1711951.076] {Default Queue} wl_callback#34.done(507128)
[1711952.435]  -> wl_surface#23.attach(wl_buffer#31, 0, 0)
[1711952.451]  -> wl_surface#23.damage_buffer(32, 107, 664, 42)
[1711952.458]  -> wl_surface#23.damage_buffer(35, 158, 658, 36)
[1711952.465]  -> wl_surface#23.frame(new id wl_callback#34)
[1711952.472]  -> wl_surface#23.commit()
[1711964.625] {Default Queue} wl_buffer#31.release()
[1711966.728] {Display Queue} wl_display#1.delete_id(34)
[1711966.745] {Default Queue} wl_callback#34.done(507144)
[1711968.021]  -> wl_surface#23.attach(wl_buffer#31, 0, 0)
[1711968.043]  -> wl_surface#23.damage_buffer(35, 158, 658, 36)
[1711968.054]  -> wl_surface#23.frame(new id wl_callback#34)
[1711968.064]  -> wl_surface#23.commit()
[1711979.444] {Default Queue} wl_buffer#31.release()
[1711981.565] {Display Queue} wl_display#1.delete_id(34)
[1711981.582] {Default Queue} wl_callback#34.done(507159)
[1711982.294]  -> wl_surface#23.attach(wl_buffer#31, 0, 0)
[1711982.313]  -> wl_surface#23.damage_buffer(53, 167, 1, 18)
[1711982.325]  -> wl_surface#23.frame(new id wl_callback#34)
[1711982.335]  -> wl_surface#23.commit()
[1711991.497] {Default Queue} wl_buffer#31.release()
[1711993.609] {Display Queue} wl_display#1.delete_id(34)
[1711993.625] {Default Queue} wl_callback#34.done(507171)
[1711994.311]  -> wl_surface#23.attach(wl_buffer#31, 0, 0)
[1711994.330]  -> wl_surface#23.damage_buffer(53, 167, 1, 18)
[1711994.341]  -> wl_surface#23.frame(new id wl_callback#34)
[1711994.351]  -> wl_surface#23.commit()
[1712007.039] {Default Queue} wl_buffer#31.release()
[1712009.180] {Display Queue} wl_display#1.delete_id(34)
[1712009.205] {Default Queue} wl_callback#34.done(507186)
[1712009.934]  -> wl_surface#23.attach(wl_buffer#31, 0, 0)
[1712009.954]  -> wl_surface#23.damage_buffer(53, 167, 1, 18)
[1712009.966]  -> wl_surface#23.frame(new id wl_callback#34)
[1712009.977]  -> wl_surface#23.commit()
[1712021.912] {Default Queue} wl_buffer#31.release()
[1712024.099] {Display Queue} wl_display#1.delete_id(34)
[1712024.125] {Default Queue} wl_callback#34.done(507201)
[1712024.895]  -> wl_surface#23.attach(wl_buffer#31, 0, 0)
[1712024.916]  -> wl_surface#23.damage_buffer(53, 167, 1, 18)
[1712024.928]  -> wl_surface#23.frame(new id wl_callback#34)
[1712024.938]  -> wl_surface#23.commit()
[1712037.456] {Default Queue} wl_buffer#31.release()
[1712084.981] {Display Queue} wl_display#1.delete_id(34)
[1712085.008] {Default Queue} wl_callback#34.done(507262)
[1712085.765]  -> wl_surface#23.attach(wl_buffer#31, 0, 0)
[1712085.785]  -> wl_surface#23.damage_buffer(53, 167, 1, 18)
[1712085.797]  -> wl_surface#23.frame(new id wl_callback#34)
[1712085.808]  -> wl_surface#23.commit()
[1712103.025] {Default Queue} wl_buffer#31.release()
[1712105.250] {Display Queue} wl_display#1.delete_id(34)
[1712105.292] {Default Queue} wl_callback#34.done(507282)
[1712105.862]  -> wl_surface#23.attach(wl_buffer#31, 0, 0)
[1712105.876]  -> wl_surface#23.damage_buffer(53, 167, 1, 18)
[1712105.884]  -> wl_surface#23.frame(new id wl_callback#34)
[1712105.891]  -> wl_surface#23.commit()
[1712118.824] {Default Queue} wl_buffer#31.release()
[1712121.016] {Display Queue} wl_display#1.delete_id(34)
[1712121.035] {Default Queue} wl_callback#34.done(507298)
[1712121.612]  -> wl_surface#23.attach(wl_buffer#31, 0, 0)
[1712121.627]  -> wl_surface#23.damage_buffer(53, 167, 1, 18)
[1712121.636]  -> wl_surface#23.frame(new id wl_callback#34)
[1712121.644]  -> wl_surface#23.commit()
[1712132.545] {Default Queue} wl_buffer#31.release()
[1712134.587] {Display Queue} wl_display#1.delete_id(34)
[1712134.599] {Default Queue} wl_callback#34.done(507312)
[1712135.093]  -> wl_surface#23.attach(wl_buffer#31, 0, 0)
[1712135.106]  -> wl_surface#23.damage_buffer(53, 167, 1, 18)
[1712135.113]  -> wl_surface#23.frame(new id wl_callback#34)
[1712135.120]  -> wl_surface#23.commit()
[1712145.702] {Default Queue} wl_buffer#31.release()
[1712147.880] {Display Queue} wl_display#1.delete_id(34)
[1712147.897] {Default Queue} wl_callback#34.done(507325)
[1712148.392]  -> wl_surface#23.attach(wl_buffer#31, 0, 0)
[1712148.405]  -> wl_surface#23.damage_buffer(53, 167, 1, 18)
[1712148.413]  -> wl_surface#23.frame(new id wl_callback#34)
[1712148.420]  -> wl_surface#23.commit()
[1712160.058] {Default Queue} wl_buffer#31.release()
[1712162.141] {Display Queue} wl_display#1.delete_id(34)
[1712162.158] {Default Queue} wl_callback#34.done(507339)
[1712162.959]  -> wl_surface#23.attach(wl_buffer#31, 0, 0)
[1712162.980]  -> wl_surface#23.damage_buffer(53, 167, 1, 18)
[1712162.992]  -> wl_surface#23.frame(new id wl_callback#34)
[1712163.003]  -> wl_surface#23.commit()
[1712176.432] {Default Queue} wl_buffer#31.release()
[1712178.520] {Display Queue} wl_display#1.delete_id(34)
[1712178.526] {Default Queue} wl_callback#34.done(507356)
[1712178.855]  -> wl_surface#23.attach(wl_buffer#31, 0, 0)
[1712178.864]  -> wl_surface#23.damage_buffer(53, 167, 1, 18)
[1712178.868]  -> wl_surface#23.frame(new id wl_callback#34)
[1712178.873]  -> wl_surface#23.commit()
[1712191.779] {Default Queue} wl_buffer#31.release()
[1712193.853] {Display Queue} wl_display#1.delete_id(34)
[1712193.858] {Default Queue} wl_callback#34.done(507371)
[1712194.160]  -> wl_surface#23.attach(wl_buffer#31, 0, 0)
[1712194.167]  -> wl_surface#23.damage_buffer(53, 167, 1, 18)
[1712194.171]  -> wl_surface#23.frame(new id wl_callback#34)
[1712194.176]  -> wl_surface#23.commit()
[1712204.562] {Default Queue} wl_buffer#31.release()
[1712207.334] {Display Queue} wl_display#1.delete_id(34)
[1712207.342] {Default Queue} wl_callback#34.done(507384)
[1712207.602]  -> wl_surface#23.attach(wl_buffer#31, 0, 0)
[1712207.609]  -> wl_surface#23.damage_buffer(53, 167, 1, 18)
[1712207.612]  -> wl_surface#23.frame(new id wl_callback#34)
[1712207.616]  -> wl_surface#23.commit()
[1712217.931] {Default Queue} wl_buffer#31.release()
[1712220.088] {Display Queue} wl_display#1.delete_id(34)
[1712220.100] {Default Queue} wl_callback#34.done(507397)
[1712220.409]  -> wl_surface#23.attach(wl_buffer#31, 0, 0)
[1712220.418]  -> wl_surface#23.damage_buffer(53, 167, 1, 18)
[1712220.423]  -> wl_surface#23.frame(new id wl_callback#34)
[1712220.427]  -> wl_surface#23.commit()
[1712230.962] {Default Queue} wl_buffer#31.release()
[1712233.136] {Display Queue} wl_display#1.delete_id(34)
[1712233.150] {Default Queue} wl_callback#34.done(507410)
[1712233.526]  -> wl_surface#23.attach(wl_buffer#31, 0, 0)
[1712233.536]  -> wl_surface#23.damage_buffer(53, 167, 1, 18)
[1712233.542]  -> wl_surface#23.frame(new id wl_callback#34)
[1712233.548]  -> wl_surface#23.commit()
[1712244.121] {Default Queue} wl_buffer#31.release()
[1712246.277] {Display Queue} wl_display#1.delete_id(34)
[1712246.302] {Default Queue} wl_callback#34.done(507423)
[1712246.994]  -> wl_surface#23.attach(wl_buffer#31, 0, 0)
[1712247.008]  -> wl_surface#23.damage_buffer(53, 167, 1, 18)
[1712247.028]  -> wl_surface#23.frame(new id wl_callback#34)
[1712247.036]  -> wl_surface#23.commit()
[1712258.525] {Default Queue} wl_buffer#31.release()
[1712260.703] {Display Queue} wl_display#1.delete_id(34)
[1712260.728] {Default Queue} wl_callback#34.done(507438)
[1712261.424]  -> wl_surface#23.attach(wl_buffer#31, 0, 0)
[1712261.444]  -> wl_surface#23.damage_buffer(53, 167, 1, 18)
[1712261.456]  -> wl_surface#23.frame(new id wl_callback#34)
[1712261.466]  -> wl_surface#23.commit()
[1712277.214] {Default Queue} wl_buffer#31.release()
[1712279.426] {Display Queue} wl_display#1.delete_id(34)
[1712279.444] {Default Queue} wl_callback#34.done(507456)
[1712279.908]  -> wl_surface#23.attach(wl_buffer#31, 0, 0)
[1712279.921]  -> wl_surface#23.damage_buffer(53, 167, 1, 18)
[1712279.929]  -> wl_surface#23.frame(new id wl_callback#34)
[1712279.936]  -> wl_surface#23.commit()
[1712294.025] {Default Queue} wl_buffer#31.release()
[1712295.976] {Display Queue} wl_display#1.delete_id(34)
[1712295.984] {Default Queue} wl_callback#34.done(507473)
