[1605194.882] {Default Queue}  -> wl_display#1.get_registry(new id wl_registry#2)
[1605194.902] {Default Queue}  -> wl_display#1.sync(new id wl_callback#3)
[1605195.034] {Default Queue} wl_registry#2.global(1, "wl_compositor", 4)
[1605195.041] {Default Queue}  -> wl_registry#2.bind(1, "wl_compositor", 4, new id [unknown]#4)
[1605195.046] {Default Queue} wl_registry#2.global(2, "xdg_wm_base", 4)
[1605195.049] {Default Queue} wl_registry#2.global(3, "zwp_linux_dmabuf_v1", 3)
[1605195.053] {Default Queue} wl_registry#2.global(4, "wl_output", 4)
[1605195.056] {Default Queue}  -> wl_registry#2.bind(4, "wl_output", 3, new id [unknown]#5)
[1605195.102] {Default Queue}  -> wl_display#1.sync(new id wl_callback#6)
[1605195.106] {Default Queue} wl_registry#2.global(5, "wl_seat", 5)
[1605195.131] {Display Queue} wl_display#1.delete_id(3)
[1605195.134] {Default Queue} wl_registry#2.global(6, "wl_shm", 1)
[1605195.137] {Default Queue}  -> wl_registry#2.bind(6, "wl_shm", 1, new id [unknown]#7)
[1605195.140] {Default Queue} wl_registry#2.global(7, "xdg_menu_manager_v1", 2)
[1605195.143] {Default Queue} wl_registry#2.global(8, "wl_subcompositor", 1)
[1605195.146] {Default Queue}  -> wl_registry#2.bind(8, "wl_subcompositor", 1, new id [unknown]#8)
[1605195.150] {Default Queue} wl_registry#2.global(9, "wl_data_device_manager", 3)
[1605195.153] {Default Queue}  -> wl_registry#2.bind(9, "wl_data_device_manager", 3, new id [unknown]#9)
[1605195.156] {Default Queue} wl_registry#2.global(10, "zxdg_decoration_manager_v1", 1)
[1605195.158] {Default Queue} wl_registry#2.global(11, "wp_cursor_shape_manager_v1", 1)
[1605195.161] {Default Queue}  -> wl_registry#2.bind(11, "wp_cursor_shape_manager_v1", 1, new id [unknown]#10)
[1605195.164] {Default Queue} wl_registry#2.global(12, "wp_viewporter", 1)
[1605195.170] {Default Queue}  -> wl_registry#2.bind(12, "wp_viewporter", 1, new id [unknown]#11)
[1605195.173] {Default Queue} wl_registry#2.global(13, "zwp_text_input_manager_v3", 1)
[1605195.175] {Default Queue} wl_registry#2.global(16, "keiland_titlebar_manager_v1", 3)
[1605195.178] {Default Queue} wl_registry#2.global(17, "keiland_glass_manager_v1", 2)
[1605195.181] {Default Queue} wl_registry#2.global(18, "zwp_primary_selection_device_manager_v1", 1)
[1605195.183] {Default Queue}  -> wl_registry#2.bind(18, "zwp_primary_selection_device_manager_v1", 1, new id [unknown]#12)
[1605195.187] {Default Queue} wl_registry#2.global(19, "zwp_tablet_manager_v2", 1)
[1605195.190] {Default Queue}  -> wl_registry#2.bind(19, "zwp_tablet_manager_v2", 1, new id [unknown]#13)
[1605195.193] {Default Queue} wl_registry#2.global(21, "keiland_desktop_manager_v1", 1)
[1605195.195] {Default Queue} wl_registry#2.global(22, "keiland_keyboard_inset_manager_v1", 1)
[1605195.198] {Default Queue} wl_registry#2.global(23, "keiland_edit_manager_v1", 1)
[1605195.201] {Default Queue} wl_callback#3.done(400372)
[1605195.250] {Default Queue}  -> wl_shm#7.create_pool(new id wl_shm_pool#3, fd 11, 2304)
[1605195.256] {Default Queue}  -> wl_registry#2.bind(5, "wl_seat", 5, new id [unknown]#14)
[1605198.593] {Default Queue}  -> zwp_primary_selection_device_manager_v1#12.get_device(new id zwp_primary_selection_device_v1#15, wl_seat#14)
[1605198.603] {Default Queue}  -> wl_data_device_manager#9.get_data_device(new id wl_data_device#16, wl_seat#14)
[1605198.648] {Default Queue}  -> wl_compositor#4.create_surface(new id wl_surface#17)
[1605198.652] {Default Queue}  -> wp_viewporter#11.get_viewport(new id wp_viewport#18, wl_surface#17)
[1605198.655] {Default Queue}  -> zwp_tablet_manager_v2#13.get_tablet_seat(new id zwp_tablet_seat_v2#19, wl_seat#14)
[1605198.660] {Default Queue}  -> wl_display#1.sync(new id wl_callback#20)
[1605198.771] {Display Queue} wl_display#1.delete_id(6)
[1605198.776] {Display Queue} wl_display#1.delete_id(20)
[1605198.778] {Default Queue} wl_output#5.geometry(0, 0, 0, 0, 0, "Unknown", "Unknown", 0)
[1605198.786] {Default Queue} wl_output#5.mode(3, 1280, 800, 74994)
[1605198.789] {Default Queue} wl_output#5.scale(1)
[1605198.792] {Default Queue} wl_output#5.done()
[1605198.794] {Default Queue} wl_callback#6.done(400372)
[1605198.802] {Default Queue} wl_shm#7.format(0)
[1605198.805] {Default Queue} wl_shm#7.format(1)
[1605198.807] {Default Queue} wl_seat#14.capabilities(3)
[1605198.810] {Default Queue}  -> wl_seat#14.get_pointer(new id wl_pointer#6)
[1605198.817] {Default Queue}  -> wp_cursor_shape_manager_v1#10.get_pointer(new id wp_cursor_shape_device_v1#21, wl_pointer#6)
[1605198.820] {Default Queue}  -> wl_seat#14.get_keyboard(new id wl_keyboard#22)
[1605198.825] {Default Queue} wl_seat#14.name("seat0")
[1605198.828] {Default Queue} wl_callback#20.done(400376)
[1605198.831] {Default Queue}  -> wl_registry#2.bind(2, "xdg_wm_base", 4, new id [unknown]#20)

(python3:951): Gtk-WARNING **: 07:20:58.243: Unable to acquire the address of the accessibility bus: GDBus.Error:org.freedesktop.DBus.Error.ServiceUnknown: The name org.a11y.Bus was not provided by any .service files. If you are attempting to run GTK without a11y support, GTK_A11Y should be set to 'none'.
[1605228.997] {Default Queue}  -> wl_compositor#4.create_surface(new id wl_surface#23)
[1605229.007] {Default Queue}  -> wp_viewporter#11.get_viewport(new id wp_viewport#24, wl_surface#23)
[1605257.715] {mesa egl display queue}  -> wl_display#1.get_registry(new id wl_registry#25)
[1605257.725] {mesa egl display queue}  -> wl_display#1.sync(new id wl_callback#26)
[1605258.008] {mesa egl display queue} wl_registry#25.global(1, "wl_compositor", 4)
[1605258.014] {mesa egl display queue} wl_registry#25.global(2, "xdg_wm_base", 4)
[1605258.025] {mesa egl display queue} wl_registry#25.global(3, "zwp_linux_dmabuf_v1", 3)
[1605258.028] {mesa egl display queue}  -> wl_registry#25.bind(3, "zwp_linux_dmabuf_v1", 3, new id [unknown]#27)
[1605258.038] {mesa egl display queue} wl_registry#25.global(4, "wl_output", 4)
[1605258.041] {mesa egl display queue} wl_registry#25.global(5, "wl_seat", 5)
[1605258.043] {mesa egl display queue} wl_registry#25.global(6, "wl_shm", 1)
[1605258.061] {mesa egl display queue} wl_registry#25.global(7, "xdg_menu_manager_v1", 2)
[1605258.064] {mesa egl display queue} wl_registry#25.global(8, "wl_subcompositor", 1)
[1605258.066] {mesa egl display queue} wl_registry#25.global(9, "wl_data_device_manager", 3)
[1605258.069] {mesa egl display queue} wl_registry#25.global(10, "zxdg_decoration_manager_v1", 1)
[1605258.071] {mesa egl display queue} wl_registry#25.global(11, "wp_cursor_shape_manager_v1", 1)
[1605258.074] {mesa egl display queue} wl_registry#25.global(12, "wp_viewporter", 1)
[1605258.076] {mesa egl display queue} wl_registry#25.global(13, "zwp_text_input_manager_v3", 1)
[1605258.078] {mesa egl display queue} wl_registry#25.global(16, "keiland_titlebar_manager_v1", 3)
[1605258.090] {mesa egl display queue} wl_registry#25.global(17, "keiland_glass_manager_v1", 2)
[1605258.093] {mesa egl display queue} wl_registry#25.global(18, "zwp_primary_selection_device_manager_v1", 1)
[1605258.095] {mesa egl display queue} wl_registry#25.global(19, "zwp_tablet_manager_v2", 1)
[1605258.098] {mesa egl display queue} wl_registry#25.global(21, "keiland_desktop_manager_v1", 1)
[1605258.100] {mesa egl display queue} wl_registry#25.global(22, "keiland_keyboard_inset_manager_v1", 1)
[1605258.103] {mesa egl display queue} wl_registry#25.global(23, "keiland_edit_manager_v1", 1)
[1605258.105] {mesa egl display queue} wl_callback#26.done(400435)
[1605258.109] {mesa egl display queue}  -> wl_display#1.sync(new id wl_callback#28)
[1605258.118] {Display Queue} wl_display#1.delete_id(26)
[1605258.179] {mesa egl display queue} zwp_linux_dmabuf_v1#27.format(875713089)
[1605258.182] {mesa egl display queue} zwp_linux_dmabuf_v1#27.modifier(875713089, 0, 0)
[1605258.185] {mesa egl display queue} zwp_linux_dmabuf_v1#27.format(875713112)
[1605258.193] {Display Queue} wl_display#1.delete_id(28)
[1605258.196] {mesa egl display queue} zwp_linux_dmabuf_v1#27.modifier(875713112, 0, 0)
[1605258.199] {mesa egl display queue} wl_callback#28.done(400435)
[1605258.202] {mesa egl display queue}  -> zwp_linux_dmabuf_v1#27.destroy()
[1605258.212] {mesa egl swrast display queue}  -> wl_display#1.get_registry(new id wl_registry#28)
[1605258.221] {mesa egl swrast display queue}  -> wl_display#1.sync(new id wl_callback#26)
[1605258.285] {Display Queue} wl_display#1.delete_id(27)
[1605258.288] {mesa egl swrast display queue} wl_registry#28.global(1, "wl_compositor", 4)
[1605258.290] {mesa egl swrast display queue} wl_registry#28.global(2, "xdg_wm_base", 4)
[1605258.299] {mesa egl swrast display queue} wl_registry#28.global(3, "zwp_linux_dmabuf_v1", 3)
[1605258.302] {mesa egl swrast display queue}  -> wl_registry#28.bind(3, "zwp_linux_dmabuf_v1", 3, new id [unknown]#27)
[1605258.305] {mesa egl swrast display queue} wl_registry#28.global(4, "wl_output", 4)
[1605258.308] {mesa egl swrast display queue} wl_registry#28.global(5, "wl_seat", 5)
[1605258.320] {mesa egl swrast display queue} wl_registry#28.global(6, "wl_shm", 1)
[1605258.323] {mesa egl swrast display queue}  -> wl_registry#28.bind(6, "wl_shm", 1, new id [unknown]#29)
[1605258.326] {mesa egl swrast display queue} wl_registry#28.global(7, "xdg_menu_manager_v1", 2)
[1605258.329] {mesa egl swrast display queue} wl_registry#28.global(8, "wl_subcompositor", 1)
[1605258.331] {mesa egl swrast display queue} wl_registry#28.global(9, "wl_data_device_manager", 3)
[1605258.333] {mesa egl swrast display queue} wl_registry#28.global(10, "zxdg_decoration_manager_v1", 1)
[1605258.349] {mesa egl swrast display queue} wl_registry#28.global(11, "wp_cursor_shape_manager_v1", 1)
[1605258.351] {mesa egl swrast display queue} wl_registry#28.global(12, "wp_viewporter", 1)
[1605258.354] {mesa egl swrast display queue} wl_registry#28.global(13, "zwp_text_input_manager_v3", 1)
[1605258.356] {mesa egl swrast display queue} wl_registry#28.global(16, "keiland_titlebar_manager_v1", 3)
[1605258.359] {mesa egl swrast display queue} wl_registry#28.global(17, "keiland_glass_manager_v1", 2)
[1605258.361] {mesa egl swrast display queue} wl_registry#28.global(18, "zwp_primary_selection_device_manager_v1", 1)
[1605258.364] {mesa egl swrast display queue} wl_registry#28.global(19, "zwp_tablet_manager_v2", 1)
[1605258.373] {Display Queue} wl_display#1.delete_id(26)
[1605258.376] {mesa egl swrast display queue} wl_registry#28.global(21, "keiland_desktop_manager_v1", 1)
[1605258.378] {mesa egl swrast display queue} wl_registry#28.global(22, "keiland_keyboard_inset_manager_v1", 1)
[1605258.380] {mesa egl swrast display queue} wl_registry#28.global(23, "keiland_edit_manager_v1", 1)
[1605258.383] {mesa egl swrast display queue} wl_callback#26.done(400435)
[1605258.386] {mesa egl swrast display queue}  -> wl_display#1.sync(new id wl_callback#26)
[1605258.498] {mesa egl swrast display queue} zwp_linux_dmabuf_v1#27.format(875713089)
[1605258.506] {mesa egl swrast display queue} zwp_linux_dmabuf_v1#27.modifier(875713089, 0, 0)
[1605258.509] {mesa egl swrast display queue} zwp_linux_dmabuf_v1#27.format(875713112)
[1605258.517] {mesa egl swrast display queue} zwp_linux_dmabuf_v1#27.modifier(875713112, 0, 0)
[1605258.519] {mesa egl swrast display queue} wl_shm#29.format(0)
[1605258.528] {Display Queue} wl_display#1.delete_id(26)
[1605258.530] {mesa egl swrast display queue} wl_shm#29.format(1)
[1605258.533] {mesa egl swrast display queue} wl_callback#26.done(400435)
[1605258.535] {mesa egl swrast display queue}  -> wl_display#1.sync(new id wl_callback#26)
[1605258.583] {Display Queue} wl_display#1.delete_id(26)
[1605258.586] {mesa egl swrast display queue} wl_callback#26.done(400436)
[1605258.589] {mesa egl swrast display queue}  -> zwp_linux_dmabuf_v1#27.destroy()
[1605258.593] {mesa egl swrast display queue}  -> wl_display#1.get_registry(new id wl_registry#26)
[1605258.596] {mesa egl swrast display queue}  -> wl_display#1.sync(new id wl_callback#30)
[1605258.642] {Display Queue} wl_display#1.delete_id(27)
[1605258.645] {mesa egl swrast display queue} wl_registry#26.global(1, "wl_compositor", 4)
[1605258.658] {mesa egl swrast display queue} wl_registry#26.global(2, "xdg_wm_base", 4)
[1605258.660] {mesa egl swrast display queue} wl_registry#26.global(3, "zwp_linux_dmabuf_v1", 3)
[1605258.668] {mesa egl swrast display queue} wl_registry#26.global(4, "wl_output", 4)
[1605258.671] {mesa egl swrast display queue} wl_registry#26.global(5, "wl_seat", 5)
[1605258.673] {mesa egl swrast display queue} wl_registry#26.global(6, "wl_shm", 1)
[1605258.676] {mesa egl swrast display queue}  -> wl_registry#26.bind(6, "wl_shm", 1, new id [unknown]#27)
[1605258.706] {mesa egl swrast display queue} wl_registry#26.global(7, "xdg_menu_manager_v1", 2)
[1605258.709] {mesa egl swrast display queue} wl_registry#26.global(8, "wl_subcompositor", 1)
[1605258.712] {mesa egl swrast display queue} wl_registry#26.global(9, "wl_data_device_manager", 3)
[1605258.714] {mesa egl swrast display queue} wl_registry#26.global(10, "zxdg_decoration_manager_v1", 1)
[1605258.717] {mesa egl swrast display queue} wl_registry#26.global(11, "wp_cursor_shape_manager_v1", 1)
[1605258.719] {mesa egl swrast display queue} wl_registry#26.global(12, "wp_viewporter", 1)
[1605258.721] {mesa egl swrast display queue} wl_registry#26.global(13, "zwp_text_input_manager_v3", 1)
[1605258.724] {mesa egl swrast display queue} wl_registry#26.global(16, "keiland_titlebar_manager_v1", 3)
[1605258.726] {mesa egl swrast display queue} wl_registry#26.global(17, "keiland_glass_manager_v1", 2)
[1605258.737] {Display Queue} wl_display#1.delete_id(30)
[1605258.740] {mesa egl swrast display queue} wl_registry#26.global(18, "zwp_primary_selection_device_manager_v1", 1)
[1605258.742] {mesa egl swrast display queue} wl_registry#26.global(19, "zwp_tablet_manager_v2", 1)
[1605258.745] {mesa egl swrast display queue} wl_registry#26.global(21, "keiland_desktop_manager_v1", 1)
[1605258.747] {mesa egl swrast display queue} wl_registry#26.global(22, "keiland_keyboard_inset_manager_v1", 1)
[1605258.749] {mesa egl swrast display queue} wl_registry#26.global(23, "keiland_edit_manager_v1", 1)
[1605258.752] {mesa egl swrast display queue} wl_callback#30.done(400436)
[1605258.754] {mesa egl swrast display queue}  -> wl_display#1.sync(new id wl_callback#30)
[1605258.766] {mesa egl swrast display queue} wl_shm#27.format(0)
[1605258.768] {mesa egl swrast display queue} wl_shm#27.format(1)
[1605258.814] {Display Queue} wl_display#1.delete_id(30)
[1605258.817] {mesa egl swrast display queue} wl_callback#30.done(400436)
[1605293.542] {Default Queue}  -> xdg_wm_base#20.get_xdg_surface(new id xdg_surface#30, wl_surface#23)
[1605293.554]  -> xdg_surface#30.get_toplevel(new id xdg_toplevel#31)
[1605293.558]  -> xdg_toplevel#31.set_parent(nil)
[1605293.561]  -> xdg_toplevel#31.set_title("WS114 clipboard B")
[1605293.564]  -> xdg_toplevel#31.set_app_id("org.zedbsd.WS114BaselineB")
[1605293.567]  -> wl_surface#23.commit()
[1605295.910] {Default Queue}  -> wl_display#1.get_registry(new id wl_registry#32)
[1605296.279] {Default Queue} wl_keyboard#22.keymap(1, fd 12, 6896)
[1605296.826] {Default Queue} wl_keyboard#22.repeat_info(25, 400)
[1605297.360] {Default Queue} wl_registry#32.global(1, "wl_compositor", 4)
[1605297.369] {Default Queue} wl_registry#32.global(2, "xdg_wm_base", 4)
[1605297.373] {Default Queue} wl_registry#32.global(3, "zwp_linux_dmabuf_v1", 3)
[1605297.376] {Default Queue} wl_registry#32.global(4, "wl_output", 4)
[1605297.378] {Default Queue} wl_registry#32.global(5, "wl_seat", 5)
[1605297.381] {Default Queue} wl_registry#32.global(6, "wl_shm", 1)
[1605297.384] {Default Queue} wl_registry#32.global(7, "xdg_menu_manager_v1", 2)
[1605297.387] {Default Queue} wl_registry#32.global(8, "wl_subcompositor", 1)
[1605297.390] {Default Queue} wl_registry#32.global(9, "wl_data_device_manager", 3)
[1605297.393] {Default Queue} wl_registry#32.global(10, "zxdg_decoration_manager_v1", 1)
[1605297.395] {Default Queue} wl_registry#32.global(11, "wp_cursor_shape_manager_v1", 1)
[1605297.398] {Default Queue} wl_registry#32.global(12, "wp_viewporter", 1)
[1605297.401] {Default Queue} wl_registry#32.global(13, "zwp_text_input_manager_v3", 1)
[1605297.405] {Default Queue}  -> wl_registry#32.bind(13, "zwp_text_input_manager_v3", 1, new id [unknown]#33)
[1605297.410] {Default Queue}  -> zwp_text_input_manager_v3#33.get_text_input(new id zwp_text_input_v3#34, wl_seat#14)
[1605297.419] {Default Queue} wl_registry#32.global(16, "keiland_titlebar_manager_v1", 3)
[1605297.422] {Default Queue} wl_registry#32.global(17, "keiland_glass_manager_v1", 2)
[1605297.425] {Default Queue} wl_registry#32.global(18, "zwp_primary_selection_device_manager_v1", 1)
[1605297.428] {Default Queue} wl_registry#32.global(19, "zwp_tablet_manager_v2", 1)
[1605297.431] {Default Queue} wl_registry#32.global(21, "keiland_desktop_manager_v1", 1)
[1605297.433] {Default Queue} wl_registry#32.global(22, "keiland_keyboard_inset_manager_v1", 1)
[1605297.436] {Default Queue} wl_registry#32.global(23, "keiland_edit_manager_v1", 1)
[1605297.439] xdg_toplevel#31.configure_bounds(1256, 690)
[1605297.443] xdg_toplevel#31.configure(0, 0, array[4])
[1605297.447] xdg_surface#30.configure(68)
[1605297.459]  -> xdg_surface#30.ack_configure(68)
[1605299.325]  -> xdg_toplevel#31.set_min_size(485, 338)
[1605299.335]  -> xdg_toplevel#31.set_max_size(0, 0)
[1605301.445] {mesa egl swrast display queue}  -> wl_shm#27.create_pool(new id wl_shm_pool#35, fd 18, 1423968)
[1605301.455] {mesa egl surface queue}  -> wl_shm_pool#35.create_buffer(new id wl_buffer#36, 0, 728, 489, 2912, 0)
[1605301.459] {mesa egl surface queue}  -> wl_shm_pool#35.destroy()
[1605433.821]  -> xdg_toplevel#31.set_min_size(457, 309)
[1605433.833]  -> xdg_toplevel#31.set_max_size(0, 0)
[1605433.836]  -> xdg_surface#30.set_window_geometry(14, 12, 700, 460)
[1605433.858] {Default Queue}  -> wl_compositor#4.create_region(new id wl_region#37)
[1605433.863] {Default Queue}  -> wl_region#37.add(14, 20, 700, 452)
[1605433.866]  -> wl_surface#23.set_opaque_region(wl_region#37)
[1605433.869] {Default Queue}  -> wl_region#37.destroy()
[1605433.872] {Default Queue}  -> wl_compositor#4.create_region(new id wl_region#38)
[1605433.874] {Default Queue}  -> wl_region#38.add(2, 0, 724, 484)
[1605433.877]  -> wl_surface#23.set_input_region(wl_region#38)
[1605433.880] {Default Queue}  -> wl_region#38.destroy()
[1605433.882] {Default Queue}  -> wp_viewport#24.set_destination(728, 489)
[1605433.885]  -> wl_surface#23.frame(new id wl_callback#39)
[1605433.910] {mesa egl surface queue}  -> wl_surface#23.attach(wl_buffer#36, 0, 0)
[1605433.913] {mesa egl surface queue}  -> wl_surface#23.damage_buffer(0, 0, 728, 489)
[1605435.882] {mesa egl surface queue}  -> wl_surface#23.commit()
[1605435.891] {mesa egl surface queue}  -> wl_display#1.sync(new id wl_callback#40)
[1605436.106] {Display Queue} wl_display#1.delete_id(35)
[1605436.113] {Display Queue} wl_display#1.delete_id(37)
[1605436.115] {Display Queue} wl_display#1.delete_id(38)
[1605436.125] {Display Queue} wl_display#1.delete_id(40)
[1605462.753] {Default Queue} wl_data_device#16.data_offer(new id wl_data_offer#4278190080)
[1605462.767] {Default Queue} wl_data_offer#4278190080.offer("text/plain;charset=utf-8")
[1605462.774] {Default Queue} wl_data_offer#4278190080.offer("text/plain")
[1605462.777] {Default Queue} wl_data_device#16.selection(wl_data_offer#4278190080)
[1605463.396] {Default Queue} zwp_primary_selection_device_v1#15.data_offer(new id zwp_primary_selection_offer_v1#4278190081)
[1605463.405] {Default Queue} zwp_primary_selection_offer_v1#4278190081.offer("text/plain;charset=utf-8")
[1605463.408] {Default Queue} zwp_primary_selection_offer_v1#4278190081.offer("text/plain")
[1605463.411] {Default Queue} zwp_primary_selection_device_v1#15.selection(zwp_primary_selection_offer_v1#4278190081)
[1605463.422] {Default Queue} wl_keyboard#22.enter(70, wl_surface#23, array[0])
[1605463.433] {Default Queue} wl_keyboard#22.modifiers(71, 0, 0, 0, 0)
[1605463.460] {Default Queue} zwp_text_input_v3#34.enter(wl_surface#23)
[1605463.464] {Default Queue}  -> zwp_text_input_v3#34.enable()
[1605463.481] {Default Queue}  -> zwp_text_input_v3#34.set_surrounding_text("other client", 12, 0)
[1605463.485] {Default Queue}  -> zwp_text_input_v3#34.set_text_change_cause(1)
[1605463.491] {Default Queue}  -> zwp_text_input_v3#34.set_content_type(0, 0)
[1605463.504] {Default Queue}  -> zwp_text_input_v3#34.set_cursor_rectangle(119, 112, 0, 32)
[1605463.512] {Default Queue}  -> zwp_text_input_v3#34.commit()
[1605463.515] {Default Queue} wl_pointer#6.enter(73, wl_surface#23, 140.00000000, 79.00000000)
[1605463.522] {Default Queue} wl_pointer#6.frame()
[1605463.533] {Default Queue}  -> wp_cursor_shape_device_v1#21.set_shape(73, 1)
[1605464.223] {Display Queue} wl_display#1.delete_id(39)
[1605464.231] {Default Queue} wl_callback#39.done(400640)
[1605464.709] {mesa egl surface queue} wl_callback#40.done(400613)
[1605464.718] {mesa egl surface queue} wl_buffer#36.release()
[1605464.932]  -> wl_surface#23.frame(new id wl_callback#40)
[1605464.948] {mesa egl surface queue}  -> wl_surface#23.attach(wl_buffer#36, 0, 0)
[1605464.952] {mesa egl surface queue}  -> wl_surface#23.damage_buffer(32, 107, 664, 42)
[1605465.942] {mesa egl surface queue}  -> wl_surface#23.commit()
[1605465.960] {mesa egl surface queue}  -> wl_display#1.sync(new id wl_callback#39)
[1605466.061] {Display Queue} wl_display#1.delete_id(39)
[1605484.104] {Display Queue} wl_display#1.delete_id(40)
[1605484.133] {Default Queue} wl_callback#40.done(400661)
[1605484.571] {mesa egl surface queue} wl_callback#39.done(400643)
[1605484.591] {mesa egl surface queue} wl_buffer#36.release()
[1605484.970]  -> wl_surface#23.frame(new id wl_callback#39)
[1605484.988] {mesa egl surface queue}  -> wl_surface#23.attach(wl_buffer#36, 0, 0)
[1605484.993] {mesa egl surface queue}  -> wl_surface#23.damage_buffer(35, 110, 658, 36)
[1605485.968] {mesa egl surface queue}  -> wl_surface#23.commit()
[1605485.979] {mesa egl surface queue}  -> wl_display#1.sync(new id wl_callback#40)
[1605486.051] {Display Queue} wl_display#1.delete_id(40)
[1605502.791] {Display Queue} wl_display#1.delete_id(39)
[1605502.815] {Default Queue} wl_callback#39.done(400680)
[1605503.110] {mesa egl surface queue} wl_callback#40.done(400663)
[1605503.115] {mesa egl surface queue} wl_buffer#36.release()
[1605503.323]  -> wl_surface#23.frame(new id wl_callback#40)
[1605503.338] {mesa egl surface queue}  -> wl_surface#23.attach(wl_buffer#36, 0, 0)
[1605503.341] {mesa egl surface queue}  -> wl_surface#23.damage_buffer(35, 110, 658, 36)
[1605503.972] {mesa egl surface queue}  -> wl_surface#23.commit()
[1605503.982] {mesa egl surface queue}  -> wl_display#1.sync(new id wl_callback#39)
[1605504.044] {Display Queue} wl_display#1.delete_id(39)
[1605519.807] {Display Queue} wl_display#1.delete_id(40)
[1605519.836] {Default Queue} wl_callback#40.done(400697)
[1605520.188] {mesa egl surface queue} wl_callback#39.done(400681)
[1605520.195] {mesa egl surface queue} wl_buffer#36.release()
[1605520.406]  -> wl_surface#23.frame(new id wl_callback#39)
[1605520.437] {mesa egl surface queue}  -> wl_surface#23.attach(wl_buffer#36, 0, 0)
[1605520.441] {mesa egl surface queue}  -> wl_surface#23.damage_buffer(35, 110, 658, 36)
[1605521.151] {mesa egl surface queue}  -> wl_surface#23.commit()
[1605521.159] {mesa egl surface queue}  -> wl_display#1.sync(new id wl_callback#40)
[1605521.217] {Display Queue} wl_display#1.delete_id(40)
[1605537.314] {Display Queue} wl_display#1.delete_id(39)
[1605537.341] {Default Queue} wl_callback#39.done(400714)
[1605537.734] {mesa egl surface queue} wl_callback#40.done(400698)
[1605537.741] {mesa egl surface queue} wl_buffer#36.release()
[1605537.948]  -> wl_surface#23.frame(new id wl_callback#40)
[1605537.962] {mesa egl surface queue}  -> wl_surface#23.attach(wl_buffer#36, 0, 0)
[1605537.966] {mesa egl surface queue}  -> wl_surface#23.damage_buffer(35, 110, 658, 36)
[1605538.482] {mesa egl surface queue}  -> wl_surface#23.commit()
[1605538.493] {mesa egl surface queue}  -> wl_display#1.sync(new id wl_callback#39)
[1605538.566] {Display Queue} wl_display#1.delete_id(39)
[1605554.276] {Display Queue} wl_display#1.delete_id(40)
[1605554.301] {Default Queue} wl_callback#40.done(400731)
[1605554.722] {mesa egl surface queue} wl_callback#39.done(400716)
[1605554.740] {mesa egl surface queue} wl_buffer#36.release()
[1605555.169]  -> wl_surface#23.frame(new id wl_callback#39)
[1605555.206] {mesa egl surface queue}  -> wl_surface#23.attach(wl_buffer#36, 0, 0)
[1605555.242] {mesa egl surface queue}  -> wl_surface#23.damage_buffer(35, 110, 658, 36)
[1605556.005] {mesa egl surface queue}  -> wl_surface#23.commit()
[1605556.014] {mesa egl surface queue}  -> wl_display#1.sync(new id wl_callback#40)
[1605556.071] {Display Queue} wl_display#1.delete_id(40)
[1605571.477] {Display Queue} wl_display#1.delete_id(39)
[1605571.501] {Default Queue} wl_callback#39.done(400748)
[1605571.871] {mesa egl surface queue} wl_callback#40.done(400733)
[1605571.887] {mesa egl surface queue} wl_buffer#36.release()
[1605572.260]  -> wl_surface#23.frame(new id wl_callback#40)
[1605572.291] {mesa egl surface queue}  -> wl_surface#23.attach(wl_buffer#36, 0, 0)
[1605572.295] {mesa egl surface queue}  -> wl_surface#23.damage_buffer(35, 110, 658, 36)
[1605573.247] {mesa egl surface queue}  -> wl_surface#23.commit()
[1605573.256] {mesa egl surface queue}  -> wl_display#1.sync(new id wl_callback#39)
[1605573.309] {Display Queue} wl_display#1.delete_id(39)
[1605589.957] {Display Queue} wl_display#1.delete_id(40)
[1605589.986] {Default Queue} wl_callback#40.done(400767)
[1605590.209] {mesa egl surface queue} wl_callback#39.done(400750)
[1605590.216] {mesa egl surface queue} wl_buffer#36.release()
[1605590.431]  -> wl_surface#23.frame(new id wl_callback#39)
[1605590.447] {mesa egl surface queue}  -> wl_surface#23.attach(wl_buffer#36, 0, 0)
[1605590.451] {mesa egl surface queue}  -> wl_surface#23.damage_buffer(35, 110, 658, 36)
[1605591.466] {mesa egl surface queue}  -> wl_surface#23.commit()
[1605591.474] {mesa egl surface queue}  -> wl_display#1.sync(new id wl_callback#40)
[1605591.529] {Display Queue} wl_display#1.delete_id(40)
[1605607.256] {Display Queue} wl_display#1.delete_id(39)
[1605607.282] {Default Queue} wl_callback#39.done(400784)
[1605607.645] {mesa egl surface queue} wl_callback#40.done(400769)
[1605607.662] {mesa egl surface queue} wl_buffer#36.release()
[1605607.905]  -> wl_surface#23.frame(new id wl_callback#40)
[1605607.935] {mesa egl surface queue}  -> wl_surface#23.attach(wl_buffer#36, 0, 0)
[1605607.939] {mesa egl surface queue}  -> wl_surface#23.damage_buffer(35, 110, 658, 36)
[1605608.481] {mesa egl surface queue}  -> wl_surface#23.commit()
[1605608.489] {mesa egl surface queue}  -> wl_display#1.sync(new id wl_callback#39)
[1605608.604] {Display Queue} wl_display#1.delete_id(39)
[1605625.026] {Display Queue} wl_display#1.delete_id(40)
[1605625.053] {Default Queue} wl_callback#40.done(400802)
[1630979.989] {Default Queue} wl_pointer#6.motion(426157, 175.00000000, 176.00000000)
[1630980.045] {Default Queue} wl_pointer#6.frame()
[1630980.329] {Default Queue}  -> wp_cursor_shape_device_v1#21.set_shape(73, 9)
[1631028.170] {Default Queue} wl_pointer#6.button(74, 426205, 272, 1)
[1631028.206] {Default Queue} xdg_wm_base#20.ping(75)
[1631028.215] {Default Queue}  -> xdg_wm_base#20.pong(75)
[1631028.221] {Default Queue} wl_pointer#6.frame()
[1631028.469] {Default Queue}  -> zwp_text_input_v3#34.disable()
[1631028.480] {Default Queue}  -> zwp_text_input_v3#34.commit()
[1631028.527] {Default Queue}  -> zwp_text_input_v3#34.enable()
[1631028.559] {Default Queue}  -> zwp_text_input_v3#34.set_surrounding_text("", 0, 0)
[1631028.566] {Default Queue}  -> zwp_text_input_v3#34.set_text_change_cause(1)
[1631028.573] {Default Queue}  -> zwp_text_input_v3#34.set_content_type(0, 0)
[1631028.614] {Default Queue}  -> zwp_text_input_v3#34.set_cursor_rectangle(45, 160, 0, 32)
[1631028.621] {Default Queue}  -> zwp_text_input_v3#34.commit()
[1631028.681] {Default Queue}  -> zwp_text_input_v3#34.set_surrounding_text("", 0, 0)
[1631028.687] {Default Queue}  -> zwp_text_input_v3#34.set_text_change_cause(1)
[1631028.693] {Default Queue}  -> zwp_text_input_v3#34.set_content_type(0, 0)
[1631028.700] {Default Queue}  -> zwp_text_input_v3#34.set_cursor_rectangle(45, 160, 0, 32)
[1631028.705] {Default Queue}  -> zwp_text_input_v3#34.commit()
[1631029.199] {mesa egl surface queue} wl_callback#39.done(400786)
[1631029.213] {mesa egl surface queue} wl_buffer#36.release()
[1631029.667]  -> wl_surface#23.frame(new id wl_callback#39)
[1631029.703] {mesa egl surface queue}  -> wl_surface#23.attach(wl_buffer#36, 0, 0)
[1631029.710] {mesa egl surface queue}  -> wl_surface#23.damage_buffer(45, 119, 74, 18)
[1631029.716] {mesa egl surface queue}  -> wl_surface#23.damage_buffer(45, 167, 1, 18)
[1631030.154] {mesa egl surface queue}  -> wl_surface#23.commit()
[1631030.166] {mesa egl surface queue}  -> wl_display#1.sync(new id wl_callback#40)
[1631030.257] {Display Queue} wl_display#1.delete_id(40)
[1631067.960] {Display Queue} wl_display#1.delete_id(39)
[1631067.984] {Default Queue} wl_callback#39.done(426245)
[1631068.396] {mesa egl surface queue} wl_callback#40.done(426207)
[1631068.410] {mesa egl surface queue} wl_buffer#36.release()
[1631068.914]  -> wl_surface#23.frame(new id wl_callback#40)
[1631068.946] {mesa egl surface queue}  -> wl_surface#23.attach(wl_buffer#36, 0, 0)
[1631068.956] {mesa egl surface queue}  -> wl_surface#23.damage_buffer(34, 109, 660, 38)
[1631068.962] {mesa egl surface queue}  -> wl_surface#23.damage_buffer(33, 156, 662, 40)
[1631069.987] {mesa egl surface queue}  -> wl_surface#23.commit()
[1631070.008] {mesa egl surface queue}  -> wl_display#1.sync(new id wl_callback#39)
[1631070.136] {Display Queue} wl_display#1.delete_id(39)
[1631075.635] {Default Queue} wl_pointer#6.button(76, 426252, 272, 0)
[1631075.660] {Default Queue} wl_pointer#6.frame()
[1631075.884] {Default Queue}  -> zwp_text_input_v3#34.enable()
[1631075.904] {Default Queue}  -> zwp_text_input_v3#34.set_surrounding_text("", 0, 0)
[1631075.911] {Default Queue}  -> zwp_text_input_v3#34.set_text_change_cause(1)
[1631075.922] {Default Queue}  -> zwp_text_input_v3#34.set_content_type(0, 0)
[1631075.930] {Default Queue}  -> zwp_text_input_v3#34.set_cursor_rectangle(45, 160, 0, 32)
[1631075.936] {Default Queue}  -> zwp_text_input_v3#34.commit()
[1631093.006] {Display Queue} wl_display#1.delete_id(40)
[1631093.024] {Default Queue} wl_callback#40.done(426270)
[1631093.509] {mesa egl surface queue} wl_callback#39.done(426247)
[1631093.523] {mesa egl surface queue} wl_buffer#36.release()
[1631093.938]  -> wl_surface#23.frame(new id wl_callback#39)
[1631093.963] {mesa egl surface queue}  -> wl_surface#23.attach(wl_buffer#36, 0, 0)
[1631093.970] {mesa egl surface queue}  -> wl_surface#23.damage_buffer(34, 109, 660, 38)
[1631093.976] {mesa egl surface queue}  -> wl_surface#23.damage_buffer(33, 156, 662, 40)
[1631095.038] {mesa egl surface queue}  -> wl_surface#23.commit()
[1631095.051] {mesa egl surface queue}  -> wl_display#1.sync(new id wl_callback#40)
[1631095.140] {Display Queue} wl_display#1.delete_id(40)
[1631126.185] {Display Queue} wl_display#1.delete_id(39)
[1631126.204] {Default Queue} wl_callback#39.done(426303)
[1631126.602] {mesa egl surface queue} wl_callback#40.done(426272)
[1631126.616] {mesa egl surface queue} wl_buffer#36.release()
[1631127.079]  -> wl_surface#23.frame(new id wl_callback#40)
[1631127.105] {mesa egl surface queue}  -> wl_surface#23.attach(wl_buffer#36, 0, 0)
[1631127.113] {mesa egl surface queue}  -> wl_surface#23.damage_buffer(33, 108, 662, 40)
[1631127.120] {mesa egl surface queue}  -> wl_surface#23.damage_buffer(33, 156, 662, 40)
[1631128.340] {mesa egl surface queue}  -> wl_surface#23.commit()
[1631128.358] {mesa egl surface queue}  -> wl_display#1.sync(new id wl_callback#39)
[1631128.480] {Display Queue} wl_display#1.delete_id(39)
[1631135.119] {Default Queue} wl_keyboard#22.key(77, 426312, 29, 1)
[1631135.213] {Default Queue} wl_keyboard#22.modifiers(79, 4, 0, 0, 0)
[1631135.249] {Default Queue} wl_keyboard#22.key(80, 426312, 47, 1)
[1631135.392] {Default Queue}  -> wl_surface#17.attach(nil, 0, 0)
[1631135.407] {Default Queue}  -> wl_surface#17.commit()
[1631135.417] {Default Queue}  -> wl_pointer#6.set_cursor(73, wl_surface#17, 0, 0)
[1631136.037] {Default Queue}  -> wl_data_offer#4278190080.receive("text/plain;charset=utf-8", fd 19)
[1631137.519] {Default Queue}  -> wp_cursor_shape_device_v1#21.set_shape(73, 9)
[1631166.089] {Display Queue} wl_display#1.delete_id(40)
[1631166.108] {Default Queue} wl_callback#40.done(426343)
[1631168.210] {mesa egl surface queue} wl_callback#39.done(426305)
[1631168.228] {mesa egl surface queue} wl_buffer#36.release()
[1631168.737]  -> wl_surface#23.frame(new id wl_callback#39)
[1631168.770] {mesa egl surface queue}  -> wl_surface#23.attach(wl_buffer#36, 0, 0)
[1631168.778] {mesa egl surface queue}  -> wl_surface#23.damage_buffer(32, 107, 664, 42)
[1631168.785] {mesa egl surface queue}  -> wl_surface#23.damage_buffer(34, 157, 660, 38)
[1631169.627] {mesa egl surface queue}  -> wl_surface#23.commit()
[1631169.642] {mesa egl surface queue}  -> wl_display#1.sync(new id wl_callback#40)
[1631169.732] {Display Queue} wl_display#1.delete_id(40)
[1631206.881] {Display Queue} wl_display#1.delete_id(39)
[1631206.899] {Default Queue} wl_callback#39.done(426384)
[1631206.914] {Default Queue} wl_keyboard#22.key(81, 426370, 47, 0)
[1631206.943] {Default Queue} wl_keyboard#22.key(82, 426370, 29, 0)
[1631206.952] {Default Queue} wl_keyboard#22.modifiers(84, 0, 0, 0, 0)
[1631207.672] {mesa egl surface queue} wl_callback#40.done(426347)
[1631207.686] {mesa egl surface queue} wl_buffer#36.release()
[1631208.114]  -> wl_surface#23.frame(new id wl_callback#40)
[1631208.141] {mesa egl surface queue}  -> wl_surface#23.attach(wl_buffer#36, 0, 0)
[1631208.149] {mesa egl surface queue}  -> wl_surface#23.damage_buffer(32, 107, 664, 42)
[1631208.154] {mesa egl surface queue}  -> wl_surface#23.damage_buffer(35, 158, 658, 36)
[1631209.008] {mesa egl surface queue}  -> wl_surface#23.commit()
[1631209.021] {mesa egl surface queue}  -> wl_display#1.sync(new id wl_callback#39)
[1631209.109] {Display Queue} wl_display#1.delete_id(39)
[1631249.178] {Display Queue} wl_display#1.delete_id(40)
[1631249.198] {Default Queue} wl_callback#40.done(426426)
[1631249.562] {mesa egl surface queue} wl_callback#39.done(426386)
[1631249.576] {mesa egl surface queue} wl_buffer#36.release()
[1631250.058]  -> wl_surface#23.frame(new id wl_callback#39)
[1631250.088] {mesa egl surface queue}  -> wl_surface#23.attach(wl_buffer#36, 0, 0)
[1631250.097] {mesa egl surface queue}  -> wl_surface#23.damage_buffer(32, 107, 664, 42)
[1631250.104] {mesa egl surface queue}  -> wl_surface#23.damage_buffer(35, 158, 658, 36)
[1631251.173] {mesa egl surface queue}  -> wl_surface#23.commit()
[1631251.189] {mesa egl surface queue}  -> wl_display#1.sync(new id wl_callback#40)
[1631251.309] {Display Queue} wl_display#1.delete_id(40)
[1631281.721] {Display Queue} wl_display#1.delete_id(39)
[1631281.746] {Default Queue} wl_callback#39.done(426459)
[1631282.157] {mesa egl surface queue} wl_callback#40.done(426428)
[1631282.174] {mesa egl surface queue} wl_buffer#36.release()
[1631282.751]  -> wl_surface#23.frame(new id wl_callback#40)
[1631282.787] {mesa egl surface queue}  -> wl_surface#23.attach(wl_buffer#36, 0, 0)
[1631282.798] {mesa egl surface queue}  -> wl_surface#23.damage_buffer(32, 107, 664, 42)
[1631282.806] {mesa egl surface queue}  -> wl_surface#23.damage_buffer(35, 158, 658, 36)
[1631284.182] {mesa egl surface queue}  -> wl_surface#23.commit()
[1631284.208] {mesa egl surface queue}  -> wl_display#1.sync(new id wl_callback#39)
[1631284.341] {Display Queue} wl_display#1.delete_id(39)
[1631316.249] {Display Queue} wl_display#1.delete_id(40)
[1631316.277] {Default Queue} wl_callback#40.done(426493)
[1631316.681] {mesa egl surface queue} wl_callback#39.done(426461)
[1631316.696] {mesa egl surface queue} wl_buffer#36.release()
[1631317.134]  -> wl_surface#23.frame(new id wl_callback#39)
[1631317.161] {mesa egl surface queue}  -> wl_surface#23.attach(wl_buffer#36, 0, 0)
[1631317.170] {mesa egl surface queue}  -> wl_surface#23.damage_buffer(32, 107, 664, 42)
[1631317.177] {mesa egl surface queue}  -> wl_surface#23.damage_buffer(35, 158, 658, 36)
[1631318.375] {mesa egl surface queue}  -> wl_surface#23.commit()
[1631318.388] {mesa egl surface queue}  -> wl_display#1.sync(new id wl_callback#40)
[1631318.577] {Display Queue} wl_display#1.delete_id(40)
[1631348.681] {Display Queue} wl_display#1.delete_id(39)
[1631348.710] {Default Queue} wl_callback#39.done(426526)
[1631349.159] {mesa egl surface queue} wl_callback#40.done(426496)
[1631349.177] {mesa egl surface queue} wl_buffer#36.release()
[1631349.581]  -> wl_surface#23.frame(new id wl_callback#40)
[1631349.608] {mesa egl surface queue}  -> wl_surface#23.attach(wl_buffer#36, 0, 0)
[1631349.616] {mesa egl surface queue}  -> wl_surface#23.damage_buffer(35, 158, 658, 36)
[1631350.505] {mesa egl surface queue}  -> wl_surface#23.commit()
[1631350.525] {mesa egl surface queue}  -> wl_display#1.sync(new id wl_callback#39)
[1631350.649] {Display Queue} wl_display#1.delete_id(39)
[1631380.047] {Display Queue} wl_display#1.delete_id(40)
[1631380.077] {Default Queue} wl_callback#40.done(426557)
[1632047.862] {mesa egl surface queue} wl_callback#39.done(426528)
[1632047.897] {mesa egl surface queue} wl_buffer#36.release()
[1632048.293]  -> wl_surface#23.frame(new id wl_callback#39)
[1632048.335] {mesa egl surface queue}  -> wl_surface#23.attach(wl_buffer#36, 0, 0)
[1632048.348] {mesa egl surface queue}  -> wl_surface#23.damage_buffer(189, 170, 1, 13)
[1632048.887] {mesa egl surface queue}  -> wl_surface#23.commit()
[1632048.907] {mesa egl surface queue}  -> wl_display#1.sync(new id wl_callback#40)
[1632049.080] {Display Queue} wl_display#1.delete_id(40)
[1632072.647] {Display Queue} wl_display#1.delete_id(39)
[1632072.677] {Default Queue} wl_callback#39.done(427249)
[1632073.022] {mesa egl surface queue} wl_callback#40.done(427226)
[1632073.033] {mesa egl surface queue} wl_buffer#36.release()
[1632073.312]  -> wl_surface#23.frame(new id wl_callback#40)
[1632073.336] {mesa egl surface queue}  -> wl_surface#23.attach(wl_buffer#36, 0, 0)
[1632073.344] {mesa egl surface queue}  -> wl_surface#23.damage_buffer(189, 170, 1, 13)
[1632073.736] {mesa egl surface queue}  -> wl_surface#23.commit()
[1632073.747] {mesa egl surface queue}  -> wl_display#1.sync(new id wl_callback#39)
[1632073.858] {Display Queue} wl_display#1.delete_id(39)
[1632106.853] {Display Queue} wl_display#1.delete_id(40)
[1632106.875] {Default Queue} wl_callback#40.done(427284)
[1632107.148] {mesa egl surface queue} wl_callback#39.done(427251)
[1632107.159] {mesa egl surface queue} wl_buffer#36.release()
[1632107.444]  -> wl_surface#23.frame(new id wl_callback#39)
[1632107.469] {mesa egl surface queue}  -> wl_surface#23.attach(wl_buffer#36, 0, 0)
[1632107.477] {mesa egl surface queue}  -> wl_surface#23.damage_buffer(189, 170, 1, 13)
[1632107.954] {mesa egl surface queue}  -> wl_surface#23.commit()
[1632107.975] {mesa egl surface queue}  -> wl_display#1.sync(new id wl_callback#40)
[1632108.082] {Display Queue} wl_display#1.delete_id(40)
[1632137.917] {Display Queue} wl_display#1.delete_id(39)
[1632137.932] {Default Queue} wl_callback#39.done(427315)
[1632138.144] {mesa egl surface queue} wl_callback#40.done(427285)
[1632138.154] {mesa egl surface queue} wl_buffer#36.release()
[1632138.366]  -> wl_surface#23.frame(new id wl_callback#40)
[1632138.384] {mesa egl surface queue}  -> wl_surface#23.attach(wl_buffer#36, 0, 0)
[1632138.389] {mesa egl surface queue}  -> wl_surface#23.damage_buffer(189, 170, 1, 13)
[1632140.122] {mesa egl surface queue}  -> wl_surface#23.commit()
[1632140.135] {mesa egl surface queue}  -> wl_display#1.sync(new id wl_callback#39)
[1632140.244] {Display Queue} wl_display#1.delete_id(39)
[1632173.415] {Display Queue} wl_display#1.delete_id(40)
[1632173.436] {Default Queue} wl_callback#40.done(427350)
[1632173.716] {mesa egl surface queue} wl_callback#39.done(427317)
[1632173.728] {mesa egl surface queue} wl_buffer#36.release()
[1632174.037]  -> wl_surface#23.frame(new id wl_callback#39)
[1632174.065] {mesa egl surface queue}  -> wl_surface#23.attach(wl_buffer#36, 0, 0)
[1632174.074] {mesa egl surface queue}  -> wl_surface#23.damage_buffer(189, 170, 1, 13)
[1632174.551] {mesa egl surface queue}  -> wl_surface#23.commit()
[1632174.565] {mesa egl surface queue}  -> wl_display#1.sync(new id wl_callback#40)
[1632174.663] {Display Queue} wl_display#1.delete_id(40)
[1632208.769] {Display Queue} wl_display#1.delete_id(39)
[1632208.790] {Default Queue} wl_callback#39.done(427386)
[1632209.091] {mesa egl surface queue} wl_callback#40.done(427352)
[1632209.104] {mesa egl surface queue} wl_buffer#36.release()
[1632209.493]  -> wl_surface#23.frame(new id wl_callback#40)
[1632209.521] {mesa egl surface queue}  -> wl_surface#23.attach(wl_buffer#36, 0, 0)
[1632209.530] {mesa egl surface queue}  -> wl_surface#23.damage_buffer(189, 170, 1, 13)
[1632209.858] {mesa egl surface queue}  -> wl_surface#23.commit()
[1632209.867] {mesa egl surface queue}  -> wl_display#1.sync(new id wl_callback#39)
[1632210.072] {Display Queue} wl_display#1.delete_id(39)
[1632254.320] {Display Queue} wl_display#1.delete_id(40)
[1632254.339] {Default Queue} wl_callback#40.done(427431)
[1632254.679] {mesa egl surface queue} wl_callback#39.done(427387)
[1632254.692] {mesa egl surface queue} wl_buffer#36.release()
[1632254.976]  -> wl_surface#23.frame(new id wl_callback#39)
[1632255.000] {mesa egl surface queue}  -> wl_surface#23.attach(wl_buffer#36, 0, 0)
[1632255.008] {mesa egl surface queue}  -> wl_surface#23.damage_buffer(189, 170, 1, 13)
[1632255.396] {mesa egl surface queue}  -> wl_surface#23.commit()
[1632255.408] {mesa egl surface queue}  -> wl_display#1.sync(new id wl_callback#40)
[1632255.499] {Display Queue} wl_display#1.delete_id(40)
[1632285.298] {Display Queue} wl_display#1.delete_id(39)
[1632285.319] {Default Queue} wl_callback#39.done(427462)
[1632285.342] {Default Queue} wl_keyboard#22.key(85, 427461, 107, 1)
[1632285.528] {Default Queue}  -> wl_surface#17.attach(nil, 0, 0)
[1632285.539] {Default Queue}  -> wl_surface#17.commit()
[1632285.545] {Default Queue}  -> wl_pointer#6.set_cursor(73, wl_surface#17, 0, 0)
[1632285.674] {Default Queue}  -> zwp_text_input_v3#34.set_surrounding_text("q581 clipboard Ω 日本語", 27, 27)
[1632285.683] {Default Queue}  -> zwp_text_input_v3#34.set_text_change_cause(1)
[1632285.693] {Default Queue}  -> zwp_text_input_v3#34.set_content_type(0, 0)
[1632285.708] {Default Queue}  -> zwp_text_input_v3#34.set_cursor_rectangle(189, 160, 0, 32)
[1632285.714] {Default Queue}  -> zwp_text_input_v3#34.commit()
[1632285.986] {mesa egl surface queue} wl_callback#40.done(427433)
[1632285.998] {mesa egl surface queue} wl_buffer#36.release()
[1632286.269]  -> wl_surface#23.frame(new id wl_callback#40)
[1632286.292] {mesa egl surface queue}  -> wl_surface#23.attach(wl_buffer#36, 0, 0)
[1632286.300] {mesa egl surface queue}  -> wl_surface#23.damage_buffer(189, 170, 1, 13)
[1632286.728] {mesa egl surface queue}  -> wl_surface#23.commit()
[1632286.741] {mesa egl surface queue}  -> wl_display#1.sync(new id wl_callback#39)
[1632286.841] {Display Queue} wl_display#1.delete_id(39)
[1632326.632] {Display Queue} wl_display#1.delete_id(40)
[1632326.651] {Default Queue} wl_callback#40.done(427503)
[1632340.663] {Default Queue} wl_keyboard#22.key(86, 427517, 107, 0)
[1632390.599] {Default Queue} wl_keyboard#22.key(87, 427567, 57, 1)
[1632391.427] {Default Queue}  -> zwp_text_input_v3#34.set_surrounding_text("q581 clipboard Ω 日本語 ", 28, 28)
[1632391.448] {Default Queue}  -> zwp_text_input_v3#34.set_text_change_cause(0)
[1632391.465] {Default Queue}  -> zwp_text_input_v3#34.set_content_type(0, 0)
[1632391.489] {Default Queue}  -> zwp_text_input_v3#34.set_cursor_rectangle(192, 160, 0, 32)
[1632391.500] {Default Queue}  -> zwp_text_input_v3#34.commit()
[1632393.748] {mesa egl surface queue} wl_callback#39.done(427464)
[1632393.768] {mesa egl surface queue} wl_buffer#36.release()
[1632394.492]  -> wl_surface#23.frame(new id wl_callback#39)
[1632394.536] {mesa egl surface queue}  -> wl_surface#23.attach(wl_buffer#36, 0, 0)
[1632394.548] {mesa egl surface queue}  -> wl_surface#23.damage_buffer(192, 167, 1, 2)
[1632394.558] {mesa egl surface queue}  -> wl_surface#23.damage_buffer(157, 169, 34, 15)
[1632394.567] {mesa egl surface queue}  -> wl_surface#23.damage_buffer(192, 169, 1, 15)
[1632394.576] {mesa egl surface queue}  -> wl_surface#23.damage_buffer(192, 184, 1, 1)
[1632395.097] {mesa egl surface queue}  -> wl_surface#23.commit()
[1632395.114] {mesa egl surface queue}  -> wl_display#1.sync(new id wl_callback#40)
[1632395.308] {Display Queue} wl_display#1.delete_id(40)
[1632416.525] {Display Queue} wl_display#1.delete_id(39)
[1632416.582] {Default Queue} wl_callback#39.done(427593)
[1632436.963] {Default Queue} wl_keyboard#22.key(88, 427614, 57, 0)
[1632485.862] {Default Queue} wl_keyboard#22.key(89, 427663, 30, 1)
[1632486.681] {Default Queue}  -> zwp_text_input_v3#34.set_surrounding_text("q581 clipboard Ω 日本語 a", 29, 29)
[1632486.701] {Default Queue}  -> zwp_text_input_v3#34.set_text_change_cause(0)
[1632486.717] {Default Queue}  -> zwp_text_input_v3#34.set_content_type(0, 0)
[1632486.739] {Default Queue}  -> zwp_text_input_v3#34.set_cursor_rectangle(200, 160, 0, 32)
[1632486.750] {Default Queue}  -> zwp_text_input_v3#34.commit()
[1632496.118] {mesa egl surface queue} wl_callback#40.done(427572)
[1632496.147] {mesa egl surface queue} wl_buffer#36.release()
[1632496.965]  -> wl_surface#23.frame(new id wl_callback#40)
[1632497.011] {mesa egl surface queue}  -> wl_surface#23.attach(wl_buffer#36, 0, 0)
[1632497.024] {mesa egl surface queue}  -> wl_surface#23.damage_buffer(192, 167, 1, 6)
[1632497.035] {mesa egl surface queue}  -> wl_surface#23.damage_buffer(200, 167, 1, 6)
[1632497.044] {mesa egl surface queue}  -> wl_surface#23.damage_buffer(192, 173, 9, 10)
[1632497.052] {mesa egl surface queue}  -> wl_surface#23.damage_buffer(192, 183, 1, 2)
[1632497.061] {mesa egl surface queue}  -> wl_surface#23.damage_buffer(200, 183, 1, 2)
[1632497.580] {mesa egl surface queue}  -> wl_surface#23.commit()
[1632497.596] {mesa egl surface queue}  -> wl_display#1.sync(new id wl_callback#39)
[1632497.773] {Display Queue} wl_display#1.delete_id(39)
[1632521.807] {Display Queue} wl_display#1.delete_id(40)
[1632521.838] {Default Queue} wl_callback#40.done(427699)
[1632534.656] {Default Queue} wl_keyboard#22.key(90, 427711, 30, 0)
[1632578.307] {Default Queue} wl_keyboard#22.key(91, 427755, 48, 1)
[1632579.150] {Default Queue}  -> zwp_text_input_v3#34.set_surrounding_text("q581 clipboard Ω 日本語 ab", 30, 30)
[1632579.170] {Default Queue}  -> zwp_text_input_v3#34.set_text_change_cause(0)
[1632579.188] {Default Queue}  -> zwp_text_input_v3#34.set_content_type(0, 0)
[1632579.209] {Default Queue}  -> zwp_text_input_v3#34.set_cursor_rectangle(208, 160, 0, 32)
[1632579.220] {Default Queue}  -> zwp_text_input_v3#34.commit()
[1632593.183] {mesa egl surface queue} wl_callback#39.done(427675)
[1632593.216] {mesa egl surface queue} wl_buffer#36.release()
[1632593.973]  -> wl_surface#23.frame(new id wl_callback#39)
[1632594.018] {mesa egl surface queue}  -> wl_surface#23.attach(wl_buffer#36, 0, 0)
[1632594.031] {mesa egl surface queue}  -> wl_surface#23.damage_buffer(200, 167, 1, 2)
[1632594.041] {mesa egl surface queue}  -> wl_surface#23.damage_buffer(208, 167, 1, 2)
[1632594.050] {mesa egl surface queue}  -> wl_surface#23.damage_buffer(192, 169, 17, 14)
[1632594.059] {mesa egl surface queue}  -> wl_surface#23.damage_buffer(200, 183, 1, 2)
[1632594.068] {mesa egl surface queue}  -> wl_surface#23.damage_buffer(208, 183, 1, 2)
[1632594.662] {mesa egl surface queue}  -> wl_surface#23.commit()
[1632594.683] {mesa egl surface queue}  -> wl_display#1.sync(new id wl_callback#40)
[1632594.872] {Display Queue} wl_display#1.delete_id(40)
[1632620.168] {Display Queue} wl_display#1.delete_id(39)
[1632620.193] {Default Queue} wl_callback#39.done(427797)
[1632626.849] {Default Queue} wl_keyboard#22.key(92, 427804, 48, 0)
[1632676.118] {Default Queue} wl_keyboard#22.key(93, 427853, 46, 1)
[1632676.965] {Default Queue}  -> zwp_text_input_v3#34.set_surrounding_text("q581 clipboard Ω 日本語 abc", 31, 31)
[1632676.985] {Default Queue}  -> zwp_text_input_v3#34.set_text_change_cause(0)
[1632677.001] {Default Queue}  -> zwp_text_input_v3#34.set_content_type(0, 0)
[1632677.023] {Default Queue}  -> zwp_text_input_v3#34.set_cursor_rectangle(215, 160, 0, 32)
[1632677.034] {Default Queue}  -> zwp_text_input_v3#34.commit()
[1632690.964] {mesa egl surface queue} wl_callback#40.done(427772)
[1632690.995] {mesa egl surface queue} wl_buffer#36.release()
[1632691.779]  -> wl_surface#23.frame(new id wl_callback#40)
[1632691.823] {mesa egl surface queue}  -> wl_surface#23.attach(wl_buffer#36, 0, 0)
[1632691.836] {mesa egl surface queue}  -> wl_surface#23.damage_buffer(208, 167, 1, 2)
[1632691.846] {mesa egl surface queue}  -> wl_surface#23.damage_buffer(215, 167, 1, 2)
[1632691.856] {mesa egl surface queue}  -> wl_surface#23.damage_buffer(192, 169, 24, 14)
[1632691.865] {mesa egl surface queue}  -> wl_surface#23.damage_buffer(208, 183, 1, 2)
[1632691.874] {mesa egl surface queue}  -> wl_surface#23.damage_buffer(215, 183, 1, 2)
[1632692.443] {mesa egl surface queue}  -> wl_surface#23.commit()
[1632692.463] {mesa egl surface queue}  -> wl_display#1.sync(new id wl_callback#39)
[1632692.661] {Display Queue} wl_display#1.delete_id(39)
[1632713.173] {Display Queue} wl_display#1.delete_id(40)
[1632713.206] {Default Queue} wl_callback#40.done(427890)
[1632724.789] {Default Queue} wl_keyboard#22.key(94, 427902, 46, 0)
[1632968.768] {Default Queue} wl_pointer#6.motion(428146, 275.00000000, -80.00000000)
[1632968.803] {Default Queue} wl_pointer#6.frame()
[1632976.217] {Default Queue}  -> wp_cursor_shape_device_v1#21.set_shape(73, 1)
[1633017.593] {Default Queue} wl_keyboard#22.leave(95, wl_surface#23)
[1633017.637] {Default Queue} zwp_text_input_v3#34.leave(wl_surface#23)
[1633017.651] {Default Queue}  -> zwp_text_input_v3#34.disable()
[1633017.664] {Default Queue}  -> zwp_text_input_v3#34.commit()
[1633017.673] {Default Queue} wl_pointer#6.leave(98, wl_surface#23)
[1633017.686] {Default Queue} wl_pointer#6.frame()
[1633026.316] {mesa egl surface queue} wl_callback#39.done(427870)
[1633026.342] {mesa egl surface queue} wl_buffer#36.release()
[1633030.527]  -> wl_surface#23.frame(new id wl_callback#39)
[1633030.566] {mesa egl surface queue}  -> wl_surface#23.attach(wl_buffer#36, 0, 0)
[1633030.575] {mesa egl surface queue}  -> wl_surface#23.damage_buffer(215, 167, 1, 2)
[1633030.582] {mesa egl surface queue}  -> wl_surface#23.damage_buffer(157, 169, 34, 1)
[1633030.589] {mesa egl surface queue}  -> wl_surface#23.damage_buffer(192, 169, 24, 1)
[1633030.594] {mesa egl surface queue}  -> wl_surface#23.damage_buffer(143, 170, 13, 13)
[1633030.600] {mesa egl surface queue}  -> wl_surface#23.damage_buffer(157, 170, 34, 13)
[1633030.606] {mesa egl surface queue}  -> wl_surface#23.damage_buffer(192, 170, 24, 13)
[1633030.612] {mesa egl surface queue}  -> wl_surface#23.damage_buffer(157, 183, 34, 1)
[1633030.618] {mesa egl surface queue}  -> wl_surface#23.damage_buffer(215, 183, 1, 1)
[1633030.623] {mesa egl surface queue}  -> wl_surface#23.damage_buffer(215, 184, 1, 1)
[1633031.109] {mesa egl surface queue}  -> wl_surface#23.commit()
[1633031.121] {mesa egl surface queue}  -> wl_display#1.sync(new id wl_callback#40)
[1633043.936] {Display Queue} wl_display#1.delete_id(40)
[1633058.599] {Display Queue} wl_display#1.delete_id(39)
[1633058.610] {Default Queue} wl_callback#39.done(428236)
[1633058.811] {mesa egl surface queue} wl_callback#40.done(428221)
[1633058.818] {mesa egl surface queue} wl_buffer#36.release()
[1633059.041]  -> wl_surface#23.frame(new id wl_callback#40)
[1633059.057] {mesa egl surface queue}  -> wl_surface#23.attach(wl_buffer#36, 0, 0)
[1633059.061] {mesa egl surface queue}  -> wl_surface#23.damage_buffer(35, 158, 658, 36)
[1633059.757] {mesa egl surface queue}  -> wl_surface#23.commit()
[1633059.769] {mesa egl surface queue}  -> wl_display#1.sync(new id wl_callback#39)
[1633059.835] {Display Queue} wl_display#1.delete_id(39)
[1633075.293] {Display Queue} wl_display#1.delete_id(40)
[1633075.302] {Default Queue} wl_callback#40.done(428252)
[1633075.466] {mesa egl surface queue} wl_callback#39.done(428237)
[1633075.472] {mesa egl surface queue} wl_buffer#36.release()
[1633075.655]  -> wl_surface#23.frame(new id wl_callback#39)
[1633075.669] {mesa egl surface queue}  -> wl_surface#23.attach(wl_buffer#36, 0, 0)
[1633075.673] {mesa egl surface queue}  -> wl_surface#23.damage_buffer(34, 157, 660, 38)
[1633076.359] {mesa egl surface queue}  -> wl_surface#23.commit()
[1633076.397] {mesa egl surface queue}  -> wl_display#1.sync(new id wl_callback#40)
[1633076.449] {Display Queue} wl_display#1.delete_id(40)
[1633092.693] {Display Queue} wl_display#1.delete_id(39)
[1633092.719] {Default Queue} wl_callback#39.done(428270)
[1633093.069] {mesa egl surface queue} wl_callback#40.done(428253)
[1633093.086] {mesa egl surface queue} wl_buffer#36.release()
[1633093.435]  -> wl_surface#23.frame(new id wl_callback#40)
[1633093.470] {mesa egl surface queue}  -> wl_surface#23.attach(wl_buffer#36, 0, 0)
[1633093.482] {mesa egl surface queue}  -> wl_surface#23.damage_buffer(34, 157, 660, 38)
[1633094.744] {mesa egl surface queue}  -> wl_surface#23.commit()
[1633094.753] {mesa egl surface queue}  -> wl_display#1.sync(new id wl_callback#39)
[1633094.808] {Display Queue} wl_display#1.delete_id(39)
[1633110.039] {Display Queue} wl_display#1.delete_id(40)
[1633110.067] {Default Queue} wl_callback#40.done(428287)
[1633110.427] {mesa egl surface queue} wl_callback#39.done(428272)
[1633110.445] {mesa egl surface queue} wl_buffer#36.release()
[1633110.868]  -> wl_surface#23.frame(new id wl_callback#39)
[1633110.904] {mesa egl surface queue}  -> wl_surface#23.attach(wl_buffer#36, 0, 0)
[1633110.914] {mesa egl surface queue}  -> wl_surface#23.damage_buffer(33, 156, 662, 40)
[1633112.253] {mesa egl surface queue}  -> wl_surface#23.commit()
[1633112.271] {mesa egl surface queue}  -> wl_display#1.sync(new id wl_callback#40)
[1633112.378] {Display Queue} wl_display#1.delete_id(40)
[1633136.071] {Display Queue} wl_display#1.delete_id(39)
[1633136.097] {Default Queue} wl_callback#39.done(428313)
[1633136.450] {mesa egl surface queue} wl_callback#40.done(428289)
[1633136.468] {mesa egl surface queue} wl_buffer#36.release()
[1633136.853]  -> wl_surface#23.frame(new id wl_callback#40)
[1633136.896] {mesa egl surface queue}  -> wl_surface#23.attach(wl_buffer#36, 0, 0)
[1633136.902] {mesa egl surface queue}  -> wl_surface#23.damage_buffer(33, 156, 662, 40)
[1633137.932] {mesa egl surface queue}  -> wl_surface#23.commit()
[1633137.945] {mesa egl surface queue}  -> wl_display#1.sync(new id wl_callback#39)
[1633138.017] {Display Queue} wl_display#1.delete_id(39)
[1633156.376] {Display Queue} wl_display#1.delete_id(40)
[1633156.402] {Default Queue} wl_callback#40.done(428333)
[1633156.780] {mesa egl surface queue} wl_callback#39.done(428315)
[1633156.801] {mesa egl surface queue} wl_buffer#36.release()
[1633157.040]  -> wl_surface#23.frame(new id wl_callback#39)
[1633157.065] {mesa egl surface queue}  -> wl_surface#23.attach(wl_buffer#36, 0, 0)
[1633157.069] {mesa egl surface queue}  -> wl_surface#23.damage_buffer(33, 156, 662, 40)
[1633158.149] {mesa egl surface queue}  -> wl_surface#23.commit()
[1633158.157] {mesa egl surface queue}  -> wl_display#1.sync(new id wl_callback#40)
[1633158.209] {Display Queue} wl_display#1.delete_id(40)
[1633174.765] {Display Queue} wl_display#1.delete_id(39)
[1633174.793] {Default Queue} wl_callback#39.done(428352)
[1633175.141] {mesa egl surface queue} wl_callback#40.done(428335)
[1633175.157] {mesa egl surface queue} wl_buffer#36.release()
[1633175.978]  -> wl_surface#23.frame(new id wl_callback#40)
[1633175.991] {mesa egl surface queue}  -> wl_surface#23.attach(wl_buffer#36, 0, 0)
[1633175.995] {mesa egl surface queue}  -> wl_surface#23.damage_buffer(32, 155, 664, 42)
[1633176.224] {mesa egl surface queue}  -> wl_surface#23.commit()
[1633176.229] {mesa egl surface queue}  -> wl_display#1.sync(new id wl_callback#39)
[1633176.299] {Display Queue} wl_display#1.delete_id(39)
[1633192.198] {Display Queue} wl_display#1.delete_id(40)
[1633192.224] {Default Queue} wl_callback#40.done(428369)
[1633192.600] {mesa egl surface queue} wl_callback#39.done(428353)
[1633192.619] {mesa egl surface queue} wl_buffer#36.release()
[1633192.853]  -> wl_surface#23.frame(new id wl_callback#39)
[1633192.866] {mesa egl surface queue}  -> wl_surface#23.attach(wl_buffer#36, 0, 0)
[1633192.870] {mesa egl surface queue}  -> wl_surface#23.damage_buffer(32, 155, 664, 42)
[1633193.691] {mesa egl surface queue}  -> wl_surface#23.commit()
[1633193.714] {mesa egl surface queue}  -> wl_display#1.sync(new id wl_callback#40)
[1633193.820] {Display Queue} wl_display#1.delete_id(40)
[1633208.721] {Display Queue} wl_display#1.delete_id(39)
[1633208.749] {Default Queue} wl_callback#39.done(428386)
[1633209.032] {mesa egl surface queue} wl_callback#40.done(428371)
[1633209.039] {mesa egl surface queue} wl_buffer#36.release()
[1633209.202]  -> wl_surface#23.frame(new id wl_callback#40)
[1633209.231] {mesa egl surface queue}  -> wl_surface#23.attach(wl_buffer#36, 0, 0)
[1633209.235] {mesa egl surface queue}  -> wl_surface#23.damage_buffer(32, 155, 664, 42)
[1633210.090] {mesa egl surface queue}  -> wl_surface#23.commit()
[1633210.099] {mesa egl surface queue}  -> wl_display#1.sync(new id wl_callback#39)
[1633210.380] {Display Queue} wl_display#1.delete_id(39)
[1633225.386] {Default Queue} wl_callback#40.done(428402)
[1633225.686] {mesa egl surface queue} wl_callback#39.done(428387)
[1633225.693] {mesa egl surface queue} wl_buffer#36.release()
[1633225.843]  -> wl_surface#23.frame(new id wl_callback#39)
[1633225.855] {mesa egl surface queue}  -> wl_surface#23.attach(wl_buffer#36, 0, 0)
[1633225.859] {mesa egl surface queue}  -> wl_surface#23.damage_buffer(32, 155, 664, 42)
[1633226.853] {mesa egl surface queue}  -> wl_surface#23.commit()
[1633226.863] {mesa egl surface queue}  -> wl_display#1.sync(new id wl_callback#38)
[1633226.912] {Display Queue} wl_display#1.delete_id(40)
[1633227.114] {Display Queue} wl_display#1.delete_id(38)
[1633242.962] {Display Queue} wl_display#1.delete_id(39)
[1633242.972] {Default Queue} wl_callback#39.done(428420)
[1633243.124] {mesa egl surface queue} wl_callback#38.done(428404)
[1633243.129] {mesa egl surface queue} wl_buffer#36.release()
[1633243.293]  -> wl_surface#23.frame(new id wl_callback#38)
[1633243.306] {mesa egl surface queue}  -> wl_surface#23.attach(wl_buffer#36, 0, 0)
[1633243.309] {mesa egl surface queue}  -> wl_surface#23.damage_buffer(32, 155, 664, 42)
[1633244.085] {mesa egl surface queue}  -> wl_surface#23.commit()
[1633244.094] {mesa egl surface queue}  -> wl_display#1.sync(new id wl_callback#39)
[1633244.140] {Display Queue} wl_display#1.delete_id(39)
[1633260.348] {Display Queue} wl_display#1.delete_id(38)
[1633260.376] {Default Queue} wl_callback#38.done(428437)
[1633260.752] {mesa egl surface queue} wl_callback#39.done(428421)
[1633260.759] {mesa egl surface queue} wl_buffer#36.release()
[1633260.921]  -> wl_surface#23.frame(new id wl_callback#39)
[1633260.935] {mesa egl surface queue}  -> wl_surface#23.attach(wl_buffer#36, 0, 0)
[1633260.939] {mesa egl surface queue}  -> wl_surface#23.damage_buffer(32, 155, 664, 42)
[1633262.167] {mesa egl surface queue}  -> wl_surface#23.commit()
[1633262.177] {mesa egl surface queue}  -> wl_display#1.sync(new id wl_callback#38)
[1633262.230] {Display Queue} wl_display#1.delete_id(38)
[1633284.220] {Display Queue} wl_display#1.delete_id(39)
[1633284.247] {Default Queue} wl_callback#39.done(428461)
[1633284.633] {mesa egl surface queue} wl_callback#38.done(428439)
[1633284.651] {mesa egl surface queue} wl_buffer#36.release()
[1633284.986]  -> wl_surface#23.frame(new id wl_callback#38)
[1633284.998] {mesa egl surface queue}  -> wl_surface#23.attach(wl_buffer#36, 0, 0)
[1633285.002] {mesa egl surface queue}  -> wl_surface#23.damage_buffer(32, 155, 664, 42)
[1633285.686] {mesa egl surface queue}  -> wl_surface#23.commit()
[1633285.698] {mesa egl surface queue}  -> wl_display#1.sync(new id wl_callback#39)
[1633285.803] {Display Queue} wl_display#1.delete_id(39)
[1633304.522] {Default Queue} wl_callback#38.done(428481)
[1633304.912] {mesa egl surface queue} wl_callback#39.done(428463)
[1633304.931] {mesa egl surface queue} wl_buffer#36.release()
[1633305.211]  -> wl_surface#23.frame(new id wl_callback#39)
[1633305.225] {mesa egl surface queue}  -> wl_surface#23.attach(wl_buffer#36, 0, 0)
[1633305.228] {mesa egl surface queue}  -> wl_surface#23.damage_buffer(32, 155, 664, 42)
[1633306.093] {mesa egl surface queue}  -> wl_surface#23.commit()
[1633306.101] {mesa egl surface queue}  -> wl_display#1.sync(new id wl_callback#40)
[1633306.218] {Display Queue} wl_display#1.delete_id(38)
[1633306.223] {Display Queue} wl_display#1.delete_id(40)
[1633323.089] {Display Queue} wl_display#1.delete_id(39)
[1633323.096] {Default Queue} wl_callback#39.done(428500)
[1633323.254] {mesa egl surface queue} wl_callback#40.done(428483)
[1633323.261] {mesa egl surface queue} wl_buffer#36.release()
[1633323.449]  -> wl_surface#23.frame(new id wl_callback#40)
[1633323.463] {mesa egl surface queue}  -> wl_surface#23.attach(wl_buffer#36, 0, 0)
[1633323.466] {mesa egl surface queue}  -> wl_surface#23.damage_buffer(32, 155, 664, 42)
[1633324.582] {mesa egl surface queue}  -> wl_surface#23.commit()
[1633324.592] {mesa egl surface queue}  -> wl_display#1.sync(new id wl_callback#39)
[1633337.497] {Display Queue} wl_display#1.delete_id(39)
[1633352.398] {Default Queue} wl_callback#40.done(428529)
[1633352.780] {Display Queue} wl_display#1.delete_id(40)
