ZWL PREFERENCES open
ZWL DISPLAY device=llvmpipe (LLVM 19.1.7, 256 bits) width=1280 height=800 refresh_mhz=74994
ZWL STARTUP step=vulkan-device ms=671
ZWL STARTUP step=vulkan-objects-arrow ms=6
ZWL STARTUP step=wallpaper-picture ms=40
ZWL STARTUP step=wallpaper ms=70
ZWL STARTUP step=glyphs-text ms=11
ZWL STARTUP step=glyphs-icons ms=2
ZWL STARTUP step=glyphs-mark ms=19
ZWL GLASS atlas cache-top=380 cells=273 faces=1
ZWL STARTUP step=glyphs ms=33
ZWL GLASS ready text=1
ZWL STARTUP step=compose ms=781 at_ms=178445
ZWL INPUT device=/dev/input/event5 kind=pointer abs=1
ZWL INPUT device=/dev/input/event3 kind=keyboard abs=0
ZWL INPUT device=/dev/input/event1 kind=pointer abs=0
ZWL INPUT device=/dev/input/event0 kind=keyboard abs=0
ZWL STARTUP step=input ms=51 at_ms=178496
ZWL KEYMAP format=xkb_v1 errno=0
ZWL STARTUP step=keymap ms=0 at_ms=178496
ZWL STARTUP step=socket ms=0 at_ms=178496
ZWL CLIENT client=1 fd=17 ime=1
ZWL IME started pid=689 client=1
ZWL READY socket=/run/p9-gtk/wayland-q580 width=1280 height=800 timeout_ms=18446744073709551615 pid=669
ZWL CORNER zone x=1252 y=0 width=28 height=28
ZWL OSK zone kind=flick x=1252 y=772 size=28
ZWL OSK zone kind=qwerty x=0 y=772 size=28
ZWL NETWORK state reachable=0 connected=1 kind=wired interface=enp0s5 wifi=absent ssid=
ZWL VOLUME reachable=1 device=1
ZWL DESKTOP start pid=690 command=/opt/keiland/bin/files --desktop at_ms=178512
ZWL STARTUP step=output-display ms=0
ZWL STARTUP step=output-pipelines ms=40
ZWL STARTUP step=output-swapchain ms=6
ZWL STARTUP step=output-targets ms=0
ZWL OUTPUT open width=1280 height=800 images=3 format=44
ZWL MODE window switch_ms=46 at_ms=178558
ZWL GLASS desktops x=826 step=46 width=40
ZWL NETWORK icon x=1070 y=3 width=30 height=28
ZWL VOLUME icon x=1037 y=3 width=30 height=28
KEI-IME LANGUAGE id=direct
ZWL CLIENT client=2 fd=22
ZWL IME language=direct
KEI-IME READY languages=2
ZWL DESKTOP role client=2 surface=8 x=0 y=34 width=1280 height=766
ZFILES DESKTOP configure x=0 y=34 width=1280 height=766
ZWL SEAT client=2 pointer=1 keyboard=0 touch=0
ZWL SEAT client=2 pointer=1 keyboard=1 touch=0
ZWL DESKTOP ack serial=2
ZFILES LOCATION kind=folder path=/root/Desktop items=0 error=0
ZFILES DESKTOP layout saved=0 error=0
ZFILES DESKTOP grid width=1280 height=766 columns=13 rows=7
ZWL CLIENT client=3 fd=23
ZFILES DESKTOP ready items=0 cells=0 width=1280 height=766 at_ms=178724 newest_age_ms=-1
ZWL IMPORT client=2 buffer=22 width=1280 height=766 bytes=3932160
ZWL IMPORT client=2 buffer=24 width=1280 height=766 bytes=3932160
ZWL IMPORT client=2 buffer=26 width=1280 height=766 bytes=3932160
ZWL TABLET seat client=3
ZWL DESKTOP drawn at_ms=178759
ZFILES MENU context-only
ZFILES DESKTOP startup entered_ms=178525 fonts=37 instance=53 window=25 present=76 app=2 canvas=0 draw=6 shown=35 menus=17
ZFILES READY width=1280 height=766 token=-
ZWL SEAT client=3 pointer=1 keyboard=0 touch=0
ZWL SEAT client=3 pointer=1 keyboard=1 touch=0
ZWL BOUNDS client=3 surface=23 width=1256 height=690
ZWL CONFIGURE client=3 surface=23 serial=3 width=0 height=0 fullscreen=0
ZWL VIEWPORT surface=23 source=0,0,0,0 destination=728,489
ZWL MAP client=3 surface=23 x=276 y=198
ZWL IME activate client=3
ZWL CURSOR shape client=3 shape=1 image=10
KEI-IME ACTIVATE
ZWL PERF 5006ms: passes=491 timeouts=450 | poll 94.4% work 6.2%
ZWL PERF compose frames=11 draw_ms=19.41 (acquire 0.08 submit+present 19.23) frame_ms=20.72
ZWL PERF shm copies=7 copy_ms=1.035
ZWL PERF 5037ms: passes=475 timeouts=475 | poll 96.2% work 0.4%
ZWL PERF 5009ms: passes=478 timeouts=478 | poll 97.3% work 0.4%
ZWL PERF 5003ms: passes=473 timeouts=473 | poll 96.4% work 0.4%
ZWL PERF 5008ms: passes=475 timeouts=475 | poll 97.3% work 0.5%
ZWL CURSOR client=3 shown=1
ZWL PING pong client=3 serial=8
ZWL GLASS request move surface=23
ZWL GLASS moved surface=23 x=366 y=243
ZWL PERF 5016ms: passes=456 timeouts=441 | poll 90.2% work 6.7%
ZWL PERF compose frames=11 draw_ms=28.40 (acquire 0.05 submit+present 28.04) frame_ms=30.38
ZWL PERF 5005ms: passes=479 timeouts=479 | poll 97.6% work 0.4%
ZWL PERF 5007ms: passes=475 timeouts=475 | poll 96.8% work 0.4%
ZWL PERF 5008ms: passes=478 timeouts=478 | poll 97.2% work 0.9%
ZWL PERF compose frames=1 draw_ms=25.31 (acquire 0.02 submit+present 25.08) frame_ms=27.47
ZWL PERF 5012ms: passes=475 timeouts=475 | poll 96.6% work 0.4%
ZWL PERF 5007ms: passes=478 timeouts=478 | poll 97.3% work 0.4%
ZWL PING pong client=3 serial=10
ZWL CURSOR frame edges=10
ZWL CURSOR client=3 shown=0
ZWL CURSOR frame edges=0
ZWL GLASS request move surface=23
ZWL GLASS moved surface=23 x=422 y=271
ZWL CURSOR client=3 shown=1
ZWL PING pong client=3 serial=12
ZWL PERF 5011ms: passes=462 timeouts=445 | poll 89.9% work 5.5%
ZWL PERF compose frames=12 draw_ms=21.07 (acquire 0.01 submit+present 20.84) frame_ms=27.04
ZWL GLASS request move surface=23
ZWL GLASS moved surface=23 x=341 y=231
ZWL PERF 5000ms: passes=470 timeouts=452 | poll 92.0% work 5.3%
ZWL PERF compose frames=11 draw_ms=22.19 (acquire 0.01 submit+present 21.92) frame_ms=24.14
ZWL PERF 5018ms: passes=475 timeouts=475 | poll 96.5% work 0.4%
ZWL PERF 5009ms: passes=479 timeouts=479 | poll 97.5% work 0.4%
ZWL PERF 5011ms: passes=475 timeouts=475 | poll 96.5% work 0.4%
ZWL PERF 5007ms: passes=479 timeouts=479 | poll 97.5% work 0.4%
ZWL PERF 5009ms: passes=475 timeouts=475 | poll 96.6% work 0.4%
ZWL PERF 5006ms: passes=479 timeouts=479 | poll 97.5% work 0.4%
ZWL PING pong client=3 serial=14
ZWL CURSOR frame edges=10
ZWL CURSOR client=3 shown=0
ZWL CURSOR frame edges=0
ZWL GLASS request move surface=23
ZWL GLASS moved surface=23 x=405 y=263
ZWL CURSOR frame edges=4
ZWL PERF 5022ms: passes=465 timeouts=449 | poll 90.5% work 6.4%
ZWL PERF compose frames=12 draw_ms=24.83 (acquire 0.01 submit+present 24.58) frame_ms=26.82
ZWL PERF 5001ms: passes=460 timeouts=460 | poll 96.8% work 1.0%
ZWL PERF compose frames=1 draw_ms=28.35 (acquire 0.02 submit+present 28.12) frame_ms=30.49
ZWL PERF 5043ms: passes=476 timeouts=476 | poll 96.3% work 0.4%
ZWL PERF 5001ms: passes=479 timeouts=479 | poll 97.7% work 0.4%
ZWL PERF 5023ms: passes=469 timeouts=469 | poll 95.3% work 0.4%
ZWL PERF 5006ms: passes=476 timeouts=476 | poll 97.0% work 0.4%
ZWL PERF 5008ms: passes=475 timeouts=475 | poll 96.8% work 0.4%
ZWL PERF 5009ms: passes=478 timeouts=478 | poll 97.2% work 0.4%
ZWL CLIENT gone client=3 reason=read
ZWL CLEANUP client=3 objects=35 unread_fds=0
ZWL IME deactivate
KEI-IME DEACTIVATE
ZWL CLIENT client=4 fd=23
ZWL TABLET seat client=4
ZWL SEAT client=4 pointer=1 keyboard=0 touch=0
ZWL SEAT client=4 pointer=1 keyboard=1 touch=0
ZWL BOUNDS client=4 surface=23 width=1256 height=690
ZWL CONFIGURE client=4 surface=23 serial=17 width=0 height=0 fullscreen=0
ZWL VIEWPORT surface=23 source=0,0,0,0 destination=728,489
ZWL MAP client=4 surface=23 x=276 y=198
ZWL IME activate client=4
ZWL CURSOR shape client=4 shape=1 image=10
KEI-IME ACTIVATE
ZWL CURSOR client=4 shown=1
ZWL CURSOR frame edges=0
ZWL PING pong client=4 serial=22
ZWL CURSOR shape client=4 shape=23 image=5
ZWL CURSOR frame edges=10
ZWL CURSOR client=4 shown=0
ZWL CURSOR shape client=4 shape=22 image=4
ZWL CURSOR frame edges=0
ZWL CURSOR shape client=4 shape=1 image=10
ZWL PERF 5005ms: passes=481 timeouts=434 | poll 86.9% work 9.9%
ZWL PERF compose frames=28 draw_ms=16.85 (acquire 0.01 submit+present 16.66) frame_ms=18.58
ZWL PERF shm copies=12 copy_ms=0.097
ZWL PERF 5006ms: passes=478 timeouts=478 | poll 97.1% work 0.4%
ZWL PERF 5018ms: passes=475 timeouts=475 | poll 96.4% work 0.4%
ZWL PERF 5005ms: passes=479 timeouts=479 | poll 97.4% work 0.4%
ZWL PERF 5011ms: passes=473 timeouts=473 | poll 96.1% work 0.4%
ZWL CURSOR client=4 shown=1
ZWL CURSOR shape client=4 shape=23 image=5
ZWL PING pong client=4 serial=25
ZWL RESIZE start surface=23 edges=10 width=700 height=460
ZWL BOUNDS client=4 surface=23 width=1256 height=690
ZWL CONFIGURE client=4 surface=23 serial=26 width=710 height=466 fullscreen=0
ZWL CURSOR client=4 shown=0
ZWL VIEWPORT surface=23 source=0,0,0,0 destination=738,495
ZWL CURSOR client=4 shown=1
ZWL BOUNDS client=4 surface=23 width=1256 height=690
ZWL CONFIGURE client=4 surface=23 serial=27 width=720 height=472 fullscreen=0
ZWL CURSOR client=4 shown=0
ZWL VIEWPORT surface=23 source=0,0,0,0 destination=748,501
ZWL CURSOR client=4 shown=1
ZWL CURSOR shape client=4 shape=1 image=10
ZWL BOUNDS client=4 surface=23 width=1256 height=690
ZWL CONFIGURE client=4 surface=23 serial=28 width=730 height=478 fullscreen=0
ZWL CURSOR client=4 shown=0
ZWL VIEWPORT surface=23 source=0,0,0,0 destination=758,507
ZWL CURSOR client=4 shown=1
ZWL BOUNDS client=4 surface=23 width=1256 height=690
ZWL CONFIGURE client=4 surface=23 serial=29 width=740 height=484 fullscreen=0
ZWL CURSOR client=4 shown=0
ZWL VIEWPORT surface=23 source=0,0,0,0 destination=768,513
ZWL CURSOR client=4 shown=1
ZWL BOUNDS client=4 surface=23 width=1256 height=690
ZWL CONFIGURE client=4 surface=23 serial=30 width=750 height=490 fullscreen=0
ZWL CURSOR client=4 shown=0
ZWL VIEWPORT surface=23 source=0,0,0,0 destination=778,519
ZWL CURSOR client=4 shown=1
ZWL BOUNDS client=4 surface=23 width=1256 height=690
ZWL CONFIGURE client=4 surface=23 serial=31 width=760 height=496 fullscreen=0
ZWL CURSOR client=4 shown=0
ZWL VIEWPORT surface=23 source=0,0,0,0 destination=788,525
ZWL CURSOR client=4 shown=1
ZWL BOUNDS client=4 surface=23 width=1256 height=690
ZWL CONFIGURE client=4 surface=23 serial=32 width=770 height=502 fullscreen=0
ZWL CURSOR client=4 shown=0
ZWL VIEWPORT surface=23 source=0,0,0,0 destination=798,531
ZWL CURSOR client=4 shown=1
ZWL BOUNDS client=4 surface=23 width=1256 height=690
ZWL CONFIGURE client=4 surface=23 serial=33 width=780 height=508 fullscreen=0
ZWL CURSOR client=4 shown=0
ZWL VIEWPORT surface=23 source=0,0,0,0 destination=808,537
ZWL CURSOR client=4 shown=1
ZWL BOUNDS client=4 surface=23 width=1256 height=690
ZWL CONFIGURE client=4 surface=23 serial=34 width=790 height=514 fullscreen=0
ZWL CURSOR client=4 shown=0
ZWL VIEWPORT surface=23 source=0,0,0,0 destination=818,543
ZWL CURSOR client=4 shown=1
ZWL BOUNDS client=4 surface=23 width=1256 height=690
ZWL CONFIGURE client=4 surface=23 serial=35 width=800 height=520 fullscreen=0
ZWL CURSOR client=4 shown=0
ZWL VIEWPORT surface=23 source=0,0,0,0 destination=828,549
ZWL CURSOR client=4 shown=1
ZWL BOUNDS client=4 surface=23 width=1256 height=690
ZWL CONFIGURE client=4 surface=23 serial=36 width=800 height=520 fullscreen=0
ZWL RESIZE end surface=23 width=800 height=520
ZWL RESIZE settled surface=23 x=276 y=198 width=800 height=520
ZWL PERF 5002ms: passes=459 timeouts=424 | poll 86.4% work 11.6%
ZWL PERF compose frames=26 draw_ms=20.67 (acquire 0.01 submit+present 20.50) frame_ms=21.83
ZWL PERF shm copies=11 copy_ms=1.292
ZWL PERF 5034ms: passes=478 timeouts=477 | poll 96.3% work 0.6%
ZWL PERF compose frames=1 draw_ms=9.82 (acquire 0.02 submit+present 9.43) frame_ms=11.95
ZWL PERF 5005ms: passes=479 timeouts=479 | poll 97.5% work 0.4%
ZWL PERF 5039ms: passes=473 timeouts=473 | poll 95.7% work 0.4%
ZWL PERF 5009ms: passes=479 timeouts=479 | poll 97.5% work 0.4%
ZWL PERF 5007ms: passes=474 timeouts=474 | poll 96.6% work 0.4%
ZWL CLIENT gone client=4 reason=read
ZWL CLEANUP client=4 objects=35 unread_fds=0
ZWL IME deactivate
KEI-IME DEACTIVATE
ZWL CLIENT client=5 fd=23
ZWL TABLET seat client=5
ZWL SEAT client=5 pointer=1 keyboard=0 touch=0
ZWL SEAT client=5 pointer=1 keyboard=1 touch=0
ZWL BOUNDS client=5 surface=23 width=1256 height=690
ZWL CONFIGURE client=5 surface=23 serial=39 width=0 height=0 fullscreen=0
ZWL VIEWPORT surface=23 source=0,0,0,0 destination=728,489
ZWL MAP client=5 surface=23 x=276 y=198
ZWL IME activate client=5
ZWL CURSOR shape client=5 shape=1 image=10
KEI-IME ACTIVATE
ZWL POPUP create client=5 popup=41 surface=40 parent=23 x=-31 y=44 width=153 height=32
ZWL POPUP configure surface=40 serial=43 x=-31 y=44 width=153 height=32
ZWL POPUP configure surface=40 serial=44 x=45 y=44 width=1 height=1
ZWL POPUP configure surface=40 serial=45 x=-31 y=44 width=153 height=32
ZWL VIEWPORT surface=40 source=0,0,0,0 destination=153,32
ZWL POPUP map surface=40 x=259 y=254 grab=0
ZWL CURSOR shape client=5 shape=9 image=0
ZWL CURSOR shape client=5 shape=1 image=10
ZWL POPUP create client=5 popup=44 surface=39 parent=23 x=-31 y=44 width=153 height=32
ZWL POPUP configure surface=39 serial=46 x=-31 y=44 width=153 height=32
ZWL POPUP configure surface=39 serial=47 x=45 y=44 width=1 height=1
ZWL POPUP configure surface=39 serial=48 x=-31 y=44 width=153 height=32
ZWL VIEWPORT surface=39 source=0,0,0,0 destination=153,32
ZWL POPUP map surface=39 x=259 y=254 grab=0
ZWL PERF 5006ms: passes=517 timeouts=415 | poll 77.5% work 20.0%
ZWL PERF compose frames=77 draw_ms=12.58 (acquire 0.01 submit+present 12.44) frame_ms=14.37
ZWL PERF shm copies=69 copy_ms=0.072
ZWL PERF 5022ms: passes=436 timeouts=417 | poll 83.3% work 12.8%
ZWL PERF compose frames=19 draw_ms=32.69 (acquire 0.01 submit+present 32.47) frame_ms=38.32
ZWL PERF shm copies=19 copy_ms=0.055
ZWL PERF 5002ms: passes=475 timeouts=475 | poll 96.8% work 0.4%
ZWL PERF 5030ms: passes=471 timeouts=471 | poll 95.5% work 0.4%
ZWL PERF 5001ms: passes=476 timeouts=476 | poll 97.1% work 0.4%
ZWL PERF 5019ms: passes=471 timeouts=471 | poll 95.7% work 0.4%
ZWL CURSOR shape client=5 shape=9 image=0
ZWL PING pong client=5 serial=50
ZWL PRIMARY selection client=5 source=43 types=2
ZWL PRIMARY offer client=5 offer=4278190080 types=2
ZWL CURSOR shape client=5 shape=9 image=0
ZWL DATA selection client=5 source=41 types=2
ZWL DATA offer client=5 offer=4278190081 types=2
ZWL CLIP read client=5 mime=text/plain;charset=utf-8
ZWL CLIP add length=27 sum=0139c217 count=1
ZWL CLIENT client=6 fd=32
ZWL TABLET seat client=6
ZWL SEAT client=6 pointer=1 keyboard=0 touch=0
ZWL SEAT client=6 pointer=1 keyboard=1 touch=0
ZWL BOUNDS client=6 surface=23 width=1256 height=690
ZWL CONFIGURE client=6 surface=23 serial=68 width=0 height=0 fullscreen=0
ZWL VIEWPORT surface=23 source=0,0,0,0 destination=728,489
ZWL MAP client=6 surface=23 x=324 y=246
ZWL DATA offer client=6 offer=4278190080 types=2
ZWL PRIMARY offer client=6 offer=4278190081 types=2
ZWL IME deactivate
KEI-IME DEACTIVATE
ZWL IME activate client=6
ZWL CURSOR shape client=6 shape=1 image=10
KEI-IME ACTIVATE
ZWL PERF 5000ms: passes=488 timeouts=432 | poll 87.0% work 10.5%
ZWL PERF compose frames=24 draw_ms=20.70 (acquire 0.01 submit+present 20.52) frame_ms=24.61
ZWL PERF shm copies=26 copy_ms=0.111
ZWL PERF 5016ms: passes=473 timeouts=473 | poll 96.2% work 0.5%
ZWL PERF 5005ms: passes=478 timeouts=478 | poll 97.4% work 0.5%
ZWL PERF 5007ms: passes=475 timeouts=475 | poll 96.8% work 0.4%
ZWL PERF 5001ms: passes=479 timeouts=479 | poll 97.6% work 0.5%
ZWL CURSOR shape client=6 shape=9 image=0
ZWL PING pong client=6 serial=75
ZWL IME deactivate
ZWL IME activate client=6
KEI-IME DEACTIVATE
KEI-IME ACTIVATE
ZWL DATA receive client=6 mime=text/plain;charset=utf-8 source=5
ZWL CURSOR shape client=6 shape=9 image=0
ZWL CURSOR client=6 shown=0
ZWL CURSOR shape client=6 shape=1 image=10
ZWL DATA offer client=5 offer=4278190082 types=2
ZWL PRIMARY offer client=5 offer=4278190083 types=2
ZWL IME deactivate
KEI-IME DEACTIVATE
ZWL CURSOR shape client=5 shape=9 image=0
ZWL IME activate client=5
ZWL CURSOR shape client=5 shape=1 image=10
KEI-IME ACTIVATE
ZWL GLASS moved surface=23 x=276 y=198
ZWL CURSOR client=5 shown=1
ZWL PING pong client=5 serial=101
ZWL PERF 5063ms: passes=490 timeouts=403 | poll 79.6% work 16.5%
ZWL PERF compose frames=44 draw_ms=18.39 (acquire 0.01 submit+present 18.20) frame_ms=19.99
ZWL PERF shm copies=55 copy_ms=0.019
ZWL PERF 5006ms: passes=477 timeouts=477 | poll 97.1% work 0.4%
ZWL PERF 5009ms: passes=472 timeouts=472 | poll 96.0% work 0.4%
ZWL PERF 5005ms: passes=478 timeouts=478 | poll 97.3% work 0.4%
ZWL PERF 5007ms: passes=474 timeouts=474 | poll 96.6% work 0.5%
ZWL PERF 5003ms: passes=479 timeouts=479 | poll 97.7% work 0.5%
ZWL PERF 5008ms: passes=474 timeouts=474 | poll 96.6% work 0.5%
ZWL PERF 5007ms: passes=476 timeouts=476 | poll 96.8% work 1.1%
ZWL PERF compose frames=1 draw_ms=33.70 (acquire 0.02 submit+present 33.41) frame_ms=35.93
ZWL PERF 5019ms: passes=474 timeouts=474 | poll 96.4% work 0.5%
ZWL PERF 5001ms: passes=476 timeouts=476 | poll 97.1% work 0.5%
ZWL PERF 5023ms: passes=475 timeouts=475 | poll 96.5% work 0.5%
ZWL PERF 5009ms: passes=476 timeouts=476 | poll 97.0% work 0.5%
ZWL PERF 5027ms: passes=472 timeouts=472 | poll 95.8% work 0.5%
ZWL PERF 5004ms: passes=476 timeouts=476 | poll 97.1% work 0.5%
ZWL PERF 5020ms: passes=474 timeouts=474 | poll 96.4% work 0.5%
ZWL CLIENT gone client=5 reason=read
ZWL CLEANUP client=5 objects=39 unread_fds=0
ZWL DATA selection none (source gone)
ZWL PRIMARY selection none (source gone)
ZWL IME deactivate
KEI-IME DEACTIVATE
ZWL CLIENT gone client=6 reason=hangup
ZWL CLEANUP client=6 objects=37 unread_fds=0
ZWL PERF 5025ms: passes=479 timeouts=477 | poll 96.8% work 1.3%
ZWL PERF compose frames=1 draw_ms=40.59 (acquire 0.02 submit+present 40.33) frame_ms=26.46
ZWL CLIENT client=7 fd=23
ZWL TABLET seat client=7
ZWL SEAT client=7 pointer=1 keyboard=0 touch=0
ZWL SEAT client=7 pointer=1 keyboard=1 touch=0
ZWL BOUNDS client=7 surface=23 width=1256 height=690
ZWL CONFIGURE client=7 surface=23 serial=110 width=0 height=0 fullscreen=0
ZWL VIEWPORT surface=23 source=0,0,0,0 destination=728,489
ZWL MAP client=7 surface=23 x=276 y=198
ZWL IME activate client=7
ZWL CURSOR shape client=7 shape=1 image=10
KEI-IME ACTIVATE
ZWL CURSOR shape client=7 shape=9 image=0
ZWL PING pong client=7 serial=115
ZWL IME deactivate
ZWL IME activate client=7
KEI-IME DEACTIVATE
KEI-IME ACTIVATE
ZWL CLIENT gone client=7 reason=read
ZWL CLEANUP client=7 objects=31 unread_fds=0
ZWL IME deactivate
KEI-IME DEACTIVATE
ZWL CLIENT client=8 fd=23
ZWL TABLET seat client=8
ZWL CLIENT client=9 fd=29
ZWL CLIENT gone client=9 reason=read
ZWL CLEANUP client=9 objects=2 unread_fds=0
ZWL CLIENT client=10 fd=29
ZWL CLIENT gone client=10 reason=read
ZWL CLEANUP client=10 objects=2 unread_fds=0
ZWL SEAT client=8 pointer=1 keyboard=0 touch=0
ZWL SEAT client=8 pointer=1 keyboard=1 touch=0
ZWL BOUNDS client=8 surface=23 width=1256 height=690
ZWL CONFIGURE client=8 surface=23 serial=121 width=0 height=0 fullscreen=0
ZWL PERF 5009ms: passes=541 timeouts=427 | poll 80.3% work 16.5%
ZWL PERF compose frames=65 draw_ms=12.19 (acquire 0.00 submit+present 12.07) frame_ms=15.02
ZWL PERF shm copies=60 copy_ms=0.055
ZWL VIEWPORT surface=23 source=0,0,0,0 destination=728,489
ZWL MAP client=8 surface=23 x=276 y=198
ZWL IME activate client=8
ZWL CURSOR shape client=8 shape=1 image=10
ZWL CURSOR shape client=8 shape=9 image=0
KEI-IME ACTIVATE
ZWL PERF 5005ms: passes=478 timeouts=472 | poll 96.2% work 1.1%
ZWL PERF compose frames=2 draw_ms=16.22 (acquire 0.01 submit+present 16.06) frame_ms=18.06
ZWL PERF shm copies=2 copy_ms=1.458
ZWL PERF 5013ms: passes=470 timeouts=470 | poll 95.7% work 0.4%
ZWL PERF 5001ms: passes=475 timeouts=475 | poll 96.7% work 1.0%
ZWL PERF compose frames=1 draw_ms=29.78 (acquire 0.02 submit+present 29.54) frame_ms=31.90
ZWL PING pong client=8 serial=126
ZWL IME deactivate
ZWL IME activate client=8
KEI-IME DEACTIVATE
KEI-IME ACTIVATE
ZWL CLIENT client=11 fd=29
ZWL CLIENT client=12 fd=32
ZWL CLIENT gone client=11 reason=read
ZWL CLEANUP client=11 objects=1 unread_fds=0
ZWL CLIENT gone client=12 reason=read
ZWL CLEANUP client=12 objects=2 unread_fds=0
ZWL CLIENT client=13 fd=29
ZWL CLIENT gone client=13 reason=read
ZWL CLEANUP client=13 objects=13 unread_fds=0
ZWL PERF 5007ms: passes=740 timeouts=384 | poll 55.3% work 41.2%
ZWL PERF compose frames=176 draw_ms=11.51 (acquire 0.01 submit+present 11.39) frame_ms=13.87
ZWL PERF shm copies=176 copy_ms=0.022
ZWL PERF 5004ms: passes=698 timeouts=394 | poll 57.6% work 40.3%
ZWL PERF compose frames=164 draw_ms=12.09 (acquire 0.01 submit+present 11.95) frame_ms=14.49
ZWL PERF shm copies=164 copy_ms=0.013
ZWL PERF 5024ms: passes=483 timeouts=470 | poll 94.4% work 2.2%
ZWL PERF compose frames=7 draw_ms=12.73 (acquire 0.01 submit+present 12.59) frame_ms=14.86
ZWL PERF shm copies=7 copy_ms=0.017
ZWL PERF 5000ms: passes=475 timeouts=475 | poll 96.9% work 0.4%
ZWL PERF 5048ms: passes=476 timeouts=476 | poll 96.2% work 0.4%
ZWL PERF 5007ms: passes=479 timeouts=479 | poll 97.5% work 0.4%
ZWL PERF 5005ms: passes=474 timeouts=474 | poll 96.6% work 0.4%
ZWL PERF 5004ms: passes=478 timeouts=478 | poll 97.4% work 0.5%
ZWL PERF 5020ms: passes=475 timeouts=475 | poll 96.6% work 0.4%
ZWL PERF 5003ms: passes=479 timeouts=479 | poll 97.7% work 0.4%
ZWL PERF 5013ms: passes=474 timeouts=474 | poll 96.4% work 0.4%
ZWL PERF 5005ms: passes=476 timeouts=476 | poll 96.9% work 1.0%
ZWL PERF compose frames=1 draw_ms=28.33 (acquire 0.02 submit+present 28.09) frame_ms=30.48
ZWL PERF 5027ms: passes=474 timeouts=474 | poll 96.2% work 0.4%
ZWL PERF 5005ms: passes=479 timeouts=479 | poll 97.6% work 0.4%
ZWL PERF 5015ms: passes=475 timeouts=475 | poll 96.6% work 0.4%
ZWL PERF 5004ms: passes=476 timeouts=476 | poll 97.0% work 0.4%
ZWL PERF 5004ms: passes=473 timeouts=473 | poll 96.4% work 0.4%
ZWL PERF 5003ms: passes=478 timeouts=478 | poll 97.4% work 0.4%
ZWL PERF 5037ms: passes=475 timeouts=475 | poll 96.2% work 0.4%
ZWL PERF 5006ms: passes=476 timeouts=476 | poll 97.0% work 0.4%
ZWL PERF 5006ms: passes=471 timeouts=471 | poll 96.0% work 0.4%
ZWL PERF 5005ms: passes=477 timeouts=477 | poll 97.3% work 0.4%
ZWL CURSOR shape client=8 shape=1 image=10
ZWL PING pong client=8 serial=131
ZWL IME deactivate
KEI-IME DEACTIVATE
ZWL CURSOR client=8 shown=0
ZWL CLIENT gone client=8 reason=read
ZWL CLEANUP client=8 objects=41 unread_fds=0
ZWL CLEANUP client=2 objects=19 unread_fds=0
ZWL DESKTOP gone client=2
ZWL IME lost pid=689
ZWL CLEANUP client=1 objects=10 unread_fds=0
ZFILES DONE reason=disconnected
KEI-IME DONE
ZWL OUTPUT closed
ZWL EXIT frames=702 error=0 cleanup_failed=0 pid=669 input_events=222 seat_events=305 at_ms=636898
