[1575013.995] {Default Queue} wl_registry#2.global(1, "wl_compositor", 4)
[1575014.009] {Default Queue} wl_registry#2.global(2, "xdg_wm_base", 4)
[1575014.014] {Default Queue} wl_registry#2.global(3, "zwp_linux_dmabuf_v1", 3)
[1575014.020] {Default Queue} wl_registry#2.global(4, "wl_output", 4)
[1575014.133] {Default Queue} wl_registry#2.global(5, "wl_seat", 5)
[1575014.138] {Default Queue} wl_registry#2.global(6, "wl_shm", 1)
[1575014.147] {Default Queue} wl_registry#2.global(7, "xdg_menu_manager_v1", 2)
[1575014.151] {Default Queue} wl_registry#2.global(8, "wl_subcompositor", 1)
[1575014.161] {Default Queue} wl_registry#2.global(9, "wl_data_device_manager", 3)
[1575014.170] {Default Queue} wl_registry#2.global(10, "zxdg_decoration_manager_v1", 1)
[1575014.174] {Default Queue} wl_registry#2.global(11, "wp_cursor_shape_manager_v1", 1)
[1575014.183] {Default Queue} wl_registry#2.global(12, "wp_viewporter", 1)
[1575014.192] {Default Queue} wl_registry#2.global(13, "zwp_text_input_manager_v3", 1)
[1575014.197] {Default Queue} wl_registry#2.global(16, "keiland_titlebar_manager_v1", 3)
[1575014.201] {Default Queue} wl_registry#2.global(17, "keiland_glass_manager_v1", 2)
[1575014.206] {Default Queue} wl_registry#2.global(18, "zwp_primary_selection_device_manager_v1", 1)
[1575014.216] {Default Queue} wl_registry#2.global(19, "zwp_tablet_manager_v2", 1)
[1575014.224] {Default Queue} wl_registry#2.global(21, "keiland_desktop_manager_v1", 1)
[1575014.229] {Default Queue} wl_registry#2.global(22, "keiland_keyboard_inset_manager_v1", 1)
[1575014.233] {Default Queue} wl_registry#2.global(23, "keiland_edit_manager_v1", 1)
