[1383555.422] {Default Queue}  -> wl_display#1.get_registry(new id wl_registry#2)
[1383555.448] {Default Queue}  -> wl_display#1.sync(new id wl_callback#3)
[1383555.680] {Display Queue} wl_display#1.delete_id(3)
[1383555.687] {Default Queue} wl_registry#2.global(1, "wl_compositor", 4)
[1383555.691] {Default Queue}  -> wl_registry#2.bind(1, "wl_compositor", 4, new id [unknown]#4)
[1383555.695] {Default Queue} wl_registry#2.global(2, "xdg_wm_base", 4)
[1383555.698] {Default Queue} wl_registry#2.global(3, "zwp_linux_dmabuf_v1", 3)
[1383555.703] {Default Queue} wl_registry#2.global(4, "wl_output", 4)
[1383555.716] {Default Queue}  -> wl_registry#2.bind(4, "wl_output", 3, new id [unknown]#5)
[1383555.794] {Default Queue}  -> wl_display#1.sync(new id wl_callback#6)
[1383555.799] {Default Queue} wl_registry#2.global(5, "wl_seat", 5)
[1383555.802] {Default Queue} wl_registry#2.global(6, "wl_shm", 1)
[1383555.805] {Default Queue}  -> wl_registry#2.bind(6, "wl_shm", 1, new id [unknown]#7)
[1383555.808] {Default Queue} wl_registry#2.global(7, "xdg_menu_manager_v1", 2)
[1383555.811] {Default Queue} wl_registry#2.global(8, "wl_subcompositor", 1)
[1383555.814] {Default Queue}  -> wl_registry#2.bind(8, "wl_subcompositor", 1, new id [unknown]#8)
[1383555.819] {Default Queue} wl_registry#2.global(9, "wl_data_device_manager", 3)
[1383555.821] {Default Queue}  -> wl_registry#2.bind(9, "wl_data_device_manager", 3, new id [unknown]#9)
[1383555.824] {Default Queue} wl_registry#2.global(10, "zxdg_decoration_manager_v1", 1)
[1383555.827] {Default Queue} wl_registry#2.global(11, "wp_cursor_shape_manager_v1", 1)
[1383555.830] {Default Queue}  -> wl_registry#2.bind(11, "wp_cursor_shape_manager_v1", 1, new id [unknown]#10)
[1383555.832] {Default Queue} wl_registry#2.global(12, "wp_viewporter", 1)
[1383555.835] {Default Queue}  -> wl_registry#2.bind(12, "wp_viewporter", 1, new id [unknown]#11)
[1383555.838] {Default Queue} wl_registry#2.global(13, "zwp_text_input_manager_v3", 1)
[1383555.841] {Default Queue} wl_registry#2.global(16, "keiland_titlebar_manager_v1", 3)
[1383555.843] {Default Queue} wl_registry#2.global(17, "keiland_glass_manager_v1", 2)
[1383555.846] {Default Queue} wl_registry#2.global(18, "zwp_primary_selection_device_manager_v1", 1)
[1383555.849] {Default Queue}  -> wl_registry#2.bind(18, "zwp_primary_selection_device_manager_v1", 1, new id [unknown]#12)
[1383555.853] {Default Queue} wl_registry#2.global(19, "zwp_tablet_manager_v2", 1)
[1383555.856] {Default Queue}  -> wl_registry#2.bind(19, "zwp_tablet_manager_v2", 1, new id [unknown]#13)
[1383555.859] {Default Queue} wl_registry#2.global(21, "keiland_desktop_manager_v1", 1)
[1383555.862] {Default Queue} wl_registry#2.global(22, "keiland_keyboard_inset_manager_v1", 1)
[1383555.864] {Default Queue} wl_registry#2.global(23, "keiland_edit_manager_v1", 1)
[1383555.867] {Default Queue} wl_callback#3.done(178733)
[1383556.094] {Default Queue}  -> wl_shm#7.create_pool(new id wl_shm_pool#3, fd 10, 2304)
[1383556.102] {Default Queue}  -> wl_registry#2.bind(5, "wl_seat", 5, new id [unknown]#14)
[1383568.427] {Default Queue}  -> zwp_primary_selection_device_manager_v1#12.get_device(new id zwp_primary_selection_device_v1#15, wl_seat#14)
[1383568.439] {Default Queue}  -> wl_data_device_manager#9.get_data_device(new id wl_data_device#16, wl_seat#14)
[1383568.490] {Default Queue}  -> wl_compositor#4.create_surface(new id wl_surface#17)
[1383568.494] {Default Queue}  -> wp_viewporter#11.get_viewport(new id wp_viewport#18, wl_surface#17)
[1383568.498] {Default Queue}  -> zwp_tablet_manager_v2#13.get_tablet_seat(new id zwp_tablet_seat_v2#19, wl_seat#14)
[1383568.503] {Default Queue}  -> wl_display#1.sync(new id wl_callback#20)
[1383570.574] {Display Queue} wl_display#1.delete_id(6)
[1383570.580] {Display Queue} wl_display#1.delete_id(20)
[1383570.583] {Default Queue} wl_output#5.geometry(0, 0, 0, 0, 0, "Unknown", "Unknown", 0)
[1383570.592] {Default Queue} wl_output#5.mode(3, 1280, 800, 74994)
[1383570.596] {Default Queue} wl_output#5.scale(1)
[1383570.599] {Default Queue} wl_output#5.done()
[1383570.602] {Default Queue} wl_callback#6.done(178748)
[1383570.616] {Default Queue} wl_shm#7.format(0)
[1383570.619] {Default Queue} wl_shm#7.format(1)
[1383570.621] {Default Queue} wl_seat#14.capabilities(3)
[1383570.624] {Default Queue}  -> wl_seat#14.get_pointer(new id wl_pointer#6)
[1383570.632] {Default Queue}  -> wp_cursor_shape_manager_v1#10.get_pointer(new id wp_cursor_shape_device_v1#21, wl_pointer#6)
[1383570.636] {Default Queue}  -> wl_seat#14.get_keyboard(new id wl_keyboard#22)
[1383570.640] {Default Queue} wl_seat#14.name("seat0")
[1383570.643] {Default Queue} wl_callback#20.done(178748)
[1383570.646] {Default Queue}  -> wl_registry#2.bind(2, "xdg_wm_base", 4, new id [unknown]#20)

(python3:671): Gtk-WARNING **: 07:17:16.689: Unable to acquire the address of the accessibility bus: GDBus.Error:org.freedesktop.DBus.Error.ServiceUnknown: The name org.a11y.Bus was not provided by any .service files. If you are attempting to run GTK without a11y support, GTK_A11Y should be set to 'none'.
[1383677.789] {Default Queue}  -> wl_compositor#4.create_surface(new id wl_surface#23)
[1383677.801] {Default Queue}  -> wp_viewporter#11.get_viewport(new id wp_viewport#24, wl_surface#23)
[1383767.647] {mesa egl display queue}  -> wl_display#1.get_registry(new id wl_registry#25)
[1383767.664] {mesa egl display queue}  -> wl_display#1.sync(new id wl_callback#26)
[1383768.012] {mesa egl display queue} wl_registry#25.global(1, "wl_compositor", 4)
[1383768.020] {mesa egl display queue} wl_registry#25.global(2, "xdg_wm_base", 4)
[1383768.024] {mesa egl display queue} wl_registry#25.global(3, "zwp_linux_dmabuf_v1", 3)
[1383768.028] {mesa egl display queue}  -> wl_registry#25.bind(3, "zwp_linux_dmabuf_v1", 3, new id [unknown]#27)
[1383768.061] {mesa egl display queue} wl_registry#25.global(4, "wl_output", 4)
[1383768.066] {mesa egl display queue} wl_registry#25.global(5, "wl_seat", 5)
[1383768.070] {mesa egl display queue} wl_registry#25.global(6, "wl_shm", 1)
[1383768.073] {mesa egl display queue} wl_registry#25.global(7, "xdg_menu_manager_v1", 2)
[1383768.077] {mesa egl display queue} wl_registry#25.global(8, "wl_subcompositor", 1)
[1383768.080] {mesa egl display queue} wl_registry#25.global(9, "wl_data_device_manager", 3)
[1383768.084] {mesa egl display queue} wl_registry#25.global(10, "zxdg_decoration_manager_v1", 1)
[1383768.088] {mesa egl display queue} wl_registry#25.global(11, "wp_cursor_shape_manager_v1", 1)
[1383768.091] {mesa egl display queue} wl_registry#25.global(12, "wp_viewporter", 1)
[1383768.095] {mesa egl display queue} wl_registry#25.global(13, "zwp_text_input_manager_v3", 1)
[1383768.112] {Display Queue} wl_display#1.delete_id(26)
[1383768.116] {mesa egl display queue} wl_registry#25.global(16, "keiland_titlebar_manager_v1", 3)
[1383768.120] {mesa egl display queue} wl_registry#25.global(17, "keiland_glass_manager_v1", 2)
[1383768.123] {mesa egl display queue} wl_registry#25.global(18, "zwp_primary_selection_device_manager_v1", 1)
[1383768.127] {mesa egl display queue} wl_registry#25.global(19, "zwp_tablet_manager_v2", 1)
[1383768.130] {mesa egl display queue} wl_registry#25.global(21, "keiland_desktop_manager_v1", 1)
[1383768.134] {mesa egl display queue} wl_registry#25.global(22, "keiland_keyboard_inset_manager_v1", 1)
[1383768.137] {mesa egl display queue} wl_registry#25.global(23, "keiland_edit_manager_v1", 1)
[1383768.141] {mesa egl display queue} wl_callback#26.done(178945)
[1383768.163] {mesa egl display queue}  -> wl_display#1.sync(new id wl_callback#26)
[1383768.178] {mesa egl display queue} zwp_linux_dmabuf_v1#27.format(875713089)
[1383768.182] {mesa egl display queue} zwp_linux_dmabuf_v1#27.modifier(875713089, 0, 0)
[1383768.186] {mesa egl display queue} zwp_linux_dmabuf_v1#27.format(875713112)
[1383768.195] {mesa egl display queue} zwp_linux_dmabuf_v1#27.modifier(875713112, 0, 0)
[1383768.241] {Display Queue} wl_display#1.delete_id(26)
[1383768.245] {mesa egl display queue} wl_callback#26.done(178945)
[1383768.250] {mesa egl display queue}  -> zwp_linux_dmabuf_v1#27.destroy()
[1383768.263] {mesa egl swrast display queue}  -> wl_display#1.get_registry(new id wl_registry#26)
[1383768.278] {mesa egl swrast display queue}  -> wl_display#1.sync(new id wl_callback#28)
[1383768.378] {Display Queue} wl_display#1.delete_id(27)
[1383768.383] {mesa egl swrast display queue} wl_registry#26.global(1, "wl_compositor", 4)
[1383768.387] {mesa egl swrast display queue} wl_registry#26.global(2, "xdg_wm_base", 4)
[1383768.390] {mesa egl swrast display queue} wl_registry#26.global(3, "zwp_linux_dmabuf_v1", 3)
[1383768.394] {mesa egl swrast display queue}  -> wl_registry#26.bind(3, "zwp_linux_dmabuf_v1", 3, new id [unknown]#27)
[1383768.416] {mesa egl swrast display queue} wl_registry#26.global(4, "wl_output", 4)
[1383768.421] {mesa egl swrast display queue} wl_registry#26.global(5, "wl_seat", 5)
[1383768.424] {mesa egl swrast display queue} wl_registry#26.global(6, "wl_shm", 1)
[1383768.428] {mesa egl swrast display queue}  -> wl_registry#26.bind(6, "wl_shm", 1, new id [unknown]#29)
[1383768.432] {mesa egl swrast display queue} wl_registry#26.global(7, "xdg_menu_manager_v1", 2)
[1383768.435] {mesa egl swrast display queue} wl_registry#26.global(8, "wl_subcompositor", 1)
[1383768.439] {mesa egl swrast display queue} wl_registry#26.global(9, "wl_data_device_manager", 3)
[1383768.442] {mesa egl swrast display queue} wl_registry#26.global(10, "zxdg_decoration_manager_v1", 1)
[1383768.446] {mesa egl swrast display queue} wl_registry#26.global(11, "wp_cursor_shape_manager_v1", 1)
[1383768.449] {mesa egl swrast display queue} wl_registry#26.global(12, "wp_viewporter", 1)
[1383768.479] {Display Queue} wl_display#1.delete_id(28)
[1383768.483] {mesa egl swrast display queue} wl_registry#26.global(13, "zwp_text_input_manager_v3", 1)
[1383768.486] {mesa egl swrast display queue} wl_registry#26.global(16, "keiland_titlebar_manager_v1", 3)
[1383768.490] {mesa egl swrast display queue} wl_registry#26.global(17, "keiland_glass_manager_v1", 2)
[1383768.493] {mesa egl swrast display queue} wl_registry#26.global(18, "zwp_primary_selection_device_manager_v1", 1)
[1383768.497] {mesa egl swrast display queue} wl_registry#26.global(19, "zwp_tablet_manager_v2", 1)
[1383768.500] {mesa egl swrast display queue} wl_registry#26.global(21, "keiland_desktop_manager_v1", 1)
[1383768.504] {mesa egl swrast display queue} wl_registry#26.global(22, "keiland_keyboard_inset_manager_v1", 1)
[1383768.507] {mesa egl swrast display queue} wl_registry#26.global(23, "keiland_edit_manager_v1", 1)
[1383768.511] {mesa egl swrast display queue} wl_callback#28.done(178945)
[1383768.514] {mesa egl swrast display queue}  -> wl_display#1.sync(new id wl_callback#28)
[1383768.526] {mesa egl swrast display queue} zwp_linux_dmabuf_v1#27.format(875713089)
[1383768.539] {mesa egl swrast display queue} zwp_linux_dmabuf_v1#27.modifier(875713089, 0, 0)
[1383768.543] {mesa egl swrast display queue} zwp_linux_dmabuf_v1#27.format(875713112)
[1383768.546] {mesa egl swrast display queue} zwp_linux_dmabuf_v1#27.modifier(875713112, 0, 0)
[1383768.556] {mesa egl swrast display queue} wl_shm#29.format(0)
[1383768.560] {mesa egl swrast display queue} wl_shm#29.format(1)
[1383768.597] {Display Queue} wl_display#1.delete_id(28)
[1383768.601] {mesa egl swrast display queue} wl_callback#28.done(178946)
[1383768.604] {mesa egl swrast display queue}  -> wl_display#1.sync(new id wl_callback#28)
[1383768.642] {Display Queue} wl_display#1.delete_id(28)
[1383768.646] {mesa egl swrast display queue} wl_callback#28.done(178946)
[1383768.650] {mesa egl swrast display queue}  -> zwp_linux_dmabuf_v1#27.destroy()
[1383768.656] {mesa egl swrast display queue}  -> wl_display#1.get_registry(new id wl_registry#28)
[1383768.659] {mesa egl swrast display queue}  -> wl_display#1.sync(new id wl_callback#30)
[1383768.725] {Display Queue} wl_display#1.delete_id(27)
[1383768.729] {mesa egl swrast display queue} wl_registry#28.global(1, "wl_compositor", 4)
[1383768.733] {mesa egl swrast display queue} wl_registry#28.global(2, "xdg_wm_base", 4)
[1383768.736] {mesa egl swrast display queue} wl_registry#28.global(3, "zwp_linux_dmabuf_v1", 3)
[1383768.764] {mesa egl swrast display queue} wl_registry#28.global(4, "wl_output", 4)
[1383768.768] {mesa egl swrast display queue} wl_registry#28.global(5, "wl_seat", 5)
[1383768.771] {mesa egl swrast display queue} wl_registry#28.global(6, "wl_shm", 1)
[1383768.775] {mesa egl swrast display queue}  -> wl_registry#28.bind(6, "wl_shm", 1, new id [unknown]#27)
[1383768.779] {mesa egl swrast display queue} wl_registry#28.global(7, "xdg_menu_manager_v1", 2)
[1383768.782] {mesa egl swrast display queue} wl_registry#28.global(8, "wl_subcompositor", 1)
[1383768.786] {mesa egl swrast display queue} wl_registry#28.global(9, "wl_data_device_manager", 3)
[1383768.789] {mesa egl swrast display queue} wl_registry#28.global(10, "zxdg_decoration_manager_v1", 1)
[1383768.793] {mesa egl swrast display queue} wl_registry#28.global(11, "wp_cursor_shape_manager_v1", 1)
[1383768.796] {mesa egl swrast display queue} wl_registry#28.global(12, "wp_viewporter", 1)
[1383768.815] {Display Queue} wl_display#1.delete_id(30)
[1383768.819] {mesa egl swrast display queue} wl_registry#28.global(13, "zwp_text_input_manager_v3", 1)
[1383768.823] {mesa egl swrast display queue} wl_registry#28.global(16, "keiland_titlebar_manager_v1", 3)
[1383768.826] {mesa egl swrast display queue} wl_registry#28.global(17, "keiland_glass_manager_v1", 2)
[1383768.829] {mesa egl swrast display queue} wl_registry#28.global(18, "zwp_primary_selection_device_manager_v1", 1)
[1383768.833] {mesa egl swrast display queue} wl_registry#28.global(19, "zwp_tablet_manager_v2", 1)
[1383768.836] {mesa egl swrast display queue} wl_registry#28.global(21, "keiland_desktop_manager_v1", 1)
[1383768.839] {mesa egl swrast display queue} wl_registry#28.global(22, "keiland_keyboard_inset_manager_v1", 1)
[1383768.843] {mesa egl swrast display queue} wl_registry#28.global(23, "keiland_edit_manager_v1", 1)
[1383768.846] {mesa egl swrast display queue} wl_callback#30.done(178946)
[1383768.850] {mesa egl swrast display queue}  -> wl_display#1.sync(new id wl_callback#30)
[1383768.862] {mesa egl swrast display queue} wl_shm#27.format(0)
[1383768.865] {mesa egl swrast display queue} wl_shm#27.format(1)
[1383768.887] {Display Queue} wl_display#1.delete_id(30)
[1383768.891] {mesa egl swrast display queue} wl_callback#30.done(178946)
Not using GL: renderer is llvmpipe
Using renderer 'GskGLRenderer' for surface 'GdkWaylandToplevel'
[1383974.194] {Default Queue}  -> xdg_wm_base#20.get_xdg_surface(new id xdg_surface#30, wl_surface#23)
[1383974.204]  -> xdg_surface#30.get_toplevel(new id xdg_toplevel#31)
[1383974.208]  -> xdg_toplevel#31.set_parent(nil)
[1383974.211]  -> xdg_toplevel#31.set_title("WS114 GTK4 baseline")
[1383974.213]  -> xdg_toplevel#31.set_app_id("org.zedbsd.WS114Baseline")
[1383974.216]  -> wl_surface#23.commit()
[1383988.249] {Default Queue}  -> wl_display#1.get_registry(new id wl_registry#32)
[1383988.691] {Default Queue} wl_keyboard#22.keymap(1, fd 12, 6896)
[1383989.303] {Default Queue} wl_keyboard#22.repeat_info(25, 400)
[1383989.807] {Default Queue} wl_registry#32.global(1, "wl_compositor", 4)
[1383989.815] {Default Queue} wl_registry#32.global(2, "xdg_wm_base", 4)
[1383989.818] {Default Queue} wl_registry#32.global(3, "zwp_linux_dmabuf_v1", 3)
[1383989.820] {Default Queue} wl_registry#32.global(4, "wl_output", 4)
[1383989.823] {Default Queue} wl_registry#32.global(5, "wl_seat", 5)
[1383989.825] {Default Queue} wl_registry#32.global(6, "wl_shm", 1)
[1383989.828] {Default Queue} wl_registry#32.global(7, "xdg_menu_manager_v1", 2)
[1383989.830] {Default Queue} wl_registry#32.global(8, "wl_subcompositor", 1)
[1383989.833] {Default Queue} wl_registry#32.global(9, "wl_data_device_manager", 3)
[1383989.835] {Default Queue} wl_registry#32.global(10, "zxdg_decoration_manager_v1", 1)
[1383989.838] {Default Queue} wl_registry#32.global(11, "wp_cursor_shape_manager_v1", 1)
[1383989.841] {Default Queue} wl_registry#32.global(12, "wp_viewporter", 1)
[1383989.843] {Default Queue} wl_registry#32.global(13, "zwp_text_input_manager_v3", 1)
[1383989.846] {Default Queue}  -> wl_registry#32.bind(13, "zwp_text_input_manager_v3", 1, new id [unknown]#33)
[1383989.865] {Default Queue}  -> zwp_text_input_manager_v3#33.get_text_input(new id zwp_text_input_v3#34, wl_seat#14)
[1383989.868] {Default Queue} wl_registry#32.global(16, "keiland_titlebar_manager_v1", 3)
[1383989.871] {Default Queue} wl_registry#32.global(17, "keiland_glass_manager_v1", 2)
[1383989.874] {Default Queue} wl_registry#32.global(18, "zwp_primary_selection_device_manager_v1", 1)
[1383989.876] {Default Queue} wl_registry#32.global(19, "zwp_tablet_manager_v2", 1)
[1383989.879] {Default Queue} wl_registry#32.global(21, "keiland_desktop_manager_v1", 1)
[1383989.881] {Default Queue} wl_registry#32.global(22, "keiland_keyboard_inset_manager_v1", 1)
[1383989.884] xdg_toplevel#31.configure_bounds(1256, 690)
[1383989.887] xdg_toplevel#31.configure(0, 0, array[4])
[1383989.890] xdg_surface#30.configure(3)
[1383989.904]  -> xdg_surface#30.ack_configure(3)
[1383989.918] {Default Queue} wl_registry#32.global(23, "keiland_edit_manager_v1", 1)
[1383993.061]  -> xdg_toplevel#31.set_min_size(485, 338)
[1383993.092]  -> xdg_toplevel#31.set_max_size(0, 0)
[1384000.414] {mesa egl swrast display queue}  -> wl_shm#27.create_pool(new id wl_shm_pool#35, fd 18, 1423968)
[1384000.424] {mesa egl surface queue}  -> wl_shm_pool#35.create_buffer(new id wl_buffer#36, 0, 728, 489, 2912, 0)
[1384000.428] {mesa egl surface queue}  -> wl_shm_pool#35.destroy()
[1384188.977]  -> xdg_toplevel#31.set_min_size(457, 309)
[1384188.989]  -> xdg_toplevel#31.set_max_size(0, 0)
[1384188.992]  -> xdg_surface#30.set_window_geometry(14, 12, 700, 460)
[1384188.998] {Default Queue}  -> wl_compositor#4.create_region(new id wl_region#37)
[1384189.003] {Default Queue}  -> wl_region#37.add(14, 20, 700, 452)
[1384189.007]  -> wl_surface#23.set_opaque_region(wl_region#37)
[1384189.009] {Default Queue}  -> wl_region#37.destroy()
[1384189.013] {Default Queue}  -> wl_compositor#4.create_region(new id wl_region#38)
[1384189.016] {Default Queue}  -> wl_region#38.add(2, 0, 724, 484)
[1384189.019]  -> wl_surface#23.set_input_region(wl_region#38)
[1384189.021] {Default Queue}  -> wl_region#38.destroy()
[1384189.024] {Default Queue}  -> wp_viewport#24.set_destination(728, 489)
[1384189.027]  -> wl_surface#23.frame(new id wl_callback#39)
[1384189.052] {mesa egl surface queue}  -> wl_surface#23.attach(wl_buffer#36, 0, 0)
[1384189.056] {mesa egl surface queue}  -> wl_surface#23.damage_buffer(0, 0, 728, 489)
[1384193.679] {mesa egl surface queue}  -> wl_surface#23.commit()
[1384193.689] {mesa egl surface queue}  -> wl_display#1.sync(new id wl_callback#40)
[1384194.104] {Display Queue} wl_display#1.delete_id(35)
[1384194.112] {Display Queue} wl_display#1.delete_id(37)
[1384194.114] {Display Queue} wl_display#1.delete_id(38)
[1384194.117] {Display Queue} wl_display#1.delete_id(40)
[1384225.637] {Default Queue} wl_data_device#16.selection(nil)
[1384225.662] {Default Queue} zwp_primary_selection_device_v1#15.selection(nil)
[1384225.667] {Default Queue} wl_keyboard#22.enter(4, wl_surface#23, array[0])
[1384225.680] {Default Queue} wl_keyboard#22.modifiers(5, 0, 0, 0, 0)
[1384225.706] {Default Queue} zwp_text_input_v3#34.enter(wl_surface#23)
[1384225.711] {Default Queue}  -> zwp_text_input_v3#34.enable()
[1384225.732] {Default Queue}  -> zwp_text_input_v3#34.set_surrounding_text("q581 clipboard Ω 日本語", 27, 0)
[1384225.736] {Default Queue}  -> zwp_text_input_v3#34.set_text_change_cause(1)
[1384225.744] {Default Queue}  -> zwp_text_input_v3#34.set_content_type(0, 0)
[1384225.758] {Default Queue}  -> zwp_text_input_v3#34.set_cursor_rectangle(189, 112, 0, 32)
[1384225.763] {Default Queue}  -> zwp_text_input_v3#34.commit()
[1384225.766] {Default Queue} wl_pointer#6.enter(6, wl_surface#23, 364.00000000, 202.00000000)
[1384225.772] {Default Queue} wl_pointer#6.frame()
[1384225.787] {Default Queue}  -> wp_cursor_shape_device_v1#21.set_shape(6, 1)
[1384226.765] {Display Queue} wl_display#1.delete_id(39)
[1384226.774] {Default Queue} wl_callback#39.done(179404)
[1384227.287] {mesa egl surface queue} wl_callback#40.done(179371)
[1384227.293] {mesa egl surface queue} wl_buffer#36.release()
[1384227.575]  -> wl_surface#23.frame(new id wl_callback#40)
[1384227.594] {mesa egl surface queue}  -> wl_surface#23.attach(wl_buffer#36, 0, 0)
[1384227.598] {mesa egl surface queue}  -> wl_surface#23.damage_buffer(32, 107, 664, 42)
[1384228.212] {mesa egl surface queue}  -> wl_surface#23.commit()
[1384228.219] {mesa egl surface queue}  -> wl_display#1.sync(new id wl_callback#39)
[1384228.282] {Display Queue} wl_display#1.delete_id(39)
[1384244.518] {Display Queue} wl_display#1.delete_id(40)
[1384244.542] {Default Queue} wl_callback#40.done(179421)
[1384244.931] {mesa egl surface queue} wl_callback#39.done(179405)
[1384244.948] {mesa egl surface queue} wl_buffer#36.release()
[1384245.307]  -> wl_surface#23.frame(new id wl_callback#39)
[1384245.337] {mesa egl surface queue}  -> wl_surface#23.attach(wl_buffer#36, 0, 0)
[1384245.341] {mesa egl surface queue}  -> wl_surface#23.damage_buffer(35, 110, 658, 36)
[1384245.902] {mesa egl surface queue}  -> wl_surface#23.commit()
[1384245.916] {mesa egl surface queue}  -> wl_display#1.sync(new id wl_callback#40)
[1384245.985] {Display Queue} wl_display#1.delete_id(40)
[1384258.960] {Display Queue} wl_display#1.delete_id(39)
[1384258.988] {Default Queue} wl_callback#39.done(179436)
[1384259.373] {mesa egl surface queue} wl_callback#40.done(179423)
[1384259.380] {mesa egl surface queue} wl_buffer#36.release()
[1384259.590]  -> wl_surface#23.frame(new id wl_callback#40)
[1384259.607] {mesa egl surface queue}  -> wl_surface#23.attach(wl_buffer#36, 0, 0)
[1384259.612] {mesa egl surface queue}  -> wl_surface#23.damage_buffer(35, 110, 658, 36)
[1384260.201] {mesa egl surface queue}  -> wl_surface#23.commit()
[1384260.211] {mesa egl surface queue}  -> wl_display#1.sync(new id wl_callback#39)
[1384260.268] {Display Queue} wl_display#1.delete_id(39)
[1384269.884] {Display Queue} wl_display#1.delete_id(40)
[1384269.911] {Default Queue} wl_callback#40.done(179447)
[1384270.308] {mesa egl surface queue} wl_callback#39.done(179437)
[1384270.315] {mesa egl surface queue} wl_buffer#36.release()
[1384270.534]  -> wl_surface#23.frame(new id wl_callback#39)
[1384270.550] {mesa egl surface queue}  -> wl_surface#23.attach(wl_buffer#36, 0, 0)
[1384270.554] {mesa egl surface queue}  -> wl_surface#23.damage_buffer(35, 110, 658, 36)
[1384271.135] {mesa egl surface queue}  -> wl_surface#23.commit()
[1384271.143] {mesa egl surface queue}  -> wl_display#1.sync(new id wl_callback#40)
[1384271.196] {Display Queue} wl_display#1.delete_id(40)
[1384281.368] {Display Queue} wl_display#1.delete_id(39)
[1384281.391] {Default Queue} wl_callback#39.done(179458)
[1384281.630] {mesa egl surface queue} wl_callback#40.done(179448)
[1384281.636] {mesa egl surface queue} wl_buffer#36.release()
[1384281.828]  -> wl_surface#23.frame(new id wl_callback#40)
[1384281.842] {mesa egl surface queue}  -> wl_surface#23.attach(wl_buffer#36, 0, 0)
[1384281.846] {mesa egl surface queue}  -> wl_surface#23.damage_buffer(35, 110, 658, 36)
[1384282.433] {mesa egl surface queue}  -> wl_surface#23.commit()
[1384282.441] {mesa egl surface queue}  -> wl_display#1.sync(new id wl_callback#39)
[1384282.506] {Display Queue} wl_display#1.delete_id(39)
[1384294.169] {Display Queue} wl_display#1.delete_id(40)
[1384294.196] {Default Queue} wl_callback#40.done(179471)
[1384294.463] {mesa egl surface queue} wl_callback#39.done(179460)
[1384294.487] {mesa egl surface queue} wl_buffer#36.release()
[1384294.694]  -> wl_surface#23.frame(new id wl_callback#39)
[1384294.711] {mesa egl surface queue}  -> wl_surface#23.attach(wl_buffer#36, 0, 0)
[1384294.716] {mesa egl surface queue}  -> wl_surface#23.damage_buffer(35, 110, 658, 36)
[1384295.396] {mesa egl surface queue}  -> wl_surface#23.commit()
[1384295.405] {mesa egl surface queue}  -> wl_display#1.sync(new id wl_callback#40)
[1384295.463] {Display Queue} wl_display#1.delete_id(40)
[1384307.777] {Display Queue} wl_display#1.delete_id(39)
[1384307.805] {Default Queue} wl_callback#39.done(179485)
[1409452.471] {Default Queue} wl_pointer#6.motion(204628, 403.00000000, 33.00000000)
[1409452.839] {Default Queue} wl_pointer#6.frame()
[1409509.760] {Default Queue} wl_pointer#6.button(7, 204686, 272, 1)
[1409509.817] {Default Queue} xdg_wm_base#20.ping(8)
[1409509.830] {Default Queue}  -> xdg_wm_base#20.pong(8)
[1409509.840] {Default Queue} wl_pointer#6.frame()
[1409883.616] {Default Queue} wl_pointer#6.motion(205060, 413.00000000, 38.00000000)
[1409883.666] {Default Queue} wl_pointer#6.frame()
[1409883.955]  -> xdg_toplevel#31.unset_fullscreen()
[1409883.976]  -> xdg_toplevel#31.move(wl_seat#14, 7)
[1409985.268] {Default Queue} wl_pointer#6.frame()
[1410085.367] {Default Queue} wl_pointer#6.frame()
[1410186.130] {Default Queue} wl_pointer#6.frame()
[1410286.627] {Default Queue} wl_pointer#6.frame()
[1410388.286] {Default Queue} wl_pointer#6.frame()
[1410489.063] {Default Queue} wl_pointer#6.frame()
[1410590.315] {Default Queue} wl_pointer#6.frame()
[1410691.221] {Default Queue} wl_pointer#6.frame()
[1410791.572] {Default Queue} wl_pointer#6.frame()
[1410891.280] {Default Queue} wl_pointer#6.frame()
[1441011.555] {Default Queue} wl_pointer#6.motion(236188, 712.00000000, 470.00000000)
[1441011.705] {Default Queue} wl_pointer#6.frame()
[1441070.815] {Default Queue} wl_pointer#6.button(9, 236247, 272, 1)
[1441070.885] {Default Queue} xdg_wm_base#20.ping(10)
[1441070.934] {Default Queue}  -> xdg_wm_base#20.pong(10)
[1441070.944] {Default Queue} wl_pointer#6.frame()
[1441328.553] {Default Queue} wl_pointer#6.motion(236505, 720.00000000, 474.00000000)
[1441328.601] {Default Queue} wl_pointer#6.frame()
[1441527.502] {Default Queue} wl_pointer#6.motion(236605, 728.00000000, 478.00000000)
[1441527.550] {Default Queue} wl_pointer#6.frame()
[1441527.803]  -> xdg_toplevel#31.unset_fullscreen()
[1441527.833]  -> xdg_toplevel#31.move(wl_seat#14, 9)
[1441550.956] {Default Queue} wl_pointer#6.motion(236706, 736.00000000, 482.00000000)
[1441550.985] {Default Queue} wl_pointer#6.frame()
[1441636.823] {Default Queue} wl_pointer#6.frame()
[1441735.897] {Default Queue} wl_pointer#6.frame()
[1441835.208] {Default Queue} wl_pointer#6.frame()
[1441934.253] {Default Queue} wl_pointer#6.frame()
[1442035.452] {Default Queue} wl_pointer#6.frame()
[1442135.603] {Default Queue} wl_pointer#6.frame()
[1442236.590] {Default Queue} wl_pointer#6.frame()
[1442336.527] {Default Queue} wl_pointer#6.frame()
[1443376.675] {Default Queue} wl_pointer#6.motion(238553, 357.00000000, 6.00000000)
[1443376.721] {Default Queue} wl_pointer#6.frame()
[1443450.893] {Default Queue} wl_pointer#6.button(11, 238602, 272, 1)
[1443450.942] {Default Queue} xdg_wm_base#20.ping(12)
[1443450.956] {Default Queue}  -> xdg_wm_base#20.pong(12)
[1443450.967] {Default Queue} wl_pointer#6.frame()
[1443682.348] {Default Queue} wl_pointer#6.motion(238859, 348.00000000, 1.00000000)
[1443682.396] {Default Queue} wl_pointer#6.frame()
[1443682.622]  -> xdg_toplevel#31.unset_fullscreen()
[1443682.641]  -> xdg_toplevel#31.move(wl_seat#14, 11)
[1443780.840] {Default Queue} wl_pointer#6.frame()
[1443881.755] {Default Queue} wl_pointer#6.frame()
[1443982.865] {Default Queue} wl_pointer#6.frame()
[1444083.661] {Default Queue} wl_pointer#6.frame()
[1444184.662] {Default Queue} wl_pointer#6.frame()
[1444285.568] {Default Queue} wl_pointer#6.frame()
[1444386.408] {Default Queue} wl_pointer#6.frame()
[1444487.087] {Default Queue} wl_pointer#6.frame()
[1444588.301] {Default Queue} wl_pointer#6.frame()
[1444687.707] {Default Queue} wl_pointer#6.frame()
[1445484.560] {Default Queue} wl_pointer#6.motion(240661, 158.00000000, 308.00000000)
[1445484.605] {Default Queue} wl_pointer#6.frame()
[1445532.407] {Default Queue} wl_pointer#6.axis_source(0)
[1445532.441] {Default Queue} wl_pointer#6.axis_discrete(0, 1)
[1445532.479] {Default Queue} wl_pointer#6.axis(240709, 0, 15.00000000)
[1445532.492] {Default Queue} wl_pointer#6.frame()
[1445686.588] {Default Queue} wl_pointer#6.axis_source(0)
[1445686.627] {Default Queue} wl_pointer#6.axis_discrete(0, 1)
[1445686.639] {Default Queue} wl_pointer#6.axis(240863, 0, 15.00000000)
[1445686.652] {Default Queue} wl_pointer#6.frame()
[1445838.339] {Default Queue} wl_pointer#6.axis_source(0)
[1445838.379] {Default Queue} wl_pointer#6.axis_discrete(0, 1)
[1445838.391] {Default Queue} wl_pointer#6.axis(241015, 0, 15.00000000)
[1445838.404] {Default Queue} wl_pointer#6.frame()
[1445989.965] {Default Queue} wl_pointer#6.axis_source(0)
[1445990.005] {Default Queue} wl_pointer#6.axis_discrete(0, 1)
[1445990.017] {Default Queue} wl_pointer#6.axis(241167, 0, 15.00000000)
[1445990.030] {Default Queue} wl_pointer#6.frame()
[1446141.560] {Default Queue} wl_pointer#6.axis_source(0)
[1446141.618] {Default Queue} wl_pointer#6.axis_discrete(0, 1)
[1446141.643] {Default Queue} wl_pointer#6.axis(241318, 0, 15.00000000)
[1446141.666] {Default Queue} wl_pointer#6.frame()
[1479742.572] {Default Queue} wl_pointer#6.motion(274919, 725.00000000, 487.00000000)
[1479742.618] {Default Queue} wl_pointer#6.frame()
[1479791.600] {Default Queue} wl_pointer#6.button(13, 274968, 272, 1)
[1479791.646] {Default Queue} xdg_wm_base#20.ping(14)
[1479791.659] {Default Queue}  -> xdg_wm_base#20.pong(14)
[1479791.669] {Default Queue} wl_pointer#6.frame()
[1480051.704] {Default Queue} wl_pointer#6.motion(275228, 733.00000000, 491.00000000)
[1480051.746] {Default Queue} wl_pointer#6.frame()
[1480154.354] {Default Queue} wl_pointer#6.motion(275331, 741.00000000, 495.00000000)
[1480154.394] {Default Queue} wl_pointer#6.frame()
[1480154.581]  -> xdg_toplevel#31.unset_fullscreen()
[1480154.595]  -> xdg_toplevel#31.move(wl_seat#14, 13)
[1480254.589] {Default Queue} wl_pointer#6.frame()
[1480355.058] {Default Queue} wl_pointer#6.frame()
[1480456.204] {Default Queue} wl_pointer#6.frame()
[1480556.975] {Default Queue} wl_pointer#6.frame()
[1480659.687] {Default Queue} wl_pointer#6.frame()
[1480760.965] {Default Queue} wl_pointer#6.frame()
[1480871.583] {Default Queue} wl_pointer#6.frame()
[1480981.640] {Default Queue} wl_pointer#6.frame()
[1481081.349] {Default Queue} wl_pointer#6.frame()
[1482116.909] {Default Queue} wl_pointer#6.motion(277293, -6.00000000, -1.00000000)
[1482116.955] {Default Queue} wl_pointer#6.frame()
