[1518895.626] {Default Queue}  -> wl_display#1.get_registry(new id wl_registry#2)
[1518895.648] {Default Queue}  -> wl_display#1.sync(new id wl_callback#3)
[1518895.803] {Default Queue} wl_registry#2.global(1, "wl_compositor", 4)
[1518895.815] {Default Queue}  -> wl_registry#2.bind(1, "wl_compositor", 4, new id [unknown]#4)
[1518895.821] {Default Queue} wl_registry#2.global(2, "xdg_wm_base", 4)
[1518895.824] {Default Queue} wl_registry#2.global(3, "zwp_linux_dmabuf_v1", 3)
[1518895.834] {Default Queue} wl_registry#2.global(4, "wl_output", 4)
[1518895.837] {Default Queue}  -> wl_registry#2.bind(4, "wl_output", 3, new id [unknown]#5)
[1518895.933] {Default Queue}  -> wl_display#1.sync(new id wl_callback#6)
[1518895.938] {Default Queue} wl_registry#2.global(5, "wl_seat", 5)
[1518895.972] {Display Queue} wl_display#1.delete_id(3)
[1518895.975] {Default Queue} wl_registry#2.global(6, "wl_shm", 1)
[1518895.979] {Default Queue}  -> wl_registry#2.bind(6, "wl_shm", 1, new id [unknown]#7)
[1518895.982] {Default Queue} wl_registry#2.global(7, "xdg_menu_manager_v1", 2)
[1518895.986] {Default Queue} wl_registry#2.global(8, "wl_subcompositor", 1)
[1518895.989] {Default Queue}  -> wl_registry#2.bind(8, "wl_subcompositor", 1, new id [unknown]#8)
[1518895.994] {Default Queue} wl_registry#2.global(9, "wl_data_device_manager", 3)
[1518896.000] {Default Queue}  -> wl_registry#2.bind(9, "wl_data_device_manager", 3, new id [unknown]#9)
[1518896.004] {Default Queue} wl_registry#2.global(10, "zxdg_decoration_manager_v1", 1)
[1518896.007] {Default Queue} wl_registry#2.global(11, "wp_cursor_shape_manager_v1", 1)
[1518896.010] {Default Queue}  -> wl_registry#2.bind(11, "wp_cursor_shape_manager_v1", 1, new id [unknown]#10)
[1518896.013] {Default Queue} wl_registry#2.global(12, "wp_viewporter", 1)
[1518896.016] {Default Queue}  -> wl_registry#2.bind(12, "wp_viewporter", 1, new id [unknown]#11)
[1518896.020] {Default Queue} wl_registry#2.global(13, "zwp_text_input_manager_v3", 1)
[1518896.023] {Default Queue} wl_registry#2.global(16, "keiland_titlebar_manager_v1", 3)
[1518896.026] {Default Queue} wl_registry#2.global(17, "keiland_glass_manager_v1", 2)
[1518896.029] {Default Queue} wl_registry#2.global(18, "zwp_primary_selection_device_manager_v1", 1)
[1518896.032] {Default Queue}  -> wl_registry#2.bind(18, "zwp_primary_selection_device_manager_v1", 1, new id [unknown]#12)
[1518896.036] {Default Queue} wl_registry#2.global(19, "zwp_tablet_manager_v2", 1)
[1518896.040] {Default Queue}  -> wl_registry#2.bind(19, "zwp_tablet_manager_v2", 1, new id [unknown]#13)
[1518896.043] {Default Queue} wl_registry#2.global(21, "keiland_desktop_manager_v1", 1)
[1518896.046] {Default Queue} wl_registry#2.global(22, "keiland_keyboard_inset_manager_v1", 1)
[1518896.049] {Default Queue} wl_registry#2.global(23, "keiland_edit_manager_v1", 1)
[1518896.052] {Default Queue} wl_callback#3.done(314073)
[1518896.113] {Default Queue}  -> wl_shm#7.create_pool(new id wl_shm_pool#3, fd 11, 2304)
[1518896.120] {Default Queue}  -> wl_registry#2.bind(5, "wl_seat", 5, new id [unknown]#14)
[1518900.078] {Default Queue}  -> zwp_primary_selection_device_manager_v1#12.get_device(new id zwp_primary_selection_device_v1#15, wl_seat#14)
[1518900.090] {Default Queue}  -> wl_data_device_manager#9.get_data_device(new id wl_data_device#16, wl_seat#14)
[1518900.144] {Default Queue}  -> wl_compositor#4.create_surface(new id wl_surface#17)
[1518900.148] {Default Queue}  -> wp_viewporter#11.get_viewport(new id wp_viewport#18, wl_surface#17)
[1518900.151] {Default Queue}  -> zwp_tablet_manager_v2#13.get_tablet_seat(new id zwp_tablet_seat_v2#19, wl_seat#14)
[1518900.157] {Default Queue}  -> wl_display#1.sync(new id wl_callback#20)
[1518900.189] {Display Queue} wl_display#1.delete_id(6)
[1518900.193] {Default Queue} wl_output#5.geometry(0, 0, 0, 0, 0, "Unknown", "Unknown", 0)
[1518900.201] {Default Queue} wl_output#5.mode(3, 1280, 800, 74994)
[1518900.205] {Default Queue} wl_output#5.scale(1)
[1518900.208] {Default Queue} wl_output#5.done()
[1518900.211] {Default Queue} wl_callback#6.done(314073)
[1518900.340] {Default Queue} wl_shm#7.format(0)
[1518900.350] {Default Queue} wl_shm#7.format(1)
[1518900.353] {Default Queue} wl_seat#14.capabilities(3)
[1518900.356] {Default Queue}  -> wl_seat#14.get_pointer(new id wl_pointer#6)
[1518900.375] {Default Queue}  -> wp_cursor_shape_manager_v1#10.get_pointer(new id wp_cursor_shape_device_v1#21, wl_pointer#6)
[1518900.379] {Default Queue}  -> wl_seat#14.get_keyboard(new id wl_keyboard#22)
[1518900.385] {Default Queue} wl_seat#14.name("seat0")
[1518900.403] {Display Queue} wl_display#1.delete_id(20)
[1518900.407] {Default Queue} wl_callback#20.done(314077)
[1518900.410] {Default Queue}  -> wl_registry#2.bind(2, "xdg_wm_base", 4, new id [unknown]#20)

(python3:816): Gtk-WARNING **: 07:19:31.946: Unable to acquire the address of the accessibility bus: GDBus.Error:org.freedesktop.DBus.Error.ServiceUnknown: The name org.a11y.Bus was not provided by any .service files. If you are attempting to run GTK without a11y support, GTK_A11Y should be set to 'none'.
[1518933.518] {Default Queue}  -> wl_compositor#4.create_surface(new id wl_surface#23)
[1518933.528] {Default Queue}  -> wp_viewporter#11.get_viewport(new id wp_viewport#24, wl_surface#23)
[1518982.799] {mesa egl display queue}  -> wl_display#1.get_registry(new id wl_registry#25)
[1518982.810] {mesa egl display queue}  -> wl_display#1.sync(new id wl_callback#26)
[1518982.950] {mesa egl display queue} wl_registry#25.global(1, "wl_compositor", 4)
[1518982.960] {mesa egl display queue} wl_registry#25.global(2, "xdg_wm_base", 4)
[1518982.963] {mesa egl display queue} wl_registry#25.global(3, "zwp_linux_dmabuf_v1", 3)
[1518982.966] {mesa egl display queue}  -> wl_registry#25.bind(3, "zwp_linux_dmabuf_v1", 3, new id [unknown]#27)
[1518982.969] {mesa egl display queue} wl_registry#25.global(4, "wl_output", 4)
[1518982.986] {mesa egl display queue} wl_registry#25.global(5, "wl_seat", 5)
[1518982.989] {mesa egl display queue} wl_registry#25.global(6, "wl_shm", 1)
[1518982.992] {mesa egl display queue} wl_registry#25.global(7, "xdg_menu_manager_v1", 2)
[1518982.995] {mesa egl display queue} wl_registry#25.global(8, "wl_subcompositor", 1)
[1518982.997] {mesa egl display queue} wl_registry#25.global(9, "wl_data_device_manager", 3)
[1518983.000] {mesa egl display queue} wl_registry#25.global(10, "zxdg_decoration_manager_v1", 1)
[1518983.002] {mesa egl display queue} wl_registry#25.global(11, "wp_cursor_shape_manager_v1", 1)
[1518983.009] {mesa egl display queue} wl_registry#25.global(12, "wp_viewporter", 1)
[1518983.027] {mesa egl display queue} wl_registry#25.global(13, "zwp_text_input_manager_v3", 1)
[1518983.031] {mesa egl display queue} wl_registry#25.global(16, "keiland_titlebar_manager_v1", 3)
[1518983.033] {mesa egl display queue} wl_registry#25.global(17, "keiland_glass_manager_v1", 2)
[1518983.036] {mesa egl display queue} wl_registry#25.global(18, "zwp_primary_selection_device_manager_v1", 1)
[1518983.039] {mesa egl display queue} wl_registry#25.global(19, "zwp_tablet_manager_v2", 1)
[1518983.041] {mesa egl display queue} wl_registry#25.global(21, "keiland_desktop_manager_v1", 1)
[1518983.044] {mesa egl display queue} wl_registry#25.global(22, "keiland_keyboard_inset_manager_v1", 1)
[1518983.047] {mesa egl display queue} wl_registry#25.global(23, "keiland_edit_manager_v1", 1)
[1518983.049] {mesa egl display queue} wl_callback#26.done(314160)
[1518983.056] {mesa egl display queue}  -> wl_display#1.sync(new id wl_callback#28)
[1518983.067] {Display Queue} wl_display#1.delete_id(26)
[1518983.089] {mesa egl display queue} zwp_linux_dmabuf_v1#27.format(875713089)
[1518983.096] {mesa egl display queue} zwp_linux_dmabuf_v1#27.modifier(875713089, 0, 0)
[1518983.107] {Display Queue} wl_display#1.delete_id(28)
[1518983.109] {mesa egl display queue} zwp_linux_dmabuf_v1#27.format(875713112)
[1518983.112] {mesa egl display queue} zwp_linux_dmabuf_v1#27.modifier(875713112, 0, 0)
[1518983.114] {mesa egl display queue} wl_callback#28.done(314160)
[1518983.118] {mesa egl display queue}  -> zwp_linux_dmabuf_v1#27.destroy()
[1518983.128] {mesa egl swrast display queue}  -> wl_display#1.get_registry(new id wl_registry#28)
[1518983.138] {mesa egl swrast display queue}  -> wl_display#1.sync(new id wl_callback#26)
[1518983.221] {Display Queue} wl_display#1.delete_id(27)
[1518983.225] {mesa egl swrast display queue} wl_registry#28.global(1, "wl_compositor", 4)
[1518983.228] {mesa egl swrast display queue} wl_registry#28.global(2, "xdg_wm_base", 4)
[1518983.238] {mesa egl swrast display queue} wl_registry#28.global(3, "zwp_linux_dmabuf_v1", 3)
[1518983.242] {mesa egl swrast display queue}  -> wl_registry#28.bind(3, "zwp_linux_dmabuf_v1", 3, new id [unknown]#27)
[1518983.245] {mesa egl swrast display queue} wl_registry#28.global(4, "wl_output", 4)
[1518983.247] {mesa egl swrast display queue} wl_registry#28.global(5, "wl_seat", 5)
[1518983.250] {mesa egl swrast display queue} wl_registry#28.global(6, "wl_shm", 1)
[1518983.253] {mesa egl swrast display queue}  -> wl_registry#28.bind(6, "wl_shm", 1, new id [unknown]#29)
[1518983.268] {mesa egl swrast display queue} wl_registry#28.global(7, "xdg_menu_manager_v1", 2)
[1518983.271] {mesa egl swrast display queue} wl_registry#28.global(8, "wl_subcompositor", 1)
[1518983.273] {mesa egl swrast display queue} wl_registry#28.global(9, "wl_data_device_manager", 3)
[1518983.276] {mesa egl swrast display queue} wl_registry#28.global(10, "zxdg_decoration_manager_v1", 1)
[1518983.278] {mesa egl swrast display queue} wl_registry#28.global(11, "wp_cursor_shape_manager_v1", 1)
[1518983.281] {mesa egl swrast display queue} wl_registry#28.global(12, "wp_viewporter", 1)
[1518983.283] {mesa egl swrast display queue} wl_registry#28.global(13, "zwp_text_input_manager_v3", 1)
[1518983.294] {mesa egl swrast display queue} wl_registry#28.global(16, "keiland_titlebar_manager_v1", 3)
[1518983.297] {mesa egl swrast display queue} wl_registry#28.global(17, "keiland_glass_manager_v1", 2)
[1518983.299] {mesa egl swrast display queue} wl_registry#28.global(18, "zwp_primary_selection_device_manager_v1", 1)
[1518983.302] {mesa egl swrast display queue} wl_registry#28.global(19, "zwp_tablet_manager_v2", 1)
[1518983.304] {mesa egl swrast display queue} wl_registry#28.global(21, "keiland_desktop_manager_v1", 1)
[1518983.307] {mesa egl swrast display queue} wl_registry#28.global(22, "keiland_keyboard_inset_manager_v1", 1)
[1518983.315] {Display Queue} wl_display#1.delete_id(26)
[1518983.317] {mesa egl swrast display queue} wl_registry#28.global(23, "keiland_edit_manager_v1", 1)
[1518983.320] {mesa egl swrast display queue} wl_callback#26.done(314160)
[1518983.323] {mesa egl swrast display queue}  -> wl_display#1.sync(new id wl_callback#26)
[1518983.360] {mesa egl swrast display queue} zwp_linux_dmabuf_v1#27.format(875713089)
[1518983.363] {mesa egl swrast display queue} zwp_linux_dmabuf_v1#27.modifier(875713089, 0, 0)
[1518983.373] {mesa egl swrast display queue} zwp_linux_dmabuf_v1#27.format(875713112)
[1518983.375] {mesa egl swrast display queue} zwp_linux_dmabuf_v1#27.modifier(875713112, 0, 0)
[1518983.378] {mesa egl swrast display queue} wl_shm#29.format(0)
[1518983.386] {Display Queue} wl_display#1.delete_id(26)
[1518983.389] {mesa egl swrast display queue} wl_shm#29.format(1)
[1518983.391] {mesa egl swrast display queue} wl_callback#26.done(314160)
[1518983.394] {mesa egl swrast display queue}  -> wl_display#1.sync(new id wl_callback#26)
[1518983.441] {Display Queue} wl_display#1.delete_id(26)
[1518983.444] {mesa egl swrast display queue} wl_callback#26.done(314160)
[1518983.448] {mesa egl swrast display queue}  -> zwp_linux_dmabuf_v1#27.destroy()
[1518983.452] {mesa egl swrast display queue}  -> wl_display#1.get_registry(new id wl_registry#26)
[1518983.455] {mesa egl swrast display queue}  -> wl_display#1.sync(new id wl_callback#30)
[1518983.504] {Display Queue} wl_display#1.delete_id(27)
[1518983.512] {mesa egl swrast display queue} wl_registry#26.global(1, "wl_compositor", 4)
[1518983.515] {mesa egl swrast display queue} wl_registry#26.global(2, "xdg_wm_base", 4)
[1518983.524] {mesa egl swrast display queue} wl_registry#26.global(3, "zwp_linux_dmabuf_v1", 3)
[1518983.533] {mesa egl swrast display queue} wl_registry#26.global(4, "wl_output", 4)
[1518983.536] {mesa egl swrast display queue} wl_registry#26.global(5, "wl_seat", 5)
[1518983.546] {mesa egl swrast display queue} wl_registry#26.global(6, "wl_shm", 1)
[1518983.549] {mesa egl swrast display queue}  -> wl_registry#26.bind(6, "wl_shm", 1, new id [unknown]#27)
[1518983.552] {mesa egl swrast display queue} wl_registry#26.global(7, "xdg_menu_manager_v1", 2)
[1518983.555] {mesa egl swrast display queue} wl_registry#26.global(8, "wl_subcompositor", 1)
[1518983.557] {mesa egl swrast display queue} wl_registry#26.global(9, "wl_data_device_manager", 3)
[1518983.560] {mesa egl swrast display queue} wl_registry#26.global(10, "zxdg_decoration_manager_v1", 1)
[1518983.575] {mesa egl swrast display queue} wl_registry#26.global(11, "wp_cursor_shape_manager_v1", 1)
[1518983.578] {mesa egl swrast display queue} wl_registry#26.global(12, "wp_viewporter", 1)
[1518983.581] {mesa egl swrast display queue} wl_registry#26.global(13, "zwp_text_input_manager_v3", 1)
[1518983.583] {mesa egl swrast display queue} wl_registry#26.global(16, "keiland_titlebar_manager_v1", 3)
[1518983.586] {mesa egl swrast display queue} wl_registry#26.global(17, "keiland_glass_manager_v1", 2)
[1518983.588] {mesa egl swrast display queue} wl_registry#26.global(18, "zwp_primary_selection_device_manager_v1", 1)
[1518983.591] {mesa egl swrast display queue} wl_registry#26.global(19, "zwp_tablet_manager_v2", 1)
[1518983.600] {Display Queue} wl_display#1.delete_id(30)
[1518983.603] {mesa egl swrast display queue} wl_registry#26.global(21, "keiland_desktop_manager_v1", 1)
[1518983.605] {mesa egl swrast display queue} wl_registry#26.global(22, "keiland_keyboard_inset_manager_v1", 1)
[1518983.608] {mesa egl swrast display queue} wl_registry#26.global(23, "keiland_edit_manager_v1", 1)
[1518983.610] {mesa egl swrast display queue} wl_callback#30.done(314161)
[1518983.613] {mesa egl swrast display queue}  -> wl_display#1.sync(new id wl_callback#30)
[1518983.645] {mesa egl swrast display queue} wl_shm#27.format(0)
[1518983.648] {mesa egl swrast display queue} wl_shm#27.format(1)
[1518983.655] {Display Queue} wl_display#1.delete_id(30)
[1518983.657] {mesa egl swrast display queue} wl_callback#30.done(314161)
Not using GL: renderer is llvmpipe
Using renderer 'GskGLRenderer' for surface 'GdkWaylandToplevel'
[1519024.102] {Default Queue}  -> xdg_wm_base#20.get_xdg_surface(new id xdg_surface#30, wl_surface#23)
[1519024.110]  -> xdg_surface#30.get_toplevel(new id xdg_toplevel#31)
[1519024.113]  -> xdg_toplevel#31.set_parent(nil)
[1519024.116]  -> xdg_toplevel#31.set_title("WS114 GTK4 baseline")
[1519024.118]  -> xdg_toplevel#31.set_app_id("org.zedbsd.WS114Baseline")
[1519024.121]  -> wl_surface#23.commit()
[1519028.274] {Default Queue}  -> wl_display#1.get_registry(new id wl_registry#32)
[1519028.720] {Default Queue} wl_keyboard#22.keymap(1, fd 5, 6896)
[1519029.264] {Default Queue} wl_keyboard#22.repeat_info(25, 400)
[1519029.802] {Default Queue} wl_registry#32.global(1, "wl_compositor", 4)
[1519029.810] {Default Queue} wl_registry#32.global(2, "xdg_wm_base", 4)
[1519029.813] {Default Queue} wl_registry#32.global(3, "zwp_linux_dmabuf_v1", 3)
[1519029.815] {Default Queue} wl_registry#32.global(4, "wl_output", 4)
[1519029.818] {Default Queue} wl_registry#32.global(5, "wl_seat", 5)
[1519029.820] {Default Queue} wl_registry#32.global(6, "wl_shm", 1)
[1519029.823] {Default Queue} wl_registry#32.global(7, "xdg_menu_manager_v1", 2)
[1519029.825] {Default Queue} wl_registry#32.global(8, "wl_subcompositor", 1)
[1519029.828] {Default Queue} wl_registry#32.global(9, "wl_data_device_manager", 3)
[1519029.830] {Default Queue} wl_registry#32.global(10, "zxdg_decoration_manager_v1", 1)
[1519029.833] {Default Queue} wl_registry#32.global(11, "wp_cursor_shape_manager_v1", 1)
[1519029.835] {Default Queue} wl_registry#32.global(12, "wp_viewporter", 1)
[1519029.837] {Default Queue} wl_registry#32.global(13, "zwp_text_input_manager_v3", 1)
[1519029.841] {Default Queue}  -> wl_registry#32.bind(13, "zwp_text_input_manager_v3", 1, new id [unknown]#33)
[1519029.850] {Default Queue}  -> zwp_text_input_manager_v3#33.get_text_input(new id zwp_text_input_v3#34, wl_seat#14)
[1519029.854] {Default Queue} wl_registry#32.global(16, "keiland_titlebar_manager_v1", 3)
[1519029.856] {Default Queue} wl_registry#32.global(17, "keiland_glass_manager_v1", 2)
[1519029.859] {Default Queue} wl_registry#32.global(18, "zwp_primary_selection_device_manager_v1", 1)
[1519029.861] {Default Queue} wl_registry#32.global(19, "zwp_tablet_manager_v2", 1)
[1519029.864] {Default Queue} wl_registry#32.global(21, "keiland_desktop_manager_v1", 1)
[1519029.866] {Default Queue} wl_registry#32.global(22, "keiland_keyboard_inset_manager_v1", 1)
[1519029.869] {Default Queue} wl_registry#32.global(23, "keiland_edit_manager_v1", 1)
[1519029.871] xdg_toplevel#31.configure_bounds(1256, 690)
[1519029.874] xdg_toplevel#31.configure(0, 0, array[4])
[1519029.878] xdg_surface#30.configure(17)
[1519029.896]  -> xdg_surface#30.ack_configure(17)
[1519033.003]  -> xdg_toplevel#31.set_min_size(485, 338)
[1519033.011]  -> xdg_toplevel#31.set_max_size(0, 0)
[1519040.139] {mesa egl swrast display queue}  -> wl_shm#27.create_pool(new id wl_shm_pool#35, fd 18, 1423968)
[1519040.149] {mesa egl surface queue}  -> wl_shm_pool#35.create_buffer(new id wl_buffer#36, 0, 728, 489, 2912, 0)
[1519040.153] {mesa egl surface queue}  -> wl_shm_pool#35.destroy()
[1519181.308]  -> xdg_toplevel#31.set_min_size(457, 309)
[1519181.341]  -> xdg_toplevel#31.set_max_size(0, 0)
[1519181.349]  -> xdg_surface#30.set_window_geometry(14, 12, 700, 460)
[1519181.357] {Default Queue}  -> wl_compositor#4.create_region(new id wl_region#37)
[1519181.364] {Default Queue}  -> wl_region#37.add(14, 20, 700, 452)
[1519181.369]  -> wl_surface#23.set_opaque_region(wl_region#37)
[1519181.373] {Default Queue}  -> wl_region#37.destroy()
[1519181.378] {Default Queue}  -> wl_compositor#4.create_region(new id wl_region#38)
[1519181.383] {Default Queue}  -> wl_region#38.add(2, 0, 724, 484)
[1519181.388]  -> wl_surface#23.set_input_region(wl_region#38)
[1519181.391] {Default Queue}  -> wl_region#38.destroy()
[1519181.396] {Default Queue}  -> wp_viewport#24.set_destination(728, 489)
[1519181.401]  -> wl_surface#23.frame(new id wl_callback#39)
[1519181.446] {mesa egl surface queue}  -> wl_surface#23.attach(wl_buffer#36, 0, 0)
[1519181.454] {mesa egl surface queue}  -> wl_surface#23.damage_buffer(0, 0, 728, 489)
[1519184.306] {mesa egl surface queue}  -> wl_surface#23.commit()
[1519184.315] {mesa egl surface queue}  -> wl_display#1.sync(new id wl_callback#40)
[1519184.573] {Display Queue} wl_display#1.delete_id(35)
[1519184.581] {Display Queue} wl_display#1.delete_id(37)
[1519184.584] {Display Queue} wl_display#1.delete_id(38)
[1519184.586] {Display Queue} wl_display#1.delete_id(40)
[1519204.869] {Default Queue} wl_data_device#16.selection(nil)
[1519204.894] {Default Queue} zwp_primary_selection_device_v1#15.selection(nil)
[1519204.901] {Default Queue} wl_keyboard#22.enter(18, wl_surface#23, array[0])
[1519204.916] {Default Queue} wl_keyboard#22.modifiers(19, 0, 0, 0, 0)
[1519204.944] {Default Queue} zwp_text_input_v3#34.enter(wl_surface#23)
[1519204.950] {Default Queue}  -> zwp_text_input_v3#34.enable()
[1519204.978] {Default Queue}  -> zwp_text_input_v3#34.set_surrounding_text("q581 clipboard Ω 日本語", 27, 0)
[1519204.984] {Default Queue}  -> zwp_text_input_v3#34.set_text_change_cause(1)
[1519204.998] {Default Queue}  -> zwp_text_input_v3#34.set_content_type(0, 0)
[1519205.014] {Default Queue}  -> zwp_text_input_v3#34.set_cursor_rectangle(189, 112, 0, 32)
[1519205.020] {Default Queue}  -> zwp_text_input_v3#34.commit()
[1519205.024] {Default Queue} wl_pointer#6.enter(20, wl_surface#23, 123.00000000, 64.00000000)
[1519205.033] {Default Queue} wl_pointer#6.frame()
[1519205.048] {Default Queue}  -> wp_cursor_shape_device_v1#21.set_shape(20, 1)
[1519206.045] {Display Queue} wl_display#1.delete_id(39)
[1519206.054] {Default Queue} wl_callback#39.done(314383)
[1519206.701] {mesa egl surface queue} wl_callback#40.done(314361)
[1519206.710] {mesa egl surface queue} wl_buffer#36.release()
[1519206.954]  -> wl_surface#23.frame(new id wl_callback#40)
[1519206.988] {mesa egl surface queue}  -> wl_surface#23.attach(wl_buffer#36, 0, 0)
[1519206.995] {mesa egl surface queue}  -> wl_surface#23.damage_buffer(32, 107, 664, 42)
[1519207.591] {mesa egl surface queue}  -> wl_surface#23.commit()
[1519207.600] {mesa egl surface queue}  -> wl_display#1.sync(new id wl_callback#39)
[1519207.692] {Display Queue} wl_display#1.delete_id(39)
[1519226.057] {Display Queue} wl_display#1.delete_id(40)
[1519226.092] {Default Queue} wl_callback#40.done(314403)
[1519226.578] {mesa egl surface queue} wl_callback#39.done(314385)
[1519226.587] {mesa egl surface queue} wl_buffer#36.release()
[1519226.795]  -> wl_surface#23.frame(new id wl_callback#39)
[1519226.816] {mesa egl surface queue}  -> wl_surface#23.attach(wl_buffer#36, 0, 0)
[1519226.824] {mesa egl surface queue}  -> wl_surface#23.damage_buffer(35, 110, 658, 36)
[1519227.366] {mesa egl surface queue}  -> wl_surface#23.commit()
[1519227.376] {mesa egl surface queue}  -> wl_display#1.sync(new id wl_callback#40)
[1519227.463] {Display Queue} wl_display#1.delete_id(40)
[1519237.664] {Display Queue} wl_display#1.delete_id(39)
[1519237.691] {Default Queue} wl_callback#39.done(314415)
[1519238.175] {mesa egl surface queue} wl_callback#40.done(314404)
[1519238.196] {mesa egl surface queue} wl_buffer#36.release()
[1519238.759]  -> wl_surface#23.frame(new id wl_callback#40)
[1519238.821] {mesa egl surface queue}  -> wl_surface#23.attach(wl_buffer#36, 0, 0)
[1519238.845] {mesa egl surface queue}  -> wl_surface#23.damage_buffer(35, 110, 658, 36)
[1519239.415] {mesa egl surface queue}  -> wl_surface#23.commit()
[1519239.424] {mesa egl surface queue}  -> wl_display#1.sync(new id wl_callback#39)
[1519239.493] {Display Queue} wl_display#1.delete_id(39)
[1519249.701] {Display Queue} wl_display#1.delete_id(40)
[1519249.712] {Default Queue} wl_callback#40.done(314427)
[1519249.896] {mesa egl surface queue} wl_callback#39.done(314417)
[1519249.901] {mesa egl surface queue} wl_buffer#36.release()
[1519250.112]  -> wl_surface#23.frame(new id wl_callback#39)
[1519250.132] {mesa egl surface queue}  -> wl_surface#23.attach(wl_buffer#36, 0, 0)
[1519250.140] {mesa egl surface queue}  -> wl_surface#23.damage_buffer(35, 110, 658, 36)
[1519250.747] {mesa egl surface queue}  -> wl_surface#23.commit()
[1519250.757] {mesa egl surface queue}  -> wl_display#1.sync(new id wl_callback#40)
[1519250.825] {Display Queue} wl_display#1.delete_id(40)
[1519261.114] {Display Queue} wl_display#1.delete_id(39)
[1519261.138] {Default Queue} wl_callback#39.done(314438)
[1519261.495] {mesa egl surface queue} wl_callback#40.done(314428)
[1519261.512] {mesa egl surface queue} wl_buffer#36.release()
[1519261.915]  -> wl_surface#23.frame(new id wl_callback#40)
[1519261.935] {mesa egl surface queue}  -> wl_surface#23.attach(wl_buffer#36, 0, 0)
[1519261.943] {mesa egl surface queue}  -> wl_surface#23.damage_buffer(35, 110, 658, 36)
[1519262.532] {mesa egl surface queue}  -> wl_surface#23.commit()
[1519262.542] {mesa egl surface queue}  -> wl_display#1.sync(new id wl_callback#39)
[1519262.609] {Display Queue} wl_display#1.delete_id(39)
[1519272.643] {Display Queue} wl_display#1.delete_id(40)
[1519272.653] {Default Queue} wl_callback#40.done(314450)
[1519272.821] {mesa egl surface queue} wl_callback#39.done(314440)
[1519272.827] {mesa egl surface queue} wl_buffer#36.release()
[1519273.033]  -> wl_surface#23.frame(new id wl_callback#39)
[1519273.056] {mesa egl surface queue}  -> wl_surface#23.attach(wl_buffer#36, 0, 0)
[1519273.065] {mesa egl surface queue}  -> wl_surface#23.damage_buffer(35, 110, 658, 36)
[1519273.611] {mesa egl surface queue}  -> wl_surface#23.commit()
[1519273.634] {mesa egl surface queue}  -> wl_display#1.sync(new id wl_callback#40)
[1519273.689] {Display Queue} wl_display#1.delete_id(40)
[1519284.036] {Display Queue} wl_display#1.delete_id(39)
[1519284.045] {Default Queue} wl_callback#39.done(314461)
[1519284.213] {mesa egl surface queue} wl_callback#40.done(314451)
[1519284.246] {mesa egl surface queue} wl_buffer#36.release()
[1519284.475]  -> wl_surface#23.frame(new id wl_callback#40)
[1519284.497] {mesa egl surface queue}  -> wl_surface#23.attach(wl_buffer#36, 0, 0)
[1519284.505] {mesa egl surface queue}  -> wl_surface#23.damage_buffer(35, 110, 658, 36)
[1519285.018] {mesa egl surface queue}  -> wl_surface#23.commit()
[1519285.029] {mesa egl surface queue}  -> wl_display#1.sync(new id wl_callback#39)
[1519285.083] {Display Queue} wl_display#1.delete_id(39)
[1519294.648] {Display Queue} wl_display#1.delete_id(40)
[1519294.677] {Default Queue} wl_callback#40.done(314472)
[1519294.942] {mesa egl surface queue} wl_callback#39.done(314462)
[1519294.948] {mesa egl surface queue} wl_buffer#36.release()
[1519295.167]  -> wl_surface#23.frame(new id wl_callback#39)
[1519295.451] {mesa egl surface queue}  -> wl_surface#23.attach(wl_buffer#36, 0, 0)
[1519295.460] {mesa egl surface queue}  -> wl_surface#23.damage_buffer(35, 110, 658, 36)
[1519295.688] {mesa egl surface queue}  -> wl_surface#23.commit()
[1519295.697] {mesa egl surface queue}  -> wl_display#1.sync(new id wl_callback#40)
[1519295.772] {Display Queue} wl_display#1.delete_id(40)
[1519306.998] {Display Queue} wl_display#1.delete_id(39)
[1519307.024] {Default Queue} wl_callback#39.done(314484)
[1519307.402] {mesa egl surface queue} wl_callback#40.done(314473)
[1519307.419] {mesa egl surface queue} wl_buffer#36.release()
[1519307.877]  -> wl_surface#23.frame(new id wl_callback#40)
[1519307.914] {mesa egl surface queue}  -> wl_surface#23.attach(wl_buffer#36, 0, 0)
[1519307.926] {mesa egl surface queue}  -> wl_surface#23.damage_buffer(35, 110, 658, 36)
[1519308.812] {mesa egl surface queue}  -> wl_surface#23.commit()
[1519308.832] {mesa egl surface queue}  -> wl_display#1.sync(new id wl_callback#39)
[1519308.999] {Display Queue} wl_display#1.delete_id(39)
[1519324.111] {Display Queue} wl_display#1.delete_id(40)
[1519324.131] {Default Queue} wl_callback#40.done(314501)
[1519324.428] {mesa egl surface queue} wl_callback#39.done(314486)
[1519324.441] {mesa egl surface queue} wl_buffer#36.release()
[1519324.760]  -> wl_surface#23.frame(new id wl_callback#39)
[1519324.786] {mesa egl surface queue}  -> wl_surface#23.attach(wl_buffer#36, 0, 0)
[1519324.795] {mesa egl surface queue}  -> wl_surface#23.damage_buffer(35, 110, 658, 36)
[1519325.551] {mesa egl surface queue}  -> wl_surface#23.commit()
[1519325.564] {mesa egl surface queue}  -> wl_display#1.sync(new id wl_callback#40)
[1519325.653] {Display Queue} wl_display#1.delete_id(40)
[1519337.400] {Display Queue} wl_display#1.delete_id(39)
[1519337.427] {Default Queue} wl_callback#39.done(314514)
[1519337.783] {mesa egl surface queue} wl_callback#40.done(314503)
[1519337.798] {mesa egl surface queue} wl_buffer#36.release()
[1519338.136]  -> wl_surface#23.frame(new id wl_callback#40)
[1519338.164] {mesa egl surface queue}  -> wl_surface#23.attach(wl_buffer#36, 0, 0)
[1519338.172] {mesa egl surface queue}  -> wl_surface#23.damage_buffer(35, 110, 658, 36)
[1519338.900] {mesa egl surface queue}  -> wl_surface#23.commit()
[1519338.916] {mesa egl surface queue}  -> wl_display#1.sync(new id wl_callback#39)
[1519339.035] {Display Queue} wl_display#1.delete_id(39)
[1519355.262] {Display Queue} wl_display#1.delete_id(40)
[1519355.290] {Default Queue} wl_callback#40.done(314532)
[1520067.502] {Default Queue} wl_pointer#6.motion(315244, 711.00000000, 469.00000000)
[1520067.553] {Default Queue} wl_pointer#6.frame()
[1520117.292] {Default Queue} wl_pointer#6.button(21, 315294, 272, 1)
[1520117.344] {Default Queue} xdg_wm_base#20.ping(22)
[1520117.358] {Default Queue}  -> xdg_wm_base#20.pong(22)
[1520117.368] {Default Queue} wl_pointer#6.frame()
[1520371.012] {Default Queue} wl_pointer#6.motion(315548, 719.00000000, 473.00000000)
[1520371.059] {Default Queue} wl_pointer#6.frame()
[1520371.194] {Default Queue}  -> wp_cursor_shape_device_v1#21.set_shape(20, 23)
[1520470.088] {Default Queue} wl_pointer#6.motion(315647, 727.00000000, 477.00000000)
[1520470.138] {Default Queue} wl_pointer#6.frame()
[1520570.956] {Default Queue} wl_pointer#6.motion(315748, 735.00000000, 481.00000000)
[1520571.052] {Default Queue} wl_pointer#6.frame()
[1520571.194] {Default Queue}  -> wp_cursor_shape_device_v1#21.set_shape(20, 22)
[1520670.306] {Default Queue} wl_pointer#6.motion(315847, 743.00000000, 485.00000000)
[1520670.356] {Default Queue} wl_pointer#6.frame()
[1520776.617] {Default Queue} wl_pointer#6.motion(315953, 751.00000000, 489.00000000)
[1520776.670] {Default Queue} wl_pointer#6.frame()
[1520884.214] {Default Queue} wl_pointer#6.motion(316061, 759.00000000, 493.00000000)
[1520884.270] {Default Queue} wl_pointer#6.frame()
[1520884.463] {Default Queue}  -> wp_cursor_shape_device_v1#21.set_shape(20, 1)
[1520985.705] {Default Queue} wl_pointer#6.motion(316162, 767.00000000, 497.00000000)
[1520985.758] {Default Queue} wl_pointer#6.frame()
[1521093.497] {Default Queue} wl_pointer#6.motion(316270, 775.00000000, 501.00000000)
[1521093.552] {Default Queue} wl_pointer#6.frame()
[1521192.245] {Default Queue} wl_pointer#6.motion(316369, 783.00000000, 505.00000000)
[1521192.297] {Default Queue} wl_pointer#6.frame()
[1521290.159] {Default Queue} wl_pointer#6.motion(316467, 791.00000000, 509.00000000)
[1521290.214] {Default Queue} wl_pointer#6.frame()
[1521388.337] {Default Queue} wl_pointer#6.button(23, 316565, 272, 0)
[1521388.416] {Default Queue} wl_pointer#6.frame()
[1544854.532] {Default Queue} wl_pointer#6.motion(340031, 720.00000000, 481.00000000)
[1544854.583] {Default Queue} wl_pointer#6.frame()
[1544854.732] {Default Queue}  -> wp_cursor_shape_device_v1#21.set_shape(20, 23)
[1544919.642] {Default Queue} wl_pointer#6.button(24, 340086, 272, 1)
[1544919.677] {Default Queue} xdg_wm_base#20.ping(25)
[1544919.685] {Default Queue}  -> xdg_wm_base#20.pong(25)
[1544919.691] {Default Queue} wl_pointer#6.frame()
[1544919.877]  -> xdg_toplevel#31.resize(wl_seat#14, 24, 10)
[1545164.485] {Default Queue} wl_pointer#6.frame()
[1545164.523] xdg_toplevel#31.configure_bounds(1256, 690)
[1545164.536] xdg_toplevel#31.configure(710, 466, array[8])
[1545164.547] xdg_surface#30.configure(26)
[1545164.574]  -> xdg_surface#30.ack_configure(26)
[1545166.917] {mesa egl surface queue} wl_callback#39.done(314516)
[1545166.946] {mesa egl surface queue} wl_buffer#36.release()
[1545166.957] {mesa egl surface queue}  -> wl_buffer#36.destroy()
[1545167.048] {mesa egl swrast display queue}  -> wl_shm#27.create_pool(new id wl_shm_pool#39, fd 18, 1461240)
[1545167.064] {mesa egl surface queue}  -> wl_shm_pool#39.create_buffer(new id wl_buffer#40, 0, 738, 495, 2952, 0)
[1545167.076] {mesa egl surface queue}  -> wl_shm_pool#39.destroy()
[1545185.111]  -> xdg_surface#30.set_window_geometry(14, 12, 710, 466)
[1545185.138] {Default Queue}  -> wl_compositor#4.create_region(new id wl_region#38)
[1545185.150] {Default Queue}  -> wl_region#38.add(14, 20, 710, 458)
[1545185.159]  -> wl_surface#23.set_opaque_region(wl_region#38)
[1545185.167] {Default Queue}  -> wl_region#38.destroy()
[1545185.175] {Default Queue}  -> wl_compositor#4.create_region(new id wl_region#37)
[1545185.183] {Default Queue}  -> wl_region#37.add(2, 0, 734, 490)
[1545185.192]  -> wl_surface#23.set_input_region(wl_region#37)
[1545185.198] {Default Queue}  -> wl_region#37.destroy()
[1545185.205] {Default Queue}  -> wp_viewport#24.set_destination(738, 495)
[1545185.214]  -> wl_surface#23.frame(new id wl_callback#35)
[1545185.249] {mesa egl surface queue}  -> wl_surface#23.attach(wl_buffer#40, 0, 0)
[1545185.259] {mesa egl surface queue}  -> wl_surface#23.damage_buffer(0, 0, 738, 495)
[1545188.945] {mesa egl surface queue}  -> wl_surface#23.commit()
[1545188.962] {mesa egl surface queue}  -> wl_display#1.sync(new id wl_callback#41)
[1545194.826] {Display Queue} wl_display#1.delete_id(36)
[1545194.843] {Display Queue} wl_display#1.delete_id(39)
[1545194.848] {Display Queue} wl_display#1.delete_id(38)
[1545194.853] {Display Queue} wl_display#1.delete_id(37)
[1545194.858] {Display Queue} wl_display#1.delete_id(41)
[1545212.626] {Display Queue} wl_display#1.delete_id(35)
[1545212.655] {Default Queue} wl_callback#35.done(340389)
[1545262.874] {Default Queue} wl_pointer#6.frame()
[1545262.905] xdg_toplevel#31.configure_bounds(1256, 690)
[1545262.918] xdg_toplevel#31.configure(720, 472, array[8])
[1545262.929] xdg_surface#30.configure(27)
[1545262.951]  -> xdg_surface#30.ack_configure(27)
[1545265.769] {mesa egl surface queue} wl_callback#41.done(340372)
[1545265.795] {mesa egl surface queue} wl_buffer#40.release()
[1545265.806] {mesa egl surface queue}  -> wl_buffer#40.destroy()
[1545265.880] {mesa egl swrast display queue}  -> wl_shm#27.create_pool(new id wl_shm_pool#41, fd 18, 1498992)
[1545265.895] {mesa egl surface queue}  -> wl_shm_pool#41.create_buffer(new id wl_buffer#35, 0, 748, 501, 2992, 0)
[1545265.907] {mesa egl surface queue}  -> wl_shm_pool#41.destroy()
[1545279.259]  -> xdg_surface#30.set_window_geometry(14, 12, 720, 472)
[1545279.280] {Default Queue}  -> wl_compositor#4.create_region(new id wl_region#37)
[1545279.289] {Default Queue}  -> wl_region#37.add(14, 20, 720, 464)
[1545279.296]  -> wl_surface#23.set_opaque_region(wl_region#37)
[1545279.302] {Default Queue}  -> wl_region#37.destroy()
[1545279.308] {Default Queue}  -> wl_compositor#4.create_region(new id wl_region#38)
[1545279.315] {Default Queue}  -> wl_region#38.add(2, 0, 744, 496)
[1545279.322]  -> wl_surface#23.set_input_region(wl_region#38)
[1545279.327] {Default Queue}  -> wl_region#38.destroy()
[1545279.333] {Default Queue}  -> wp_viewport#24.set_destination(748, 501)
[1545279.340]  -> wl_surface#23.frame(new id wl_callback#39)
[1545279.368] {mesa egl surface queue}  -> wl_surface#23.attach(wl_buffer#35, 0, 0)
[1545279.375] {mesa egl surface queue}  -> wl_surface#23.damage_buffer(0, 0, 748, 501)
[1545283.395] {mesa egl surface queue}  -> wl_surface#23.commit()
[1545283.410] {mesa egl surface queue}  -> wl_display#1.sync(new id wl_callback#36)
[1545290.060] {Display Queue} wl_display#1.delete_id(40)
[1545290.076] {Display Queue} wl_display#1.delete_id(41)
[1545290.081] {Display Queue} wl_display#1.delete_id(37)
[1545290.085] {Display Queue} wl_display#1.delete_id(38)
[1545290.089] {Display Queue} wl_display#1.delete_id(36)
[1545310.080] {Display Queue} wl_display#1.delete_id(39)
[1545310.111] {Default Queue} wl_callback#39.done(340487)
[1545325.677] {Default Queue}  -> wp_cursor_shape_device_v1#21.set_shape(20, 1)
[1545362.278] {Default Queue} wl_pointer#6.frame()
[1545362.312] xdg_toplevel#31.configure_bounds(1256, 690)
[1545362.325] xdg_toplevel#31.configure(730, 478, array[8])
[1545362.337] xdg_surface#30.configure(28)
[1545362.362]  -> xdg_surface#30.ack_configure(28)
[1545365.429] {mesa egl surface queue} wl_callback#36.done(340467)
[1545365.458] {mesa egl surface queue} wl_buffer#35.release()
[1545365.469] {mesa egl surface queue}  -> wl_buffer#35.destroy()
[1545365.551] {mesa egl swrast display queue}  -> wl_shm#27.create_pool(new id wl_shm_pool#36, fd 18, 1537224)
[1545365.566] {mesa egl surface queue}  -> wl_shm_pool#36.create_buffer(new id wl_buffer#39, 0, 758, 507, 3032, 0)
[1545365.581] {mesa egl surface queue}  -> wl_shm_pool#36.destroy()
[1545375.246]  -> xdg_surface#30.set_window_geometry(14, 12, 730, 478)
[1545375.265] {Default Queue}  -> wl_compositor#4.create_region(new id wl_region#38)
[1545375.273] {Default Queue}  -> wl_region#38.add(14, 20, 730, 470)
[1545375.280]  -> wl_surface#23.set_opaque_region(wl_region#38)
[1545375.286] {Default Queue}  -> wl_region#38.destroy()
[1545375.292] {Default Queue}  -> wl_compositor#4.create_region(new id wl_region#37)
[1545375.297] {Default Queue}  -> wl_region#37.add(2, 0, 754, 502)
[1545375.304]  -> wl_surface#23.set_input_region(wl_region#37)
[1545375.309] {Default Queue}  -> wl_region#37.destroy()
[1545375.314] {Default Queue}  -> wp_viewport#24.set_destination(758, 507)
[1545375.321]  -> wl_surface#23.frame(new id wl_callback#41)
[1545375.348] {mesa egl surface queue}  -> wl_surface#23.attach(wl_buffer#39, 0, 0)
[1545375.356] {mesa egl surface queue}  -> wl_surface#23.damage_buffer(0, 0, 758, 507)
[1545379.552] {mesa egl surface queue}  -> wl_surface#23.commit()
[1545379.567] {mesa egl surface queue}  -> wl_display#1.sync(new id wl_callback#40)
[1545385.989] {Display Queue} wl_display#1.delete_id(35)
[1545386.009] {Display Queue} wl_display#1.delete_id(36)
[1545386.015] {Display Queue} wl_display#1.delete_id(38)
[1545386.019] {Display Queue} wl_display#1.delete_id(37)
[1545386.023] {Display Queue} wl_display#1.delete_id(40)
[1545402.051] {Display Queue} wl_display#1.delete_id(41)
[1545402.076] {Default Queue} wl_callback#41.done(340579)
[1545463.670] {Default Queue} wl_pointer#6.frame()
[1545463.702] xdg_toplevel#31.configure_bounds(1256, 690)
[1545463.714] xdg_toplevel#31.configure(740, 484, array[8])
[1545463.726] xdg_surface#30.configure(29)
[1545463.747]  -> xdg_surface#30.ack_configure(29)
[1545466.864] {mesa egl surface queue} wl_callback#40.done(340563)
[1545466.893] {mesa egl surface queue} wl_buffer#39.release()
[1545466.904] {mesa egl surface queue}  -> wl_buffer#39.destroy()
[1545466.982] {mesa egl swrast display queue}  -> wl_shm#27.create_pool(new id wl_shm_pool#40, fd 18, 1575936)
[1545466.997] {mesa egl surface queue}  -> wl_shm_pool#40.create_buffer(new id wl_buffer#41, 0, 768, 513, 3072, 0)
[1545467.009] {mesa egl surface queue}  -> wl_shm_pool#40.destroy()
[1545478.492]  -> xdg_surface#30.set_window_geometry(14, 12, 740, 484)
[1545478.511] {Default Queue}  -> wl_compositor#4.create_region(new id wl_region#37)
[1545478.519] {Default Queue}  -> wl_region#37.add(14, 20, 740, 476)
[1545478.526]  -> wl_surface#23.set_opaque_region(wl_region#37)
[1545478.532] {Default Queue}  -> wl_region#37.destroy()
[1545478.539] {Default Queue}  -> wl_compositor#4.create_region(new id wl_region#38)
[1545478.545] {Default Queue}  -> wl_region#38.add(2, 0, 764, 508)
[1545478.552]  -> wl_surface#23.set_input_region(wl_region#38)
[1545478.557] {Default Queue}  -> wl_region#38.destroy()
[1545478.562] {Default Queue}  -> wp_viewport#24.set_destination(768, 513)
[1545478.569]  -> wl_surface#23.frame(new id wl_callback#36)
[1545478.596] {mesa egl surface queue}  -> wl_surface#23.attach(wl_buffer#41, 0, 0)
[1545478.604] {mesa egl surface queue}  -> wl_surface#23.damage_buffer(0, 0, 768, 513)
[1545487.936] {mesa egl surface queue}  -> wl_surface#23.commit()
[1545487.948] {mesa egl surface queue}  -> wl_display#1.sync(new id wl_callback#35)
[1545491.812] {Display Queue} wl_display#1.delete_id(39)
[1545491.826] {Display Queue} wl_display#1.delete_id(40)
[1545491.831] {Display Queue} wl_display#1.delete_id(37)
[1545491.834] {Display Queue} wl_display#1.delete_id(38)
[1545491.837] {Display Queue} wl_display#1.delete_id(35)
[1545509.235] {Display Queue} wl_display#1.delete_id(36)
[1545509.246] {Default Queue} wl_callback#36.done(340686)
[1545564.116] {Default Queue} wl_pointer#6.frame()
[1545564.147] xdg_toplevel#31.configure_bounds(1256, 690)
[1545564.159] xdg_toplevel#31.configure(750, 490, array[8])
[1545564.171] xdg_surface#30.configure(30)
[1545564.192]  -> xdg_surface#30.ack_configure(30)
[1545567.660] {mesa egl surface queue} wl_callback#35.done(340669)
[1545567.688] {mesa egl surface queue} wl_buffer#41.release()
[1545567.698] {mesa egl surface queue}  -> wl_buffer#41.destroy()
[1545567.771] {mesa egl swrast display queue}  -> wl_shm#27.create_pool(new id wl_shm_pool#35, fd 18, 1615128)
[1545567.786] {mesa egl surface queue}  -> wl_shm_pool#35.create_buffer(new id wl_buffer#36, 0, 778, 519, 3112, 0)
[1545567.797] {mesa egl surface queue}  -> wl_shm_pool#35.destroy()
[1545585.460]  -> xdg_surface#30.set_window_geometry(14, 12, 750, 490)
[1545585.480] {Default Queue}  -> wl_compositor#4.create_region(new id wl_region#38)
[1545585.489] {Default Queue}  -> wl_region#38.add(14, 20, 750, 482)
[1545585.496]  -> wl_surface#23.set_opaque_region(wl_region#38)
[1545585.502] {Default Queue}  -> wl_region#38.destroy()
[1545585.507] {Default Queue}  -> wl_compositor#4.create_region(new id wl_region#37)
[1545585.513] {Default Queue}  -> wl_region#37.add(2, 0, 774, 514)
[1545585.520]  -> wl_surface#23.set_input_region(wl_region#37)
[1545585.525] {Default Queue}  -> wl_region#37.destroy()
[1545585.530] {Default Queue}  -> wp_viewport#24.set_destination(778, 519)
[1545585.545]  -> wl_surface#23.frame(new id wl_callback#40)
[1545585.574] {mesa egl surface queue}  -> wl_surface#23.attach(wl_buffer#36, 0, 0)
[1545585.582] {mesa egl surface queue}  -> wl_surface#23.damage_buffer(0, 0, 778, 519)
[1545587.267] {mesa egl surface queue}  -> wl_surface#23.commit()
[1545587.275] {mesa egl surface queue}  -> wl_display#1.sync(new id wl_callback#39)
[1545590.067] {Display Queue} wl_display#1.delete_id(41)
[1545590.080] {Display Queue} wl_display#1.delete_id(35)
[1545590.084] {Display Queue} wl_display#1.delete_id(38)
[1545590.087] {Display Queue} wl_display#1.delete_id(37)
[1545590.090] {Display Queue} wl_display#1.delete_id(39)
[1545607.227] {Display Queue} wl_display#1.delete_id(40)
[1545607.257] {Default Queue} wl_callback#40.done(340784)
[1545670.922] {Default Queue} wl_pointer#6.frame()
[1545670.954] xdg_toplevel#31.configure_bounds(1256, 690)
[1545670.966] xdg_toplevel#31.configure(760, 496, array[8])
[1545670.977] xdg_surface#30.configure(31)
[1545671.000]  -> xdg_surface#30.ack_configure(31)
[1545674.645] {mesa egl surface queue} wl_callback#39.done(340767)
[1545674.674] {mesa egl surface queue} wl_buffer#36.release()
[1545674.685] {mesa egl surface queue}  -> wl_buffer#36.destroy()
[1545674.761] {mesa egl swrast display queue}  -> wl_shm#27.create_pool(new id wl_shm_pool#39, fd 18, 1654800)
[1545674.776] {mesa egl surface queue}  -> wl_shm_pool#39.create_buffer(new id wl_buffer#40, 0, 788, 525, 3152, 0)
[1545674.788] {mesa egl surface queue}  -> wl_shm_pool#39.destroy()
[1545694.695]  -> xdg_surface#30.set_window_geometry(14, 12, 760, 496)
[1545694.716] {Default Queue}  -> wl_compositor#4.create_region(new id wl_region#37)
[1545694.724] {Default Queue}  -> wl_region#37.add(14, 20, 760, 488)
[1545694.731]  -> wl_surface#23.set_opaque_region(wl_region#37)
[1545694.737] {Default Queue}  -> wl_region#37.destroy()
[1545694.743] {Default Queue}  -> wl_compositor#4.create_region(new id wl_region#38)
[1545694.749] {Default Queue}  -> wl_region#38.add(2, 0, 784, 520)
[1545694.755]  -> wl_surface#23.set_input_region(wl_region#38)
[1545694.760] {Default Queue}  -> wl_region#38.destroy()
[1545694.766] {Default Queue}  -> wp_viewport#24.set_destination(788, 525)
[1545694.772]  -> wl_surface#23.frame(new id wl_callback#35)
[1545694.802] {mesa egl surface queue}  -> wl_surface#23.attach(wl_buffer#40, 0, 0)
[1545694.810] {mesa egl surface queue}  -> wl_surface#23.damage_buffer(0, 0, 788, 525)
[1545697.394] {mesa egl surface queue}  -> wl_surface#23.commit()
[1545697.403] {mesa egl surface queue}  -> wl_display#1.sync(new id wl_callback#41)
[1545699.999] {Display Queue} wl_display#1.delete_id(36)
[1545700.013] {Display Queue} wl_display#1.delete_id(39)
[1545700.017] {Display Queue} wl_display#1.delete_id(37)
[1545700.021] {Display Queue} wl_display#1.delete_id(38)
[1545700.024] {Display Queue} wl_display#1.delete_id(41)
[1545717.282] {Display Queue} wl_display#1.delete_id(35)
[1545717.306] {Default Queue} wl_callback#35.done(340894)
[1545766.262] {Default Queue} wl_pointer#6.frame()
[1545766.292] xdg_toplevel#31.configure_bounds(1256, 690)
[1545766.305] xdg_toplevel#31.configure(770, 502, array[8])
[1545766.316] xdg_surface#30.configure(32)
[1545766.337]  -> xdg_surface#30.ack_configure(32)
[1545769.973] {mesa egl surface queue} wl_callback#41.done(340877)
[1545770.001] {mesa egl surface queue} wl_buffer#40.release()
[1545770.012] {mesa egl surface queue}  -> wl_buffer#40.destroy()
[1545770.086] {mesa egl swrast display queue}  -> wl_shm#27.create_pool(new id wl_shm_pool#41, fd 18, 1694952)
[1545770.101] {mesa egl surface queue}  -> wl_shm_pool#41.create_buffer(new id wl_buffer#35, 0, 798, 531, 3192, 0)
[1545770.113] {mesa egl surface queue}  -> wl_shm_pool#41.destroy()
[1545788.541]  -> xdg_surface#30.set_window_geometry(14, 12, 770, 502)
[1545788.556] {Default Queue}  -> wl_compositor#4.create_region(new id wl_region#38)
[1545788.562] {Default Queue}  -> wl_region#38.add(14, 20, 770, 494)
[1545788.567]  -> wl_surface#23.set_opaque_region(wl_region#38)
[1545788.571] {Default Queue}  -> wl_region#38.destroy()
[1545788.582] {Default Queue}  -> wl_compositor#4.create_region(new id wl_region#37)
[1545788.588] {Default Queue}  -> wl_region#37.add(2, 0, 794, 526)
[1545788.592]  -> wl_surface#23.set_input_region(wl_region#37)
[1545788.596] {Default Queue}  -> wl_region#37.destroy()
[1545788.599] {Default Queue}  -> wp_viewport#24.set_destination(798, 531)
[1545788.604]  -> wl_surface#23.frame(new id wl_callback#39)
[1545788.627] {mesa egl surface queue}  -> wl_surface#23.attach(wl_buffer#35, 0, 0)
[1545788.632] {mesa egl surface queue}  -> wl_surface#23.damage_buffer(0, 0, 798, 531)
[1545791.241] {mesa egl surface queue}  -> wl_surface#23.commit()
[1545791.250] {mesa egl surface queue}  -> wl_display#1.sync(new id wl_callback#36)
[1545792.076] {Display Queue} wl_display#1.delete_id(40)
[1545792.086] {Display Queue} wl_display#1.delete_id(41)
[1545792.090] {Display Queue} wl_display#1.delete_id(38)
[1545792.093] {Display Queue} wl_display#1.delete_id(37)
[1545792.096] {Display Queue} wl_display#1.delete_id(36)
[1545809.157] {Display Queue} wl_display#1.delete_id(39)
[1545809.181] {Default Queue} wl_callback#39.done(340986)
[1545867.091] {Default Queue} wl_pointer#6.frame()
[1545867.124] xdg_toplevel#31.configure_bounds(1256, 690)
[1545867.136] xdg_toplevel#31.configure(780, 508, array[8])
[1545867.148] xdg_surface#30.configure(33)
[1545867.171]  -> xdg_surface#30.ack_configure(33)
[1545874.712] {mesa egl surface queue} wl_callback#36.done(340969)
[1545874.741] {mesa egl surface queue} wl_buffer#35.release()
[1545874.753] {mesa egl surface queue}  -> wl_buffer#35.destroy()
[1545874.827] {mesa egl swrast display queue}  -> wl_shm#27.create_pool(new id wl_shm_pool#36, fd 18, 1735584)
[1545874.842] {mesa egl surface queue}  -> wl_shm_pool#36.create_buffer(new id wl_buffer#39, 0, 808, 537, 3232, 0)
[1545874.854] {mesa egl surface queue}  -> wl_shm_pool#36.destroy()
[1545895.299]  -> xdg_surface#30.set_window_geometry(14, 12, 780, 508)
[1545895.320] {Default Queue}  -> wl_compositor#4.create_region(new id wl_region#37)
[1545895.329] {Default Queue}  -> wl_region#37.add(14, 20, 780, 500)
[1545895.336]  -> wl_surface#23.set_opaque_region(wl_region#37)
[1545895.341] {Default Queue}  -> wl_region#37.destroy()
[1545895.347] {Default Queue}  -> wl_compositor#4.create_region(new id wl_region#38)
[1545895.353] {Default Queue}  -> wl_region#38.add(2, 0, 804, 532)
[1545895.359]  -> wl_surface#23.set_input_region(wl_region#38)
[1545895.364] {Default Queue}  -> wl_region#38.destroy()
[1545895.369] {Default Queue}  -> wp_viewport#24.set_destination(808, 537)
[1545895.375]  -> wl_surface#23.frame(new id wl_callback#41)
[1545895.403] {mesa egl surface queue}  -> wl_surface#23.attach(wl_buffer#39, 0, 0)
[1545895.410] {mesa egl surface queue}  -> wl_surface#23.damage_buffer(0, 0, 808, 537)
[1545899.948] {mesa egl surface queue}  -> wl_surface#23.commit()
[1545899.962] {mesa egl surface queue}  -> wl_display#1.sync(new id wl_callback#40)
[1545900.198] {Display Queue} wl_display#1.delete_id(35)
[1545900.208] {Display Queue} wl_display#1.delete_id(36)
[1545900.212] {Display Queue} wl_display#1.delete_id(37)
[1545900.215] {Display Queue} wl_display#1.delete_id(38)
[1545900.218] {Display Queue} wl_display#1.delete_id(40)
[1545918.708] {Display Queue} wl_display#1.delete_id(41)
[1545918.738] {Default Queue} wl_callback#41.done(341095)
[1545964.732] {Default Queue} wl_pointer#6.frame()
[1545964.763] xdg_toplevel#31.configure_bounds(1256, 690)
[1545964.776] xdg_toplevel#31.configure(790, 514, array[8])
[1545964.787] xdg_surface#30.configure(34)
[1545964.808]  -> xdg_surface#30.ack_configure(34)
[1545967.797] {mesa egl surface queue} wl_callback#40.done(341077)
[1545967.832] {mesa egl surface queue} wl_buffer#39.release()
[1545967.853] {mesa egl surface queue}  -> wl_buffer#39.destroy()
[1545967.946] {mesa egl swrast display queue}  -> wl_shm#27.create_pool(new id wl_shm_pool#40, fd 18, 1776696)
[1545967.968] {mesa egl surface queue}  -> wl_shm_pool#40.create_buffer(new id wl_buffer#41, 0, 818, 543, 3272, 0)
[1545967.988] {mesa egl surface queue}  -> wl_shm_pool#40.destroy()
[1545983.417]  -> xdg_surface#30.set_window_geometry(14, 12, 790, 514)
[1545984.281] {Default Queue}  -> wl_compositor#4.create_region(new id wl_region#38)
[1545984.323] {Default Queue}  -> wl_region#38.add(14, 20, 790, 506)
[1545984.334]  -> wl_surface#23.set_opaque_region(wl_region#38)
[1545984.344] {Default Queue}  -> wl_region#38.destroy()
[1545984.353] {Default Queue}  -> wl_compositor#4.create_region(new id wl_region#37)
[1545984.362] {Default Queue}  -> wl_region#37.add(2, 0, 814, 538)
[1545984.373]  -> wl_surface#23.set_input_region(wl_region#37)
[1545984.381] {Default Queue}  -> wl_region#37.destroy()
[1545984.389] {Default Queue}  -> wp_viewport#24.set_destination(818, 543)
[1545984.399]  -> wl_surface#23.frame(new id wl_callback#36)
[1545984.475] {mesa egl surface queue}  -> wl_surface#23.attach(wl_buffer#41, 0, 0)
[1545984.490] {mesa egl surface queue}  -> wl_surface#23.damage_buffer(0, 0, 818, 543)
[1545988.615] {mesa egl surface queue}  -> wl_surface#23.commit()
[1545988.633] {mesa egl surface queue}  -> wl_display#1.sync(new id wl_callback#35)
[1545995.977] {Display Queue} wl_display#1.delete_id(39)
[1545996.006] {Display Queue} wl_display#1.delete_id(40)
[1545996.015] {Display Queue} wl_display#1.delete_id(38)
[1545996.024] {Display Queue} wl_display#1.delete_id(37)
[1545996.031] {Display Queue} wl_display#1.delete_id(35)
[1546017.877] {Display Queue} wl_display#1.delete_id(36)
[1546017.906] {Default Queue} wl_callback#36.done(341195)
[1546060.921] {Default Queue} wl_pointer#6.frame()
[1546060.953] xdg_toplevel#31.configure_bounds(1256, 690)
[1546060.965] xdg_toplevel#31.configure(800, 520, array[8])
[1546060.977] xdg_surface#30.configure(35)
[1546060.998]  -> xdg_surface#30.ack_configure(35)
[1546064.302] {mesa egl surface queue} wl_callback#35.done(341173)
[1546064.335] {mesa egl surface queue} wl_buffer#41.release()
[1546064.349] {mesa egl surface queue}  -> wl_buffer#41.destroy()
[1546064.459] {mesa egl swrast display queue}  -> wl_shm#27.create_pool(new id wl_shm_pool#35, fd 18, 1818288)
[1546064.476] {mesa egl surface queue}  -> wl_shm_pool#35.create_buffer(new id wl_buffer#36, 0, 828, 549, 3312, 0)
[1546064.488] {mesa egl surface queue}  -> wl_shm_pool#35.destroy()
[1546075.939]  -> xdg_surface#30.set_window_geometry(14, 12, 800, 520)
[1546075.962] {Default Queue}  -> wl_compositor#4.create_region(new id wl_region#37)
[1546075.972] {Default Queue}  -> wl_region#37.add(14, 20, 800, 512)
[1546075.981]  -> wl_surface#23.set_opaque_region(wl_region#37)
[1546075.988] {Default Queue}  -> wl_region#37.destroy()
[1546075.995] {Default Queue}  -> wl_compositor#4.create_region(new id wl_region#38)
[1546076.002] {Default Queue}  -> wl_region#38.add(2, 0, 824, 544)
[1546076.010]  -> wl_surface#23.set_input_region(wl_region#38)
[1546076.017] {Default Queue}  -> wl_region#38.destroy()
[1546076.024] {Default Queue}  -> wp_viewport#24.set_destination(828, 549)
[1546076.031]  -> wl_surface#23.frame(new id wl_callback#40)
[1546076.064] {mesa egl surface queue}  -> wl_surface#23.attach(wl_buffer#36, 0, 0)
[1546076.073] {mesa egl surface queue}  -> wl_surface#23.damage_buffer(0, 0, 828, 549)
[1546081.417] {mesa egl surface queue}  -> wl_surface#23.commit()
[1546081.431] {mesa egl surface queue}  -> wl_display#1.sync(new id wl_callback#39)
[1546085.364] {Display Queue} wl_display#1.delete_id(41)
[1546085.380] {Display Queue} wl_display#1.delete_id(35)
[1546085.385] {Display Queue} wl_display#1.delete_id(37)
[1546085.390] {Display Queue} wl_display#1.delete_id(38)
[1546085.394] {Display Queue} wl_display#1.delete_id(39)
[1546104.592] {Display Queue} wl_display#1.delete_id(40)
[1546104.608] {Default Queue} wl_callback#40.done(341282)
[1546158.897] {Default Queue} wl_pointer#6.frame()
[1546158.928] xdg_toplevel#31.configure_bounds(1256, 690)
[1546158.941] xdg_toplevel#31.configure(800, 520, array[4])
[1546158.951] xdg_surface#30.configure(36)
[1546158.973]  -> xdg_surface#30.ack_configure(36)
[1546159.065]  -> wl_surface#23.commit()
[1547168.935] {Default Queue} wl_pointer#6.motion(342346, 223.00000000, 341.00000000)
[1547168.998] {Default Queue} wl_pointer#6.frame()
[1547217.247] {Default Queue} wl_pointer#6.axis_source(0)
[1547217.284] {Default Queue} wl_pointer#6.axis_discrete(0, 1)
[1547217.296] {Default Queue} wl_pointer#6.axis(342394, 0, 15.00000000)
[1547217.309] {Default Queue} wl_pointer#6.frame()
[1547380.040] {Default Queue} wl_pointer#6.axis_source(0)
[1547380.079] {Default Queue} wl_pointer#6.axis_discrete(0, 1)
[1547380.091] {Default Queue} wl_pointer#6.axis(342557, 0, 15.00000000)
[1547380.103] {Default Queue} wl_pointer#6.frame()
[1547550.290] {Default Queue} wl_pointer#6.axis_source(0)
[1547550.330] {Default Queue} wl_pointer#6.axis_discrete(0, 1)
[1547550.342] {Default Queue} wl_pointer#6.axis(342727, 0, 15.00000000)
[1547550.354] {Default Queue} wl_pointer#6.frame()
[1547705.306] {Default Queue} wl_pointer#6.axis_source(0)
[1547705.345] {Default Queue} wl_pointer#6.axis_discrete(0, 1)
[1547705.357] {Default Queue} wl_pointer#6.axis(342882, 0, 15.00000000)
[1547705.369] {Default Queue} wl_pointer#6.frame()
[1547861.833] {Default Queue} wl_pointer#6.axis_source(0)
[1547861.871] {Default Queue} wl_pointer#6.axis_discrete(0, 1)
[1547861.884] {Default Queue} wl_pointer#6.axis(343039, 0, 15.00000000)
[1547861.896] {Default Queue} wl_pointer#6.frame()
[1548968.097] {Default Queue} wl_pointer#6.motion(344145, 57.00000000, 33.00000000)
[1548968.143] {Default Queue} wl_pointer#6.frame()
