[1545362.325] xdg_toplevel#31.configure(730, 478, array[8])
[1545375.246]  -> xdg_surface#30.set_window_geometry(14, 12, 730, 478)
[1545463.702] xdg_toplevel#31.configure_bounds(1256, 690)
[1545463.714] xdg_toplevel#31.configure(740, 484, array[8])
[1545478.492]  -> xdg_surface#30.set_window_geometry(14, 12, 740, 484)
[1545564.147] xdg_toplevel#31.configure_bounds(1256, 690)
[1545564.159] xdg_toplevel#31.configure(750, 490, array[8])
[1545585.460]  -> xdg_surface#30.set_window_geometry(14, 12, 750, 490)
[1545670.954] xdg_toplevel#31.configure_bounds(1256, 690)
[1545670.966] xdg_toplevel#31.configure(760, 496, array[8])
[1545694.695]  -> xdg_surface#30.set_window_geometry(14, 12, 760, 496)
[1545766.292] xdg_toplevel#31.configure_bounds(1256, 690)
[1545766.305] xdg_toplevel#31.configure(770, 502, array[8])
[1545788.541]  -> xdg_surface#30.set_window_geometry(14, 12, 770, 502)
[1545867.124] xdg_toplevel#31.configure_bounds(1256, 690)
[1545867.136] xdg_toplevel#31.configure(780, 508, array[8])
[1545895.299]  -> xdg_surface#30.set_window_geometry(14, 12, 780, 508)
[1545964.763] xdg_toplevel#31.configure_bounds(1256, 690)
[1545964.776] xdg_toplevel#31.configure(790, 514, array[8])
[1545983.417]  -> xdg_surface#30.set_window_geometry(14, 12, 790, 514)
[1546060.953] xdg_toplevel#31.configure_bounds(1256, 690)
[1546060.965] xdg_toplevel#31.configure(800, 520, array[8])
[1546075.939]  -> xdg_surface#30.set_window_geometry(14, 12, 800, 520)
[1546158.928] xdg_toplevel#31.configure_bounds(1256, 690)
[1546158.941] xdg_toplevel#31.configure(800, 520, array[4])
