[1578302.291] {Default Queue}  -> xdg_positioner#38.destroy()
[1578302.525] xdg_popup#44.configure(-31, 44, 153, 32)
[1578302.562] {Default Queue}  -> xdg_wm_base#20.create_positioner(new id xdg_positioner#38)
[1578302.566] {Default Queue}  -> xdg_positioner#38.set_size(1, 1)
[1578302.570] {Default Queue}  -> xdg_positioner#38.set_anchor_rect(2, 2, 87, 42)
[1578302.574] {Default Queue}  -> xdg_positioner#38.set_offset(0, 0)
[1578302.577] {Default Queue}  -> xdg_positioner#38.set_anchor(2)
[1578302.581] {Default Queue}  -> xdg_positioner#38.set_gravity(2)
[1578302.584] {Default Queue}  -> xdg_positioner#38.set_constraint_adjustment(9)
[1578302.587] {Default Queue}  -> xdg_positioner#38.set_reactive()
[1578302.591] {Default Queue}  -> xdg_positioner#38.set_parent_size(700, 460)
[1578302.594] {Default Queue}  -> xdg_positioner#38.set_parent_configure(39)
[1578302.598]  -> xdg_popup#44.reposition(xdg_positioner#38, 1)
[1578302.602] {Default Queue}  -> xdg_positioner#38.destroy()
[1578302.727] xdg_popup#44.repositioned(1)
[1578302.731] xdg_popup#44.configure(45, 44, 1, 1)
[1578302.893] {Default Queue}  -> xdg_wm_base#20.create_positioner(new id xdg_positioner#38)
[1578302.898] {Default Queue}  -> xdg_positioner#38.set_size(153, 32)
[1578302.902] {Default Queue}  -> xdg_positioner#38.set_anchor_rect(2, 2, 87, 42)
[1578302.906] {Default Queue}  -> xdg_positioner#38.set_offset(0, 0)
[1578302.909] {Default Queue}  -> xdg_positioner#38.set_anchor(2)
[1578302.912] {Default Queue}  -> xdg_positioner#38.set_gravity(2)
[1578302.915] {Default Queue}  -> xdg_positioner#38.set_constraint_adjustment(9)
[1578302.919] {Default Queue}  -> xdg_positioner#38.set_reactive()
[1578302.922] {Default Queue}  -> xdg_positioner#38.set_parent_size(700, 460)
[1578302.926] {Default Queue}  -> xdg_positioner#38.set_parent_configure(39)
[1578302.929]  -> xdg_popup#44.reposition(xdg_positioner#38, 2)
[1578302.933] {Default Queue}  -> xdg_positioner#38.destroy()
[1578325.031] xdg_popup#44.repositioned(2)
[1578325.035] xdg_popup#44.configure(-31, 44, 153, 32)
