[1410891.280] {Default Queue} wl_pointer#6.frame()
[1441011.555] {Default Queue} wl_pointer#6.motion(236188, 712.00000000, 470.00000000)
[1441011.705] {Default Queue} wl_pointer#6.frame()
[1441070.815] {Default Queue} wl_pointer#6.button(9, 236247, 272, 1)
[1441070.885] {Default Queue} xdg_wm_base#20.ping(10)
[1441070.934] {Default Queue}  -> xdg_wm_base#20.pong(10)
[1441070.944] {Default Queue} wl_pointer#6.frame()
[1441328.553] {Default Queue} wl_pointer#6.motion(236505, 720.00000000, 474.00000000)
[1441328.601] {Default Queue} wl_pointer#6.frame()
[1441527.502] {Default Queue} wl_pointer#6.motion(236605, 728.00000000, 478.00000000)
[1441527.550] {Default Queue} wl_pointer#6.frame()
[1441527.803]  -> xdg_toplevel#31.unset_fullscreen()
[1441527.833]  -> xdg_toplevel#31.move(wl_seat#14, 9)
[1441550.956] {Default Queue} wl_pointer#6.motion(236706, 736.00000000, 482.00000000)
[1441550.985] {Default Queue} wl_pointer#6.frame()
[1441636.823] {Default Queue} wl_pointer#6.frame()
[1441735.897] {Default Queue} wl_pointer#6.frame()
[1441835.208] {Default Queue} wl_pointer#6.frame()
[1441934.253] {Default Queue} wl_pointer#6.frame()
[1442035.452] {Default Queue} wl_pointer#6.frame()
[1442135.603] {Default Queue} wl_pointer#6.frame()
[1442236.590] {Default Queue} wl_pointer#6.frame()
[1442336.527] {Default Queue} wl_pointer#6.frame()
[1443376.675] {Default Queue} wl_pointer#6.motion(238553, 357.00000000, 6.00000000)
[1443376.721] {Default Queue} wl_pointer#6.frame()
[1443450.893] {Default Queue} wl_pointer#6.button(11, 238602, 272, 1)
[1443450.942] {Default Queue} xdg_wm_base#20.ping(12)
[1443450.956] {Default Queue}  -> xdg_wm_base#20.pong(12)
[1443450.967] {Default Queue} wl_pointer#6.frame()
[1443682.348] {Default Queue} wl_pointer#6.motion(238859, 348.00000000, 1.00000000)
[1443682.396] {Default Queue} wl_pointer#6.frame()
[1443682.622]  -> xdg_toplevel#31.unset_fullscreen()
[1443682.641]  -> xdg_toplevel#31.move(wl_seat#14, 11)
[1443780.840] {Default Queue} wl_pointer#6.frame()
[1443881.755] {Default Queue} wl_pointer#6.frame()
[1443982.865] {Default Queue} wl_pointer#6.frame()
[1444083.661] {Default Queue} wl_pointer#6.frame()
[1444184.662] {Default Queue} wl_pointer#6.frame()
[1444285.568] {Default Queue} wl_pointer#6.frame()
[1444386.408] {Default Queue} wl_pointer#6.frame()
[1444487.087] {Default Queue} wl_pointer#6.frame()
[1444588.301] {Default Queue} wl_pointer#6.frame()
[1444687.707] {Default Queue} wl_pointer#6.frame()
[1445484.560] {Default Queue} wl_pointer#6.motion(240661, 158.00000000, 308.00000000)
[1445484.605] {Default Queue} wl_pointer#6.frame()
[1445532.407] {Default Queue} wl_pointer#6.axis_source(0)
[1445532.441] {Default Queue} wl_pointer#6.axis_discrete(0, 1)
[1445532.479] {Default Queue} wl_pointer#6.axis(240709, 0, 15.00000000)
[1445532.492] {Default Queue} wl_pointer#6.frame()
[1445686.588] {Default Queue} wl_pointer#6.axis_source(0)
[1445686.627] {Default Queue} wl_pointer#6.axis_discrete(0, 1)
[1445686.639] {Default Queue} wl_pointer#6.axis(240863, 0, 15.00000000)
[1445686.652] {Default Queue} wl_pointer#6.frame()
[1445838.339] {Default Queue} wl_pointer#6.axis_source(0)
[1445838.379] {Default Queue} wl_pointer#6.axis_discrete(0, 1)
[1445838.391] {Default Queue} wl_pointer#6.axis(241015, 0, 15.00000000)
[1445838.404] {Default Queue} wl_pointer#6.frame()
[1445989.965] {Default Queue} wl_pointer#6.axis_source(0)
[1445990.005] {Default Queue} wl_pointer#6.axis_discrete(0, 1)
[1445990.017] {Default Queue} wl_pointer#6.axis(241167, 0, 15.00000000)
[1445990.030] {Default Queue} wl_pointer#6.frame()
[1446141.560] {Default Queue} wl_pointer#6.axis_source(0)
[1446141.618] {Default Queue} wl_pointer#6.axis_discrete(0, 1)
[1446141.643] {Default Queue} wl_pointer#6.axis(241318, 0, 15.00000000)
[1446141.666] {Default Queue} wl_pointer#6.frame()
