built build/browser3-p172/plain/browser
built build/browser3-p172/plain/browser-probe
built build/browser3-p172/plain/host-array-length
built build/browser3-p172/plain/host-attribute-namespace
built build/browser3-p172/plain/host-base
built build/browser3-p172/plain/host-click
built build/browser3-p172/plain/host-collection
built build/browser3-p172/plain/host-color-media
built build/browser3-p172/plain/host-context-ownership
built build/browser3-p172/plain/host-css-rule-model
built build/browser3-p172/plain/host-cssom-mutation
built build/browser3-p172/plain/host-cssom
built build/browser3-p172/plain/host-data-url
built build/browser3-p172/plain/host-document-images
built build/browser3-p172/plain/host-document-parser
built build/browser3-p172/plain/host-document-stream
built build/browser3-p172/plain/host-form-collection
built build/browser3-p172/plain/host-form-owner
built build/browser3-p172/plain/host-form
built build/browser3-p172/plain/host-frame-lifetime
built build/browser3-p172/plain/host-frame-load
built build/browser3-p172/plain/host-frame-viewport
built build/browser3-p172/plain/host-heap
built build/browser3-p172/plain/host-image-geometry
built build/browser3-p172/plain/host-image-zero
built build/browser3-p172/plain/host-insertion
built build/browser3-p172/plain/host-interp
built build/browser3-p172/plain/host-js
built build/browser3-p172/plain/host-link
built build/browser3-p172/plain/host-loader
built build/browser3-p172/plain/host-mutation-record
built build/browser3-p172/plain/host-namespace
built build/browser3-p172/plain/host-native-properties
built build/browser3-p172/plain/host-node-cloning
built build/browser3-p172/plain/host-number
built build/browser3-p172/plain/host-object
built build/browser3-p172/plain/host-option-state
built build/browser3-p172/plain/host-parse
built build/browser3-p172/plain/host-position
built build/browser3-p172/plain/host-radio-state
built build/browser3-p172/plain/host-range-boundary
built build/browser3-p172/plain/host-range-clone-contents
built build/browser3-p172/plain/host-range-data
built build/browser3-p172/plain/host-range-delete-contents
built build/browser3-p172/plain/host-range-extract-contents
built build/browser3-p172/plain/host-range-insert
built build/browser3-p172/plain/host-range-mutation
built build/browser3-p172/plain/host-range-surround-contents
built build/browser3-p172/plain/host-realm-retirement
built build/browser3-p172/plain/host-realms
built build/browser3-p172/plain/host-relayout
built build/browser3-p172/plain/host-removal
built build/browser3-p172/plain/host-resource
built build/browser3-p172/plain/host-select-collection
built build/browser3-p172/plain/host-select
built build/browser3-p172/plain/host-style-sheet
built build/browser3-p172/plain/host-submit
built build/browser3-p172/plain/host-svg-length
built build/browser3-p172/plain/host-svg-text
built build/browser3-p172/plain/host-table-collection
built build/browser3-p172/plain/host-table-mutation
built build/browser3-p172/plain/host-table-row
built build/browser3-p172/plain/host-text
built build/browser3-p172/plain/host-tokenizer
built build/browser3-p172/plain/host-traversal
built build/browser3-p172/plain/host-tree
built build/browser3-p172/plain/host-url
built build/browser3-p172/plain/host-view
In function ‘factory_function_case’,
    inlined from ‘main’ at plan/ws074/tests/host-vm-factory.c:91:12:
plan/ws074/tests/host-vm-factory.c:643:38: error: ‘created’ may be used uninitialized [-Werror=maybe-uninitialized]
  643 |                 factory_check(created->parent == parent && created->count == 4096U, "new environment retains exact parent and slot count");
      |                               ~~~~~~~^~~~~~~~
plan/ws074/tests/host-vm-factory.c: In function ‘main’:
plan/ws074/tests/host-vm-factory.c:458:24: note: ‘created’ was declared here
  458 |         struct vm_env *created;
      |                        ^~~~~~~
cc1: all warnings being treated as errors
