ZWL PREFERENCES open
ZWL DISPLAY device=llvmpipe (LLVM 19.1.7, 256 bits) width=1280 height=800 refresh_mhz=74994
ZWL STARTUP step=vulkan-device ms=211
ZWL STARTUP step=vulkan-objects-arrow ms=264
ZWL STARTUP step=wallpaper-picture ms=29
ZWL STARTUP step=wallpaper ms=261
ZWL STARTUP step=glyphs-text ms=29
ZWL STARTUP step=glyphs-icons ms=13
ZWL STARTUP step=glyphs-mark ms=22
ZWL GLASS atlas cache-top=380 cells=273 faces=1
ZWL STARTUP step=glyphs ms=167
ZWL GLASS ready text=1
ZWL STARTUP step=compose ms=984 at_ms=214341
ZWL INPUT device=/dev/input/event0 kind=pointer abs=1
ZWL INPUT device=/dev/input/event1 kind=keyboard abs=0
ZWL INPUT device=/dev/input/event2 kind=pointer abs=0
ZWL INPUT device=/dev/input/event3 kind=keyboard abs=0
ZWL STARTUP step=input ms=1 at_ms=214342
ZWL KEYMAP format=xkb_v1 errno=0
ZWL STARTUP step=keymap ms=0 at_ms=214342
ZWL STARTUP step=socket ms=0 at_ms=214342
ZWL IME none program=/usr/libexec/keiland-ime errno=6
ZWL READY socket=/tmp/wayland-0 width=1280 height=800 timeout_ms=400000 pid=854
ZWL CORNER zone x=1252 y=0 width=28 height=28
ZWL OSK zone kind=flick x=1252 y=772 size=28
ZWL OSK zone kind=qwerty x=0 y=772 size=28
ZWL STARTUP step=output-display ms=4
ZWL STARTUP step=output-pipelines ms=161
ZWL STARTUP step=output-swapchain ms=383
ZWL STARTUP step=output-targets ms=90
ZWL OUTPUT open width=1280 height=800 images=3 format=37
ZWL MODE window switch_ms=638 at_ms=214993
ZWL LAT draw frame=1 at_us=214993000
ZWL LAT acquired frame=1 at_us=214993000
ZWL GLASS desktops x=822 step=46 width=40
ZWL NETWORK icon x=1066 y=3 width=30 height=28
ZWL VOLUME icon x=1033 y=3 width=30 height=28
ZWL LAT recorded frame=1 at_us=215015000
ZWL COMPOSE frame=1 image=0 windows=0 at_ms=215085
ZWL LAT submit frame=1 at_us=215085000
ZWL LAT shown frame=1 at_us=215095000
ZWL HOME skip name=Image Viewer missing=/bin/imageview
ZWL HOME skip name=Text Editor missing=/bin/textedit
ZWL HOME skip name=Browser missing=/bin/browser
ZWL NETWORK state reachable=1 connected=1 kind=wired interface=ue0 wifi=absent ssid=
ZWL LAT draw frame=2 at_us=215096000
ZWL LAT acquired frame=2 at_us=215210000
ZWL LAT recorded frame=2 at_us=215231000
ZWL COMPOSE frame=2 image=1 windows=0 at_ms=215301
ZWL LAT submit frame=2 at_us=215301000
ZWL LAT shown frame=2 at_us=215311000
ZWL CLIENT client=1 fd=17
ZWL LAT draw frame=3 at_us=215374000
ZWL LAT acquired frame=3 at_us=215374000
ZWL LAT recorded frame=3 at_us=215395000
ZWL COMPOSE frame=3 image=2 windows=0 at_ms=215465
ZWL LAT submit frame=3 at_us=215465000
ZWL LAT shown frame=3 at_us=215475000
ZWL CONFIGURE client=1 surface=8 serial=1 width=0 height=0 fullscreen=0
ZWL SEAT client=1 pointer=1 keyboard=0 touch=0
ZWL SEAT client=1 pointer=1 keyboard=1 touch=0
ZWL COMMIT client=1 surface=8 buffer=15 queued=0
ZWL LAT adopt surface=8 at_us=215476000
ZWL MAP client=1 surface=8 x=440 y=293
ZWL SHM_COPY client=1 surface=8 buffer=15 rows=0-300 sum=47199377
ZWL LAT draw frame=4 at_us=215680000
ZWL LAT acquired frame=4 at_us=215681000
ZWL LAT recorded frame=4 at_us=215702000
ZWL COMPOSE frame=4 image=0 windows=1 at_ms=215772
ZWL LAT submit frame=4 at_us=215772000
ZWL LAT shown frame=4 at_us=215782000
ZWL PERF 5009ms: passes=378 timeouts=365 | poll 84.3% work 32.9%
ZWL PERF compose frames=4 draw_ms=142.00 (acquire 36.05 submit+present 81.46) frame_ms=153.78
ZWL PERF shm copies=1 copy_ms=2.887
ZWL LAT draw frame=5 at_us=220262000
ZWL LAT acquired frame=5 at_us=220262000
ZWL LAT recorded frame=5 at_us=220283000
ZWL COMPOSE frame=5 image=1 windows=1 at_ms=220353
ZWL LAT submit frame=5 at_us=220354000
ZWL LAT shown frame=5 at_us=220364000
ZWL LAT draw frame=6 at_us=220411000
ZWL LAT acquired frame=6 at_us=220411000
ZWL LAT recorded frame=6 at_us=220432000
ZWL COMPOSE frame=6 image=2 windows=1 at_ms=220503
ZWL LAT submit frame=6 at_us=220503000
ZWL LAT shown frame=6 at_us=220513000
ZWL POPUP create client=1 popup=19 surface=17 parent=8 x=60 y=60 width=360 height=180
ZWL POPUP grab popup=19 surface=17
ZWL POPUP configure surface=17 serial=7 x=60 y=60 width=360 height=180
ZWL PING pong client=1 serial=6
ZWL COMMIT client=1 surface=17 buffer=21 queued=0
ZWL LAT adopt surface=17 at_us=220713000
ZWL POPUP map surface=17 x=500 y=353 grab=1
ZWL SHM_COPY client=1 surface=17 buffer=21 rows=0-180 sum=26c56835
ZWL LAT draw frame=7 at_us=220916000
ZWL LAT acquired frame=7 at_us=220916000
ZWL LAT recorded frame=7 at_us=220937000
ZWL COMPOSE frame=7 image=0 windows=1 at_ms=221007
ZWL LAT submit frame=7 at_us=221008000
ZWL LAT shown frame=7 at_us=221018000
ZWL PERF 5008ms: passes=459 timeouts=448 | poll 89.0% work 10.9%
ZWL PERF compose frames=3 draw_ms=91.61 (acquire 0.29 submit+present 70.17) frame_ms=101.98
ZWL PERF shm copies=1 copy_ms=1.322
ZWL LAT draw frame=8 at_us=225034000
ZWL LAT acquired frame=8 at_us=225034000
ZWL LAT recorded frame=8 at_us=225056000
ZWL COMPOSE frame=8 image=1 windows=1 at_ms=225126
ZWL LAT submit frame=8 at_us=225126000
ZWL LAT shown frame=8 at_us=225136000
ZWL LAT draw frame=9 at_us=225184000
ZWL LAT acquired frame=9 at_us=225185000
ZWL LAT recorded frame=9 at_us=225206000
ZWL COMPOSE frame=9 image=2 windows=1 at_ms=225276
ZWL LAT submit frame=9 at_us=225276000
ZWL LAT shown frame=9 at_us=225286000
ZWL POPUP create client=1 popup=25 surface=23 parent=17 x=360 y=120 width=360 height=120
ZWL POPUP grab popup=25 surface=23
ZWL POPUP configure surface=23 serial=16 x=360 y=120 width=360 height=120
ZWL PING pong client=1 serial=15
ZWL COMMIT client=1 surface=23 buffer=27 queued=0
ZWL LAT adopt surface=23 at_us=225473000
ZWL POPUP map surface=23 x=860 y=473 grab=1
ZWL SHM_COPY client=1 surface=23 buffer=27 rows=0-120 sum=0e8510e5
ZWL LAT draw frame=10 at_us=225675000
ZWL LAT acquired frame=10 at_us=225676000
ZWL LAT recorded frame=10 at_us=225697000
ZWL COMPOSE frame=10 image=0 windows=1 at_ms=225767
ZWL LAT submit frame=10 at_us=225767000
ZWL LAT shown frame=10 at_us=225777000
ZWL LAT draw frame=11 at_us=229029000
ZWL LAT acquired frame=11 at_us=229029000
ZWL LAT recorded frame=11 at_us=229049000
ZWL COMPOSE frame=11 image=1 windows=1 at_ms=229118
ZWL LAT submit frame=11 at_us=229118000
ZWL LAT shown frame=11 at_us=229128000
ZWL LAT draw frame=12 at_us=229180000
ZWL LAT acquired frame=12 at_us=229180000
ZWL LAT recorded frame=12 at_us=229200000
ZWL COMPOSE frame=12 image=2 windows=1 at_ms=229271
ZWL LAT submit frame=12 at_us=229271000
ZWL LAT shown frame=12 at_us=229280000
ZWL PERF 5003ms: passes=437 timeouts=422 | poll 85.1% work 14.9%
ZWL PERF compose frames=5 draw_ms=91.01 (acquire 0.29 submit+present 69.65) frame_ms=100.89
ZWL PERF shm copies=1 copy_ms=0.952
ZWL LAT draw frame=13 at_us=229619000
ZWL LAT acquired frame=13 at_us=229619000
ZWL LAT recorded frame=13 at_us=229641000
ZWL COMPOSE frame=13 image=0 windows=1 at_ms=229711
ZWL LAT submit frame=13 at_us=229711000
ZWL LAT shown frame=13 at_us=229722000
ZWL PING pong client=1 serial=24
ZWL LAT draw frame=14 at_us=229846000
ZWL LAT acquired frame=14 at_us=229846000
ZWL LAT recorded frame=14 at_us=229867000
ZWL COMPOSE frame=14 image=1 windows=1 at_ms=229937
ZWL LAT submit frame=14 at_us=229937000
ZWL LAT shown frame=14 at_us=229947000
ZWL LAT draw frame=15 at_us=232702000
ZWL LAT acquired frame=15 at_us=232702000
ZWL LAT recorded frame=15 at_us=232723000
ZWL COMPOSE frame=15 image=2 windows=1 at_ms=232793
ZWL LAT submit frame=15 at_us=232793000
ZWL LAT shown frame=15 at_us=232803000
ZWL LAT draw frame=16 at_us=232855000
ZWL LAT acquired frame=16 at_us=232856000
ZWL LAT recorded frame=16 at_us=232877000
ZWL COMPOSE frame=16 image=0 windows=1 at_ms=232947
ZWL LAT submit frame=16 at_us=232947000
ZWL LAT shown frame=16 at_us=232957000
ZWL POPUP create client=1 popup=31 surface=29 parent=8 x=360 y=60 width=360 height=180
ZWL POPUP grab popup=31 surface=29
ZWL POPUP configure surface=29 serial=36 x=360 y=60 width=360 height=180
ZWL PING pong client=1 serial=35
ZWL COMMIT client=1 surface=29 buffer=33 queued=0
ZWL LAT adopt surface=29 at_us=233160000
ZWL POPUP map surface=29 x=800 y=353 grab=1
ZWL SHM_COPY client=1 surface=29 buffer=33 rows=0-180 sum=26c56835
ZWL LAT draw frame=17 at_us=233346000
ZWL LAT acquired frame=17 at_us=233346000
ZWL LAT recorded frame=17 at_us=233367000
ZWL COMPOSE frame=17 image=1 windows=1 at_ms=233437
ZWL LAT submit frame=17 at_us=233437000
ZWL LAT shown frame=17 at_us=233447000
ZWL PERF 5005ms: passes=418 timeouts=403 | poll 79.9% work 20.0%
ZWL PERF compose frames=5 draw_ms=91.39 (acquire 0.33 submit+present 69.80) frame_ms=101.55
ZWL PERF shm copies=1 copy_ms=1.387
ZWL LAT draw frame=18 at_us=234586000
ZWL LAT acquired frame=18 at_us=234586000
ZWL LAT recorded frame=18 at_us=234607000
ZWL COMPOSE frame=18 image=2 windows=1 at_ms=234676
ZWL LAT submit frame=18 at_us=234676000
ZWL LAT shown frame=18 at_us=234686000
ZWL LAT draw frame=19 at_us=234738000
ZWL LAT acquired frame=19 at_us=234739000
ZWL LAT recorded frame=19 at_us=234760000
ZWL COMPOSE frame=19 image=0 windows=1 at_ms=234830
ZWL LAT submit frame=19 at_us=234830000
ZWL LAT shown frame=19 at_us=234840000
ZWL POPUP create client=1 popup=37 surface=35 parent=29 x=-360 y=120 width=360 height=120
ZWL POPUP grab popup=37 surface=35
ZWL POPUP configure surface=35 serial=45 x=-360 y=120 width=360 height=120
ZWL PING pong client=1 serial=44
ZWL COMMIT client=1 surface=35 buffer=39 queued=0
ZWL LAT adopt surface=35 at_us=235043000
ZWL POPUP map surface=35 x=440 y=473 grab=1
ZWL SHM_COPY client=1 surface=35 buffer=39 rows=0-120 sum=0e8510e5
ZWL LAT draw frame=20 at_us=235225000
ZWL LAT acquired frame=20 at_us=235225000
ZWL LAT recorded frame=20 at_us=235246000
ZWL COMPOSE frame=20 image=1 windows=1 at_ms=235316
ZWL LAT submit frame=20 at_us=235316000
ZWL LAT shown frame=20 at_us=235326000
P017_PROBE_BOUNDARY
POPUPPROBE configure window width=0 height=0 states=1 resizing=0
POPUPPROBE ready run=p
POPUPPROBE focus window
POPUPPROBE enter window x=200 y=107
POPUPPROBE button window state=1 x=60 y=60
POPUPPROBE open menu at=60,60
POPUPPROBE ping serial=6 answered
POPUPPROBE configure menu x=60 y=60 width=360 height=180
POPUPPROBE unfocus window
POPUPPROBE focus menu
POPUPPROBE leave window
POPUPPROBE enter menu x=0 y=0
POPUPPROBE button menu state=0 x=0 y=0
POPUPPROBE button menu state=1 x=100 y=130
POPUPPROBE open submenu row=120
POPUPPROBE ping serial=15 answered
POPUPPROBE configure submenu x=360 y=120 width=360 height=120
POPUPPROBE unfocus menu
POPUPPROBE focus submenu
POPUPPROBE button menu state=0 x=100 y=130
POPUPPROBE leave menu
POPUPPROBE enter submenu x=98 y=45
POPUPPROBE button submenu state=1 x=100 y=45
POPUPPROBE choose submenu row=1
POPUPPROBE close submenu
POPUPPROBE close menu
POPUPPROBE ping serial=24 answered
POPUPPROBE unfocus other
POPUPPROBE focus other
POPUPPROBE leave other
POPUPPROBE unfocus other
POPUPPROBE focus window
POPUPPROBE enter window x=520 y=225
POPUPPROBE button window state=0 x=520 y=225
POPUPPROBE button window state=1 x=360 y=60
POPUPPROBE open menu at=360,60
POPUPPROBE ping serial=35 answered
POPUPPROBE configure menu x=360 y=60 width=360 height=180
POPUPPROBE unfocus window
POPUPPROBE focus menu
POPUPPROBE leave window
POPUPPROBE enter menu x=0 y=0
POPUPPROBE button menu state=0 x=0 y=0
POPUPPROBE button menu state=1 x=100 y=130
POPUPPROBE open submenu row=120
POPUPPROBE ping serial=44 answered
POPUPPROBE configure submenu x=-360 y=120 width=360 height=120
POPUPPROBE unfocus menu
POPUPPROBE focus submenu
POPUPPROBE button menu state=0 x=100 y=130
