ZWL PREFERENCES open
ZWL DISPLAY device=llvmpipe (LLVM 19.1.7, 256 bits) width=1280 height=800 refresh_mhz=74994
ZWL STARTUP step=vulkan-device ms=211
ZWL STARTUP step=vulkan-objects-arrow ms=264
ZWL STARTUP step=wallpaper-picture ms=29
ZWL STARTUP step=wallpaper ms=261
ZWL STARTUP step=glyphs-text ms=29
ZWL STARTUP step=glyphs-icons ms=13
ZWL STARTUP step=glyphs-mark ms=22
ZWL GLASS atlas cache-top=380 cells=273 faces=1
ZWL STARTUP step=glyphs ms=167
ZWL GLASS ready text=1
ZWL STARTUP step=compose ms=984 at_ms=214341
ZWL INPUT device=/dev/input/event0 kind=pointer abs=1
ZWL INPUT device=/dev/input/event1 kind=keyboard abs=0
ZWL INPUT device=/dev/input/event2 kind=pointer abs=0
ZWL INPUT device=/dev/input/event3 kind=keyboard abs=0
ZWL STARTUP step=input ms=1 at_ms=214342
ZWL KEYMAP format=xkb_v1 errno=0
ZWL STARTUP step=keymap ms=0 at_ms=214342
ZWL STARTUP step=socket ms=0 at_ms=214342
ZWL IME none program=/usr/libexec/keiland-ime errno=6
ZWL READY socket=/tmp/wayland-0 width=1280 height=800 timeout_ms=400000 pid=854
ZWL CORNER zone x=1252 y=0 width=28 height=28
ZWL OSK zone kind=flick x=1252 y=772 size=28
ZWL OSK zone kind=qwerty x=0 y=772 size=28
ZWL STARTUP step=output-display ms=4
ZWL STARTUP step=output-pipelines ms=161
ZWL STARTUP step=output-swapchain ms=383
ZWL STARTUP step=output-targets ms=90
ZWL OUTPUT open width=1280 height=800 images=3 format=37
ZWL MODE window switch_ms=638 at_ms=214993
ZWL LAT draw frame=1 at_us=214993000
ZWL LAT acquired frame=1 at_us=214993000
ZWL GLASS desktops x=822 step=46 width=40
ZWL NETWORK icon x=1066 y=3 width=30 height=28
ZWL VOLUME icon x=1033 y=3 width=30 height=28
ZWL LAT recorded frame=1 at_us=215015000
ZWL COMPOSE frame=1 image=0 windows=0 at_ms=215085
ZWL LAT submit frame=1 at_us=215085000
ZWL LAT shown frame=1 at_us=215095000
ZWL HOME skip name=Image Viewer missing=/bin/imageview
ZWL HOME skip name=Text Editor missing=/bin/textedit
ZWL HOME skip name=Browser missing=/bin/browser
ZWL NETWORK state reachable=1 connected=1 kind=wired interface=ue0 wifi=absent ssid=
ZWL LAT draw frame=2 at_us=215096000
ZWL LAT acquired frame=2 at_us=215210000
ZWL LAT recorded frame=2 at_us=215231000
ZWL COMPOSE frame=2 image=1 windows=0 at_ms=215301
ZWL LAT submit frame=2 at_us=215301000
ZWL LAT shown frame=2 at_us=215311000
ZWL CLIENT client=1 fd=17
ZWL LAT draw frame=3 at_us=215374000
ZWL LAT acquired frame=3 at_us=215374000
ZWL LAT recorded frame=3 at_us=215395000
ZWL COMPOSE frame=3 image=2 windows=0 at_ms=215465
ZWL LAT submit frame=3 at_us=215465000
ZWL LAT shown frame=3 at_us=215475000
ZWL CONFIGURE client=1 surface=8 serial=1 width=0 height=0 fullscreen=0
ZWL SEAT client=1 pointer=1 keyboard=0 touch=0
ZWL SEAT client=1 pointer=1 keyboard=1 touch=0
ZWL COMMIT client=1 surface=8 buffer=15 queued=0
ZWL LAT adopt surface=8 at_us=215476000
ZWL MAP client=1 surface=8 x=440 y=293
ZWL SHM_COPY client=1 surface=8 buffer=15 rows=0-300 sum=47199377
ZWL LAT draw frame=4 at_us=215680000
ZWL LAT acquired frame=4 at_us=215681000
ZWL LAT recorded frame=4 at_us=215702000
ZWL COMPOSE frame=4 image=0 windows=1 at_ms=215772
ZWL LAT submit frame=4 at_us=215772000
ZWL LAT shown frame=4 at_us=215782000
ZWL PERF 5009ms: passes=378 timeouts=365 | poll 84.3% work 32.9%
ZWL PERF compose frames=4 draw_ms=142.00 (acquire 36.05 submit+present 81.46) frame_ms=153.78
ZWL PERF shm copies=1 copy_ms=2.887
ZWL LAT draw frame=5 at_us=220262000
ZWL LAT acquired frame=5 at_us=220262000
ZWL LAT recorded frame=5 at_us=220283000
ZWL COMPOSE frame=5 image=1 windows=1 at_ms=220353
ZWL LAT submit frame=5 at_us=220354000
ZWL LAT shown frame=5 at_us=220364000
ZWL LAT draw frame=6 at_us=220411000
ZWL LAT acquired frame=6 at_us=220411000
ZWL LAT recorded frame=6 at_us=220432000
ZWL COMPOSE frame=6 image=2 windows=1 at_ms=220503
ZWL LAT submit frame=6 at_us=220503000
ZWL LAT shown frame=6 at_us=220513000
ZWL POPUP create client=1 popup=19 surface=17 parent=8 x=60 y=60 width=360 height=180
ZWL POPUP grab popup=19 surface=17
ZWL POPUP configure surface=17 serial=7 x=60 y=60 width=360 height=180
ZWL PING pong client=1 serial=6
ZWL COMMIT client=1 surface=17 buffer=21 queued=0
ZWL LAT adopt surface=17 at_us=220713000
ZWL POPUP map surface=17 x=500 y=353 grab=1
ZWL SHM_COPY client=1 surface=17 buffer=21 rows=0-180 sum=26c56835
ZWL LAT draw frame=7 at_us=220916000
ZWL LAT acquired frame=7 at_us=220916000
ZWL LAT recorded frame=7 at_us=220937000
ZWL COMPOSE frame=7 image=0 windows=1 at_ms=221007
ZWL LAT submit frame=7 at_us=221008000
ZWL LAT shown frame=7 at_us=221018000
P017_PROBE_BOUNDARY
POPUPPROBE configure window width=0 height=0 states=1 resizing=0
POPUPPROBE ready run=p
POPUPPROBE focus window
POPUPPROBE enter window x=200 y=107
POPUPPROBE button window state=1 x=60 y=60
POPUPPROBE open menu at=60,60
POPUPPROBE ping serial=6 answered
POPUPPROBE configure menu x=60 y=60 width=360 height=180
POPUPPROBE unfocus window
POPUPPROBE focus menu
POPUPPROBE leave window
POPUPPROBE enter menu x=0 y=0
POPUPPROBE button menu state=0 x=0 y=0
