SETUP instance result=0
SETUP device result=0
PRIVATE_WAIT count=1 all=1 result=0
PRIVATE_WAIT count=1 all=1 result=0
IMPORT_SYNC fd=12 flags=2 result=-1 errno=25
PRIVATE_WAIT count=1 all=1 result=0
PRIVATE_WAIT count=1 all=1 result=0
PRIVATE_WAIT count=1 all=1 result=0
PRIVATE_WAIT count=1 all=1 result=0
PRIVATE_WAIT count=1 all=1 result=0
PRIVATE_WAIT count=1 all=1 result=0
PRIVATE_WAIT count=1 all=1 result=0
PRIVATE_WAIT count=1 all=1 result=0
PRIVATE_WAIT count=1 all=1 result=0
PRIVATE_WAIT count=1 all=1 result=0
PRIVATE_WAIT count=1 all=1 result=0
PRIVATE_WAIT count=1 all=1 result=0
PRIVATE_WAIT count=1 all=1 result=0
PRIVATE_WAIT count=1 all=1 result=0
PRIVATE_WAIT count=1 all=1 result=0
PRIVATE_WAIT count=1 all=1 result=0
PRIVATE_WAIT count=1 all=1 result=0
PRIVATE_WAIT count=1 all=1 result=0
PRIVATE_WAIT count=1 all=1 result=0
PRIVATE_WAIT count=1 all=1 result=0
PRIVATE_WAIT count=1 all=1 result=0
PRIVATE_WAIT count=1 all=1 result=0
PRIVATE_WAIT count=1 all=1 result=0
PRIVATE_WAIT count=1 all=1 result=0
PRIVATE_WAIT count=1 all=1 result=0
PRIVATE_WAIT count=1 all=1 result=0
PRIVATE_WAIT count=1 all=1 result=0
PRIVATE_WAIT count=1 all=1 result=0
PRIVATE_WAIT count=1 all=1 result=0
PRIVATE_WAIT count=1 all=1 result=0
PRIVATE_WAIT count=1 all=1 result=0
PRIVATE_WAIT count=1 all=1 result=0
PRIVATE_WAIT count=1 all=1 result=0
PRIVATE_WAIT count=1 all=1 result=0
PRIVATE_WAIT count=1 all=1 result=0
PRIVATE_WAIT count=1 all=1 result=0
PRIVATE_WAIT count=1 all=1 result=0
PRIVATE_WAIT count=1 all=1 result=0
PRIVATE_WAIT count=1 all=1 result=0
PRIVATE_WAIT count=1 all=1 result=0
PRIVATE_WAIT count=1 all=1 result=0
PRIVATE_WAIT count=1 all=1 result=0
PRIVATE_WAIT count=1 all=1 result=0
PRIVATE_WAIT count=1 all=1 result=0
PRIVATE_WAIT count=1 all=1 result=0
PRIVATE_WAIT count=1 all=1 result=0
PRIVATE_WAIT count=1 all=1 result=0
PRIVATE_WAIT count=1 all=1 result=0
PRIVATE_WAIT count=1 all=1 result=0
PRIVATE_WAIT count=1 all=1 result=0
PRIVATE_WAIT count=1 all=1 result=0
PRIVATE_WAIT count=1 all=1 result=0
PRIVATE_WAIT count=1 all=1 result=0
PRIVATE_WAIT count=1 all=1 result=0
PRIVATE_WAIT count=1 all=1 result=0
PRIVATE_WAIT count=1 all=1 result=0
PRIVATE_WAIT count=1 all=1 result=0
PRIVATE_WAIT count=1 all=1 result=0
PRIVATE_WAIT count=1 all=1 result=0
PRIVATE_WAIT count=1 all=1 result=0
PRIVATE_WAIT count=1 all=1 result=0
PRIVATE_WAIT count=1 all=1 result=0
PRIVATE_WAIT count=1 all=1 result=0
PRIVATE_WAIT count=1 all=1 result=0
PRIVATE_WAIT count=1 all=1 result=0
PRIVATE_WAIT count=1 all=1 result=0
PRIVATE_WAIT count=1 all=1 result=0
PRIVATE_WAIT count=1 all=1 result=0
PRIVATE_WAIT count=1 all=1 result=0
PRIVATE_WAIT count=1 all=1 result=0
PRIVATE_WAIT count=1 all=1 result=0
PRIVATE_WAIT count=1 all=1 result=0
PRIVATE_WAIT count=1 all=1 result=0
PRIVATE_WAIT count=1 all=1 result=0
PRIVATE_WAIT count=1 all=1 result=0
PRIVATE_WAIT count=1 all=1 result=0
PRIVATE_WAIT count=1 all=1 result=0
PRIVATE_WAIT count=1 all=1 result=0
PRIVATE_WAIT count=1 all=1 result=0
PRIVATE_WAIT count=1 all=1 result=0
PRIVATE_WAIT count=1 all=1 result=0
PRIVATE_WAIT count=1 all=1 result=0
PRIVATE_WAIT count=1 all=1 result=0
PRIVATE_WAIT count=1 all=1 result=0
PRIVATE_WAIT count=1 all=1 result=0
PRIVATE_WAIT count=1 all=1 result=0
PRIVATE_WAIT count=1 all=1 result=0
PRIVATE_WAIT count=1 all=1 result=0
PRIVATE_WAIT count=1 all=1 result=0
PRIVATE_WAIT count=1 all=1 result=0
PRIVATE_WAIT count=1 all=1 result=0
PRIVATE_WAIT count=1 all=1 result=0
PRIVATE_WAIT count=1 all=1 result=0
PRIVATE_WAIT count=1 all=1 result=0
PRIVATE_WAIT count=1 all=1 result=0
PRIVATE_WAIT count=1 all=1 result=0
PRIVATE_WAIT count=1 all=1 result=0
PRIVATE_WAIT count=1 all=1 result=0
PRIVATE_WAIT count=1 all=1 result=0
PRIVATE_WAIT count=1 all=1 result=0
PRIVATE_WAIT count=1 all=1 result=0
PRIVATE_WAIT count=1 all=1 result=0
PRIVATE_WAIT count=1 all=1 result=0
PRIVATE_WAIT count=1 all=1 result=0
PRIVATE_WAIT count=1 all=1 result=0
PRIVATE_WAIT count=1 all=1 result=0
PRIVATE_WAIT count=1 all=1 result=0
PRIVATE_WAIT count=1 all=1 result=0
PRIVATE_WAIT count=1 all=1 result=0
PRIVATE_WAIT count=1 all=1 result=0
PRIVATE_WAIT count=1 all=1 result=0
PRIVATE_WAIT count=1 all=1 result=0
PRIVATE_WAIT count=1 all=1 result=0
PRIVATE_WAIT count=1 all=1 result=0
PRIVATE_WAIT count=1 all=1 result=0
PRIVATE_WAIT count=1 all=1 result=0
PRIVATE_WAIT count=1 all=1 result=0
PRIVATE_WAIT count=1 all=1 result=0
PRIVATE_WAIT count=1 all=1 result=0
PRIVATE_WAIT count=1 all=1 result=0
PRIVATE_WAIT count=1 all=1 result=0
PRIVATE_WAIT count=1 all=1 result=0
PRIVATE_WAIT count=1 all=1 result=0
PRIVATE_WAIT count=1 all=1 result=0
PRIVATE_WAIT count=1 all=1 result=0
PRIVATE_WAIT count=1 all=1 result=0
PRIVATE_WAIT count=1 all=1 result=0
PRIVATE_WAIT count=1 all=1 result=0
PRIVATE_WAIT count=1 all=1 result=0
PRIVATE_WAIT count=1 all=1 result=0
PRIVATE_WAIT count=1 all=1 result=0
PRIVATE_WAIT count=1 all=1 result=0
PRIVATE_WAIT count=1 all=1 result=0
PRIVATE_WAIT count=1 all=1 result=0
PRIVATE_WAIT count=1 all=1 result=0
PRIVATE_WAIT count=1 all=1 result=0
PRIVATE_WAIT count=1 all=1 result=0
PRIVATE_WAIT count=1 all=1 result=0
PRIVATE_WAIT count=1 all=1 result=0
PRIVATE_WAIT count=1 all=1 result=0
PRIVATE_WAIT count=1 all=1 result=0
PRIVATE_WAIT count=1 all=1 result=0
PRIVATE_WAIT count=1 all=1 result=0
PRIVATE_WAIT count=1 all=1 result=0
PRIVATE_WAIT count=1 all=1 result=0
PRIVATE_WAIT count=1 all=1 result=0
PRIVATE_WAIT count=1 all=1 result=0
PRIVATE_WAIT count=1 all=1 result=0
PRIVATE_WAIT count=1 all=1 result=0
PRIVATE_WAIT count=1 all=1 result=0
PRIVATE_WAIT count=1 all=1 result=0
PRIVATE_WAIT count=1 all=1 result=0
PRIVATE_WAIT count=1 all=1 result=0
PRIVATE_WAIT count=1 all=1 result=0
PRIVATE_WAIT count=1 all=1 result=0
PRIVATE_WAIT count=1 all=1 result=0
PRIVATE_WAIT count=1 all=1 result=0
PRIVATE_WAIT count=1 all=1 result=0
PRIVATE_WAIT count=1 all=1 result=0
PRIVATE_WAIT count=1 all=1 result=0
PRIVATE_WAIT count=1 all=1 result=0
PRIVATE_WAIT count=1 all=1 result=0
PRIVATE_WAIT count=1 all=1 result=0
PRIVATE_WAIT count=1 all=1 result=0
PRIVATE_WAIT count=1 all=1 result=0
PRIVATE_WAIT count=1 all=1 result=0
PRIVATE_WAIT count=1 all=1 result=0
PRIVATE_WAIT count=1 all=1 result=0
PRIVATE_WAIT count=1 all=1 result=0
PRIVATE_WAIT count=1 all=1 result=0
PRIVATE_WAIT count=1 all=1 result=0
PRIVATE_WAIT count=1 all=1 result=0
PRIVATE_WAIT count=1 all=1 result=0
PRIVATE_WAIT count=1 all=1 result=0
PRIVATE_WAIT count=1 all=1 result=0
PRIVATE_WAIT count=1 all=1 result=0
PRIVATE_WAIT count=1 all=1 result=0
PRIVATE_WAIT count=1 all=1 result=0
PRIVATE_WAIT count=1 all=1 result=0
PRIVATE_WAIT count=1 all=1 result=0
PRIVATE_WAIT count=1 all=1 result=0
PRIVATE_WAIT count=1 all=1 result=0
PRIVATE_WAIT count=1 all=1 result=0
PRIVATE_WAIT count=1 all=1 result=0
PRIVATE_WAIT count=1 all=1 result=0
PRIVATE_WAIT count=1 all=1 result=0
PRIVATE_WAIT count=1 all=1 result=0
PRIVATE_WAIT count=1 all=1 result=0
PRIVATE_WAIT count=1 all=1 result=0
PRIVATE_WAIT count=1 all=1 result=0
PRIVATE_WAIT count=1 all=1 result=0
PRIVATE_WAIT count=1 all=1 result=0
PRIVATE_WAIT count=1 all=1 result=0
PRIVATE_WAIT count=1 all=1 result=0
PRIVATE_WAIT count=1 all=1 result=0
PRIVATE_WAIT count=1 all=1 result=0
PRIVATE_WAIT count=1 all=1 result=0
PRIVATE_WAIT count=1 all=1 result=0
PRIVATE_WAIT count=1 all=1 result=0
PRIVATE_WAIT count=1 all=1 result=0
PRIVATE_WAIT count=1 all=1 result=0
PRIVATE_WAIT count=1 all=1 result=0
PRIVATE_WAIT count=1 all=1 result=0
PRIVATE_WAIT count=1 all=1 result=0
PRIVATE_WAIT count=1 all=1 result=0
PRIVATE_WAIT count=1 all=1 result=0
PRIVATE_WAIT count=1 all=1 result=0
PRIVATE_WAIT count=1 all=1 result=0
PRIVATE_WAIT count=1 all=1 result=0
PRIVATE_WAIT count=1 all=1 result=0
PRIVATE_WAIT count=1 all=1 result=0
PRIVATE_WAIT count=1 all=1 result=0
PRIVATE_WAIT count=1 all=1 result=0
PRIVATE_WAIT count=1 all=1 result=0
PRIVATE_WAIT count=1 all=1 result=0
PRIVATE_WAIT count=1 all=1 result=0
PRIVATE_WAIT count=1 all=1 result=0
PRIVATE_WAIT count=1 all=1 result=0
PRIVATE_WAIT count=1 all=1 result=0
PRIVATE_WAIT count=1 all=1 result=0
PRIVATE_WAIT count=1 all=1 result=0
PRIVATE_WAIT count=1 all=1 result=0
PRIVATE_WAIT count=1 all=1 result=0
PRIVATE_WAIT count=1 all=1 result=0
PRIVATE_WAIT count=1 all=1 result=0
PRIVATE_WAIT count=1 all=1 result=0
PRIVATE_WAIT count=1 all=1 result=0
PRIVATE_WAIT count=1 all=1 result=0
PRIVATE_WAIT count=1 all=1 result=0
PRIVATE_WAIT count=1 all=1 result=0
PRIVATE_WAIT count=1 all=1 result=0
PRIVATE_WAIT count=1 all=1 result=0
PRIVATE_WAIT count=1 all=1 result=0
PRIVATE_WAIT count=1 all=1 result=0
PRIVATE_WAIT count=1 all=1 result=0
PRIVATE_WAIT count=1 all=1 result=0
PRIVATE_WAIT count=1 all=1 result=0
PRIVATE_WAIT count=1 all=1 result=0
PRIVATE_WAIT count=1 all=1 result=0
PRIVATE_WAIT count=1 all=1 result=0
PRIVATE_WAIT count=1 all=1 result=0
PRIVATE_WAIT count=1 all=1 result=0
PRIVATE_WAIT count=1 all=1 result=0
PRIVATE_WAIT count=1 all=1 result=0
PRIVATE_WAIT count=1 all=1 result=0
PRIVATE_WAIT count=1 all=1 result=0
PRIVATE_WAIT count=1 all=1 result=0
PRIVATE_WAIT count=1 all=1 result=0
PRIVATE_WAIT count=1 all=1 result=0
PRIVATE_WAIT count=1 all=1 result=0
PRIVATE_WAIT count=1 all=1 result=0
PRIVATE_WAIT count=1 all=1 result=0
PRIVATE_WAIT count=1 all=1 result=0
PRIVATE_WAIT count=1 all=1 result=0
PRIVATE_WAIT count=1 all=1 result=0
PRIVATE_WAIT count=1 all=1 result=0
PRIVATE_WAIT count=1 all=1 result=0
PRIVATE_WAIT count=1 all=1 result=0
PRIVATE_WAIT count=1 all=1 result=0
PRIVATE_WAIT count=1 all=1 result=0
PRIVATE_WAIT count=1 all=1 result=0
PRIVATE_WAIT count=1 all=1 result=0
PRIVATE_WAIT count=1 all=1 result=0
PRIVATE_WAIT count=1 all=1 result=0
PRIVATE_WAIT count=1 all=1 result=0
PRIVATE_WAIT count=1 all=1 result=0
PRIVATE_WAIT count=1 all=1 result=0
PRIVATE_WAIT count=1 all=1 result=0
wsi-probe-client: PASS frames=90 api=1.0
