SETUP instance result=0
SETUP device result=0
PRIVATE_WAIT count=1 all=1 result=0
PRIVATE_WAIT count=1 all=1 result=0
IMPORT_SYNC fd=12 flags=2 result=0 errno=2
PRIVATE_WAIT count=1 all=1 result=0
PRIVATE_WAIT count=1 all=1 result=0
IMPORT_SYNC fd=17 flags=2 result=0 errno=2
PRIVATE_WAIT count=1 all=1 result=0
PRIVATE_WAIT count=1 all=1 result=0
IMPORT_SYNC fd=12 flags=2 result=0 errno=2
PRIVATE_WAIT count=1 all=1 result=0
PRIVATE_WAIT count=1 all=1 result=0
IMPORT_SYNC fd=17 flags=2 result=0 errno=2
PRIVATE_WAIT count=1 all=1 result=0
PRIVATE_WAIT count=1 all=1 result=0
IMPORT_SYNC fd=12 flags=2 result=0 errno=2
PRIVATE_WAIT count=1 all=1 result=0
PRIVATE_WAIT count=1 all=1 result=0
IMPORT_SYNC fd=17 flags=2 result=0 errno=2
PRIVATE_WAIT count=1 all=1 result=0
PRIVATE_WAIT count=1 all=1 result=0
IMPORT_SYNC fd=12 flags=2 result=0 errno=2
PRIVATE_WAIT count=1 all=1 result=0
PRIVATE_WAIT count=1 all=1 result=0
IMPORT_SYNC fd=17 flags=2 result=0 errno=2
PRIVATE_WAIT count=1 all=1 result=0
PRIVATE_WAIT count=1 all=1 result=0
IMPORT_SYNC fd=12 flags=2 result=0 errno=2
PRIVATE_WAIT count=1 all=1 result=0
PRIVATE_WAIT count=1 all=1 result=0
IMPORT_SYNC fd=17 flags=2 result=0 errno=2
PRIVATE_WAIT count=1 all=1 result=0
PRIVATE_WAIT count=1 all=1 result=0
IMPORT_SYNC fd=12 flags=2 result=0 errno=2
PRIVATE_WAIT count=1 all=1 result=0
PRIVATE_WAIT count=1 all=1 result=0
IMPORT_SYNC fd=17 flags=2 result=0 errno=2
PRIVATE_WAIT count=1 all=1 result=0
PRIVATE_WAIT count=1 all=1 result=0
IMPORT_SYNC fd=12 flags=2 result=0 errno=2
PRIVATE_WAIT count=1 all=1 result=0
PRIVATE_WAIT count=1 all=1 result=0
IMPORT_SYNC fd=17 flags=2 result=0 errno=2
PRIVATE_WAIT count=1 all=1 result=0
PRIVATE_WAIT count=1 all=1 result=0
IMPORT_SYNC fd=12 flags=2 result=0 errno=2
PRIVATE_WAIT count=1 all=1 result=0
PRIVATE_WAIT count=1 all=1 result=0
IMPORT_SYNC fd=17 flags=2 result=0 errno=2
PRIVATE_WAIT count=1 all=1 result=0
PRIVATE_WAIT count=1 all=1 result=0
IMPORT_SYNC fd=12 flags=2 result=0 errno=2
PRIVATE_WAIT count=1 all=1 result=0
PRIVATE_WAIT count=1 all=1 result=0
IMPORT_SYNC fd=17 flags=2 result=0 errno=2
PRIVATE_WAIT count=1 all=1 result=0
PRIVATE_WAIT count=1 all=1 result=0
IMPORT_SYNC fd=12 flags=2 result=0 errno=2
PRIVATE_WAIT count=1 all=1 result=0
PRIVATE_WAIT count=1 all=1 result=0
IMPORT_SYNC fd=17 flags=2 result=0 errno=2
PRIVATE_WAIT count=1 all=1 result=0
PRIVATE_WAIT count=1 all=1 result=0
IMPORT_SYNC fd=12 flags=2 result=0 errno=2
PRIVATE_WAIT count=1 all=1 result=0
PRIVATE_WAIT count=1 all=1 result=0
IMPORT_SYNC fd=17 flags=2 result=0 errno=2
PRIVATE_WAIT count=1 all=1 result=0
PRIVATE_WAIT count=1 all=1 result=0
IMPORT_SYNC fd=12 flags=2 result=0 errno=2
PRIVATE_WAIT count=1 all=1 result=0
PRIVATE_WAIT count=1 all=1 result=0
IMPORT_SYNC fd=17 flags=2 result=0 errno=2
PRIVATE_WAIT count=1 all=1 result=0
PRIVATE_WAIT count=1 all=1 result=0
IMPORT_SYNC fd=12 flags=2 result=0 errno=2
PRIVATE_WAIT count=1 all=1 result=0
PRIVATE_WAIT count=1 all=1 result=0
IMPORT_SYNC fd=17 flags=2 result=0 errno=2
PRIVATE_WAIT count=1 all=1 result=0
PRIVATE_WAIT count=1 all=1 result=0
IMPORT_SYNC fd=12 flags=2 result=0 errno=2
PRIVATE_WAIT count=1 all=1 result=0
PRIVATE_WAIT count=1 all=1 result=0
IMPORT_SYNC fd=17 flags=2 result=0 errno=2
PRIVATE_WAIT count=1 all=1 result=0
PRIVATE_WAIT count=1 all=1 result=0
IMPORT_SYNC fd=12 flags=2 result=0 errno=2
PRIVATE_WAIT count=1 all=1 result=0
PRIVATE_WAIT count=1 all=1 result=0
IMPORT_SYNC fd=17 flags=2 result=0 errno=2
PRIVATE_WAIT count=1 all=1 result=0
PRIVATE_WAIT count=1 all=1 result=0
IMPORT_SYNC fd=24 flags=2 result=0 errno=2
PRIVATE_WAIT count=1 all=1 result=0
PRIVATE_WAIT count=1 all=1 result=0
IMPORT_SYNC fd=29 flags=2 result=0 errno=2
PRIVATE_WAIT count=1 all=1 result=0
PRIVATE_WAIT count=1 all=1 result=0
IMPORT_SYNC fd=24 flags=2 result=0 errno=2
PRIVATE_WAIT count=1 all=1 result=0
PRIVATE_WAIT count=1 all=1 result=0
IMPORT_SYNC fd=29 flags=2 result=0 errno=2
PRIVATE_WAIT count=1 all=1 result=0
PRIVATE_WAIT count=1 all=1 result=0
IMPORT_SYNC fd=24 flags=2 result=0 errno=2
PRIVATE_WAIT count=1 all=1 result=0
PRIVATE_WAIT count=1 all=1 result=0
IMPORT_SYNC fd=29 flags=2 result=0 errno=2
PRIVATE_WAIT count=1 all=1 result=0
PRIVATE_WAIT count=1 all=1 result=0
IMPORT_SYNC fd=24 flags=2 result=0 errno=2
PRIVATE_WAIT count=1 all=1 result=0
PRIVATE_WAIT count=1 all=1 result=0
IMPORT_SYNC fd=29 flags=2 result=0 errno=2
PRIVATE_WAIT count=1 all=1 result=0
PRIVATE_WAIT count=1 all=1 result=0
IMPORT_SYNC fd=24 flags=2 result=0 errno=2
PRIVATE_WAIT count=1 all=1 result=0
PRIVATE_WAIT count=1 all=1 result=0
IMPORT_SYNC fd=29 flags=2 result=0 errno=2
PRIVATE_WAIT count=1 all=1 result=0
PRIVATE_WAIT count=1 all=1 result=0
IMPORT_SYNC fd=24 flags=2 result=0 errno=2
PRIVATE_WAIT count=1 all=1 result=0
PRIVATE_WAIT count=1 all=1 result=0
IMPORT_SYNC fd=29 flags=2 result=0 errno=2
PRIVATE_WAIT count=1 all=1 result=0
PRIVATE_WAIT count=1 all=1 result=0
IMPORT_SYNC fd=24 flags=2 result=0 errno=2
PRIVATE_WAIT count=1 all=1 result=0
PRIVATE_WAIT count=1 all=1 result=0
IMPORT_SYNC fd=29 flags=2 result=0 errno=2
PRIVATE_WAIT count=1 all=1 result=0
PRIVATE_WAIT count=1 all=1 result=0
IMPORT_SYNC fd=24 flags=2 result=0 errno=2
PRIVATE_WAIT count=1 all=1 result=0
PRIVATE_WAIT count=1 all=1 result=0
IMPORT_SYNC fd=29 flags=2 result=0 errno=2
PRIVATE_WAIT count=1 all=1 result=0
PRIVATE_WAIT count=1 all=1 result=0
IMPORT_SYNC fd=24 flags=2 result=0 errno=2
PRIVATE_WAIT count=1 all=1 result=0
PRIVATE_WAIT count=1 all=1 result=0
IMPORT_SYNC fd=29 flags=2 result=0 errno=2
PRIVATE_WAIT count=1 all=1 result=0
PRIVATE_WAIT count=1 all=1 result=0
IMPORT_SYNC fd=24 flags=2 result=0 errno=2
PRIVATE_WAIT count=1 all=1 result=0
PRIVATE_WAIT count=1 all=1 result=0
IMPORT_SYNC fd=29 flags=2 result=0 errno=2
PRIVATE_WAIT count=1 all=1 result=0
PRIVATE_WAIT count=1 all=1 result=0
IMPORT_SYNC fd=24 flags=2 result=0 errno=2
PRIVATE_WAIT count=1 all=1 result=0
PRIVATE_WAIT count=1 all=1 result=0
IMPORT_SYNC fd=29 flags=2 result=0 errno=2
PRIVATE_WAIT count=1 all=1 result=0
PRIVATE_WAIT count=1 all=1 result=0
IMPORT_SYNC fd=24 flags=2 result=0 errno=2
PRIVATE_WAIT count=1 all=1 result=0
PRIVATE_WAIT count=1 all=1 result=0
IMPORT_SYNC fd=29 flags=2 result=0 errno=2
PRIVATE_WAIT count=1 all=1 result=0
PRIVATE_WAIT count=1 all=1 result=0
IMPORT_SYNC fd=24 flags=2 result=0 errno=2
PRIVATE_WAIT count=1 all=1 result=0
PRIVATE_WAIT count=1 all=1 result=0
IMPORT_SYNC fd=29 flags=2 result=0 errno=2
PRIVATE_WAIT count=1 all=1 result=0
PRIVATE_WAIT count=1 all=1 result=0
IMPORT_SYNC fd=24 flags=2 result=0 errno=2
PRIVATE_WAIT count=1 all=1 result=0
PRIVATE_WAIT count=1 all=1 result=0
IMPORT_SYNC fd=29 flags=2 result=0 errno=2
PRIVATE_WAIT count=1 all=1 result=0
PRIVATE_WAIT count=1 all=1 result=0
IMPORT_SYNC fd=24 flags=2 result=0 errno=2
PRIVATE_WAIT count=1 all=1 result=0
PRIVATE_WAIT count=1 all=1 result=0
IMPORT_SYNC fd=29 flags=2 result=0 errno=2
PRIVATE_WAIT count=1 all=1 result=0
PRIVATE_WAIT count=1 all=1 result=0
IMPORT_SYNC fd=12 flags=2 result=0 errno=2
PRIVATE_WAIT count=1 all=1 result=0
PRIVATE_WAIT count=1 all=1 result=0
IMPORT_SYNC fd=18 flags=2 result=0 errno=2
PRIVATE_WAIT count=1 all=1 result=0
PRIVATE_WAIT count=1 all=1 result=0
IMPORT_SYNC fd=12 flags=2 result=0 errno=2
PRIVATE_WAIT count=1 all=1 result=0
PRIVATE_WAIT count=1 all=1 result=0
IMPORT_SYNC fd=18 flags=2 result=0 errno=2
PRIVATE_WAIT count=1 all=1 result=0
PRIVATE_WAIT count=1 all=1 result=0
IMPORT_SYNC fd=12 flags=2 result=0 errno=2
PRIVATE_WAIT count=1 all=1 result=0
PRIVATE_WAIT count=1 all=1 result=0
IMPORT_SYNC fd=18 flags=2 result=0 errno=2
PRIVATE_WAIT count=1 all=1 result=0
PRIVATE_WAIT count=1 all=1 result=0
IMPORT_SYNC fd=12 flags=2 result=0 errno=2
PRIVATE_WAIT count=1 all=1 result=0
PRIVATE_WAIT count=1 all=1 result=0
IMPORT_SYNC fd=18 flags=2 result=0 errno=2
PRIVATE_WAIT count=1 all=1 result=0
PRIVATE_WAIT count=1 all=1 result=0
IMPORT_SYNC fd=12 flags=2 result=0 errno=2
PRIVATE_WAIT count=1 all=1 result=0
PRIVATE_WAIT count=1 all=1 result=0
IMPORT_SYNC fd=18 flags=2 result=0 errno=2
PRIVATE_WAIT count=1 all=1 result=0
PRIVATE_WAIT count=1 all=1 result=0
IMPORT_SYNC fd=12 flags=2 result=0 errno=2
PRIVATE_WAIT count=1 all=1 result=0
PRIVATE_WAIT count=1 all=1 result=0
IMPORT_SYNC fd=18 flags=2 result=0 errno=2
PRIVATE_WAIT count=1 all=1 result=0
PRIVATE_WAIT count=1 all=1 result=0
IMPORT_SYNC fd=12 flags=2 result=0 errno=2
PRIVATE_WAIT count=1 all=1 result=0
PRIVATE_WAIT count=1 all=1 result=0
IMPORT_SYNC fd=18 flags=2 result=0 errno=2
PRIVATE_WAIT count=1 all=1 result=0
PRIVATE_WAIT count=1 all=1 result=0
IMPORT_SYNC fd=12 flags=2 result=0 errno=2
PRIVATE_WAIT count=1 all=1 result=0
PRIVATE_WAIT count=1 all=1 result=0
IMPORT_SYNC fd=18 flags=2 result=0 errno=2
PRIVATE_WAIT count=1 all=1 result=0
PRIVATE_WAIT count=1 all=1 result=0
IMPORT_SYNC fd=12 flags=2 result=0 errno=2
PRIVATE_WAIT count=1 all=1 result=0
PRIVATE_WAIT count=1 all=1 result=0
IMPORT_SYNC fd=18 flags=2 result=0 errno=2
PRIVATE_WAIT count=1 all=1 result=0
PRIVATE_WAIT count=1 all=1 result=0
IMPORT_SYNC fd=12 flags=2 result=0 errno=2
PRIVATE_WAIT count=1 all=1 result=0
PRIVATE_WAIT count=1 all=1 result=0
IMPORT_SYNC fd=18 flags=2 result=0 errno=2
PRIVATE_WAIT count=1 all=1 result=0
PRIVATE_WAIT count=1 all=1 result=0
IMPORT_SYNC fd=12 flags=2 result=0 errno=2
PRIVATE_WAIT count=1 all=1 result=0
PRIVATE_WAIT count=1 all=1 result=0
IMPORT_SYNC fd=18 flags=2 result=0 errno=2
PRIVATE_WAIT count=1 all=1 result=0
PRIVATE_WAIT count=1 all=1 result=0
IMPORT_SYNC fd=12 flags=2 result=0 errno=2
PRIVATE_WAIT count=1 all=1 result=0
PRIVATE_WAIT count=1 all=1 result=0
IMPORT_SYNC fd=18 flags=2 result=0 errno=2
PRIVATE_WAIT count=1 all=1 result=0
PRIVATE_WAIT count=1 all=1 result=0
IMPORT_SYNC fd=12 flags=2 result=0 errno=2
PRIVATE_WAIT count=1 all=1 result=0
PRIVATE_WAIT count=1 all=1 result=0
IMPORT_SYNC fd=18 flags=2 result=0 errno=2
PRIVATE_WAIT count=1 all=1 result=0
PRIVATE_WAIT count=1 all=1 result=0
IMPORT_SYNC fd=12 flags=2 result=0 errno=2
PRIVATE_WAIT count=1 all=1 result=0
PRIVATE_WAIT count=1 all=1 result=0
IMPORT_SYNC fd=18 flags=2 result=0 errno=2
PRIVATE_WAIT count=1 all=1 result=0
PRIVATE_WAIT count=1 all=1 result=0
IMPORT_SYNC fd=12 flags=2 result=0 errno=2
PRIVATE_WAIT count=1 all=1 result=0
PRIVATE_WAIT count=1 all=1 result=0
IMPORT_SYNC fd=18 flags=2 result=0 errno=2
wsi-probe-client: PASS frames=90 api=1.0
