built build/p10-browser2/plain/browser
built build/p10-browser2/plain/browser-probe
built build/p10-browser2/plain/host-array-length
built build/p10-browser2/plain/host-attribute-namespace
built build/p10-browser2/plain/host-base
built build/p10-browser2/plain/host-click
built build/p10-browser2/plain/host-collection
built build/p10-browser2/plain/host-color-media
built build/p10-browser2/plain/host-context-ownership
built build/p10-browser2/plain/host-css-rule-model
built build/p10-browser2/plain/host-cssom-mutation
built build/p10-browser2/plain/host-cssom
built build/p10-browser2/plain/host-data-url
built build/p10-browser2/plain/host-document-images
built build/p10-browser2/plain/host-document-parser
built build/p10-browser2/plain/host-document-stream
built build/p10-browser2/plain/host-form-collection
built build/p10-browser2/plain/host-form-owner
built build/p10-browser2/plain/host-form
built build/p10-browser2/plain/host-frame-lifetime
built build/p10-browser2/plain/host-frame-load
built build/p10-browser2/plain/host-frame-viewport
built build/p10-browser2/plain/host-heap
built build/p10-browser2/plain/host-image-geometry
built build/p10-browser2/plain/host-image-zero
built build/p10-browser2/plain/host-insertion
built build/p10-browser2/plain/host-interp
built build/p10-browser2/plain/host-js
built build/p10-browser2/plain/host-link
built build/p10-browser2/plain/host-loader
built build/p10-browser2/plain/host-mutation-record
built build/p10-browser2/plain/host-namespace
built build/p10-browser2/plain/host-native-properties
built build/p10-browser2/plain/host-node-cloning
built build/p10-browser2/plain/host-number
built build/p10-browser2/plain/host-object
built build/p10-browser2/plain/host-option-state
built build/p10-browser2/plain/host-parse
built build/p10-browser2/plain/host-position
built build/p10-browser2/plain/host-radio-state
built build/p10-browser2/plain/host-range-boundary
built build/p10-browser2/plain/host-range-clone-contents
built build/p10-browser2/plain/host-range-data
built build/p10-browser2/plain/host-range-delete-contents
built build/p10-browser2/plain/host-range-extract-contents
built build/p10-browser2/plain/host-range-insert
built build/p10-browser2/plain/host-range-mutation
built build/p10-browser2/plain/host-range-surround-contents
built build/p10-browser2/plain/host-realm-retirement
built build/p10-browser2/plain/host-realms
built build/p10-browser2/plain/host-relayout
built build/p10-browser2/plain/host-removal
built build/p10-browser2/plain/host-resource
built build/p10-browser2/plain/host-select-collection
built build/p10-browser2/plain/host-select
built build/p10-browser2/plain/host-style-sheet
built build/p10-browser2/plain/host-submit
built build/p10-browser2/plain/host-svg-length
built build/p10-browser2/plain/host-svg-text
built build/p10-browser2/plain/host-table-collection
built build/p10-browser2/plain/host-table-mutation
built build/p10-browser2/plain/host-table-row
built build/p10-browser2/plain/host-text
built build/p10-browser2/plain/host-tokenizer
built build/p10-browser2/plain/host-traversal
built build/p10-browser2/plain/host-tree
built build/p10-browser2/plain/host-url
built build/p10-browser2/plain/host-view
built build/p10-browser2/plain/host-vm-factory
built build/p10-browser2/plain/host-write
built build/p10-browser2/plain/host-xml-binding
built build/p10-browser2/plain/host-xml-document
built build/p10-browser2/plain/host-xml-dom
built build/p10-browser2/plain/host-xml-node
built build/p10-browser2/plain/host-xml
