Oct 01 10:55:22 keiland-guest /usr/libexec/gdm-wayland-session[7648]: ZWL IMPORT client=3 buffer=39 width=916 height=632 bytes=2347008
Oct 01 10:55:22 keiland-guest /usr/libexec/gdm-wayland-session[7648]: ZWL IMPORT client=3 buffer=41 width=916 height=632 bytes=2347008
Oct 01 10:55:22 keiland-guest /usr/libexec/gdm-wayland-session[7648]: ZWL IMPORT client=3 buffer=43 width=916 height=632 bytes=2347008
Oct 01 10:55:22 keiland-guest /usr/libexec/gdm-wayland-session[7688]: ZTERM MENU state selection=0 clipboard=0 pixels=16 fullscreen=0
Oct 01 10:55:22 keiland-guest /usr/libexec/gdm-wayland-session[7648]: ZWL MENU commit client=3 menu=47 serial=1 items=30 generation=1
Oct 01 10:55:22 keiland-guest /usr/libexec/gdm-wayland-session[7648]: ZWL MENU set client=3 place=48 menu=47
Oct 01 10:55:22 keiland-guest /usr/libexec/gdm-wayland-session[7648]: ZWL MENU commit client=3 menu=47 serial=2 items=30 generation=2
Oct 01 10:55:22 keiland-guest /usr/libexec/gdm-wayland-session[7688]: ZTERM MENU ready items=30
Oct 01 10:55:22 keiland-guest /usr/libexec/gdm-wayland-session[7688]: ZTERM TAB active id=1
Oct 01 10:55:22 keiland-guest /usr/libexec/gdm-wayland-session[7688]: ZTERM TAB new run=term id=1 count=1
Oct 01 10:55:22 keiland-guest /usr/libexec/gdm-wayland-session[7688]: ZTERM START run=term columns=90 rows=28 cell=10x22 window=916x632
Oct 01 10:55:22 keiland-guest /usr/libexec/gdm-wayland-session[7688]: ZTERM TABS count=1 active=1 mode=0
Oct 01 10:55:22 keiland-guest /usr/libexec/gdm-wayland-session[7688]: ZTERM TITLE tab=1 title=Terminal
Oct 01 10:55:22 keiland-guest /usr/libexec/gdm-wayland-session[7648]: ZWL TITLEBAR create client=3 titlebar=52 toplevel=16
Oct 01 10:55:22 keiland-guest /usr/libexec/gdm-wayland-session[7648]: ZWL EDIT state client=3 edit=24 actions=0xff flags=0xd
Oct 01 10:55:22 keiland-guest /usr/libexec/gdm-wayland-session[7648]: ZWL TITLEBAR commit client=3 titlebar=52 serial=1 mode=0 controls=0 tabs=1 generation=1
Oct 01 10:55:22 keiland-guest /usr/libexec/gdm-wayland-session[7648]: ZWL MAP client=3 surface=14 x=182 y=127
Oct 01 10:55:22 keiland-guest /usr/libexec/gdm-wayland-session[7648]: ZWL HOME launched waited_ms=351 at_ms=1031387
Oct 01 10:55:22 keiland-guest /usr/libexec/gdm-wayland-session[7648]: ZWL GLASS launch surface=14 from=676,238 to=182,127 size=916x632
Oct 01 10:55:22 keiland-guest /usr/libexec/gdm-wayland-session[7688]: ZTERM CLIPBOARD selection text=0
Oct 01 10:55:22 keiland-guest /usr/libexec/gdm-wayland-session[7688]: ZTERM PRIMARY offer text=0
Oct 01 10:55:22 keiland-guest /usr/libexec/gdm-wayland-session[7648]: ZWL MENU bar client=3 surface=14 where=floating item=1 offset=127 top=75 width=55 height=44
Oct 01 10:55:22 keiland-guest /usr/libexec/gdm-wayland-session[7648]: ZWL MENU bar client=3 surface=14 where=floating item=2 offset=184 top=75 width=47 height=44
Oct 01 10:55:22 keiland-guest /usr/libexec/gdm-wayland-session[7648]: ZWL MENU bar client=3 surface=14 where=floating item=3 offset=233 top=75 width=55 height=44
Oct 01 10:55:22 keiland-guest /usr/libexec/gdm-wayland-session[7648]: ZWL MENU bar client=3 surface=14 where=floating item=4 offset=290 top=75 width=76 height=44
Oct 01 10:55:22 keiland-guest /usr/libexec/gdm-wayland-session[7648]: ZWL MENU bar client=3 surface=14 where=floating item=5 offset=368 top=75 width=53 height=44
Oct 01 10:55:24 keiland-guest /usr/libexec/gdm-wayland-session[7648]: ZWL PERF 5001ms: passes=405 timeouts=380 | poll 75.8% work 24.0%
Oct 01 10:55:24 keiland-guest /usr/libexec/gdm-wayland-session[7648]: ZWL PERF compose frames=26 draw_ms=45.37 (acquire 0.01 submit+present 45.02) frame_ms=46.92
Oct 01 10:55:29 keiland-guest /usr/libexec/gdm-wayland-session[7648]: ZWL PERF 5008ms: passes=488 timeouts=420 | poll 89.8% work 9.8%
Oct 01 10:55:29 keiland-guest /usr/libexec/gdm-wayland-session[7648]: ZWL PERF compose frames=23 draw_ms=20.39 (acquire 0.01 submit+present 20.15) frame_ms=22.42
Oct 01 10:55:33 keiland-guest /usr/libexec/gdm-wayland-session[7648]: ZWL SEAT input_revoked device=13:65 lease=retained
Oct 01 10:55:33 keiland-guest /usr/libexec/gdm-wayland-session[7648]: ZWL SEAT input_revoked device=13:69 lease=retained
Oct 01 10:55:33 keiland-guest /usr/libexec/gdm-wayland-session[7648]: ZWL SEAT input_revoked device=13:67 lease=retained
Oct 01 10:55:33 keiland-guest /usr/libexec/gdm-wayland-session[7648]: ZWL SEAT input_revoked device=13:64 lease=retained
Oct 01 10:55:33 keiland-guest /usr/libexec/gdm-wayland-session[7648]: libvulkan-compat: restore CRTC failed: Permission denied
Oct 01 10:55:33 keiland-guest /usr/libexec/gdm-wayland-session[7648]: ZWL OUTPUT closed
Oct 01 10:55:33 keiland-guest /usr/libexec/gdm-wayland-session[7648]: ZWL SEAT pause device=226:0 type=force display=1
Oct 01 10:55:33 keiland-guest /usr/libexec/gdm-wayland-session[7648]: ZWL SEAT pause device=13:65 type=force display=0
Oct 01 10:55:33 keiland-guest /usr/libexec/gdm-wayland-session[7648]: ZWL SEAT pause device=13:67 type=force display=0
Oct 01 10:55:33 keiland-guest /usr/libexec/gdm-wayland-session[7648]: ZWL SEAT pause device=13:69 type=force display=0
Oct 01 10:55:33 keiland-guest /usr/libexec/gdm-wayland-session[7648]: ZWL SEAT pause device=13:64 type=force display=0
Oct 01 10:55:34 keiland-guest /usr/libexec/gdm-wayland-session[7648]: ZWL PERF 5002ms: passes=481 timeouts=478 | poll 97.5% work 0.4%
Oct 01 10:55:35 keiland-guest /usr/libexec/gdm-wayland-session[7648]: ZWL SEAT resume device=226:0 display=1
Oct 01 10:55:35 keiland-guest /usr/libexec/gdm-wayland-session[7648]: ZWL SEAT resume device=13:65 display=0
Oct 01 10:55:35 keiland-guest /usr/libexec/gdm-wayland-session[7648]: ZWL SEAT resume device=13:67 display=0
Oct 01 10:55:35 keiland-guest /usr/libexec/gdm-wayland-session[7648]: ZWL SEAT resume device=13:69 display=0
Oct 01 10:55:35 keiland-guest /usr/libexec/gdm-wayland-session[7648]: ZWL SEAT resume device=13:64 display=0
Oct 01 10:55:35 keiland-guest /usr/libexec/gdm-wayland-session[7648]: ZWL STARTUP step=output-display ms=0
Oct 01 10:55:35 keiland-guest /usr/libexec/gdm-wayland-session[7648]: ZWL STARTUP step=output-pipelines ms=0
Oct 01 10:55:35 keiland-guest /usr/libexec/gdm-wayland-session[7648]: ZWL STARTUP step=output-swapchain ms=7
Oct 01 10:55:35 keiland-guest /usr/libexec/gdm-wayland-session[7648]: ZWL STARTUP step=output-targets ms=0
Oct 01 10:55:35 keiland-guest /usr/libexec/gdm-wayland-session[7648]: ZWL OUTPUT open width=1280 height=800 images=3 format=44
Oct 01 10:55:35 keiland-guest /usr/libexec/gdm-wayland-session[7648]: ZWL MODE window switch_ms=7 at_ms=1044567
Oct 01 10:55:39 keiland-guest /usr/libexec/gdm-wayland-session[7648]: ZWL PERF 5002ms: passes=479 timeouts=478 | poll 97.0% work 2.7%
Oct 01 10:55:39 keiland-guest /usr/libexec/gdm-wayland-session[7648]: ZWL PERF compose frames=1 draw_ms=33.16 (acquire 0.04 submit+present 32.90) frame_ms=38.01
Oct 01 10:55:39 keiland-guest /usr/libexec/gdm-wayland-session[7648]: ZWL PING pong client=3 serial=54
Oct 01 10:55:42 keiland-guest /usr/libexec/gdm-wayland-session[7648]: ZWL SEAT input_revoked device=13:69 lease=retained
Oct 01 10:55:42 keiland-guest /usr/libexec/gdm-wayland-session[7648]: ZWL SEAT input_revoked device=13:67 lease=retained
Oct 01 10:55:42 keiland-guest /usr/libexec/gdm-wayland-session[7648]: ZWL SEAT input_revoked device=13:65 lease=retained
Oct 01 10:55:42 keiland-guest /usr/libexec/gdm-wayland-session[7648]: ZWL SEAT input_revoked device=13:64 lease=retained
Oct 01 10:55:42 keiland-guest /usr/libexec/gdm-wayland-session[7648]: libvulkan-compat: restore CRTC failed: Permission denied
Oct 01 10:55:42 keiland-guest /usr/libexec/gdm-wayland-session[7648]: ZWL OUTPUT closed
Oct 01 10:55:42 keiland-guest /usr/libexec/gdm-wayland-session[7648]: ZWL SEAT pause device=226:0 type=force display=1
Oct 01 10:55:42 keiland-guest /usr/libexec/gdm-wayland-session[7648]: ZWL SEAT pause device=13:65 type=force display=0
Oct 01 10:55:42 keiland-guest /usr/libexec/gdm-wayland-session[7648]: ZWL SEAT pause device=13:67 type=force display=0
Oct 01 10:55:42 keiland-guest /usr/libexec/gdm-wayland-session[7648]: ZWL SEAT pause device=13:69 type=force display=0
Oct 01 10:55:42 keiland-guest /usr/libexec/gdm-wayland-session[7648]: ZWL SEAT pause device=13:64 type=force display=0
Oct 01 10:55:44 keiland-guest /usr/libexec/gdm-wayland-session[7648]: ZWL PERF 5008ms: passes=496 timeouts=443 | poll 92.5% work 7.2%
Oct 01 10:55:44 keiland-guest /usr/libexec/gdm-wayland-session[7648]: ZWL PERF compose frames=18 draw_ms=19.23 (acquire 0.01 submit+present 19.00) frame_ms=21.13
Oct 01 10:55:44 keiland-guest /usr/libexec/gdm-wayland-session[7648]: ZWL SEAT resume device=226:0 display=1
Oct 01 10:55:44 keiland-guest /usr/libexec/gdm-wayland-session[7648]: ZWL SEAT resume device=13:65 display=0
Oct 01 10:55:44 keiland-guest /usr/libexec/gdm-wayland-session[7648]: ZWL SEAT resume device=13:67 display=0
Oct 01 10:55:44 keiland-guest /usr/libexec/gdm-wayland-session[7648]: ZWL SEAT resume device=13:69 display=0
Oct 01 10:55:44 keiland-guest /usr/libexec/gdm-wayland-session[7648]: ZWL SEAT resume device=13:64 display=0
Oct 01 10:55:44 keiland-guest /usr/libexec/gdm-wayland-session[7648]: ZWL STARTUP step=output-display ms=0
Oct 01 10:55:44 keiland-guest /usr/libexec/gdm-wayland-session[7648]: ZWL STARTUP step=output-pipelines ms=0
Oct 01 10:55:44 keiland-guest /usr/libexec/gdm-wayland-session[7648]: ZWL STARTUP step=output-swapchain ms=8
Oct 01 10:55:44 keiland-guest /usr/libexec/gdm-wayland-session[7648]: ZWL STARTUP step=output-targets ms=0
Oct 01 10:55:44 keiland-guest /usr/libexec/gdm-wayland-session[7648]: ZWL OUTPUT open width=1280 height=800 images=3 format=44
Oct 01 10:55:44 keiland-guest /usr/libexec/gdm-wayland-session[7648]: ZWL MODE window switch_ms=8 at_ms=1053588
