USER         PID COMMAND
kei         7107 /opt/keiland/bin/wayland --session --glass --wallpaper=/opt/keiland/share/keiland/wallpaper.ppm
XDG_SESSION_TYPE=wayland
XDG_SESSION_ID=171
XDG_RUNTIME_DIR=/run/user/1000
XDG_SESSION_CLASS=user
XDG_SESSION_DESKTOP=keiland
SESSION  UID USER SEAT  LEADER CLASS         TTY  IDLE SINCE
    169    0 root -     7021   user          -    no   -
    170    0 root -     7027   manager-early -    no   -
    171 1000 kei  seat0 7068   user          tty2 no   -
    172 1000 kei  -     7076   manager       -    no   -

4 sessions listed.
Oct 01 10:50:49 keiland-guest /usr/libexec/gdm-wayland-session[7107]: ZWL STARTUP step=compose ms=151 at_ms=758489
Oct 01 10:50:49 keiland-guest /usr/libexec/gdm-wayland-session[7107]: ZWL INPUT device=/dev/input/event5 kind=pointer abs=1
Oct 01 10:50:49 keiland-guest /usr/libexec/gdm-wayland-session[7107]: ZWL INPUT device=/dev/input/event3 kind=keyboard abs=0
Oct 01 10:50:49 keiland-guest /usr/libexec/gdm-wayland-session[7107]: ZWL INPUT device=/dev/input/event1 kind=pointer abs=0
Oct 01 10:50:49 keiland-guest /usr/libexec/gdm-wayland-session[7107]: ZWL INPUT device=/dev/input/event0 kind=keyboard abs=0
Oct 01 10:50:49 keiland-guest /usr/libexec/gdm-wayland-session[7107]: ZWL STARTUP step=input ms=27 at_ms=758516
Oct 01 10:50:49 keiland-guest /usr/libexec/gdm-wayland-session[7107]: ZWL KEYMAP format=xkb_v1 errno=0
Oct 01 10:50:49 keiland-guest /usr/libexec/gdm-wayland-session[7107]: ZWL STARTUP step=keymap ms=0 at_ms=758516
Oct 01 10:50:49 keiland-guest /usr/libexec/gdm-wayland-session[7107]: ZWL STARTUP step=socket ms=0 at_ms=758516
Oct 01 10:50:49 keiland-guest /usr/libexec/gdm-wayland-session[7107]: ZWL CLIENT client=1 fd=17 ime=1
Oct 01 10:50:49 keiland-guest /usr/libexec/gdm-wayland-session[7107]: ZWL IME started pid=7132 client=1
Oct 01 10:50:49 keiland-guest /usr/libexec/gdm-wayland-session[7107]: ZWL READY socket=/run/user/1000/wayland-keiland width=1280 height=800 timeout_ms=18446744073709551615 pid=7107
Oct 01 10:50:49 keiland-guest /usr/libexec/gdm-wayland-session[7107]: ZWL CORNER zone x=1252 y=0 width=28 height=28
Oct 01 10:50:49 keiland-guest /usr/libexec/gdm-wayland-session[7107]: ZWL OSK zone kind=flick x=1252 y=772 size=28
Oct 01 10:50:49 keiland-guest /usr/libexec/gdm-wayland-session[7107]: ZWL OSK zone kind=qwerty x=0 y=772 size=28
Oct 01 10:50:49 keiland-guest /usr/libexec/gdm-wayland-session[7107]: ZWL DESKTOP start pid=7133 command=/opt/keiland/bin/files --desktop at_ms=758528
Oct 01 10:50:49 keiland-guest /usr/libexec/gdm-wayland-session[7107]: ZWL STARTUP step=output-display ms=0
Oct 01 10:50:49 keiland-guest /usr/libexec/gdm-wayland-session[7132]: KEI-IME LANGUAGE id=direct
Oct 01 10:50:49 keiland-guest /usr/libexec/gdm-wayland-session[7107]: ZWL STARTUP step=output-pipelines ms=16
Oct 01 10:50:49 keiland-guest /usr/libexec/gdm-wayland-session[7107]: ZWL STARTUP step=output-swapchain ms=7
Oct 01 10:50:49 keiland-guest /usr/libexec/gdm-wayland-session[7107]: ZWL STARTUP step=output-targets ms=0
Oct 01 10:50:49 keiland-guest /usr/libexec/gdm-wayland-session[7107]: ZWL OUTPUT open width=1280 height=800 images=3 format=44
Oct 01 10:50:49 keiland-guest /usr/libexec/gdm-wayland-session[7107]: ZWL MODE window switch_ms=23 at_ms=758551
Oct 01 10:50:49 keiland-guest /usr/libexec/gdm-wayland-session[7107]: ZWL GLASS desktops x=818 step=46 width=40
Oct 01 10:50:49 keiland-guest /usr/libexec/gdm-wayland-session[7107]: ZWL NETWORK icon x=1062 y=3 width=30 height=28
Oct 01 10:50:49 keiland-guest /usr/libexec/gdm-wayland-session[7107]: ZWL VOLUME icon x=1029 y=3 width=30 height=28
Oct 01 10:50:49 keiland-guest /usr/libexec/gdm-wayland-session[7107]: ZWL CLIENT client=2 fd=21
Oct 01 10:50:49 keiland-guest /usr/libexec/gdm-wayland-session[7107]: ZWL IME language=direct
Oct 01 10:50:49 keiland-guest /usr/libexec/gdm-wayland-session[7132]: KEI-IME READY languages=2
Oct 01 10:50:49 keiland-guest /usr/libexec/gdm-wayland-session[7107]: ZWL DESKTOP role client=2 surface=8 x=0 y=34 width=1280 height=766
Oct 01 10:50:49 keiland-guest /usr/libexec/gdm-wayland-session[7107]: ZWL SEAT client=2 pointer=1 keyboard=0 touch=0
Oct 01 10:50:49 keiland-guest /usr/libexec/gdm-wayland-session[7107]: ZWL SEAT client=2 pointer=1 keyboard=1 touch=0
Oct 01 10:50:49 keiland-guest /usr/libexec/gdm-wayland-session[7133]: ZFILES DESKTOP configure x=0 y=34 width=1280 height=766
Oct 01 10:50:49 keiland-guest /usr/libexec/gdm-wayland-session[7107]: ZWL DESKTOP ack serial=2
Oct 01 10:50:50 keiland-guest /usr/libexec/gdm-wayland-session[7133]: ZFILES LOCATION kind=folder path=/home/kei/Desktop items=0 error=0
Oct 01 10:50:50 keiland-guest /usr/libexec/gdm-wayland-session[7133]: ZFILES DESKTOP layout saved=0 error=0
Oct 01 10:50:50 keiland-guest /usr/libexec/gdm-wayland-session[7133]: ZFILES DESKTOP grid width=1280 height=766 columns=13 rows=7
Oct 01 10:50:50 keiland-guest /usr/libexec/gdm-wayland-session[7133]: ZFILES DESKTOP ready items=0 cells=0 width=1280 height=766 at_ms=758682 newest_age_ms=-1
Oct 01 10:50:50 keiland-guest /usr/libexec/gdm-wayland-session[7107]: ZWL IMPORT client=2 buffer=22 width=1280 height=766 bytes=3932160
Oct 01 10:50:50 keiland-guest /usr/libexec/gdm-wayland-session[7107]: ZWL IMPORT client=2 buffer=24 width=1280 height=766 bytes=3932160
Oct 01 10:50:50 keiland-guest /usr/libexec/gdm-wayland-session[7107]: ZWL IMPORT client=2 buffer=26 width=1280 height=766 bytes=3932160
Oct 01 10:50:50 keiland-guest /usr/libexec/gdm-wayland-session[7107]: ZWL DESKTOP drawn at_ms=758724
Oct 01 10:50:50 keiland-guest /usr/libexec/gdm-wayland-session[7133]: ZFILES MENU context-only
Oct 01 10:50:50 keiland-guest /usr/libexec/gdm-wayland-session[7133]: ZFILES DESKTOP startup entered_ms=758538 fonts=14 instance=42 window=16 present=68 app=1 canvas=0 draw=3 shown=42 menus=15
Oct 01 10:50:50 keiland-guest /usr/libexec/gdm-wayland-session[7133]: ZFILES READY width=1280 height=766 token=-
