audit plan/tools/keiland-linux/audio-probe.c
audit plan/tools/keiland-linux/display-probe.c
audit plan/tools/keiland-linux/dmabuf-forge.c
audit plan/tools/keiland-linux/dmabuf-probe.c
audit plan/tools/keiland-linux/fake-backend.c
audit plan/tools/keiland-linux/flip-delay.c
audit plan/tools/keiland-linux/lib-smoke.c
audit plan/tools/keiland-linux/network-probe.c
audit plan/tools/keiland-linux/sync-unavailable.c
audit plan/tools/keiland-linux/vk-chain-test.c
audit plan/tools/keiland-linux/wsi-probe-client.c
audit userland/desktop/libkeiland/linux/audio-linux.c
audit userland/desktop/libkeiland/linux/network-link-linux.c
audit userland/desktop/libkeiland/wpa/network-wpa.c
audit userland/desktop/libvulkan-compat/backend.c
audit userland/desktop/libvulkan-compat/device.c
audit userland/desktop/libvulkan-compat/dispatch.c
audit userland/desktop/libvulkan-compat/instance.c
audit userland/desktop/libvulkan-compat/kms.c
audit userland/desktop/libvulkan-compat/linux-dmabuf-v1-protocol.c
audit userland/desktop/libvulkan-compat/wsi-display.c
audit userland/desktop/libvulkan-compat/wsi-swapchain.c
audit userland/desktop/libvulkan-compat/wsi-wayland.c
audit userland/desktop/wayland/linux/dbus-linux.c
audit userland/desktop/wayland/linux/gpu-linux.c
audit userland/desktop/wayland/linux/handoff-linux.c
audit userland/desktop/wayland/linux/input-linux.c
audit userland/desktop/wayland/linux/os-linux.c
audit userland/desktop/wayland/linux/seat-direct-linux.c
audit userland/desktop/wayland/linux/seat-logind-linux.c
audit plan/tools/keiland-linux/dbus-wire.c
audit plan/tools/keiland-linux/seat-fd.c
userland/desktop/libvulkan-compat/dispatch.c:258:VOID_END:compat_missing
