plan/tools/keiland-linux/audio-probe.c return-call edits 0
plan/tools/keiland-linux/display-probe.c return-call edits 6
plan/tools/keiland-linux/dmabuf-forge.c return-call edits 0
plan/tools/keiland-linux/dmabuf-probe.c return-call edits 5
plan/tools/keiland-linux/fake-backend.c return-call edits 0
plan/tools/keiland-linux/flip-delay.c return-call edits 0
plan/tools/keiland-linux/lib-smoke.c return-call edits 0
plan/tools/keiland-linux/network-probe.c return-call edits 0
plan/tools/keiland-linux/sync-unavailable.c return-call edits 0
plan/tools/keiland-linux/vk-chain-test.c return-call edits 0
plan/tools/keiland-linux/wsi-probe-client.c return-call edits 8
userland/desktop/libkeiland/linux/audio-linux.c return-call edits 0
userland/desktop/libkeiland/linux/network-link-linux.c return-call edits 0
userland/desktop/libkeiland/wpa/network-wpa.c return-call edits 0
userland/desktop/libvulkan-compat/backend.c return-call edits 0
userland/desktop/libvulkan-compat/device.c return-call edits 0
userland/desktop/libvulkan-compat/dispatch.c return-call edits 0
userland/desktop/libvulkan-compat/instance.c return-call edits 0
userland/desktop/libvulkan-compat/kms.c return-call edits 6
userland/desktop/libvulkan-compat/linux-dmabuf-v1-protocol.c return-call edits 0
userland/desktop/libvulkan-compat/wsi-display.c return-call edits 2
userland/desktop/libvulkan-compat/wsi-swapchain.c return-call edits 5
userland/desktop/libvulkan-compat/wsi-wayland.c return-call edits 10
userland/desktop/wayland/linux/dbus-linux.c return-call edits 0
userland/desktop/wayland/linux/gpu-linux.c return-call edits 0
userland/desktop/wayland/linux/handoff-linux.c return-call edits 0
userland/desktop/wayland/linux/input-linux.c return-call edits 0
userland/desktop/wayland/linux/os-linux.c return-call edits 0
userland/desktop/wayland/linux/seat-direct-linux.c return-call edits 0
userland/desktop/wayland/linux/seat-logind-linux.c return-call edits 0
