Oct 01 12:44:26 keiland-guest /usr/libexec/gdm-wayland-session[3137]: ZWL PERF 5006ms: passes=484 timeouts=484 | poll 98.6% work 0.6%
Oct 01 12:44:31 keiland-guest /usr/libexec/gdm-wayland-session[3137]: ZWL PERF 5045ms: passes=485 timeouts=485 | poll 98.1% work 0.6%
Oct 01 12:44:36 keiland-guest /usr/libexec/gdm-wayland-session[3137]: ZWL PERF 5002ms: passes=486 timeouts=486 | poll 99.1% work 0.6%
Oct 01 12:44:41 keiland-guest /usr/libexec/gdm-wayland-session[3137]: ZWL PERF 5009ms: passes=486 timeouts=486 | poll 99.0% work 0.6%
Oct 01 12:44:46 keiland-guest /usr/libexec/gdm-wayland-session[3137]: ZWL PERF 5004ms: passes=483 timeouts=483 | poll 98.5% work 0.6%
Oct 01 12:44:51 keiland-guest /usr/libexec/gdm-wayland-session[3137]: ZWL PERF 5007ms: passes=479 timeouts=479 | poll 97.6% work 0.6%
Oct 01 12:44:56 keiland-guest /usr/libexec/gdm-wayland-session[3137]: ZWL PERF 5006ms: passes=486 timeouts=486 | poll 99.1% work 0.6%
Oct 01 12:45:01 keiland-guest /usr/libexec/gdm-wayland-session[3137]: ZWL PERF 5000ms: passes=480 timeouts=480 | poll 97.7% work 1.1%
Oct 01 12:45:01 keiland-guest /usr/libexec/gdm-wayland-session[3137]: ZWL PERF compose frames=1 draw_ms=22.59 (acquire 0.02 submit+present 22.41) frame_ms=24.71
Oct 01 12:45:06 keiland-guest /usr/libexec/gdm-wayland-session[3137]: ZWL PERF 5000ms: passes=483 timeouts=483 | poll 98.7% work 0.6%
Oct 01 12:45:11 keiland-guest /usr/libexec/gdm-wayland-session[3137]: ZWL PERF 5003ms: passes=486 timeouts=486 | poll 99.1% work 0.6%
Oct 01 12:45:16 keiland-guest /usr/libexec/gdm-wayland-session[3137]: ZWL PERF 5001ms: passes=485 timeouts=485 | poll 99.0% work 0.6%
Oct 01 12:45:21 keiland-guest /usr/libexec/gdm-wayland-session[3137]: ZWL PERF 5005ms: passes=486 timeouts=486 | poll 99.1% work 0.6%
Oct 01 12:45:26 keiland-guest /usr/libexec/gdm-wayland-session[3137]: ZWL PERF 5001ms: passes=485 timeouts=485 | poll 99.0% work 0.6%
Oct 01 12:45:31 keiland-guest /usr/libexec/gdm-wayland-session[3137]: ZWL PERF 5000ms: passes=482 timeouts=482 | poll 98.4% work 0.6%
Oct 01 12:45:36 keiland-guest /usr/libexec/gdm-wayland-session[3137]: ZWL PERF 5008ms: passes=486 timeouts=486 | poll 99.0% work 0.6%
Oct 01 12:45:41 keiland-guest /usr/libexec/gdm-wayland-session[3137]: ZWL PERF 5006ms: passes=486 timeouts=486 | poll 99.1% work 0.6%
Oct 01 12:45:46 keiland-guest /usr/libexec/gdm-wayland-session[3137]: ZWL PERF 5000ms: passes=485 timeouts=485 | poll 98.9% work 0.6%
Oct 01 12:45:51 keiland-guest /usr/libexec/gdm-wayland-session[3137]: ZWL PERF 5003ms: passes=486 timeouts=486 | poll 99.1% work 0.6%
Oct 01 12:45:56 keiland-guest /usr/libexec/gdm-wayland-session[3137]: ZWL PERF 5008ms: passes=484 timeouts=484 | poll 98.6% work 0.6%
Oct 01 12:46:01 keiland-guest /usr/libexec/gdm-wayland-session[3137]: ZWL PERF 5007ms: passes=485 timeouts=485 | poll 98.6% work 1.1%
Oct 01 12:46:01 keiland-guest /usr/libexec/gdm-wayland-session[3137]: ZWL PERF compose frames=1 draw_ms=22.68 (acquire 0.02 submit+present 22.51) frame_ms=24.90
Oct 01 12:46:06 keiland-guest /usr/libexec/gdm-wayland-session[3137]: ZWL PERF 5004ms: passes=484 timeouts=484 | poll 98.7% work 0.6%
Oct 01 12:46:11 keiland-guest /usr/libexec/gdm-wayland-session[3137]: ZWL PERF 5004ms: passes=486 timeouts=486 | poll 99.1% work 0.6%
Oct 01 12:46:16 keiland-guest /usr/libexec/gdm-wayland-session[3137]: ZWL PERF 5006ms: passes=486 timeouts=486 | poll 99.0% work 0.6%
Oct 01 12:46:21 keiland-guest /usr/libexec/gdm-wayland-session[3137]: ZWL PERF 5003ms: passes=486 timeouts=486 | poll 99.1% work 0.6%
Oct 01 12:46:26 keiland-guest /usr/libexec/gdm-wayland-session[3137]: ZWL PERF 5005ms: passes=481 timeouts=481 | poll 98.1% work 0.6%
Oct 01 12:46:31 keiland-guest /usr/libexec/gdm-wayland-session[3137]: ZWL PERF 5004ms: passes=486 timeouts=486 | poll 99.1% work 0.6%
Oct 01 12:46:36 keiland-guest /usr/libexec/gdm-wayland-session[3137]: ZWL PERF 5002ms: passes=485 timeouts=485 | poll 98.9% work 0.6%
Oct 01 12:46:41 keiland-guest /usr/libexec/gdm-wayland-session[3137]: ZWL PERF 5003ms: passes=486 timeouts=486 | poll 99.1% work 0.6%
Oct 01 12:46:46 keiland-guest /usr/libexec/gdm-wayland-session[3137]: ZWL PERF 5003ms: passes=478 timeouts=478 | poll 97.4% work 0.6%
Oct 01 12:46:51 keiland-guest /usr/libexec/gdm-wayland-session[3137]: ZWL PERF 5004ms: passes=486 timeouts=486 | poll 99.1% work 0.6%
Oct 01 12:46:56 keiland-guest /usr/libexec/gdm-wayland-session[3137]: ZWL PERF 5009ms: passes=486 timeouts=486 | poll 99.0% work 0.6%
Oct 01 12:47:01 keiland-guest /usr/libexec/gdm-wayland-session[3137]: ZWL PERF 5005ms: passes=486 timeouts=486 | poll 98.7% work 1.0%
Oct 01 12:47:01 keiland-guest /usr/libexec/gdm-wayland-session[3137]: ZWL PERF compose frames=1 draw_ms=20.86 (acquire 0.02 submit+present 20.70) frame_ms=23.01
Oct 01 12:47:06 keiland-guest /usr/libexec/gdm-wayland-session[3137]: ZWL PERF 5000ms: passes=486 timeouts=486 | poll 99.0% work 0.6%
Oct 01 12:47:11 keiland-guest /usr/libexec/gdm-wayland-session[3137]: ZWL PERF 5005ms: passes=487 timeouts=487 | poll 99.1% work 0.6%
Oct 01 12:47:16 keiland-guest /usr/libexec/gdm-wayland-session[3137]: ZWL PERF 5003ms: passes=481 timeouts=481 | poll 97.9% work 0.6%
Oct 01 12:47:20 keiland-guest /usr/libexec/gdm-wayland-session[3137]: ZWL HOME open via=launcher at_ms=1866921
Oct 01 12:47:20 keiland-guest /usr/libexec/gdm-wayland-session[3137]: ZWL FIRST_FRAME what=home-open frame=10 request_ms=1866921 ms=47
Oct 01 12:47:20 keiland-guest /usr/libexec/gdm-wayland-session[3137]: ZWL HOME opened apps=10 pages=1 page=1 at_ms=1867209
Oct 01 12:47:20 keiland-guest /usr/libexec/gdm-wayland-session[3137]: ZWL HOME icon name="Files" x=280 y=274
Oct 01 12:47:20 keiland-guest /usr/libexec/gdm-wayland-session[3137]: ZWL HOME icon name="Notes" x=424 y=274
Oct 01 12:47:20 keiland-guest /usr/libexec/gdm-wayland-session[3137]: ZWL HOME icon name="Settings" x=568 y=274
Oct 01 12:47:20 keiland-guest /usr/libexec/gdm-wayland-session[3137]: ZWL HOME icon name="Terminal" x=712 y=274
Oct 01 12:47:20 keiland-guest /usr/libexec/gdm-wayland-session[3137]: ZWL HOME icon name="PDF Viewer" x=856 y=274
Oct 01 12:47:20 keiland-guest /usr/libexec/gdm-wayland-session[3137]: ZWL HOME icon name="Image Viewer" x=1000 y=274
Oct 01 12:47:20 keiland-guest /usr/libexec/gdm-wayland-session[3137]: ZWL HOME icon name="Text Editor" x=280 y=426
Oct 01 12:47:20 keiland-guest /usr/libexec/gdm-wayland-session[3137]: ZWL HOME icon name="Model viewer" x=424 y=426
Oct 01 12:47:20 keiland-guest /usr/libexec/gdm-wayland-session[3137]: ZWL HOME icon name="Widget Demo" x=568 y=426
Oct 01 12:47:20 keiland-guest /usr/libexec/gdm-wayland-session[3137]: ZWL HOME icon name="Log Out" x=712 y=426
Oct 01 12:47:21 keiland-guest /usr/libexec/gdm-wayland-session[3137]: ZWL PERF 5007ms: passes=463 timeouts=460 | poll 92.0% work 7.7%
Oct 01 12:47:21 keiland-guest /usr/libexec/gdm-wayland-session[3137]: ZWL PERF compose frames=12 draw_ms=29.62 (acquire 0.00 submit+present 29.26) frame_ms=31.56
Oct 01 12:47:23 keiland-guest /usr/libexec/gdm-wayland-session[3137]: ZWL HOME launch name=Terminal pid=3446
Oct 01 12:47:23 keiland-guest /usr/libexec/gdm-wayland-session[3137]: ZWL HOME close via=launch at_ms=1869445
Oct 01 12:47:23 keiland-guest /usr/libexec/gdm-wayland-session[3137]: ZWL FIRST_FRAME what=home-close frame=22 request_ms=1869445 ms=46
Oct 01 12:47:23 keiland-guest /usr/libexec/gdm-wayland-session[3137]: ZWL CLIENT client=3 fd=25
Oct 01 12:47:23 keiland-guest /usr/libexec/gdm-wayland-session[3137]: ZWL INSET create client=3 inset=20 toplevel=16
Oct 01 12:47:23 keiland-guest /usr/libexec/gdm-wayland-session[3137]: ZWL EDIT create client=3 edit=24 toplevel=16
Oct 01 12:47:23 keiland-guest /usr/libexec/gdm-wayland-session[3137]: ZWL BOUNDS client=3 surface=14 width=1256 height=690
Oct 01 12:47:23 keiland-guest /usr/libexec/gdm-wayland-session[3137]: ZWL CONFIGURE client=3 surface=14 serial=3 width=0 height=0 fullscreen=0
Oct 01 12:47:23 keiland-guest /usr/libexec/gdm-wayland-session[3137]: ZWL SEAT client=3 pointer=1 keyboard=0 touch=0
Oct 01 12:47:23 keiland-guest /usr/libexec/gdm-wayland-session[3137]: ZWL SEAT client=3 pointer=1 keyboard=1 touch=0
Oct 01 12:47:23 keiland-guest /usr/libexec/gdm-wayland-session[3137]: ZWL HOME closed at_ms=1869706
Oct 01 12:47:23 keiland-guest /usr/libexec/gdm-wayland-session[3137]: ZWL IMPORT client=3 buffer=39 width=916 height=632 bytes=2347008
Oct 01 12:47:23 keiland-guest /usr/libexec/gdm-wayland-session[3137]: ZWL IMPORT client=3 buffer=41 width=916 height=632 bytes=2347008
Oct 01 12:47:23 keiland-guest /usr/libexec/gdm-wayland-session[3137]: ZWL IMPORT client=3 buffer=43 width=916 height=632 bytes=2347008
Oct 01 12:47:23 keiland-guest /usr/libexec/gdm-wayland-session[3447]: ZTERM MENU state selection=0 clipboard=0 pixels=16 fullscreen=0
Oct 01 12:47:23 keiland-guest /usr/libexec/gdm-wayland-session[3137]: ZWL MENU commit client=3 menu=47 serial=1 items=30 generation=1
Oct 01 12:47:23 keiland-guest /usr/libexec/gdm-wayland-session[3137]: ZWL MENU set client=3 place=48 menu=47
Oct 01 12:47:23 keiland-guest /usr/libexec/gdm-wayland-session[3137]: ZWL MENU commit client=3 menu=47 serial=2 items=30 generation=2
Oct 01 12:47:23 keiland-guest /usr/libexec/gdm-wayland-session[3447]: ZTERM MENU ready items=30
Oct 01 12:47:23 keiland-guest /usr/libexec/gdm-wayland-session[3447]: ZTERM TAB active id=1
Oct 01 12:47:23 keiland-guest /usr/libexec/gdm-wayland-session[3447]: ZTERM TAB new run=term id=1 count=1
Oct 01 12:47:23 keiland-guest /usr/libexec/gdm-wayland-session[3447]: ZTERM START run=term columns=90 rows=28 cell=10x22 window=916x632
Oct 01 12:47:23 keiland-guest /usr/libexec/gdm-wayland-session[3447]: ZTERM TABS count=1 active=1 mode=0
Oct 01 12:47:23 keiland-guest /usr/libexec/gdm-wayland-session[3447]: ZTERM TITLE tab=1 title=Terminal
Oct 01 12:47:23 keiland-guest /usr/libexec/gdm-wayland-session[3137]: ZWL TITLEBAR create client=3 titlebar=52 toplevel=16
Oct 01 12:47:23 keiland-guest /usr/libexec/gdm-wayland-session[3137]: ZWL EDIT state client=3 edit=24 actions=0xff flags=0xd
Oct 01 12:47:23 keiland-guest /usr/libexec/gdm-wayland-session[3137]: ZWL TITLEBAR commit client=3 titlebar=52 serial=1 mode=0 controls=0 tabs=1 generation=1
Oct 01 12:47:23 keiland-guest /usr/libexec/gdm-wayland-session[3137]: ZWL MAP client=3 surface=14 x=182 y=127
Oct 01 12:47:23 keiland-guest /usr/libexec/gdm-wayland-session[3137]: ZWL HOME launched waited_ms=423 at_ms=1869868
Oct 01 12:47:23 keiland-guest /usr/libexec/gdm-wayland-session[3137]: ZWL GLASS launch surface=14 from=676,238 to=182,127 size=916x632
Oct 01 12:47:23 keiland-guest /usr/libexec/gdm-wayland-session[3447]: ZTERM CLIPBOARD selection text=0
Oct 01 12:47:23 keiland-guest /usr/libexec/gdm-wayland-session[3447]: ZTERM PRIMARY offer text=0
Oct 01 12:47:23 keiland-guest /usr/libexec/gdm-wayland-session[3137]: ZWL MENU bar client=3 surface=14 where=floating item=1 offset=127 top=75 width=55 height=44
Oct 01 12:47:23 keiland-guest /usr/libexec/gdm-wayland-session[3137]: ZWL MENU bar client=3 surface=14 where=floating item=2 offset=184 top=75 width=47 height=44
Oct 01 12:47:23 keiland-guest /usr/libexec/gdm-wayland-session[3137]: ZWL MENU bar client=3 surface=14 where=floating item=3 offset=233 top=75 width=55 height=44
Oct 01 12:47:23 keiland-guest /usr/libexec/gdm-wayland-session[3137]: ZWL MENU bar client=3 surface=14 where=floating item=4 offset=290 top=75 width=76 height=44
Oct 01 12:47:23 keiland-guest /usr/libexec/gdm-wayland-session[3137]: ZWL MENU bar client=3 surface=14 where=floating item=5 offset=368 top=75 width=53 height=44
Oct 01 12:47:26 keiland-guest /usr/libexec/gdm-wayland-session[3137]: ZWL PERF 5004ms: passes=457 timeouts=438 | poll 88.0% work 10.8%
Oct 01 12:47:26 keiland-guest /usr/libexec/gdm-wayland-session[3137]: ZWL PERF compose frames=20 draw_ms=25.20 (acquire 0.01 submit+present 24.76) frame_ms=26.29
Oct 01 12:47:27 keiland-guest /usr/libexec/gdm-wayland-session[3137]: ZWL PING pong client=3 serial=8
Oct 01 12:47:31 keiland-guest /usr/libexec/gdm-wayland-session[3137]: ZWL SEAT input_revoked device=13:67 lease=retained
Oct 01 12:47:31 keiland-guest /usr/libexec/gdm-wayland-session[3137]: ZWL SEAT input_revoked device=13:66 lease=retained
Oct 01 12:47:31 keiland-guest /usr/libexec/gdm-wayland-session[3137]: ZWL SEAT input_revoked device=13:65 lease=retained
Oct 01 12:47:31 keiland-guest /usr/libexec/gdm-wayland-session[3137]: ZWL SEAT input_revoked device=13:64 lease=retained
Oct 01 12:47:31 keiland-guest /usr/libexec/gdm-wayland-session[3137]: ZWL SEAT pause device=13:67 type=force display=0
Oct 01 12:47:31 keiland-guest /usr/libexec/gdm-wayland-session[3137]: ZWL SEAT pause device=13:66 type=force display=0
Oct 01 12:47:31 keiland-guest /usr/libexec/gdm-wayland-session[3137]: ZWL SEAT pause device=13:64 type=force display=0
Oct 01 12:47:31 keiland-guest /usr/libexec/gdm-wayland-session[3137]: libvulkan-compat: restore CRTC failed: Permission denied
Oct 01 12:47:31 keiland-guest /usr/libexec/gdm-wayland-session[3137]: ZWL OUTPUT closed
Oct 01 12:47:31 keiland-guest /usr/libexec/gdm-wayland-session[3137]: ZWL SEAT pause device=226:0 type=force display=1
Oct 01 12:47:31 keiland-guest /usr/libexec/gdm-wayland-session[3137]: ZWL SEAT pause device=13:65 type=force display=0
Oct 01 12:47:31 keiland-guest /usr/libexec/gdm-wayland-session[3137]: ZWL PERF 5009ms: passes=500 timeouts=428 | poll 90.1% work 9.6%
Oct 01 12:47:31 keiland-guest /usr/libexec/gdm-wayland-session[3137]: ZWL PERF compose frames=24 draw_ms=18.45 (acquire 0.01 submit+present 18.22) frame_ms=20.34
Oct 01 12:47:33 keiland-guest /usr/libexec/gdm-wayland-session[3137]: ZWL SEAT resume device=13:67 display=0
Oct 01 12:47:33 keiland-guest /usr/libexec/gdm-wayland-session[3137]: ZWL SEAT resume device=13:66 display=0
Oct 01 12:47:33 keiland-guest /usr/libexec/gdm-wayland-session[3137]: ZWL SEAT resume device=13:64 display=0
Oct 01 12:47:33 keiland-guest /usr/libexec/gdm-wayland-session[3137]: ZWL SEAT resume device=226:0 display=1
Oct 01 12:47:33 keiland-guest /usr/libexec/gdm-wayland-session[3137]: ZWL SEAT resume device=13:65 display=0
Oct 01 12:47:33 keiland-guest /usr/libexec/gdm-wayland-session[3137]: ZWL STARTUP step=output-display ms=1
Oct 01 12:47:33 keiland-guest /usr/libexec/gdm-wayland-session[3137]: ZWL STARTUP step=output-pipelines ms=0
Oct 01 12:47:33 keiland-guest /usr/libexec/gdm-wayland-session[3137]: ZWL STARTUP step=output-swapchain ms=7
Oct 01 12:47:33 keiland-guest /usr/libexec/gdm-wayland-session[3137]: ZWL STARTUP step=output-targets ms=0
Oct 01 12:47:33 keiland-guest /usr/libexec/gdm-wayland-session[3137]: ZWL OUTPUT open width=1280 height=800 images=3 format=44
Oct 01 12:47:33 keiland-guest /usr/libexec/gdm-wayland-session[3137]: ZWL MODE window switch_ms=8 at_ms=1880356
Oct 01 12:47:36 keiland-guest /usr/libexec/gdm-wayland-session[3137]: ZWL PERF 5006ms: passes=466 timeouts=465 | poll 94.5% work 3.0%
Oct 01 12:47:36 keiland-guest /usr/libexec/gdm-wayland-session[3137]: ZWL PERF compose frames=1 draw_ms=32.99 (acquire 0.07 submit+present 32.65) frame_ms=77.47
Oct 01 12:47:37 keiland-guest /usr/libexec/gdm-wayland-session[3137]: ZWL PING pong client=3 serial=53
