ZWL PREFERENCES open
ZWL DISPLAY device=llvmpipe (LLVM 19.1.7, 256 bits) width=1280 height=800 refresh_mhz=74994
ZWL STARTUP step=vulkan-device ms=87
ZWL STARTUP step=vulkan-objects-arrow ms=3
ZWL STARTUP step=wallpaper-picture ms=8
ZWL STARTUP step=wallpaper ms=38
ZWL STARTUP step=glyphs-text ms=9
ZWL STARTUP step=glyphs-icons ms=3
ZWL STARTUP step=glyphs-mark ms=18
ZWL GLASS atlas cache-top=380 cells=273 faces=1
ZWL STARTUP step=glyphs ms=31
ZWL GLASS ready text=1
ZWL STARTUP step=compose ms=160 at_ms=710804
ZWL INPUT device=/dev/input/event3 kind=pointer abs=1
ZWL INPUT device=/dev/input/event2 kind=keyboard abs=0
ZWL INPUT device=/dev/input/event1 kind=pointer abs=0
ZWL INPUT device=/dev/input/event0 kind=keyboard abs=0
ZWL STARTUP step=input ms=60 at_ms=710864
ZWL KEYMAP format=xkb_v1 errno=0
ZWL STARTUP step=keymap ms=0 at_ms=710864
ZWL STARTUP step=socket ms=0 at_ms=710864
ZWL CLIENT client=1 fd=17 ime=1
ZWL IME started pid=1731 client=1
ZWL READY socket=/run/keiland-0 width=1280 height=800 timeout_ms=18446744073709551615 pid=1714
ZWL CORNER zone x=1252 y=0 width=28 height=28
ZWL OSK zone kind=flick x=1252 y=772 size=28
ZWL OSK zone kind=qwerty x=0 y=772 size=28
ZWL NETWORK state reachable=0 connected=1 kind=wired interface=enp0s5 wifi=absent ssid=
ZWL VOLUME reachable=1 device=1
ZWL DESKTOP start pid=1732 command=/opt/keiland/bin/files --desktop at_ms=710877
ZWL STARTUP step=output-display ms=0
KEI-IME LANGUAGE id=direct
ZWL STARTUP step=output-pipelines ms=16
ZWL STARTUP step=output-swapchain ms=7
ZWL STARTUP step=output-targets ms=0
ZWL OUTPUT open width=1280 height=800 images=3 format=44
ZWL MODE window switch_ms=23 at_ms=710900
ZWL GLASS desktops x=818 step=46 width=40
ZWL NETWORK icon x=1062 y=3 width=30 height=28
ZWL VOLUME icon x=1029 y=3 width=30 height=28
ZWL CLIENT client=2 fd=22
ZWL IME language=direct
KEI-IME READY languages=2
ZWL DESKTOP role client=2 surface=8 x=0 y=34 width=1280 height=766
ZWL SEAT client=2 pointer=1 keyboard=0 touch=0
ZWL SEAT client=2 pointer=1 keyboard=1 touch=0
ZFILES DESKTOP configure x=0 y=34 width=1280 height=766
ZWL DESKTOP ack serial=2
ZFILES LOCATION kind=folder path=/root/Desktop items=0 error=0
ZFILES DESKTOP layout saved=0 error=0
ZFILES DESKTOP grid width=1280 height=766 columns=13 rows=7
ZFILES DESKTOP ready items=0 cells=0 width=1280 height=766 at_ms=711113 newest_age_ms=-1
ZWL IMPORT client=2 buffer=22 width=1280 height=766 bytes=3932160
ZWL IMPORT client=2 buffer=24 width=1280 height=766 bytes=3932160
ZWL IMPORT client=2 buffer=26 width=1280 height=766 bytes=3932160
ZWL DESKTOP drawn at_ms=711184
ZFILES MENU context-only
ZFILES DESKTOP startup entered_ms=710887 fonts=13 instance=49 window=94 present=67 app=1 canvas=0 draw=2 shown=71 menus=18
ZFILES READY width=1280 height=766 token=-
ZWL CLIENT client=3 fd=23
ZWL CONFIGURE client=3 surface=8 serial=3 width=0 height=0 fullscreen=0
ZWL SEAT client=3 pointer=1 keyboard=0 touch=0
ZWL MAP client=3 surface=8 x=400 y=283
ZWL PERF 6023ms: passes=506 timeouts=392 | poll 55.8% work 44.3%
ZWL PERF compose frames=99 draw_ms=26.14 (acquire 0.01 submit+present 25.96) frame_ms=28.74
ZWL PERF shm copies=95 copy_ms=0.210
ZWL CLIENT gone client=3 reason=hangup
ZWL CLEANUP client=3 objects=12 unread_fds=0
ZWL PERF 5000ms: passes=654 timeouts=330 | poll 20.3% work 77.3%
ZWL PERF compose frames=312 draw_ms=12.08 (acquire 0.01 submit+present 11.92) frame_ms=14.59
ZWL PERF shm copies=309 copy_ms=0.177
ZWL CLIENT client=4 fd=23
ZWL CONFIGURE client=4 surface=6 serial=8 width=1280 height=800 fullscreen=1
ZWL IMPORT client=4 buffer=15 width=1280 height=800 bytes=4096000
ZWL IMPORT client=4 buffer=17 width=1280 height=800 bytes=4096000
ZWL IMPORT client=4 buffer=19 width=1280 height=800 bytes=4096000
ZWL MAP client=4 surface=6 x=0 y=0
ZWL GLASS bar hidden fullscreen=6
ZWL PERF 5010ms: passes=504 timeouts=285 | poll 31.3% work 66.2%
ZWL PERF compose frames=204 draw_ms=16.10 (acquire 0.00 submit+present 16.06) frame_ms=18.90
ZWL PERF 5016ms: passes=510 timeouts=252 | poll 18.0% work 79.1%
ZWL PERF compose frames=252 draw_ms=15.63 (acquire 0.00 submit+present 15.58) frame_ms=18.14
ZWL CLIENT gone client=4 reason=read
ZWL CLEANUP client=4 objects=12 unread_fds=0
ZWL GLASS bar shown
ZWL CLIENT client=5 fd=23
ZWL IMPORT_ERROR client=5 errno=22
ZWL ERROR client=5 object=6 code=6 reason=buffer layout exceeds allocation emit=0
ZWL CLIENT gone client=5 reason=error
ZWL CLEANUP client=5 objects=4 unread_fds=0
