ZWL PREFERENCES open
ZWL DISPLAY device=llvmpipe (LLVM 19.1.7, 256 bits) width=1280 height=800 refresh_mhz=74994
ZWL STARTUP step=vulkan-device ms=213
ZWL STARTUP step=vulkan-objects-arrow ms=263
ZWL STARTUP step=wallpaper-picture ms=26
ZWL STARTUP step=wallpaper ms=259
ZWL STARTUP step=glyphs-text ms=28
ZWL STARTUP step=glyphs-icons ms=13
ZWL STARTUP step=glyphs-mark ms=22
ZWL GLASS atlas cache-top=380 cells=273 faces=1
ZWL STARTUP step=glyphs ms=167
ZWL GLASS ready text=1
ZWL STARTUP step=compose ms=982 at_ms=373342
ZWL INPUT device=/dev/input/event0 kind=pointer abs=1
ZWL INPUT device=/dev/input/event1 kind=keyboard abs=0
ZWL INPUT device=/dev/input/event2 kind=pointer abs=0
ZWL INPUT device=/dev/input/event3 kind=keyboard abs=0
ZWL STARTUP step=input ms=2 at_ms=373344
ZWL KEYMAP format=xkb_v1 errno=0
ZWL STARTUP step=keymap ms=0 at_ms=373344
ZWL STARTUP step=socket ms=0 at_ms=373344
ZWL IME none program=/usr/libexec/keiland-ime errno=6
ZWL READY socket=/tmp/wayland-0 width=1280 height=800 timeout_ms=400000 pid=1943
ZWL CORNER zone x=1252 y=0 width=28 height=28
ZWL OSK zone kind=flick x=1252 y=772 size=28
ZWL OSK zone kind=qwerty x=0 y=772 size=28
ZWL STARTUP step=output-display ms=5
ZWL STARTUP step=output-pipelines ms=160
ZWL STARTUP step=output-swapchain ms=386
ZWL STARTUP step=output-targets ms=89
ZWL OUTPUT open width=1280 height=800 images=3 format=37
ZWL MODE window switch_ms=640 at_ms=373996
ZWL LAT draw frame=1 at_us=373996000
ZWL LAT acquired frame=1 at_us=373997000
ZWL GLASS desktops x=822 step=46 width=40
ZWL NETWORK icon x=1066 y=3 width=30 height=28
ZWL VOLUME icon x=1033 y=3 width=30 height=28
ZWL LAT recorded frame=1 at_us=374018000
ZWL COMPOSE frame=1 image=0 windows=0 at_ms=374088
ZWL LAT submit frame=1 at_us=374088000
ZWL LAT shown frame=1 at_us=374098000
ZWL HOME skip name=Image Viewer missing=/bin/imageview
ZWL HOME skip name=Text Editor missing=/bin/textedit
ZWL HOME skip name=Browser missing=/bin/browser
ZWL NETWORK state reachable=1 connected=1 kind=wired interface=ue0 wifi=absent ssid=
ZWL LAT draw frame=2 at_us=374099000
ZWL LAT acquired frame=2 at_us=374223000
ZWL LAT recorded frame=2 at_us=374244000
ZWL COMPOSE frame=2 image=1 windows=0 at_ms=374314
ZWL LAT submit frame=2 at_us=374314000
ZWL LAT shown frame=2 at_us=374324000
ZWL CLIENT client=1 fd=17
ZWL SEAT client=1 pointer=1 keyboard=0 touch=0
ZWL SEAT client=1 pointer=1 keyboard=1 touch=0
ZWL CONFIGURE client=1 surface=10 serial=1 width=0 height=0 fullscreen=0
ZWL LAT draw frame=3 at_us=374377000
ZWL LAT acquired frame=3 at_us=374377000
ZWL LAT recorded frame=3 at_us=374397000
ZWL COMPOSE frame=3 image=2 windows=0 at_ms=374467
ZWL LAT submit frame=3 at_us=374467000
ZWL LAT shown frame=3 at_us=374477000
ZWL COMMIT client=1 surface=10 buffer=15 queued=0
ZWL LAT adopt surface=10 at_us=374480000
ZWL MAP client=1 surface=10 x=440 y=293
ZWL SHM_COPY client=1 surface=10 buffer=15 rows=0-300 sum=47199377
ZWL LAT draw frame=4 at_us=374685000
ZWL LAT acquired frame=4 at_us=374685000
ZWL LAT recorded frame=4 at_us=374706000
ZWL COMPOSE frame=4 image=0 windows=1 at_ms=374777
ZWL LAT submit frame=4 at_us=374778000
ZWL LAT shown frame=4 at_us=374787000
ZWL PERF 5004ms: passes=377 timeouts=362 | poll 84.0% work 33.2%
ZWL PERF compose frames=4 draw_ms=145.32 (acquire 39.38 submit+present 81.69) frame_ms=156.87
ZWL PERF shm copies=1 copy_ms=2.870
ZWL LAT draw frame=5 at_us=379197000
ZWL LAT acquired frame=5 at_us=379197000
ZWL LAT recorded frame=5 at_us=379217000
ZWL COMPOSE frame=5 image=1 windows=1 at_ms=379287
ZWL LAT submit frame=5 at_us=379287000
ZWL LAT shown frame=5 at_us=379297000
ZWL LAT draw frame=6 at_us=379350000
ZWL LAT acquired frame=6 at_us=379351000
ZWL LAT recorded frame=6 at_us=379371000
ZWL COMPOSE frame=6 image=2 windows=1 at_ms=379441
ZWL LAT submit frame=6 at_us=379441000
ZWL LAT shown frame=6 at_us=379452000
ZWL POPUP create client=1 popup=19 surface=17 parent=10 x=60 y=60 width=360 height=180
ZWL POPUP grab popup=19 surface=17
ZWL POPUP configure surface=17 serial=7 x=60 y=60 width=360 height=180
ZWL PING pong client=1 serial=6
ZWL COMMIT client=1 surface=17 buffer=21 queued=0
ZWL LAT adopt surface=17 at_us=379655000
ZWL POPUP map surface=17 x=500 y=353 grab=1
ZWL SHM_COPY client=1 surface=17 buffer=21 rows=0-180 sum=26c56835
ZWL LAT draw frame=7 at_us=379858000
ZWL LAT acquired frame=7 at_us=379859000
ZWL LAT recorded frame=7 at_us=379880000
ZWL COMPOSE frame=7 image=0 windows=1 at_ms=379950
ZWL LAT submit frame=7 at_us=379950000
ZWL LAT shown frame=7 at_us=379960000
ZWL PERF 5008ms: passes=460 timeouts=448 | poll 89.0% work 10.9%
ZWL PERF compose frames=3 draw_ms=90.66 (acquire 0.27 submit+present 70.00) frame_ms=100.96
ZWL PERF shm copies=1 copy_ms=1.347
ZWL LAT draw frame=8 at_us=383872000
ZWL LAT acquired frame=8 at_us=383872000
ZWL LAT recorded frame=8 at_us=383892000
ZWL COMPOSE frame=8 image=1 windows=1 at_ms=383962
ZWL LAT submit frame=8 at_us=383962000
ZWL LAT shown frame=8 at_us=383972000
ZWL LAT draw frame=9 at_us=384026000
ZWL LAT acquired frame=9 at_us=384026000
ZWL LAT recorded frame=9 at_us=384047000
ZWL COMPOSE frame=9 image=2 windows=1 at_ms=384117
ZWL LAT submit frame=9 at_us=384117000
ZWL LAT shown frame=9 at_us=384127000
ZWL POPUP create client=1 popup=25 surface=23 parent=17 x=360 y=120 width=360 height=120
ZWL POPUP grab popup=25 surface=23
ZWL POPUP configure surface=23 serial=16 x=360 y=120 width=360 height=120
ZWL PING pong client=1 serial=15
ZWL COMMIT client=1 surface=23 buffer=27 queued=0
ZWL LAT adopt surface=23 at_us=384330000
ZWL POPUP map surface=23 x=860 y=473 grab=1
ZWL SHM_COPY client=1 surface=23 buffer=27 rows=0-120 sum=0e8510e5
ZWL LAT draw frame=10 at_us=384533000
ZWL LAT acquired frame=10 at_us=384533000
ZWL LAT recorded frame=10 at_us=384554000
ZWL COMPOSE frame=10 image=0 windows=1 at_ms=384624
ZWL LAT submit frame=10 at_us=384624000
ZWL LAT shown frame=10 at_us=384634000
ZWL LAT draw frame=11 at_us=387884000
ZWL LAT acquired frame=11 at_us=387884000
ZWL LAT recorded frame=11 at_us=387906000
ZWL COMPOSE frame=11 image=1 windows=1 at_ms=387976
ZWL LAT submit frame=11 at_us=387976000
ZWL LAT shown frame=11 at_us=387986000
ZWL LAT draw frame=12 at_us=388024000
ZWL LAT acquired frame=12 at_us=388024000
ZWL LAT recorded frame=12 at_us=388045000
ZWL COMPOSE frame=12 image=2 windows=1 at_ms=388115
ZWL LAT submit frame=12 at_us=388115000
ZWL LAT shown frame=12 at_us=388125000
ZWL LAT draw frame=13 at_us=388463000
ZWL LAT acquired frame=13 at_us=388463000
ZWL LAT recorded frame=13 at_us=388484000
ZWL COMPOSE frame=13 image=0 windows=1 at_ms=388554
ZWL LAT submit frame=13 at_us=388554000
ZWL LAT shown frame=13 at_us=388565000
ZWL PING pong client=1 serial=24
ZWL LAT draw frame=14 at_us=388707000
ZWL LAT acquired frame=14 at_us=388707000
ZWL LAT recorded frame=14 at_us=388728000
ZWL COMPOSE frame=14 image=1 windows=1 at_ms=388798
ZWL LAT submit frame=14 at_us=388798000
ZWL PERF 5198ms: passes=439 timeouts=421 | poll 77.5% work 22.4%
ZWL PERF compose frames=6 draw_ms=101.41 (acquire 0.35 submit+present 77.92) frame_ms=96.55
ZWL PERF shm copies=1 copy_ms=0.890
ZWL LAT shown frame=14 at_us=388809000
ZWL LAT draw frame=15 at_us=392544000
ZWL LAT acquired frame=15 at_us=392544000
ZWL LAT recorded frame=15 at_us=392565000
ZWL COMPOSE frame=15 image=2 windows=1 at_ms=392635
ZWL LAT submit frame=15 at_us=392635000
ZWL LAT shown frame=15 at_us=392645000
ZWL LAT draw frame=16 at_us=392697000
ZWL LAT acquired frame=16 at_us=392697000
ZWL LAT recorded frame=16 at_us=392718000
ZWL COMPOSE frame=16 image=0 windows=1 at_ms=392789
ZWL LAT submit frame=16 at_us=392789000
ZWL LAT shown frame=16 at_us=392799000
ZWL POPUP create client=1 popup=31 surface=29 parent=10 x=360 y=60 width=360 height=180
ZWL POPUP grab popup=31 surface=29
ZWL POPUP configure surface=29 serial=36 x=360 y=60 width=360 height=180
ZWL PING pong client=1 serial=35
ZWL COMMIT client=1 surface=29 buffer=33 queued=0
ZWL LAT adopt surface=29 at_us=393000000
ZWL POPUP map surface=29 x=800 y=353 grab=1
ZWL SHM_COPY client=1 surface=29 buffer=33 rows=0-180 sum=26c56835
ZWL LAT draw frame=17 at_us=393185000
ZWL LAT acquired frame=17 at_us=393185000
ZWL LAT recorded frame=17 at_us=393206000
ZWL COMPOSE frame=17 image=1 windows=1 at_ms=393276
ZWL LAT submit frame=17 at_us=393276000
ZWL LAT shown frame=17 at_us=393286000
ZWL PERF 5001ms: passes=421 timeouts=409 | poll 88.7% work 11.2%
ZWL PERF compose frames=4 draw_ms=71.90 (acquire 0.23 submit+present 55.29) frame_ms=106.55
ZWL PERF shm copies=1 copy_ms=1.483
ZWL LAT draw frame=18 at_us=394750000
ZWL LAT acquired frame=18 at_us=394750000
ZWL LAT recorded frame=18 at_us=394771000
ZWL COMPOSE frame=18 image=2 windows=1 at_ms=394841
ZWL LAT submit frame=18 at_us=394841000
ZWL LAT shown frame=18 at_us=394851000
ZWL LAT draw frame=19 at_us=394903000
ZWL LAT acquired frame=19 at_us=394904000
ZWL LAT recorded frame=19 at_us=394925000
ZWL COMPOSE frame=19 image=0 windows=1 at_ms=394996
ZWL LAT submit frame=19 at_us=394996000
ZWL LAT shown frame=19 at_us=395006000
ZWL POPUP create client=1 popup=37 surface=35 parent=29 x=-360 y=120 width=360 height=120
ZWL POPUP grab popup=37 surface=35
ZWL POPUP configure surface=35 serial=45 x=-360 y=120 width=360 height=120
ZWL PING pong client=1 serial=44
ZWL COMMIT client=1 surface=35 buffer=39 queued=0
ZWL LAT adopt surface=35 at_us=395208000
ZWL POPUP map surface=35 x=440 y=473 grab=1
ZWL SHM_COPY client=1 surface=35 buffer=39 rows=0-120 sum=0e8510e5
ZWL LAT draw frame=20 at_us=395392000
ZWL LAT acquired frame=20 at_us=395393000
ZWL LAT recorded frame=20 at_us=395414000
ZWL COMPOSE frame=20 image=1 windows=1 at_ms=395484
ZWL LAT submit frame=20 at_us=395484000
ZWL LAT shown frame=20 at_us=395495000
P017_PROBE_BOUNDARY
POPUPPROBE configure window width=0 height=0 states=1 resizing=0
POPUPPROBE ready run=p
POPUPPROBE focus window
POPUPPROBE enter window x=200 y=107
POPUPPROBE button window state=1 x=60 y=60
POPUPPROBE open menu at=60,60
POPUPPROBE ping serial=6 answered
POPUPPROBE configure menu x=60 y=60 width=360 height=180
POPUPPROBE unfocus window
POPUPPROBE focus menu
POPUPPROBE leave window
POPUPPROBE enter menu x=0 y=0
POPUPPROBE button menu state=0 x=0 y=0
POPUPPROBE button menu state=1 x=100 y=130
POPUPPROBE open submenu row=120
POPUPPROBE ping serial=15 answered
POPUPPROBE configure submenu x=360 y=120 width=360 height=120
POPUPPROBE unfocus menu
POPUPPROBE focus submenu
POPUPPROBE button menu state=0 x=100 y=130
POPUPPROBE leave menu
POPUPPROBE enter submenu x=98 y=45
POPUPPROBE button submenu state=1 x=100 y=45
POPUPPROBE choose submenu row=1
POPUPPROBE close submenu
POPUPPROBE close menu
POPUPPROBE ping serial=24 answered
POPUPPROBE unfocus other
POPUPPROBE focus other
POPUPPROBE leave other
POPUPPROBE unfocus other
POPUPPROBE focus window
POPUPPROBE enter window x=520 y=225
POPUPPROBE button window state=0 x=520 y=225
POPUPPROBE button window state=1 x=360 y=60
POPUPPROBE open menu at=360,60
POPUPPROBE ping serial=35 answered
POPUPPROBE configure menu x=360 y=60 width=360 height=180
POPUPPROBE unfocus window
POPUPPROBE focus menu
POPUPPROBE leave window
POPUPPROBE enter menu x=0 y=0
POPUPPROBE button menu state=0 x=0 y=0
POPUPPROBE button menu state=1 x=100 y=130
POPUPPROBE open submenu row=120
POPUPPROBE ping serial=44 answered
POPUPPROBE configure submenu x=-360 y=120 width=360 height=120
POPUPPROBE unfocus menu
POPUPPROBE focus submenu
POPUPPROBE button menu state=0 x=100 y=130
