ZWL PREFERENCES open
ZWL DISPLAY device=llvmpipe (LLVM 19.1.7, 256 bits) width=1280 height=800 refresh_mhz=74994
ZWL STARTUP step=vulkan-device ms=570
ZWL STARTUP step=vulkan-objects-arrow ms=42
ZWL STARTUP step=wallpaper-picture ms=15
ZWL STARTUP step=wallpaper ms=66
ZWL STARTUP step=glyphs-text ms=15
ZWL STARTUP step=glyphs-icons ms=3
ZWL STARTUP step=glyphs-mark ms=20
ZWL GLASS atlas cache-top=380 cells=273 faces=1
ZWL STARTUP step=glyphs ms=38
ZWL GLASS ready text=1
ZWL STARTUP step=compose ms=717 at_ms=199552
ZWL INPUT device=/dev/input/event5 kind=pointer abs=1
ZWL INPUT device=/dev/input/event3 kind=keyboard abs=0
ZWL INPUT device=/dev/input/event1 kind=pointer abs=0
ZWL INPUT device=/dev/input/event0 kind=keyboard abs=0
ZWL STARTUP step=input ms=60 at_ms=199612
ZWL KEYMAP format=xkb_v1 errno=0
ZWL STARTUP step=keymap ms=0 at_ms=199612
ZWL STARTUP step=socket ms=0 at_ms=199612
ZWL CLIENT client=1 fd=17 ime=1
ZWL IME started pid=2810 client=1
ZWL READY socket=/run/p9-gtk/wayland-q580 width=1280 height=800 timeout_ms=18446744073709551615 pid=2793
ZWL CORNER zone x=1252 y=0 width=28 height=28
ZWL OSK zone kind=flick x=1252 y=772 size=28
ZWL OSK zone kind=qwerty x=0 y=772 size=28
ZWL NETWORK state reachable=0 connected=1 kind=wired interface=enp0s5 wifi=absent ssid=
ZWL VOLUME reachable=1 device=1
ZWL DESKTOP start pid=2811 command=/opt/keiland/bin/files --desktop at_ms=199623
ZWL STARTUP step=output-display ms=0
KEI-IME LANGUAGE id=direct
ZWL STARTUP step=output-pipelines ms=31
ZWL STARTUP step=output-swapchain ms=4
ZWL STARTUP step=output-targets ms=0
ZWL OUTPUT open width=1280 height=800 images=3 format=44
ZWL MODE window switch_ms=35 at_ms=199659
ZWL GLASS desktops x=821 step=46 width=40
ZWL NETWORK icon x=1065 y=3 width=30 height=28
ZWL VOLUME icon x=1032 y=3 width=30 height=28
ZWL CLIENT client=2 fd=22
ZWL IME language=direct
KEI-IME READY languages=2
ZWL DESKTOP role client=2 surface=8 x=0 y=34 width=1280 height=766
ZWL SEAT client=2 pointer=1 keyboard=0 touch=0
ZFILES DESKTOP configure x=0 y=34 width=1280 height=766
ZWL SEAT client=2 pointer=1 keyboard=1 touch=0
ZWL DESKTOP ack serial=2
ZFILES LOCATION kind=folder path=/root/Desktop items=0 error=0
ZFILES DESKTOP layout saved=0 error=0
ZFILES DESKTOP grid width=1280 height=766 columns=13 rows=7
ZFILES DESKTOP ready items=0 cells=0 width=1280 height=766 at_ms=199926 newest_age_ms=-1
ZWL IMPORT client=2 buffer=22 width=1280 height=766 bytes=3932160
ZWL IMPORT client=2 buffer=24 width=1280 height=766 bytes=3932160
ZWL IMPORT client=2 buffer=26 width=1280 height=766 bytes=3932160
ZWL DESKTOP drawn at_ms=199997
ZFILES MENU context-only
ZFILES DESKTOP startup entered_ms=199633 fonts=10 instance=97 window=118 present=63 app=1 canvas=0 draw=4 shown=71 menus=16
ZFILES READY width=1280 height=766 token=-
ZWL CLIENT client=3 fd=23
ZWL TABLET seat client=3
ZWL SEAT client=3 pointer=0 keyboard=1 touch=0
ZWL CLIENT gone client=3 reason=read
ZWL CLEANUP client=3 objects=9 unread_fds=0
ZWL PERF 5008ms: passes=472 timeouts=451 | poll 96.3% work 5.9%
ZWL PERF compose frames=3 draw_ms=78.64 (acquire 0.01 submit+present 78.19) frame_ms=78.74
ZWL PERF 5019ms: passes=475 timeouts=475 | poll 96.1% work 0.4%
ZWL PERF 5010ms: passes=478 timeouts=478 | poll 97.0% work 0.4%
ZWL CLIENT client=4 fd=23
ZWL TABLET seat client=4
ZWL SEAT client=4 pointer=1 keyboard=0 touch=0
ZWL SEAT client=4 pointer=1 keyboard=1 touch=0
ZWL BOUNDS client=4 surface=23 width=1256 height=690
ZWL CONFIGURE client=4 surface=23 serial=3 width=0 height=0 fullscreen=0
ZWL PERF 5002ms: passes=481 timeouts=468 | poll 96.3% work 0.8%
ZWL PERF compose frames=1 draw_ms=19.99 (acquire 0.01 submit+present 19.73) frame_ms=20.01
ZWL VIEWPORT surface=23 source=0,0,0,0 destination=728,489
ZWL MAP client=4 surface=23 x=276 y=198
ZWL IME activate client=4
ZWL CURSOR shape client=4 shape=1 image=10
KEI-IME ACTIVATE
ZWL PERF 5006ms: passes=476 timeouts=472 | poll 96.0% work 1.7%
ZWL PERF compose frames=2 draw_ms=20.41 (acquire 0.01 submit+present 20.26) frame_ms=22.27
ZWL PERF shm copies=2 copy_ms=10.753
ZWL PERF 5030ms: passes=471 timeouts=471 | poll 96.0% work 0.4%
ZWL PERF 5000ms: passes=472 timeouts=472 | poll 96.0% work 1.1%
ZWL PERF compose frames=1 draw_ms=35.46 (acquire 0.24 submit+present 34.40) frame_ms=37.61
ZWL PERF 5020ms: passes=475 timeouts=475 | poll 96.4% work 0.4%
ZWL PERF 5000ms: passes=479 timeouts=479 | poll 97.7% work 0.4%
ZWL CURSOR client=4 shown=1
ZWL CURSOR shape client=4 shape=9 image=0
ZWL PING pong client=4 serial=8
ZWL PRIMARY selection client=4 source=39 types=2
ZWL PRIMARY offer client=4 offer=4278190080 types=2
ZWL CURSOR shape client=4 shape=9 image=0
ZWL DATA selection client=4 source=40 types=2
ZWL DATA offer client=4 offer=4278190081 types=2
ZWL CLIP read client=4 mime=text/plain;charset=utf-8
ZWL CLIP add length=23 sum=5f40a13f count=1
ZWL PERF 5024ms: passes=466 timeouts=453 | poll 91.8% work 4.5%
ZWL PERF compose frames=7 draw_ms=29.49 (acquire 0.02 submit+present 29.18) frame_ms=30.73
ZWL PERF shm copies=2 copy_ms=0.015
ZWL CURSOR shape client=4 shape=9 image=0
ZWL PING pong client=4 serial=27
ZWL IME deactivate
ZWL IME activate client=4
KEI-IME DEACTIVATE
KEI-IME ACTIVATE
ZWL CURSOR shape client=4 shape=9 image=0
ZWL CURSOR shape client=4 shape=1 image=10
ZWL PING pong client=4 serial=38
ZWL IME deactivate
KEI-IME DEACTIVATE
ZWL POPUP create client=4 popup=43 surface=38 parent=23 x=-20 y=40 width=131 height=84
ZWL POPUP grab popup=43 surface=38
ZWL POPUP configure surface=38 serial=40 x=-20 y=40 width=131 height=84
ZWL PERF 5002ms: passes=496 timeouts=379 | poll 65.3% work 32.2%
ZWL PERF compose frames=101 draw_ms=15.68 (acquire 0.01 submit+present 15.54) frame_ms=17.70
ZWL PERF shm copies=98 copy_ms=0.023
ZWL VIEWPORT surface=38 source=0,0,0,0 destination=137,90
ZWL POPUP map surface=38 x=267 y=248 grab=1
ZWL PERF 5010ms: passes=463 timeouts=459 | poll 93.0% work 4.1%
ZWL PERF compose frames=3 draw_ms=61.36 (acquire 0.01 submit+present 61.18) frame_ms=62.78
ZWL PERF shm copies=4 copy_ms=0.054
ZWL PERF 5002ms: passes=480 timeouts=480 | poll 97.6% work 0.4%
ZWL PERF 5005ms: passes=370 timeouts=370 | poll 97.6% work 0.4%
ZWL PERF 5000ms: passes=469 timeouts=469 | poll 95.6% work 0.5%
ZWL PERF 5003ms: passes=478 timeouts=478 | poll 97.4% work 0.5%
ZWL CURSOR shape client=4 shape=1 image=10
ZWL PING pong client=4 serial=47
ZWL CURSOR shape client=4 shape=1 image=10
ZWL CURSOR shape client=4 shape=9 image=0
ZWL PERF 5000ms: passes=448 timeouts=439 | poll 94.0% work 2.9%
ZWL PERF compose frames=5 draw_ms=24.66 (acquire 0.01 submit+present 24.46) frame_ms=25.12
ZWL PERF shm copies=3 copy_ms=0.012
ZWL CURSOR shape client=4 shape=1 image=10
ZWL PING pong client=4 serial=55
ZWL BOUNDS client=4 surface=49 width=1256 height=690
ZWL CONFIGURE client=4 surface=49 serial=57 width=0 height=0 fullscreen=0
ZWL VIEWPORT surface=49 source=0,0,0,0 destination=388,189
ZWL MAP client=4 surface=49 x=446 y=348
ZWL CURSOR shape client=4 shape=1 image=10
ZWL PERF 5004ms: passes=475 timeouts=462 | poll 93.7% work 4.0%
ZWL PERF compose frames=9 draw_ms=19.68 (acquire 0.01 submit+present 19.43) frame_ms=20.87
ZWL PERF shm copies=7 copy_ms=0.131
ZWL PERF 5002ms: passes=474 timeouts=474 | poll 96.2% work 1.0%
ZWL PERF compose frames=1 draw_ms=26.90 (acquire 0.01 submit+present 26.64) frame_ms=29.06
ZWL CLIENT client=5 fd=34
ZWL TABLET seat client=5
ZWL SEAT client=5 pointer=1 keyboard=0 touch=0
ZWL SEAT client=5 pointer=1 keyboard=1 touch=0
ZWL PERF 5004ms: passes=489 timeouts=478 | poll 97.6% work 0.5%
ZWL CLIENT gone client=5 reason=read
ZWL CLEANUP client=5 objects=29 unread_fds=0
ZWL PERF 5008ms: passes=466 timeouts=465 | poll 94.5% work 1.0%
ZWL PERF compose frames=1 draw_ms=24.90 (acquire 0.01 submit+present 24.75) frame_ms=27.01
ZWL PERF 5004ms: passes=478 timeouts=478 | poll 97.2% work 0.5%
ZWL PERF 5008ms: passes=473 timeouts=473 | poll 96.2% work 0.4%
ZWL PERF 5009ms: passes=479 timeouts=479 | poll 97.4% work 0.4%
ZWL PERF 5004ms: passes=475 timeouts=475 | poll 96.6% work 0.4%
ZWL PING pong client=4 serial=64
ZWL CURSOR shape client=4 shape=1 image=10
ZWL CURSOR shape client=4 shape=9 image=0
ZWL CURSOR shape client=4 shape=1 image=10
ZWL PING pong client=4 serial=72
ZWL CLIENT gone client=4 reason=read
ZWL CLEANUP client=4 objects=41 unread_fds=0
ZWL DATA selection none (source gone)
ZWL PRIMARY selection none (source gone)
ZWL PERF 5005ms: passes=479 timeouts=464 | poll 94.2% work 3.4%
ZWL PERF compose frames=9 draw_ms=16.25 (acquire 0.01 submit+present 16.03) frame_ms=18.04
ZWL PERF shm copies=4 copy_ms=0.027
ZWL CLIENT client=6 fd=23
ZWL TABLET seat client=6
ZWL SEAT client=6 pointer=1 keyboard=0 touch=0
ZWL SEAT client=6 pointer=1 keyboard=1 touch=0
ZWL CLIENT gone client=6 reason=read
ZWL CLEANUP client=6 objects=22 unread_fds=0
ZWL CLIENT client=7 fd=23
ZWL TABLET seat client=7
ZWL SEAT client=7 pointer=1 keyboard=0 touch=0
ZWL SEAT client=7 pointer=1 keyboard=1 touch=0
ZWL BOUNDS client=7 surface=23 width=1256 height=690
ZWL CONFIGURE client=7 surface=23 serial=76 width=0 height=0 fullscreen=0
ZWL BOUNDS client=7 surface=32 width=1256 height=690
ZWL CONFIGURE client=7 surface=32 serial=77 width=0 height=0 fullscreen=0
ZWL VIEWPORT surface=32 source=0,0,0,0 destination=381,252
ZWL MAP client=7 surface=32 x=449 y=317
ZWL CURSOR shape client=7 shape=1 image=10
ZWL PERF 5007ms: passes=481 timeouts=459 | poll 94.1% work 2.3%
ZWL PERF compose frames=4 draw_ms=23.55 (acquire 0.01 submit+present 23.39) frame_ms=25.06
ZWL PERF shm copies=2 copy_ms=0.353
ZWL PERF 5002ms: passes=474 timeouts=474 | poll 96.9% work 0.4%
ZWL PERF 5008ms: passes=473 timeouts=473 | poll 96.5% work 0.4%
ZWL PERF 5009ms: passes=478 timeouts=478 | poll 97.3% work 0.7%
ZWL PERF 5000ms: passes=466 timeouts=466 | poll 94.9% work 1.1%
ZWL PERF compose frames=1 draw_ms=35.74 (acquire 0.29 submit+present 34.49) frame_ms=37.91
ZWL PERF 5006ms: passes=479 timeouts=479 | poll 97.6% work 0.4%
ZWL PERF 5002ms: passes=472 timeouts=472 | poll 96.1% work 0.4%
ZWL PERF 5004ms: passes=476 timeouts=476 | poll 96.9% work 0.4%
ZWL CURSOR client=7 shown=0
ZWL GLASS close surface=32
ZWL CLIENT gone client=7 reason=read
ZWL CLEANUP client=7 objects=30 unread_fds=0
ZWL PERF 5014ms: passes=471 timeouts=466 | poll 94.8% work 1.9%
ZWL PERF compose frames=3 draw_ms=25.46 (acquire 0.03 submit+present 25.03) frame_ms=26.89
ZWL CLIENT client=8 fd=23
ZWL TABLET seat client=8
ZWL SEAT client=8 pointer=1 keyboard=0 touch=0
ZWL SEAT client=8 pointer=1 keyboard=1 touch=0
ZWL BOUNDS client=8 surface=23 width=1256 height=690
ZWL CONFIGURE client=8 surface=23 serial=83 width=0 height=0 fullscreen=0
ZWL VIEWPORT surface=23 source=0,0,0,0 destination=728,489
ZWL MAP client=8 surface=23 x=276 y=198
ZWL IME activate client=8
ZWL CURSOR shape client=8 shape=1 image=10
KEI-IME ACTIVATE
ZWL CURSOR client=8 shown=1
ZWL PERF 5005ms: passes=486 timeouts=470 | poll 96.4% work 1.6%
ZWL PERF compose frames=3 draw_ms=18.55 (acquire 0.01 submit+present 18.39) frame_ms=19.50
ZWL PERF shm copies=2 copy_ms=1.984
ZWL PERF 5005ms: passes=471 timeouts=471 | poll 95.8% work 0.4%
ZWL PING pong client=8 serial=88
ZWL IME deactivate
KEI-IME DEACTIVATE
ZWL BOUNDS client=8 surface=40 width=1256 height=690
ZWL CONFIGURE client=8 surface=40 serial=90 width=0 height=0 fullscreen=0
ZWL PERF 5007ms: passes=479 timeouts=468 | poll 95.0% work 2.8%
ZWL PERF compose frames=7 draw_ms=16.56 (acquire 0.01 submit+present 16.36) frame_ms=17.79
ZWL PERF shm copies=5 copy_ms=0.061
ZWL VIEWPORT surface=40 source=0,0,0,0 destination=887,356
ZWL MAP client=8 surface=40 x=196 y=265
ZWL CURSOR shape client=8 shape=1 image=10
ZWL PERF 5004ms: passes=468 timeouts=464 | poll 94.3% work 2.3%
ZWL PERF compose frames=3 draw_ms=29.17 (acquire 0.01 submit+present 28.92) frame_ms=30.61
ZWL PERF shm copies=3 copy_ms=1.225
ZWL PERF 5007ms: passes=479 timeouts=479 | poll 97.5% work 0.4%
ZWL PERF 5001ms: passes=475 timeouts=475 | poll 96.7% work 0.4%
ZWL IME activate client=8
KEI-IME ACTIVATE
ZWL PRIMARY selection client=8 source=45 types=2
ZWL PRIMARY offer client=8 offer=4278190080 types=2
ZWL POPUP create client=8 popup=49 surface=44 parent=40 x=147 y=87 width=706 height=222
ZWL POPUP configure surface=44 serial=117 x=147 y=87 width=706 height=222
ZWL PRIMARY selection none (source gone)
ZWL PRIMARY selection client=8 source=47 types=0
ZWL PRIMARY offer client=8 offer=4278190081 types=0
ZWL PRIMARY selection none (source gone)
ZWL PRIMARY selection client=8 source=39 types=2
ZWL PRIMARY offer client=8 offer=4278190082 types=2
ZWL VIEWPORT surface=44 source=0,0,0,0 destination=712,228
ZWL POPUP map surface=44 x=354 y=362 grab=0
ZWL PRIMARY selection none (source gone)
ZWL PRIMARY selection client=8 source=54 types=0
ZWL PRIMARY offer client=8 offer=4278190083 types=0
ZWL PRIMARY selection none (source gone)
ZWL PRIMARY selection client=8 source=53 types=2
ZWL PRIMARY offer client=8 offer=4278190084 types=2
ZWL PRIMARY selection none (source gone)
ZWL PRIMARY selection client=8 source=45 types=0
ZWL PRIMARY offer client=8 offer=4278190085 types=0
ZWL PRIMARY selection none (source gone)
ZWL PRIMARY selection client=8 source=39 types=2
ZWL PRIMARY offer client=8 offer=4278190086 types=2
ZWL PRIMARY selection none (source gone)
ZWL PRIMARY selection client=8 source=54 types=0
ZWL PRIMARY offer client=8 offer=4278190087 types=0
ZWL POPUP configure surface=44 serial=126 x=147 y=87 width=706 height=48
ZWL PRIMARY selection none (source gone)
ZWL PRIMARY selection client=8 source=45 types=2
ZWL PRIMARY offer client=8 offer=4278190088 types=2
ZWL VIEWPORT surface=44 source=0,0,0,0 destination=712,54
ZWL PRIMARY selection none (source gone)
ZWL PRIMARY selection client=8 source=48 types=0
ZWL PRIMARY offer client=8 offer=4278190089 types=0
ZWL PRIMARY selection none (source gone)
ZWL PRIMARY selection client=8 source=49 types=2
ZWL PRIMARY offer client=8 offer=4278190090 types=2
ZWL PRIMARY selection none (source gone)
ZWL PRIMARY selection client=8 source=53 types=0
ZWL PRIMARY offer client=8 offer=4278190091 types=0
ZWL PRIMARY selection none (source gone)
ZWL PRIMARY selection client=8 source=45 types=2
ZWL PRIMARY offer client=8 offer=4278190092 types=2
ZWL PRIMARY selection none (source gone)
ZWL PRIMARY selection client=8 source=48 types=0
ZWL PRIMARY offer client=8 offer=4278190093 types=0
ZWL PRIMARY selection none (source gone)
ZWL PRIMARY selection client=8 source=49 types=2
ZWL PRIMARY offer client=8 offer=4278190094 types=2
ZWL PRIMARY selection none (source gone)
ZWL PRIMARY selection client=8 source=53 types=0
ZWL PRIMARY offer client=8 offer=4278190095 types=0
ZWL PRIMARY selection none (source gone)
ZWL PRIMARY selection client=8 source=45 types=2
ZWL PRIMARY offer client=8 offer=4278190096 types=2
ZWL PRIMARY selection none (source gone)
ZWL PRIMARY selection client=8 source=48 types=0
ZWL PRIMARY offer client=8 offer=4278190097 types=0
ZWL PRIMARY selection none (source gone)
ZWL PRIMARY selection client=8 source=49 types=2
ZWL PRIMARY offer client=8 offer=4278190098 types=2
ZWL PRIMARY selection none (source gone)
ZWL PRIMARY selection client=8 source=53 types=0
ZWL PRIMARY offer client=8 offer=4278190099 types=0
ZWL PRIMARY selection none (source gone)
ZWL PRIMARY selection client=8 source=45 types=2
ZWL PRIMARY offer client=8 offer=4278190100 types=2
ZWL PRIMARY selection none (source gone)
ZWL PRIMARY selection client=8 source=48 types=0
ZWL PRIMARY offer client=8 offer=4278190101 types=0
ZWL PRIMARY selection none (source gone)
ZWL PRIMARY selection client=8 source=49 types=2
ZWL PRIMARY offer client=8 offer=4278190102 types=2
ZWL PRIMARY selection none (source gone)
ZWL PRIMARY selection client=8 source=53 types=0
ZWL PRIMARY offer client=8 offer=4278190103 types=0
ZWL PRIMARY selection none (source gone)
ZWL PRIMARY selection client=8 source=45 types=2
ZWL PRIMARY offer client=8 offer=4278190104 types=2
ZWL PRIMARY selection none (source gone)
ZWL PRIMARY selection client=8 source=48 types=0
ZWL PRIMARY offer client=8 offer=4278190105 types=0
ZWL CURSOR shape client=8 shape=5 image=9
ZWL CURSOR shape client=8 shape=1 image=10
ZWL IME deactivate
KEI-IME DEACTIVATE
ZWL CURSOR shape client=8 shape=1 image=10
ZWL PERF 5005ms: passes=528 timeouts=401 | poll 86.1% work 12.0%
ZWL PERF compose frames=25 draw_ms=22.61 (acquire 0.01 submit+present 22.33) frame_ms=24.02
ZWL PERF shm copies=22 copy_ms=0.111
ZWL PING pong client=8 serial=154
ZWL GLASS dock surface=23 via=request buttons=769,723,677 title=65 x=0 y=38 w=1280 h=762
ZWL CONFIGURE client=8 surface=23 serial=156 width=1280 height=762 fullscreen=0
ZWL VIEWPORT surface=23 source=0,0,0,0 destination=1280,762
ZWL PERF 5007ms: passes=459 timeouts=450 | poll 90.4% work 6.5%
ZWL PERF compose frames=12 draw_ms=24.62 (acquire 0.03 submit+present 24.34) frame_ms=26.25
ZWL PERF shm copies=4 copy_ms=1.667
ZWL GLASS undock surface=23 via=request x=276 y=198
ZWL BOUNDS client=8 surface=23 width=1256 height=690
ZWL CONFIGURE client=8 surface=23 serial=157 width=728 height=489 fullscreen=0
ZWL VIEWPORT surface=23 source=0,0,0,0 destination=756,518
ZWL PERF 5004ms: passes=466 timeouts=464 | poll 93.9% work 3.7%
ZWL PERF compose frames=6 draw_ms=26.67 (acquire 0.01 submit+present 26.45) frame_ms=28.47
ZWL PERF shm copies=1 copy_ms=1.051
ZWL PERF 5008ms: passes=472 timeouts=472 | poll 96.1% work 0.4%
ZWL PERF 5008ms: passes=479 timeouts=479 | poll 97.5% work 0.4%
ZWL PERF 5005ms: passes=474 timeouts=474 | poll 96.5% work 0.4%
ZWL PERF 5005ms: passes=479 timeouts=479 | poll 97.6% work 0.4%
ZWL PERF 5007ms: passes=475 timeouts=475 | poll 96.7% work 0.4%
ZWL PING pong client=8 serial=159
ZWL CONFIGURE client=8 surface=23 serial=161 width=1280 height=800 fullscreen=1
ZWL GLASS bar hidden fullscreen=23
ZWL VIEWPORT surface=23 source=0,0,0,0 destination=1280,800
ZWL CURSOR shape client=8 shape=9 image=0
ZWL PERF 5001ms: passes=469 timeouts=459 | poll 95.0% work 3.1%
ZWL PERF compose frames=7 draw_ms=18.29 (acquire 0.01 submit+present 18.14) frame_ms=19.82
ZWL PERF shm copies=5 copy_ms=0.879
ZWL WINDOW unfullscreen surface=23 x=276 y=198 placed=1
ZWL BOUNDS client=8 surface=23 width=1256 height=690
ZWL CONFIGURE client=8 surface=23 serial=162 width=756 height=518 fullscreen=0
ZWL GLASS bar shown
ZWL VIEWPORT surface=23 source=0,0,0,0 destination=784,547
ZWL CURSOR shape client=8 shape=1 image=10
ZWL PERF 5008ms: passes=470 timeouts=467 | poll 94.9% work 2.2%
ZWL PERF compose frames=3 draw_ms=27.99 (acquire 0.01 submit+present 27.75) frame_ms=29.46
ZWL PERF shm copies=2 copy_ms=0.702
ZWL PERF 5001ms: passes=479 timeouts=479 | poll 97.6% work 0.4%
ZWL PERF 5001ms: passes=473 timeouts=473 | poll 96.4% work 0.4%
ZWL PERF 5000ms: passes=475 timeouts=475 | poll 96.8% work 0.4%
ZWL PERF 5000ms: passes=472 timeouts=472 | poll 96.1% work 1.0%
ZWL PERF compose frames=1 draw_ms=26.48 (acquire 0.06 submit+present 26.10) frame_ms=32.75
ZWL PERF 5002ms: passes=479 timeouts=479 | poll 97.6% work 0.4%
ZWL CURSOR shape client=8 shape=9 image=0
ZWL PING pong client=8 serial=164
ZWL IME activate client=8
KEI-IME ACTIVATE
ZWL PERF 5184ms: passes=353 timeouts=347 | poll 80.5% work 16.8%
ZWL PERF compose frames=3 draw_ms=283.36 (acquire 0.08 submit+present 282.28) frame_ms=300.14
ZWL PERF shm copies=2 copy_ms=0.159
ZWL CURSOR client=8 shown=0
ZWL PRIMARY selection none (source gone)
ZWL PRIMARY selection client=8 source=44 types=2
ZWL PRIMARY offer client=8 offer=4278190106 types=2
ZWL CLIENT client=9 fd=32
ZWL TABLET seat client=9
ZWL SEAT client=9 pointer=1 keyboard=0 touch=0
ZWL SEAT client=9 pointer=1 keyboard=1 touch=0
ZWL BOUNDS client=9 surface=23 width=1256 height=690
ZWL CONFIGURE client=9 surface=23 serial=166 width=0 height=0 fullscreen=0
ZWL BOUNDS client=9 surface=32 width=1256 height=690
ZWL CONFIGURE client=9 surface=32 serial=167 width=0 height=0 fullscreen=0
ZWL VIEWPORT surface=32 source=0,0,0,0 destination=397,258
ZWL MAP client=9 surface=32 x=441 y=314
ZWL PRIMARY offer client=9 offer=4278190080 types=2
ZWL IME deactivate
KEI-IME DEACTIVATE
ZWL CURSOR shape client=9 shape=1 image=10
ZWL PERF 5006ms: passes=528 timeouts=409 | poll 72.1% work 25.5%
ZWL PERF compose frames=100 draw_ms=12.46 (acquire 0.01 submit+present 12.32) frame_ms=15.09
ZWL PERF shm copies=99 copy_ms=0.063
ZWL PERF 5001ms: passes=477 timeouts=477 | poll 97.3% work 0.4%
ZWL PERF 5004ms: passes=472 timeouts=472 | poll 96.1% work 0.4%
ZWL PERF 5001ms: passes=477 timeouts=477 | poll 97.3% work 0.5%
ZWL PERF 5002ms: passes=472 timeouts=472 | poll 96.3% work 0.5%
ZWL PERF 5005ms: passes=479 timeouts=479 | poll 97.6% work 0.5%
ZWL PERF 5002ms: passes=469 timeouts=469 | poll 95.7% work 0.5%
ZWL PERF 5003ms: passes=477 timeouts=477 | poll 97.3% work 0.5%
ZWL PERF 5003ms: passes=470 timeouts=470 | poll 95.9% work 0.5%
ZWL PERF 5004ms: passes=474 timeouts=474 | poll 96.5% work 1.0%
ZWL PERF compose frames=1 draw_ms=27.32 (acquire 0.02 submit+present 27.00) frame_ms=29.55
ZWL PERF 5003ms: passes=471 timeouts=471 | poll 96.0% work 0.5%
ZWL PERF 5003ms: passes=477 timeouts=477 | poll 97.2% work 0.4%
ZWL PERF 5009ms: passes=471 timeouts=471 | poll 95.8% work 0.4%
ZWL PERF 5007ms: passes=478 timeouts=478 | poll 97.3% work 0.5%
ZWL PERF 5009ms: passes=470 timeouts=470 | poll 95.6% work 0.4%
ZWL PERF 5008ms: passes=474 timeouts=474 | poll 96.5% work 0.4%
ZWL PERF 5001ms: passes=468 timeouts=468 | poll 95.5% work 0.4%
ZWL PERF 5009ms: passes=476 timeouts=476 | poll 96.9% work 0.5%
ZWL PERF 5006ms: passes=468 timeouts=468 | poll 95.3% work 0.4%
ZWL PERF 5004ms: passes=475 timeouts=475 | poll 96.8% work 0.4%
ZWL PERF 5006ms: passes=475 timeouts=475 | poll 96.8% work 0.4%
ZWL PERF 5004ms: passes=475 timeouts=475 | poll 96.6% work 1.0%
ZWL PERF compose frames=1 draw_ms=28.73 (acquire 0.02 submit+present 28.45) frame_ms=30.86
ZWL PERF 5007ms: passes=471 timeouts=471 | poll 95.8% work 0.4%
ZWL PERF 5008ms: passes=475 timeouts=475 | poll 96.7% work 0.5%
ZWL PERF 5006ms: passes=471 timeouts=471 | poll 95.9% work 0.4%
ZWL PERF 5000ms: passes=473 timeouts=473 | poll 96.4% work 0.4%
ZWL PERF 5007ms: passes=474 timeouts=474 | poll 96.5% work 0.4%
ZWL PERF 5004ms: passes=479 timeouts=479 | poll 97.6% work 0.4%
ZWL PERF 5005ms: passes=473 timeouts=473 | poll 96.3% work 0.4%
ZWL PERF 5006ms: passes=477 timeouts=477 | poll 97.2% work 0.4%
ZWL PERF 5001ms: passes=471 timeouts=471 | poll 96.1% work 0.5%
ZWL PERF 5008ms: passes=478 timeouts=478 | poll 97.5% work 0.5%
ZWL PERF 5006ms: passes=474 timeouts=474 | poll 96.7% work 0.5%
ZWL PERF 5002ms: passes=476 timeouts=476 | poll 97.0% work 1.0%
ZWL PERF compose frames=1 draw_ms=28.63 (acquire 0.02 submit+present 28.31) frame_ms=30.85
ZWL PERF 5005ms: passes=472 timeouts=472 | poll 96.3% work 0.5%
ZWL PERF 5009ms: passes=479 timeouts=479 | poll 97.6% work 0.5%
ZWL PERF 5008ms: passes=473 timeouts=473 | poll 96.4% work 0.5%
ZWL PERF 5006ms: passes=479 timeouts=479 | poll 97.6% work 0.5%
ZWL PERF 5008ms: passes=474 timeouts=474 | poll 96.6% work 0.5%
ZWL PERF 5004ms: passes=477 timeouts=477 | poll 97.3% work 0.5%
ZWL PERF 5006ms: passes=474 timeouts=474 | poll 96.6% work 0.5%
ZWL PERF 5008ms: passes=483 timeouts=483 | poll 97.7% work 0.3%
ZWL PERF 5002ms: passes=475 timeouts=475 | poll 96.3% work 0.4%
ZWL PERF 5002ms: passes=478 timeouts=478 | poll 97.5% work 0.5%
ZWL PERF 5006ms: passes=475 timeouts=475 | poll 96.8% work 0.5%
ZWL PERF 5003ms: passes=477 timeouts=477 | poll 97.1% work 1.0%
ZWL PERF compose frames=1 draw_ms=28.42 (acquire 0.02 submit+present 28.13) frame_ms=30.64
ZWL PERF 5001ms: passes=474 timeouts=474 | poll 96.6% work 0.5%
ZWL PERF 5003ms: passes=479 timeouts=479 | poll 97.7% work 0.5%
ZWL PERF 5004ms: passes=473 timeouts=473 | poll 96.4% work 0.5%
ZWL PERF 5002ms: passes=479 timeouts=479 | poll 97.6% work 0.5%
ZWL PERF 5003ms: passes=474 timeouts=474 | poll 96.4% work 0.5%
ZWL PERF 5009ms: passes=478 timeouts=478 | poll 97.3% work 0.5%
ZWL PERF 5003ms: passes=474 timeouts=474 | poll 96.6% work 0.5%
ZWL PERF 5001ms: passes=478 timeouts=478 | poll 97.5% work 0.5%
ZWL PERF 5001ms: passes=474 timeouts=474 | poll 96.6% work 0.5%
ZWL PERF 5005ms: passes=478 timeouts=478 | poll 97.4% work 0.5%
ZWL PERF 5009ms: passes=473 timeouts=473 | poll 96.3% work 0.5%
ZWL PERF 5009ms: passes=477 timeouts=477 | poll 96.9% work 1.1%
ZWL PERF compose frames=1 draw_ms=32.66 (acquire 0.02 submit+present 32.36) frame_ms=34.82
ZWL PERF 5005ms: passes=470 timeouts=470 | poll 95.9% work 0.5%
ZWL PERF 5002ms: passes=477 timeouts=477 | poll 97.4% work 0.5%
ZWL PERF 5004ms: passes=470 timeouts=470 | poll 95.9% work 0.5%
ZWL PERF 5005ms: passes=476 timeouts=476 | poll 97.1% work 0.5%
ZWL PERF 5004ms: passes=473 timeouts=473 | poll 96.5% work 0.5%
ZWL PERF 5003ms: passes=475 timeouts=475 | poll 96.9% work 0.5%
ZWL PERF 5007ms: passes=468 timeouts=468 | poll 95.4% work 0.5%
ZWL PERF 5006ms: passes=478 timeouts=478 | poll 97.5% work 0.5%
ZWL PERF 5008ms: passes=474 timeouts=474 | poll 96.6% work 0.5%
ZWL PERF 5009ms: passes=478 timeouts=478 | poll 97.4% work 0.5%
ZWL PERF 5006ms: passes=472 timeouts=472 | poll 96.3% work 0.5%
ZWL PERF 5007ms: passes=477 timeouts=477 | poll 96.9% work 1.0%
ZWL PERF compose frames=1 draw_ms=27.02 (acquire 0.02 submit+present 26.75) frame_ms=29.12
ZWL PERF 5002ms: passes=475 timeouts=475 | poll 96.7% work 0.4%
ZWL PERF 5009ms: passes=479 timeouts=479 | poll 97.5% work 0.5%
ZWL PERF 5009ms: passes=473 timeouts=473 | poll 96.3% work 0.5%
ZWL PERF 5003ms: passes=475 timeouts=475 | poll 96.9% work 0.5%
ZWL PERF 5009ms: passes=469 timeouts=469 | poll 95.6% work 0.5%
ZWL PERF 5000ms: passes=477 timeouts=477 | poll 97.2% work 0.5%
ZWL PERF 5004ms: passes=474 timeouts=474 | poll 96.7% work 0.5%
ZWL PERF 5002ms: passes=478 timeouts=478 | poll 97.6% work 0.5%
ZWL PERF 5010ms: passes=473 timeouts=473 | poll 96.4% work 0.5%
ZWL PERF 5003ms: passes=476 timeouts=476 | poll 97.1% work 0.5%
ZWL PERF 5000ms: passes=468 timeouts=468 | poll 95.6% work 0.5%
ZWL PERF 5008ms: passes=474 timeouts=474 | poll 96.5% work 1.0%
ZWL PERF compose frames=1 draw_ms=27.89 (acquire 0.02 submit+present 27.60) frame_ms=30.10
ZWL CLEANUP client=9 objects=35 unread_fds=0
ZWL CLEANUP client=8 objects=36 unread_fds=0
ZWL PRIMARY selection none (source gone)
ZWL CLEANUP client=2 objects=19 unread_fds=0
ZWL DESKTOP gone client=2
ZWL IME lost pid=2810
ZWL CLEANUP client=1 objects=10 unread_fds=0
ZFILES DONE reason=disconnected
KEI-IME DONE
ZWL OUTPUT closed
ZWL EXIT frames=328 error=0 cleanup_failed=0 pid=2793 input_events=107 seat_events=217 at_ms=896168
