ZWL PREFERENCES open
ZWL DISPLAY device=llvmpipe (LLVM 19.1.7, 256 bits) width=1280 height=800 refresh_mhz=74994
ZWL STARTUP step=vulkan-device ms=570
ZWL STARTUP step=vulkan-objects-arrow ms=42
ZWL STARTUP step=wallpaper-picture ms=15
ZWL STARTUP step=wallpaper ms=66
ZWL STARTUP step=glyphs-text ms=15
ZWL STARTUP step=glyphs-icons ms=3
ZWL STARTUP step=glyphs-mark ms=20
ZWL GLASS atlas cache-top=380 cells=273 faces=1
ZWL STARTUP step=glyphs ms=38
ZWL GLASS ready text=1
ZWL STARTUP step=compose ms=717 at_ms=199552
ZWL INPUT device=/dev/input/event5 kind=pointer abs=1
ZWL INPUT device=/dev/input/event3 kind=keyboard abs=0
ZWL INPUT device=/dev/input/event1 kind=pointer abs=0
ZWL INPUT device=/dev/input/event0 kind=keyboard abs=0
ZWL STARTUP step=input ms=60 at_ms=199612
ZWL KEYMAP format=xkb_v1 errno=0
ZWL STARTUP step=keymap ms=0 at_ms=199612
ZWL STARTUP step=socket ms=0 at_ms=199612
ZWL CLIENT client=1 fd=17 ime=1
ZWL IME started pid=2810 client=1
ZWL READY socket=/run/p9-gtk/wayland-q580 width=1280 height=800 timeout_ms=18446744073709551615 pid=2793
ZWL CORNER zone x=1252 y=0 width=28 height=28
ZWL OSK zone kind=flick x=1252 y=772 size=28
ZWL OSK zone kind=qwerty x=0 y=772 size=28
ZWL NETWORK state reachable=0 connected=1 kind=wired interface=enp0s5 wifi=absent ssid=
ZWL VOLUME reachable=1 device=1
ZWL DESKTOP start pid=2811 command=/opt/keiland/bin/files --desktop at_ms=199623
ZWL STARTUP step=output-display ms=0
KEI-IME LANGUAGE id=direct
ZWL STARTUP step=output-pipelines ms=31
ZWL STARTUP step=output-swapchain ms=4
ZWL STARTUP step=output-targets ms=0
ZWL OUTPUT open width=1280 height=800 images=3 format=44
ZWL MODE window switch_ms=35 at_ms=199659
ZWL GLASS desktops x=821 step=46 width=40
ZWL NETWORK icon x=1065 y=3 width=30 height=28
ZWL VOLUME icon x=1032 y=3 width=30 height=28
ZWL CLIENT client=2 fd=22
ZWL IME language=direct
KEI-IME READY languages=2
ZWL DESKTOP role client=2 surface=8 x=0 y=34 width=1280 height=766
ZWL SEAT client=2 pointer=1 keyboard=0 touch=0
ZFILES DESKTOP configure x=0 y=34 width=1280 height=766
ZWL SEAT client=2 pointer=1 keyboard=1 touch=0
ZWL DESKTOP ack serial=2
ZFILES LOCATION kind=folder path=/root/Desktop items=0 error=0
ZFILES DESKTOP layout saved=0 error=0
ZFILES DESKTOP grid width=1280 height=766 columns=13 rows=7
ZFILES DESKTOP ready items=0 cells=0 width=1280 height=766 at_ms=199926 newest_age_ms=-1
ZWL IMPORT client=2 buffer=22 width=1280 height=766 bytes=3932160
ZWL IMPORT client=2 buffer=24 width=1280 height=766 bytes=3932160
ZWL IMPORT client=2 buffer=26 width=1280 height=766 bytes=3932160
ZWL DESKTOP drawn at_ms=199997
ZFILES MENU context-only
ZFILES DESKTOP startup entered_ms=199633 fonts=10 instance=97 window=118 present=63 app=1 canvas=0 draw=4 shown=71 menus=16
ZFILES READY width=1280 height=766 token=-
ZWL CLIENT client=3 fd=23
ZWL TABLET seat client=3
ZWL SEAT client=3 pointer=0 keyboard=1 touch=0
ZWL CLIENT gone client=3 reason=read
ZWL CLEANUP client=3 objects=9 unread_fds=0
