[3516786.396] {Default Queue}  -> wl_display#1.get_registry(new id wl_registry#2)
[3516786.417] {Default Queue}  -> wl_display#1.sync(new id wl_callback#3)
[3516792.780] {Display Queue} wl_display#1.delete_id(3)
[3516792.795] {Default Queue} wl_registry#2.global(1, "wl_compositor", 4)
[3516792.803] {Default Queue}  -> wl_registry#2.bind(1, "wl_compositor", 4, new id [unknown]#4)
[3516792.809] {Default Queue} wl_registry#2.global(2, "xdg_wm_base", 4)
[3516792.812] {Default Queue} wl_registry#2.global(3, "zwp_linux_dmabuf_v1", 3)
[3516792.815] {Default Queue} wl_registry#2.global(4, "wl_output", 4)
[3516792.818] {Default Queue}  -> wl_registry#2.bind(4, "wl_output", 3, new id [unknown]#5)
[3516792.907] {Default Queue}  -> wl_display#1.sync(new id wl_callback#6)
[3516792.927] {Default Queue} wl_registry#2.global(5, "wl_seat", 5)
[3516792.930] {Default Queue} wl_registry#2.global(6, "wl_shm", 1)
[3516792.933] {Default Queue}  -> wl_registry#2.bind(6, "wl_shm", 1, new id [unknown]#7)
[3516792.936] {Default Queue} wl_registry#2.global(7, "xdg_menu_manager_v1", 2)
[3516792.939] {Default Queue} wl_registry#2.global(8, "wl_subcompositor", 1)
[3516792.942] {Default Queue}  -> wl_registry#2.bind(8, "wl_subcompositor", 1, new id [unknown]#8)
[3516792.945] {Default Queue} wl_registry#2.global(9, "wl_data_device_manager", 3)
[3516792.948] {Default Queue}  -> wl_registry#2.bind(9, "wl_data_device_manager", 3, new id [unknown]#9)
[3516792.951] {Default Queue} wl_registry#2.global(10, "zxdg_decoration_manager_v1", 1)
[3516792.953] {Default Queue} wl_registry#2.global(11, "wp_cursor_shape_manager_v1", 1)
[3516792.956] {Default Queue}  -> wl_registry#2.bind(11, "wp_cursor_shape_manager_v1", 1, new id [unknown]#10)
[3516792.959] {Default Queue} wl_registry#2.global(12, "wp_viewporter", 1)
[3516792.961] {Default Queue}  -> wl_registry#2.bind(12, "wp_viewporter", 1, new id [unknown]#11)
[3516792.964] {Default Queue} wl_registry#2.global(13, "zwp_text_input_manager_v3", 1)
[3516792.967] {Default Queue} wl_registry#2.global(16, "keiland_titlebar_manager_v1", 3)
[3516792.969] {Default Queue} wl_registry#2.global(17, "keiland_glass_manager_v1", 2)
[3516792.972] {Default Queue} wl_registry#2.global(18, "zwp_primary_selection_device_manager_v1", 1)
[3516792.975] {Default Queue}  -> wl_registry#2.bind(18, "zwp_primary_selection_device_manager_v1", 1, new id [unknown]#12)
[3516792.979] {Default Queue} wl_registry#2.global(19, "zwp_tablet_manager_v2", 1)
[3516792.981] {Default Queue}  -> wl_registry#2.bind(19, "zwp_tablet_manager_v2", 1, new id [unknown]#13)
[3516792.984] {Default Queue} wl_registry#2.global(21, "keiland_desktop_manager_v1", 1)
[3516792.993] {Default Queue} wl_registry#2.global(22, "keiland_keyboard_inset_manager_v1", 1)
[3516792.996] {Default Queue} wl_registry#2.global(23, "keiland_edit_manager_v1", 1)
[3516792.999] {Default Queue} wl_callback#3.done(489411)
[3516793.074] {Default Queue}  -> wl_shm#7.create_pool(new id wl_shm_pool#3, fd 10, 2304)
[3516793.080] {Default Queue}  -> wl_registry#2.bind(5, "wl_seat", 5, new id [unknown]#14)
[3516796.665] {Default Queue}  -> zwp_primary_selection_device_manager_v1#12.get_device(new id zwp_primary_selection_device_v1#15, wl_seat#14)
[3516796.675] {Default Queue}  -> wl_data_device_manager#9.get_data_device(new id wl_data_device#16, wl_seat#14)
[3516796.726] {Default Queue}  -> wl_compositor#4.create_surface(new id wl_surface#17)
[3516796.730] {Default Queue}  -> wp_viewporter#11.get_viewport(new id wp_viewport#18, wl_surface#17)
[3516796.733] {Default Queue}  -> zwp_tablet_manager_v2#13.get_tablet_seat(new id zwp_tablet_seat_v2#19, wl_seat#14)
[3516796.739] {Default Queue}  -> wl_display#1.sync(new id wl_callback#20)
[3516802.324] {Display Queue} wl_display#1.delete_id(6)
[3516802.335] {Display Queue} wl_display#1.delete_id(20)
[3516802.338] {Default Queue} wl_output#5.geometry(0, 0, 0, 0, 0, "Unknown", "Unknown", 0)
[3516802.353] {Default Queue} wl_output#5.mode(3, 1280, 800, 74994)
[3516802.357] {Default Queue} wl_output#5.scale(1)
[3516802.360] {Default Queue} wl_output#5.done()
[3516802.363] {Default Queue} wl_callback#6.done(489420)
[3516802.382] {Default Queue} wl_shm#7.format(0)
[3516802.386] {Default Queue} wl_shm#7.format(1)
[3516802.388] {Default Queue} wl_seat#14.capabilities(3)
[3516802.392] {Default Queue}  -> wl_seat#14.get_pointer(new id wl_pointer#6)
[3516802.405] {Default Queue}  -> wp_cursor_shape_manager_v1#10.get_pointer(new id wp_cursor_shape_device_v1#21, wl_pointer#6)
[3516802.410] {Default Queue}  -> wl_seat#14.get_keyboard(new id wl_keyboard#22)
[3516802.415] {Default Queue} wl_seat#14.name("seat0")
[3516802.423] {Default Queue} wl_callback#20.done(489420)
[3516802.427] {Default Queue}  -> wl_registry#2.bind(2, "xdg_wm_base", 4, new id [unknown]#20)

(gtk4-demo:6106): Gtk-WARNING **: 06:41:14.881: Unable to acquire the address of the accessibility bus: GDBus.Error:org.freedesktop.DBus.Error.ServiceUnknown: The name org.a11y.Bus was not provided by any .service files. If you are attempting to run GTK without a11y support, GTK_A11Y should be set to 'none'.
[3516835.923] {Default Queue}  -> wl_compositor#4.create_surface(new id wl_surface#23)
[3516835.933] {Default Queue}  -> wp_viewporter#11.get_viewport(new id wp_viewport#24, wl_surface#23)
[3516880.229] {mesa egl display queue}  -> wl_display#1.get_registry(new id wl_registry#25)
[3516880.244] {mesa egl display queue}  -> wl_display#1.sync(new id wl_callback#26)
[3516880.475] {mesa egl display queue} wl_registry#25.global(1, "wl_compositor", 4)
[3516880.481] {mesa egl display queue} wl_registry#25.global(2, "xdg_wm_base", 4)
[3516880.484] {mesa egl display queue} wl_registry#25.global(3, "zwp_linux_dmabuf_v1", 3)
[3516880.487] {mesa egl display queue}  -> wl_registry#25.bind(3, "zwp_linux_dmabuf_v1", 3, new id [unknown]#27)
[3516880.490] {mesa egl display queue} wl_registry#25.global(4, "wl_output", 4)
[3516880.507] {mesa egl display queue} wl_registry#25.global(5, "wl_seat", 5)
[3516880.509] {mesa egl display queue} wl_registry#25.global(6, "wl_shm", 1)
[3516880.512] {mesa egl display queue} wl_registry#25.global(7, "xdg_menu_manager_v1", 2)
[3516880.514] {mesa egl display queue} wl_registry#25.global(8, "wl_subcompositor", 1)
[3516880.517] {mesa egl display queue} wl_registry#25.global(9, "wl_data_device_manager", 3)
[3516880.519] {mesa egl display queue} wl_registry#25.global(10, "zxdg_decoration_manager_v1", 1)
[3516880.522] {mesa egl display queue} wl_registry#25.global(11, "wp_cursor_shape_manager_v1", 1)
[3516880.524] {mesa egl display queue} wl_registry#25.global(12, "wp_viewporter", 1)
[3516880.527] {mesa egl display queue} wl_registry#25.global(13, "zwp_text_input_manager_v3", 1)
[3516880.541] {Display Queue} wl_display#1.delete_id(26)
[3516880.544] {mesa egl display queue} wl_registry#25.global(16, "keiland_titlebar_manager_v1", 3)
[3516880.546] {mesa egl display queue} wl_registry#25.global(17, "keiland_glass_manager_v1", 2)
[3516880.548] {mesa egl display queue} wl_registry#25.global(18, "zwp_primary_selection_device_manager_v1", 1)
[3516880.551] {mesa egl display queue} wl_registry#25.global(19, "zwp_tablet_manager_v2", 1)
[3516880.553] {mesa egl display queue} wl_registry#25.global(21, "keiland_desktop_manager_v1", 1)
[3516880.556] {mesa egl display queue} wl_registry#25.global(22, "keiland_keyboard_inset_manager_v1", 1)
[3516880.558] {mesa egl display queue} wl_registry#25.global(23, "keiland_edit_manager_v1", 1)
[3516880.560] {mesa egl display queue} wl_callback#26.done(489498)
[3516880.563] {mesa egl display queue}  -> wl_display#1.sync(new id wl_callback#26)
[3516880.607] {mesa egl display queue} zwp_linux_dmabuf_v1#27.format(875713089)
[3516880.610] {mesa egl display queue} zwp_linux_dmabuf_v1#27.modifier(875713089, 0, 0)
[3516880.621] {Display Queue} wl_display#1.delete_id(26)
[3516880.623] {mesa egl display queue} zwp_linux_dmabuf_v1#27.format(875713112)
[3516880.625] {mesa egl display queue} zwp_linux_dmabuf_v1#27.modifier(875713112, 0, 0)
[3516880.628] {mesa egl display queue} wl_callback#26.done(489499)
[3516880.631] {mesa egl display queue}  -> zwp_linux_dmabuf_v1#27.destroy()
[3516880.640] {mesa egl swrast display queue}  -> wl_display#1.get_registry(new id wl_registry#26)
[3516880.652] {mesa egl swrast display queue}  -> wl_display#1.sync(new id wl_callback#28)
[3516880.728] {Display Queue} wl_display#1.delete_id(27)
[3516880.731] {mesa egl swrast display queue} wl_registry#26.global(1, "wl_compositor", 4)
[3516880.739] {mesa egl swrast display queue} wl_registry#26.global(2, "xdg_wm_base", 4)
[3516880.742] {mesa egl swrast display queue} wl_registry#26.global(3, "zwp_linux_dmabuf_v1", 3)
[3516880.744] {mesa egl swrast display queue}  -> wl_registry#26.bind(3, "zwp_linux_dmabuf_v1", 3, new id [unknown]#27)
[3516880.747] {mesa egl swrast display queue} wl_registry#26.global(4, "wl_output", 4)
[3516880.760] {mesa egl swrast display queue} wl_registry#26.global(5, "wl_seat", 5)
[3516880.763] {mesa egl swrast display queue} wl_registry#26.global(6, "wl_shm", 1)
[3516880.766] {mesa egl swrast display queue}  -> wl_registry#26.bind(6, "wl_shm", 1, new id [unknown]#29)
[3516880.776] {mesa egl swrast display queue} wl_registry#26.global(7, "xdg_menu_manager_v1", 2)
[3516880.779] {mesa egl swrast display queue} wl_registry#26.global(8, "wl_subcompositor", 1)
[3516880.781] {mesa egl swrast display queue} wl_registry#26.global(9, "wl_data_device_manager", 3)
[3516880.783] {mesa egl swrast display queue} wl_registry#26.global(10, "zxdg_decoration_manager_v1", 1)
[3516880.799] {mesa egl swrast display queue} wl_registry#26.global(11, "wp_cursor_shape_manager_v1", 1)
[3516880.802] {mesa egl swrast display queue} wl_registry#26.global(12, "wp_viewporter", 1)
[3516880.804] {mesa egl swrast display queue} wl_registry#26.global(13, "zwp_text_input_manager_v3", 1)
[3516880.807] {mesa egl swrast display queue} wl_registry#26.global(16, "keiland_titlebar_manager_v1", 3)
[3516880.809] {mesa egl swrast display queue} wl_registry#26.global(17, "keiland_glass_manager_v1", 2)
[3516880.811] {mesa egl swrast display queue} wl_registry#26.global(18, "zwp_primary_selection_device_manager_v1", 1)
[3516880.814] {mesa egl swrast display queue} wl_registry#26.global(19, "zwp_tablet_manager_v2", 1)
[3516880.816] {mesa egl swrast display queue} wl_registry#26.global(21, "keiland_desktop_manager_v1", 1)
[3516880.819] {mesa egl swrast display queue} wl_registry#26.global(22, "keiland_keyboard_inset_manager_v1", 1)
[3516880.821] {mesa egl swrast display queue} wl_registry#26.global(23, "keiland_edit_manager_v1", 1)
[3516880.823] {mesa egl swrast display queue} wl_callback#28.done(489499)
[3516880.826] {mesa egl swrast display queue}  -> wl_display#1.sync(new id wl_callback#30)
[3516880.835] {Display Queue} wl_display#1.delete_id(28)
[3516880.850] {mesa egl swrast display queue} zwp_linux_dmabuf_v1#27.format(875713089)
[3516880.852] {mesa egl swrast display queue} zwp_linux_dmabuf_v1#27.modifier(875713089, 0, 0)
[3516880.861] {mesa egl swrast display queue} zwp_linux_dmabuf_v1#27.format(875713112)
[3516880.863] {mesa egl swrast display queue} zwp_linux_dmabuf_v1#27.modifier(875713112, 0, 0)
[3516880.866] {mesa egl swrast display queue} wl_shm#29.format(0)
[3516880.872] {mesa egl swrast display queue} wl_shm#29.format(1)
[3516880.918] {Display Queue} wl_display#1.delete_id(30)
[3516880.921] {mesa egl swrast display queue} wl_callback#30.done(489499)
[3516880.923] {mesa egl swrast display queue}  -> wl_display#1.sync(new id wl_callback#30)
[3516880.955] {Display Queue} wl_display#1.delete_id(30)
[3516880.958] {mesa egl swrast display queue} wl_callback#30.done(489499)
[3516880.961] {mesa egl swrast display queue}  -> zwp_linux_dmabuf_v1#27.destroy()
[3516880.965] {mesa egl swrast display queue}  -> wl_display#1.get_registry(new id wl_registry#30)
[3516880.967] {mesa egl swrast display queue}  -> wl_display#1.sync(new id wl_callback#28)
[3516881.000] {Display Queue} wl_display#1.delete_id(27)
[3516881.003] {mesa egl swrast display queue} wl_registry#30.global(1, "wl_compositor", 4)
[3516881.011] {mesa egl swrast display queue} wl_registry#30.global(2, "xdg_wm_base", 4)
[3516881.014] {mesa egl swrast display queue} wl_registry#30.global(3, "zwp_linux_dmabuf_v1", 3)
[3516881.023] {mesa egl swrast display queue} wl_registry#30.global(4, "wl_output", 4)
[3516881.033] {mesa egl swrast display queue} wl_registry#30.global(5, "wl_seat", 5)
[3516881.036] {mesa egl swrast display queue} wl_registry#30.global(6, "wl_shm", 1)
[3516881.038] {mesa egl swrast display queue}  -> wl_registry#30.bind(6, "wl_shm", 1, new id [unknown]#27)
[3516881.041] {mesa egl swrast display queue} wl_registry#30.global(7, "xdg_menu_manager_v1", 2)
[3516881.044] {mesa egl swrast display queue} wl_registry#30.global(8, "wl_subcompositor", 1)
[3516881.046] {mesa egl swrast display queue} wl_registry#30.global(9, "wl_data_device_manager", 3)
[3516881.048] {mesa egl swrast display queue} wl_registry#30.global(10, "zxdg_decoration_manager_v1", 1)
[3516881.062] {mesa egl swrast display queue} wl_registry#30.global(11, "wp_cursor_shape_manager_v1", 1)
[3516881.065] {mesa egl swrast display queue} wl_registry#30.global(12, "wp_viewporter", 1)
[3516881.067] {mesa egl swrast display queue} wl_registry#30.global(13, "zwp_text_input_manager_v3", 1)
[3516881.070] {mesa egl swrast display queue} wl_registry#30.global(16, "keiland_titlebar_manager_v1", 3)
[3516881.072] {mesa egl swrast display queue} wl_registry#30.global(17, "keiland_glass_manager_v1", 2)
[3516881.074] {mesa egl swrast display queue} wl_registry#30.global(18, "zwp_primary_selection_device_manager_v1", 1)
[3516881.077] {mesa egl swrast display queue} wl_registry#30.global(19, "zwp_tablet_manager_v2", 1)
[3516881.079] {mesa egl swrast display queue} wl_registry#30.global(21, "keiland_desktop_manager_v1", 1)
[3516881.087] {Display Queue} wl_display#1.delete_id(28)
[3516881.090] {mesa egl swrast display queue} wl_registry#30.global(22, "keiland_keyboard_inset_manager_v1", 1)
[3516881.092] {mesa egl swrast display queue} wl_registry#30.global(23, "keiland_edit_manager_v1", 1)
[3516881.094] {mesa egl swrast display queue} wl_callback#28.done(489499)
[3516881.097] {mesa egl swrast display queue}  -> wl_display#1.sync(new id wl_callback#28)
[3516881.139] {mesa egl swrast display queue} wl_shm#27.format(0)
[3516881.142] {mesa egl swrast display queue} wl_shm#27.format(1)
[3516881.175] {Display Queue} wl_display#1.delete_id(28)
[3516881.178] {mesa egl swrast display queue} wl_callback#28.done(489499)
** Message: 06:41:15.006: For syntax highlighting, install the “highlight” program
[3516982.903] {Default Queue}  -> xdg_wm_base#20.get_xdg_surface(new id xdg_surface#28, wl_surface#23)
[3516982.918]  -> xdg_surface#28.get_toplevel(new id xdg_toplevel#31)
[3516982.922]  -> xdg_toplevel#31.set_parent(nil)
[3516982.925]  -> xdg_toplevel#31.set_title("GTK Demo")
[3516982.927]  -> xdg_toplevel#31.set_app_id("org.gtk.Demo4")
[3516982.930]  -> wl_surface#23.commit()
[3517011.294] {Default Queue}  -> wl_compositor#4.create_surface(new id wl_surface#32)
[3517011.304] {Default Queue}  -> wp_viewporter#11.get_viewport(new id wp_viewport#33, wl_surface#32)
[3517028.976] {Default Queue}  -> xdg_wm_base#20.get_xdg_surface(new id xdg_surface#34, wl_surface#32)
[3517028.987]  -> xdg_surface#34.get_toplevel(new id xdg_toplevel#35)
[3517028.990]  -> xdg_toplevel#35.set_parent(nil)
[3517028.993]  -> xdg_toplevel#35.set_title("Clipboard")
[3517028.995]  -> xdg_toplevel#35.set_app_id("gtk4-demo")
[3517028.998]  -> wl_surface#32.commit()
[3517029.434]  -> xdg_toplevel#35.set_parent(xdg_toplevel#31)
[3517030.251]  -> xdg_toplevel#31.destroy()
[3517030.262]  -> xdg_surface#28.destroy()
[3517030.269]  -> wl_surface#23.attach(nil, 0, 0)
[3517030.273]  -> wl_surface#23.commit()
[3517030.327] {Default Queue} wl_keyboard#22.keymap(1, fd 10, 6896)
[3517031.008] {Default Queue} wl_keyboard#22.repeat_info(25, 400)
[3517031.798] discarded [unknown]#31.[event 2](0 fd, 16 byte)
[3517031.803] discarded [unknown]#31.[event 0](0 fd, 24 byte)
[3517031.805] discarded [unknown]#28.[event 0](0 fd, 12 byte)
[3517031.857] {Display Queue} wl_display#1.delete_id(31)
[3517031.864] {Display Queue} wl_display#1.delete_id(28)
[3517031.867] xdg_toplevel#35.configure_bounds(1256, 690)
[3517031.871] xdg_toplevel#35.configure(0, 0, array[4])
[3517031.887] xdg_surface#34.configure(167)
[3517031.901]  -> xdg_surface#34.ack_configure(167)
[3517035.690]  -> xdg_toplevel#35.set_min_size(369, 258)
[3517035.699]  -> xdg_toplevel#35.set_max_size(0, 0)
[3517036.925] {mesa egl swrast display queue}  -> wl_shm#27.create_pool(new id wl_shm_pool#28, fd 16, 409704)
[3517036.936] {mesa egl surface queue}  -> wl_shm_pool#28.create_buffer(new id wl_buffer#31, 0, 397, 258, 1588, 0)
[3517036.940] {mesa egl surface queue}  -> wl_shm_pool#28.destroy()
[3517141.425]  -> xdg_toplevel#35.set_min_size(341, 229)
[3517141.437]  -> xdg_toplevel#35.set_max_size(0, 0)
[3517141.458]  -> xdg_surface#34.set_window_geometry(14, 12, 369, 229)
[3517141.463] {Default Queue}  -> wl_compositor#4.create_region(new id wl_region#36)
[3517141.468] {Default Queue}  -> wl_region#36.add(14, 20, 369, 221)
[3517141.472]  -> wl_surface#32.set_opaque_region(wl_region#36)
[3517141.475] {Default Queue}  -> wl_region#36.destroy()
[3517141.478] {Default Queue}  -> wl_compositor#4.create_region(new id wl_region#37)
[3517141.480] {Default Queue}  -> wl_region#37.add(2, 0, 393, 253)
[3517141.493]  -> wl_surface#32.set_input_region(wl_region#37)
[3517141.495] {Default Queue}  -> wl_region#37.destroy()
[3517141.498] {Default Queue}  -> wp_viewport#33.set_destination(397, 258)
[3517141.502]  -> wl_surface#32.frame(new id wl_callback#38)
[3517141.526] {mesa egl surface queue}  -> wl_surface#32.attach(wl_buffer#31, 0, 0)
[3517141.530] {mesa egl surface queue}  -> wl_surface#32.damage_buffer(0, 0, 397, 258)
[3517142.060] {mesa egl surface queue}  -> wl_surface#32.commit()
[3517142.065] {mesa egl surface queue}  -> wl_display#1.sync(new id wl_callback#39)
[3517150.322] {Display Queue} wl_display#1.delete_id(28)
[3517150.333] {Display Queue} wl_display#1.delete_id(36)
[3517150.336] {Display Queue} wl_display#1.delete_id(37)
[3517150.338] {Display Queue} wl_display#1.delete_id(39)
[3517177.538] {Default Queue} wl_data_device#16.selection(nil)
[3517177.585] {Default Queue} zwp_primary_selection_device_v1#15.data_offer(new id zwp_primary_selection_offer_v1#4278190080)
[3517177.590] {Default Queue} zwp_primary_selection_offer_v1#4278190080.offer("text/plain;charset=utf-8")
[3517177.594] {Default Queue} zwp_primary_selection_offer_v1#4278190080.offer("text/plain")
[3517177.597] {Default Queue} zwp_primary_selection_device_v1#15.selection(zwp_primary_selection_offer_v1#4278190080)
[3517178.073] {Default Queue} wl_keyboard#22.enter(169, wl_surface#32, array[0])
[3517178.086] {Default Queue} wl_keyboard#22.modifiers(170, 0, 0, 0, 0)
[3517178.109] {Default Queue} wl_pointer#6.enter(172, wl_surface#32, 718.00000000, 433.00000000)
[3517178.115] {Default Queue} wl_pointer#6.frame()
[3517178.129] {Default Queue}  -> wp_cursor_shape_device_v1#21.set_shape(172, 1)
[3517178.475] {Display Queue} wl_display#1.delete_id(38)
[3517178.482] {Default Queue} wl_callback#38.done(489796)
[3517178.977] {mesa egl surface queue} wl_callback#39.done(489760)
[3517178.985] {mesa egl surface queue} wl_buffer#31.release()
[3517179.167]  -> wl_surface#32.frame(new id wl_callback#39)
[3517179.182] {mesa egl surface queue}  -> wl_surface#32.attach(wl_buffer#31, 0, 0)
[3517179.186] {mesa egl surface queue}  -> wl_surface#32.damage_buffer(26, 195, 71, 34)
[3517179.353] {mesa egl surface queue}  -> wl_surface#32.commit()
[3517179.358] {mesa egl surface queue}  -> wl_display#1.sync(new id wl_callback#38)
[3517179.409] {Display Queue} wl_display#1.delete_id(38)
[3517201.340] {Display Queue} wl_display#1.delete_id(39)
[3517201.352] {Default Queue} wl_callback#39.done(489819)
