PRETTY_NAME="Debian GNU/Linux 13 (trixie)"
NAME="Debian GNU/Linux"
VERSION_ID="13"
VERSION="13 (trixie)"
VERSION_CODENAME=trixie
DEBIAN_VERSION_FULL=13.7
ID=debian
HOME_URL="https://www.debian.org/"
SUPPORT_URL="https://www.debian.org/support"
BUG_REPORT_URL="https://bugs.debian.org/"
6.12.107+deb13-amd64
dbus	1.16.2-2
dconf-service	0.40.0-5
gir1.2-gtk-4.0:amd64	4.18.6+ds-2
gtk-4-examples	4.18.6+ds-2
keiland	0~git20261001.b0e1eaf972e1-1+debian13
libegl1:amd64	1.7.0-1+b2
libgl1-mesa-dri:amd64	25.0.7-2+deb13u1
libgtk-4-1:amd64	4.18.6+ds-2
libgtk-4-bin	4.18.6+ds-2
libgtk-4-dev:amd64	4.18.6+ds-2
libwayland-client0:amd64	1.23.1-3
mesa-vulkan-drivers:amd64	25.0.7-2+deb13u1
python3-gi	3.50.0-4+b1
4.18.6
	linux-vdso.so.1 (0x00007f9c5c227000)
	libgtk-4.so.1 => /lib/x86_64-linux-gnu/libgtk-4.so.1 (0x00007f9c5ae00000)
	libglib-2.0.so.0 => /lib/x86_64-linux-gnu/libglib-2.0.so.0 (0x00007f9c5b8a7000)
	libgobject-2.0.so.0 => /lib/x86_64-linux-gnu/libgobject-2.0.so.0 (0x00007f9c5c1b4000)
	libgio-2.0.so.0 => /lib/x86_64-linux-gnu/libgio-2.0.so.0 (0x00007f9c5ac08000)
	libpangocairo-1.0.so.0 => /lib/x86_64-linux-gnu/libpangocairo-1.0.so.0 (0x00007f9c5c1a1000)
	libpango-1.0.so.0 => /lib/x86_64-linux-gnu/libpango-1.0.so.0 (0x00007f9c5c130000)
	libharfbuzz.so.0 => /lib/x86_64-linux-gnu/libharfbuzz.so.0 (0x00007f9c5aac7000)
	libcairo.so.2 => /lib/x86_64-linux-gnu/libcairo.so.2 (0x00007f9c5a979000)
	libgdk_pixbuf-2.0.so.0 => /lib/x86_64-linux-gnu/libgdk_pixbuf-2.0.so.0 (0x00007f9c5a94b000)
	libepoxy.so.0 => /lib/x86_64-linux-gnu/libepoxy.so.0 (0x00007f9c5a81b000)
	libm.so.6 => /lib/x86_64-linux-gnu/libm.so.6 (0x00007f9c5a72b000)
	libgraphene-1.0.so.0 => /lib/x86_64-linux-gnu/libgraphene-1.0.so.0 (0x00007f9c5a70e000)
	librsvg-2.so.2 => /lib/x86_64-linux-gnu/librsvg-2.so.2 (0x00007f9c5a000000)
	libc.so.6 => /lib/x86_64-linux-gnu/libc.so.6 (0x00007f9c59e0c000)
	libgmodule-2.0.so.0 => /lib/x86_64-linux-gnu/libgmodule-2.0.so.0 (0x00007f9c5b8a0000)
	libharfbuzz-subset.so.0 => /lib/x86_64-linux-gnu/libharfbuzz-subset.so.0 (0x00007f9c59c9d000)
	libfribidi.so.0 => /lib/x86_64-linux-gnu/libfribidi.so.0 (0x00007f9c5a6ef000)
	libcairo-gobject.so.2 => /lib/x86_64-linux-gnu/libcairo-gobject.so.2 (0x00007f9c5b895000)
	libfontconfig.so.1 => /lib/x86_64-linux-gnu/libfontconfig.so.1 (0x00007f9c5a6a1000)
	libXi.so.6 => /lib/x86_64-linux-gnu/libXi.so.6 (0x00007f9c5a68d000)
	libX11.so.6 => /lib/x86_64-linux-gnu/libX11.so.6 (0x00007f9c59b55000)
	libpangoft2-1.0.so.0 => /lib/x86_64-linux-gnu/libpangoft2-1.0.so.0 (0x00007f9c5a670000)
	libcloudproviders.so.0 => /lib/x86_64-linux-gnu/libcloudproviders.so.0 (0x00007f9c5a658000)
	libvulkan.so.1 => /lib/x86_64-linux-gnu/libvulkan.so.1 (0x00007f9c59ad2000)
	libpng16.so.16 => /lib/x86_64-linux-gnu/libpng16.so.16 (0x00007f9c5a61f000)
	libtiff.so.6 => /lib/x86_64-linux-gnu/libtiff.so.6 (0x00007f9c59a3e000)
	libjpeg.so.62 => /lib/x86_64-linux-gnu/libjpeg.so.62 (0x00007f9c599a7000)
	libxkbcommon.so.0 => /lib/x86_64-linux-gnu/libxkbcommon.so.0 (0x00007f9c5995c000)
	libwayland-client.so.0 => /lib/x86_64-linux-gnu/libwayland-client.so.0 (0x00007f9c5a60c000)
	libwayland-egl.so.1 => /lib/x86_64-linux-gnu/libwayland-egl.so.1 (0x00007f9c5a607000)
	libXext.so.6 => /lib/x86_64-linux-gnu/libXext.so.6 (0x00007f9c5a5f2000)
	libXcursor.so.1 => /lib/x86_64-linux-gnu/libXcursor.so.1 (0x00007f9c5994f000)
	libXdamage.so.1 => /lib/x86_64-linux-gnu/libXdamage.so.1 (0x00007f9c5994a000)
	libXfixes.so.3 => /lib/x86_64-linux-gnu/libXfixes.so.3 (0x00007f9c59942000)
	libXrandr.so.2 => /lib/x86_64-linux-gnu/libXrandr.so.2 (0x00007f9c59933000)
	libXinerama.so.1 => /lib/x86_64-linux-gnu/libXinerama.so.1 (0x00007f9c5992e000)
	libcairo-script-interpreter.so.2 => /lib/x86_64-linux-gnu/libcairo-script-interpreter.so.2 (0x00007f9c59907000)
	libatomic.so.1 => /lib/x86_64-linux-gnu/libatomic.so.1 (0x00007f9c598fd000)
	libpcre2-8.so.0 => /lib/x86_64-linux-gnu/libpcre2-8.so.0 (0x00007f9c5984e000)
	libffi.so.8 => /lib/x86_64-linux-gnu/libffi.so.8 (0x00007f9c5983f000)
	libz.so.1 => /lib/x86_64-linux-gnu/libz.so.1 (0x00007f9c5981f000)
	libmount.so.1 => /lib/x86_64-linux-gnu/libmount.so.1 (0x00007f9c597a3000)
	libselinux.so.1 => /lib/x86_64-linux-gnu/libselinux.so.1 (0x00007f9c5976f000)
	libthai.so.0 => /lib/x86_64-linux-gnu/libthai.so.0 (0x00007f9c59764000)
	libfreetype.so.6 => /lib/x86_64-linux-gnu/libfreetype.so.6 (0x00007f9c59692000)
	libgraphite2.so.3 => /lib/x86_64-linux-gnu/libgraphite2.so.3 (0x00007f9c59668000)
	libXrender.so.1 => /lib/x86_64-linux-gnu/libXrender.so.1 (0x00007f9c5965b000)
	libxcb.so.1 => /lib/x86_64-linux-gnu/libxcb.so.1 (0x00007f9c59630000)
	libxcb-render.so.0 => /lib/x86_64-linux-gnu/libxcb-render.so.0 (0x00007f9c59621000)
	libxcb-shm.so.0 => /lib/x86_64-linux-gnu/libxcb-shm.so.0 (0x00007f9c5961a000)
	libpixman-1.so.0 => /lib/x86_64-linux-gnu/libpixman-1.so.0 (0x00007f9c5956d000)
	/lib64/ld-linux-x86-64.so.2 (0x00007f9c5c229000)
	libgcc_s.so.1 => /lib/x86_64-linux-gnu/libgcc_s.so.1 (0x00007f9c59540000)
	libdav1d.so.7 => /lib/x86_64-linux-gnu/libdav1d.so.7 (0x00007f9c5935b000)
	libxml2.so.2 => /lib/x86_64-linux-gnu/libxml2.so.2 (0x00007f9c591a3000)
	libexpat.so.1 => /lib/x86_64-linux-gnu/libexpat.so.1 (0x00007f9c59175000)
	libwebp.so.7 => /lib/x86_64-linux-gnu/libwebp.so.7 (0x00007f9c590f1000)
	libzstd.so.1 => /lib/x86_64-linux-gnu/libzstd.so.1 (0x00007f9c59027000)
	liblzma.so.5 => /lib/x86_64-linux-gnu/liblzma.so.5 (0x00007f9c58ff6000)
	libLerc.so.4 => /lib/x86_64-linux-gnu/libLerc.so.4 (0x00007f9c58f68000)
	libjbig.so.0 => /lib/x86_64-linux-gnu/libjbig.so.0 (0x00007f9c58f57000)
	libdeflate.so.0 => /lib/x86_64-linux-gnu/libdeflate.so.0 (0x00007f9c58f3e000)
	liblzo2.so.2 => /lib/x86_64-linux-gnu/liblzo2.so.2 (0x00007f9c58f1a000)
	libblkid.so.1 => /lib/x86_64-linux-gnu/libblkid.so.1 (0x00007f9c58eb9000)
	libdatrie.so.1 => /lib/x86_64-linux-gnu/libdatrie.so.1 (0x00007f9c58eaf000)
	libbz2.so.1.0 => /lib/x86_64-linux-gnu/libbz2.so.1.0 (0x00007f9c58e9a000)
	libbrotlidec.so.1 => /lib/x86_64-linux-gnu/libbrotlidec.so.1 (0x00007f9c58e8c000)
	libXau.so.6 => /lib/x86_64-linux-gnu/libXau.so.6 (0x00007f9c58e87000)
	libXdmcp.so.6 => /lib/x86_64-linux-gnu/libXdmcp.so.6 (0x00007f9c58e7f000)
	libsharpyuv.so.0 => /lib/x86_64-linux-gnu/libsharpyuv.so.0 (0x00007f9c58e76000)
	libstdc++.so.6 => /lib/x86_64-linux-gnu/libstdc++.so.6 (0x00007f9c58c00000)
	libbrotlicommon.so.1 => /lib/x86_64-linux-gnu/libbrotlicommon.so.1 (0x00007f9c58bdd000)
f11d8ff644d5bbca54fa3b9c1f8715520c9ca45a78d6f50c6722766a155e1957  /opt/keiland/bin/wayland
9d9e27038ca722f159a361293f8c6cd270dab907ab52de5b8ecfbb8d6b9651c2  /usr/share/wayland-protocols/stable/xdg-shell/xdg-shell.xml
application_demo
assistant
fishbowl
frames
iconscroll
themes
builder
clipboard
combobox
constraints
constraints_interactive
constraints_vfl
constraints_builder
cursors
dialog
dnd
drawingarea
entry_completion
entry_undo
password_entry
search_entry
search_entry2
tagged_entry
errorstates
expander
fixed
fixed2
flowbox
gestures
headerbar
iconview
iconview_edit
image_scaling
images
infobar
layoutmanager
layoutmanager2
links
listbox
listbox_controls
listview_applauncher
listview_clocks
listview_colors
listview_filebrowser
listview_minesweeper
listview_selections
listview_settings
listview_settings2
listview_ucd
listview_weather
listview_words
mask
gears
glarea
shadertoy
overlay
overlay_decorative
transparent
paint
paintable
paintable_animated
paintable_emblem
paintable_mediastream
paintable_symbolic
paintable_svg
panes
fontrendering
font_features
rotated_text
textmask
path_fill
path_maze
path_spinner
path_text
path_walk
peg_solitaire
pickers
printing
pagesetup
read_more
revealer
scale
shortcut_triggers
shortcuts
sizegroup
sliding_puzzle
spinbutton
spinner
stack
sidebar
hypertext
markup
tabs
textundo
textview
textscroll
css_accordion
css_basics
css_blendmodes
css_multiplebgs
css_pixbufs
css_shadows
theming_style_classes
editable_cells
filtermodel
list_store
tree_store
video_player
NAME                      PID PROCESS USER CONNECTION    UNIT             SESSION DESCRIPTION
:1.1                     4769 python3 root :1.1          session-17.scope 17      -
:1.4                     5782 busctl  root :1.4          session-26.scope 26      -
ca.desrt.dconf              - -       -    (activatable) -                -       -
org.freedesktop.DBus     2790 n/a     root -             -                -       -
org.freedesktop.systemd1    - -       -    (activatable) -                -       -
org.zedbsd.WS114Baseline 4769 python3 root :1.1          session-17.scope 17      -
