{"event": "gtk-version", "version": "4.18.6"}
{"event": "snapshot", "renderer": "GskGLRenderer", "width": 728, "height": 489, "scale": 1, "display": "GdkWaylandDisplay"}
{"event": "file-dialog-requested"}
{"event": "file-dialog-response", "path": "/tmp/q580-marker.txt"}
{"event": "maximized", "value": true}
{"event": "snapshot", "renderer": "GskGLRenderer", "width": 1280, "height": 762, "scale": 1, "display": "GdkWaylandDisplay"}
{"event": "maximized", "value": false}
{"event": "fullscreen", "value": true}
{"event": "snapshot", "renderer": "GskGLRenderer", "width": 1280, "height": 800, "scale": 1, "display": "GdkWaylandDisplay"}
{"event": "fullscreen", "value": false}
    PID COMMAND
   2793 wayland
   5950 python3
   6106 gtk4-demo
gsettings-desktop-schemas	48.0-1
gtk-4-examples	4.18.6+ds-2
keiland	0~git20261001.b0e1eaf972e1-1+debian13
libgtk-4-1:amd64	4.18.6+ds-2
libgtk-4-bin	4.18.6+ds-2
libgtk-4-dev:amd64	4.18.6+ds-2
wayland-protocols	1.44-1
NAME                      PID PROCESS       USER CONNECTION    UNIT             SESSION DESCRIPTION
:1.12                    5994 dconf-service root :1.12         session-15.scope 15      -
:1.15                    6106 gtk4-demo     root :1.15         session-46.scope 46      -
:1.16                    6143 busctl        root :1.16         session-47.scope 47      -
:1.9                     5950 python3       root :1.9          session-35.scope 35      -
ca.desrt.dconf           5994 dconf-service root :1.12         session-15.scope 15      -
org.freedesktop.DBus     2790 n/a           root -             -                -       -
org.freedesktop.systemd1    - -             -    (activatable) -                -       -
org.zedbsd.WS114Baseline 5950 python3       root :1.9          session-35.scope 35      -
