[3282141.131] {mesa egl surface queue}  -> wl_display#1.sync(new id wl_callback#35)
[3282141.293] {Display Queue} wl_display#1.delete_id(44)
[3282141.361] {Display Queue} wl_display#1.delete_id(46)
[3282141.370] {Display Queue} wl_display#1.delete_id(47)
[3282141.378] {Display Queue} wl_display#1.delete_id(49)
[3282275.065] {Display Queue} wl_display#1.delete_id(48)
[3282275.099] {Display Queue} wl_display#1.delete_id(35)
[3282275.109] {Default Queue} wl_keyboard#22.leave(41, wl_surface#23)
[3282275.137] {Default Queue} wl_keyboard#22.enter(42, wl_surface#38, array[0])
[3282275.152] {Default Queue} wl_keyboard#22.modifiers(43, 0, 0, 0, 0)
[3282275.202] {Default Queue} zwp_text_input_v3#34.leave(wl_surface#23)
[3282275.214] {Default Queue} zwp_text_input_v3#34.enter(wl_surface#38)
[3282275.222] {Default Queue} wl_callback#48.done(254893)
[3282277.254] {mesa egl surface queue} wl_callback#49.done(254756)
[3282277.282] {mesa egl surface queue} wl_buffer#45.release()
[3282278.306]  -> wl_surface#38.frame(new id wl_callback#49)
[3282278.366] {mesa egl surface queue}  -> wl_surface#38.attach(wl_buffer#45, 0, 0)
[3282278.385] {mesa egl surface queue}  -> wl_surface#38.damage_buffer(0, 0, 137, 90)
[3282278.940] {mesa egl surface queue}  -> wl_surface#38.commit()
[3282278.956] {mesa egl surface queue}  -> wl_display#1.sync(new id wl_callback#48)
[3282279.084] {Display Queue} wl_display#1.delete_id(48)
[3282302.755] {Display Queue} wl_display#1.delete_id(41)
[3282302.768] {Display Queue} wl_display#1.delete_id(49)
[3282302.771] {Default Queue} wl_callback#41.done(254921)
[3282302.785] {Default Queue} wl_callback#49.done(254921)
[3282302.903] {mesa egl surface queue} wl_callback#35.done(254893)
[3282302.908] {mesa egl surface queue} wl_buffer#36.release()
[3282303.153]  -> wl_surface#23.frame(new id wl_callback#35)
[3282303.178] {mesa egl surface queue}  -> wl_surface#23.attach(wl_buffer#36, 0, 0)
[3282303.186] {mesa egl surface queue}  -> wl_surface#23.damage_buffer(32, 153, 664, 42)
[3282303.880] {mesa egl surface queue}  -> wl_surface#23.commit()
[3282303.892] {mesa egl surface queue}  -> wl_display#1.sync(new id wl_callback#49)
[3282303.973] {Display Queue} wl_display#1.delete_id(49)
[3282343.094] {Display Queue} wl_display#1.delete_id(35)
[3282343.123] {Default Queue} wl_callback#35.done(254961)
