ZWL POPUP create client=1 popup=19 surface=17 parent=8 x=60 y=60 width=360 height=180
ZWL POPUP grab popup=19 surface=17
ZWL POPUP configure surface=17 serial=7 x=60 y=60 width=360 height=180
ZWL PING pong client=1 serial=6
ZWL POPUP map surface=17 x=500 y=353 grab=1
ZWL POPUP create client=1 popup=25 surface=23 parent=17 x=360 y=120 width=360 height=120
ZWL POPUP grab popup=25 surface=23
ZWL POPUP configure surface=23 serial=16 x=360 y=120 width=360 height=120
ZWL PING pong client=1 serial=15
ZWL POPUP map surface=23 x=860 y=473 grab=1
ZWL PING pong client=1 serial=24
ZWL POPUP create client=1 popup=31 surface=29 parent=8 x=360 y=60 width=360 height=180
ZWL POPUP grab popup=31 surface=29
ZWL POPUP configure surface=29 serial=35 x=360 y=60 width=360 height=180
ZWL PING pong client=1 serial=34
ZWL POPUP map surface=29 x=800 y=353 grab=1
ZWL POPUP create client=1 popup=37 surface=35 parent=29 x=-360 y=120 width=360 height=120
ZWL POPUP grab popup=37 surface=35
ZWL POPUP configure surface=35 serial=44 x=-360 y=120 width=360 height=120
ZWL PING pong client=1 serial=43
ZWL POPUP map surface=35 x=440 y=473 grab=1
ZWL POPUP dismiss client=1
ZWL POPUP create client=1 popup=43 surface=41 parent=8 x=60 y=60 width=360 height=180
ZWL POPUP grab popup=43 surface=41
ZWL POPUP configure surface=41 serial=57 x=60 y=60 width=360 height=180
ZWL PING pong client=1 serial=55
ZWL POPUP map surface=41 x=500 y=353 grab=1
ZWL POPUP configure surface=41 serial=64 x=10 y=40 width=360 height=180
ZWL POPUP dismiss client=1
ZWL GLASS request move surface=8
ZWL PING pong client=1 serial=72
ZWL GLASS moved surface=8 x=540 y=393
ZWL RESIZE start surface=8 edges=10 width=400 height=300
ZWL PING pong client=1 serial=74
ZWL RESIZE end surface=8 width=550 height=400
ZWL RESIZE settled surface=8 x=540 y=393 width=550 height=400
ZWL RESIZE start surface=8 edges=4 width=550 height=400
ZWL PING pong client=1 serial=80
ZWL RESIZE end surface=8 width=416 height=400
ZWL RESIZE settled surface=8 x=674 y=393 width=416 height=400
ZWL POPUP create client=1 popup=58 surface=56 parent=8 x=221 y=200 width=360 height=180
ZWL POPUP grab popup=58 surface=56
ZWL POPUP configure surface=56 serial=85 x=221 y=200 width=360 height=180
ZWL PING pong client=1 serial=84
ZWL POPUP map surface=56 x=895 y=593 grab=1
ZWL PING unresponsive client=1
ZWL PING pong client=1 serial=94
ZWL PING responsive client=1
ZWL GLASS dock surface=8 via=request buttons=766,720,674 title=65 x=0 y=38 w=1280 h=762
ZWL GLASS undock surface=8 via=request x=674 y=388
ZWL GLASS minimize surface=8
