Simple mixer control 'Master',0
  Capabilities: pvolume pswitch
  Playback channels: Front Left - Front Right
  Limits: Playback 0 - 74
  Mono:
  Front Left: Playback 54 [73%] [-20.00dB] [on]
  Front Right: Playback 54 [73%] [-20.00dB] [on]
uid=1000(kei) gid=1000(kei) groups=1000(kei),29(audio),44(video),995(input),992(kvm),991(render),102(netdev)
phy#1
	Interface wlan1
		ifindex 4
		wdev 0x100000001
		addr 02:00:00:00:01:00
		type managed
		txpower 0.00 dBm
		multicast TXQ:
			qsz-byt	qsz-pkt	flows	drops	marks	overlmt	hashcol	tx-bytes	tx-packets
			0	0	0	0	0	0	0	0		0
phy#0
	Interface wlan0
		ifindex 3
		wdev 0x1
		addr 02:00:00:00:00:00
		type managed
		txpower 0.00 dBm
		multicast TXQ:
			qsz-byt	qsz-pkt	flows	drops	marks	overlmt	hashcol	tx-bytes	tx-packets
			0	0	0	0	0	0	0	0		0
