ZWL PREFERENCES open
ZWL DISPLAY device=llvmpipe (LLVM 19.1.7, 256 bits) width=1280 height=800 refresh_mhz=74994
ZWL STARTUP step=vulkan-device ms=278
ZWL STARTUP step=vulkan-objects-arrow ms=40
ZWL STARTUP step=wallpaper-picture ms=9
ZWL STARTUP step=wallpaper ms=37
ZWL STARTUP step=glyphs-text ms=11
ZWL STARTUP step=glyphs-icons ms=3
ZWL STARTUP step=glyphs-mark ms=18
ZWL GLASS atlas cache-top=380 cells=273 faces=1
ZWL STARTUP step=glyphs ms=33
ZWL GLASS ready text=1
ZWL STARTUP step=compose ms=389 at_ms=77276
ZWL INPUT device=/dev/input/event5 kind=pointer abs=1
ZWL INPUT device=/dev/input/event2 kind=keyboard abs=0
ZWL INPUT device=/dev/input/event1 kind=pointer abs=0
ZWL INPUT device=/dev/input/event0 kind=keyboard abs=0
ZWL STARTUP step=input ms=76 at_ms=77352
ZWL KEYMAP format=xkb_v1 errno=0
ZWL STARTUP step=keymap ms=0 at_ms=77352
ZWL STARTUP step=socket ms=0 at_ms=77352
ZWL CLIENT client=1 fd=17 ime=1
ZWL IME started pid=773 client=1
ZWL READY socket=/run/user/0/wayland-keiland width=1280 height=800 timeout_ms=18446744073709551615 pid=746
ZWL CORNER zone x=1252 y=0 width=28 height=28
ZWL OSK zone kind=flick x=1252 y=772 size=28
ZWL OSK zone kind=qwerty x=0 y=772 size=28
ZWL NETWORK state reachable=0 connected=1 kind=wired interface=enp0s5 wifi=absent ssid=
ZWL VOLUME reachable=1 device=1
ZWL DESKTOP start pid=774 command=/opt/keiland/bin/files --desktop at_ms=77367
ZWL STARTUP step=output-display ms=0
KEI-IME LANGUAGE id=direct
ZWL STARTUP step=output-pipelines ms=33
ZWL STARTUP step=output-swapchain ms=8
ZWL STARTUP step=output-targets ms=0
ZWL OUTPUT open width=1280 height=800 images=3 format=44
ZWL MODE window switch_ms=41 at_ms=77408
ZWL GLASS desktops x=821 step=46 width=40
ZWL NETWORK icon x=1065 y=3 width=30 height=28
ZWL VOLUME icon x=1032 y=3 width=30 height=28
ZWL CLIENT client=2 fd=24
ZWL IME language=direct
KEI-IME READY languages=2
ZWL NETWORK state reachable=1 connected=1 kind=wired interface=enp0s5 wifi=disconnected ssid=
ZWL DESKTOP role client=2 surface=8 x=0 y=34 width=1280 height=766
ZFILES DESKTOP configure x=0 y=34 width=1280 height=766
ZWL SEAT client=2 pointer=1 keyboard=0 touch=0
ZWL SEAT client=2 pointer=1 keyboard=1 touch=0
ZWL DESKTOP ack serial=2
ZFILES LOCATION kind=folder path=/root/Desktop items=0 error=0
ZFILES DESKTOP layout saved=0 error=0
ZFILES DESKTOP grid width=1280 height=766 columns=13 rows=7
ZFILES DESKTOP ready items=0 cells=0 width=1280 height=766 at_ms=77639 newest_age_ms=-1
ZWL IMPORT client=2 buffer=22 width=1280 height=766 bytes=3932160
ZWL IMPORT client=2 buffer=24 width=1280 height=766 bytes=3932160
ZWL IMPORT client=2 buffer=26 width=1280 height=766 bytes=3932160
ZWL DESKTOP drawn at_ms=77713
ZFILES MENU context-only
ZFILES DESKTOP startup entered_ms=77377 fonts=15 instance=81 window=110 present=49 app=1 canvas=0 draw=6 shown=74 menus=27
ZFILES READY width=1280 height=766 token=-
ZWL HOME open via=launcher at_ms=80500
ZWL FIRST_FRAME what=home-open frame=6 request_ms=80500 ms=17
ZWL HOME opened apps=10 pages=1 page=1 at_ms=80792
ZWL HOME icon name="Files" x=280 y=274
ZWL HOME icon name="Notes" x=424 y=274
ZWL HOME icon name="Settings" x=568 y=274
ZWL HOME icon name="Terminal" x=712 y=274
ZWL HOME icon name="PDF Viewer" x=856 y=274
ZWL HOME icon name="Image Viewer" x=1000 y=274
ZWL HOME icon name="Text Editor" x=280 y=426
ZWL HOME icon name="Model viewer" x=424 y=426
ZWL HOME icon name="Widget Demo" x=568 y=426
ZWL HOME icon name="Log Out" x=712 y=426
ZWL PERF 5004ms: passes=442 timeouts=422 | poll 88.1% work 14.1%
ZWL PERF compose frames=17 draw_ms=37.16 (acquire 0.01 submit+present 36.78) frame_ms=38.75
ZWL HOME launch name=Settings pid=799
ZWL HOME close via=launch at_ms=83039
ZWL FIRST_FRAME what=home-close frame=19 request_ms=83039 ms=44
ZWL CLIENT client=3 fd=25
ZWL BOUNDS client=3 surface=8 width=1256 height=690
ZWL CONFIGURE client=3 surface=8 serial=3 width=0 height=0 fullscreen=0
ZWL SEAT client=3 pointer=1 keyboard=0 touch=0
ZWL SEAT client=3 pointer=1 keyboard=1 touch=0
ZSETTINGS ABOUT kernel=Linux 6.12.107+deb13-amd64 machine=x86_64 cores=4 host=keiland-guest
ZSETTINGS PAGE home
ZSETTINGS NETWORK open links=5 dns=1 saved=1
ZSETTINGS LOOK open opacity=100 wallpaper=
ZSETTINGS SOUND open value=100 muted=0 link=1
ZWL IMPORT client=3 buffer=19 width=1180 height=690 bytes=3280896
ZWL HOME closed at_ms=83360
ZWL IMPORT client=3 buffer=21 width=1180 height=690 bytes=3280896
ZWL IMPORT client=3 buffer=23 width=1180 height=690 bytes=3280896
ZSETTINGS GLASS blur=1
ZSETTINGS GLASS on
ZSETTINGS MENU state back=0 forward=0 sidebar=1 page=home
ZSETTINGS MENU ready items=20
ZWL MENU commit client=3 menu=31 serial=1 items=43 generation=1
ZWL MENU set client=3 place=32 menu=31
ZWL MENU commit client=3 menu=31 serial=2 items=43 generation=2
ZSETTINGS TITLEBAR state back=0 forward=0 parts=1 last=Settings sidebar=1 query= focus=0
ZSETTINGS TITLEBAR ready controls=6
ZSETTINGS GLASS panels count=2
ZWL TITLEBAR create client=3 titlebar=36 toplevel=10
ZWL TITLEBAR commit client=3 titlebar=36 serial=1 mode=1 controls=6 tabs=0 generation=1
ZWL TITLEBAR commit client=3 titlebar=36 serial=2 mode=1 controls=6 tabs=0 generation=2
ZSETTINGS READY width=1180 height=690 glass=1 page=home
ZWL GLASS client=3 surface=8 blur=1
ZWL GLASS client=3 surface=8 panels=2 card:0,0,248,690,16 card:256,0,924,690,16
ZWL MAP client=3 surface=8 x=50 y=98
ZWL HOME launched waited_ms=575 at_ms=83614
ZWL GLASS launch surface=8 from=532,238 to=50,98 size=1180x690
ZSETTINGS NETWORK state reachable=0 connected=1 kind=1 interface=enp0s5 wifi=0 ssid=
ZSETTINGS SOUND report reachable=1 device=1 value=40 muted=0
ZSETTINGS NETWORK state reachable=1 connected=1 kind=1 interface=enp0s5 wifi=5 ssid=
ZWL GLASS glyph codepoint=U+2026 size=0 face=0 cell=0
ZWL TITLEBAR control client=3 surface=8 where=floating id=1 x=172 y=53 width=30 height=30 shown=1
ZWL TITLEBAR control client=3 surface=8 where=floating id=2 x=206 y=53 width=30 height=30 shown=1
ZWL TITLEBAR control client=3 surface=8 where=floating id=3 x=240 y=53 width=30 height=30 shown=1
ZWL TITLEBAR control client=3 surface=8 where=floating id=4 x=280 y=53 width=74 height=30 shown=1
ZWL TITLEBAR control client=3 surface=8 where=floating id=5 x=822 y=53 width=220 height=30 shown=1
ZWL TITLEBAR control client=3 surface=8 where=floating id=6 x=1046 y=53 width=30 height=30 shown=1
ZWL TITLEBAR control client=3 surface=8 where=floating id=0 x=1086 y=53 width=30 height=30 shown=1
ZWL PING pong client=3 serial=8
ZSETTINGS PAGE wifi
ZSETTINGS NETWORK request=1 sent
ZSETTINGS TITLEBAR state back=1 forward=0 parts=2 last=Wi-Fi sidebar=1 query= focus=0
ZSETTINGS MENU state back=1 forward=0 sidebar=1 page=wifi
ZSETTINGS LAYOUT page=wifi controls=1
ZSETTINGS CONTROL index=1 x=1082 y=123 width=52 height=32
ZWL TITLEBAR commit client=3 titlebar=36 serial=3 mode=1 controls=6 tabs=0 generation=3
ZWL MENU commit client=3 menu=31 serial=3 items=43 generation=3
ZWL TITLEBAR control client=3 surface=8 where=floating id=1 x=172 y=53 width=30 height=30 shown=1
ZWL TITLEBAR control client=3 surface=8 where=floating id=2 x=206 y=53 width=30 height=30 shown=1
ZWL TITLEBAR control client=3 surface=8 where=floating id=3 x=240 y=53 width=30 height=30 shown=1
ZWL TITLEBAR control client=3 surface=8 where=floating id=4 x=280 y=53 width=140 height=30 shown=1
ZWL TITLEBAR control client=3 surface=8 where=floating id=5 x=822 y=53 width=220 height=30 shown=1
ZWL TITLEBAR control client=3 surface=8 where=floating id=6 x=1046 y=53 width=30 height=30 shown=1
ZWL TITLEBAR control client=3 surface=8 where=floating id=0 x=1086 y=53 width=30 height=30 shown=1
ZSETTINGS NETWORK done request=1 errno=0
ZWL NETWORK state reachable=1 connected=1 kind=wired interface=enp0s5 wifi=searching ssid=
ZSETTINGS LAYOUT page=wifi controls=2
ZSETTINGS CONTROL index=1 x=1082 y=123 width=52 height=32
ZSETTINGS CONTROL index=2 x=1060 y=211 width=70 height=32
ZSETTINGS NETWORK state reachable=1 connected=1 kind=1 interface=enp0s5 wifi=2 ssid=
ZWL PERF 5030ms: passes=445 timeouts=410 | poll 81.5% work 14.2%
ZWL PERF compose frames=28 draw_ms=24.36 (acquire 0.03 submit+present 23.91) frame_ms=28.21
ZWL NETWORK scan count=1
ZWL NETWORK state reachable=1 connected=1 kind=wired interface=enp0s5 wifi=disconnected ssid=
ZSETTINGS NETWORK scan count=1
ZSETTINGS LAYOUT page=wifi controls=3
ZSETTINGS CONTROL index=1 x=1082 y=123 width=52 height=32
ZSETTINGS CONTROL index=2 x=1060 y=211 width=70 height=32
ZSETTINGS CONTROL index=100 x=298 y=261 width=840 height=46
ZSETTINGS NETWORK state reachable=1 connected=1 kind=1 interface=enp0s5 wifi=5 ssid=
ZWL PERF 5002ms: passes=464 timeouts=458 | poll 92.6% work 5.3%
ZWL PERF compose frames=8 draw_ms=29.68 (acquire 0.01 submit+present 29.43) frame_ms=31.82
ZWL GLASS close surface=8
ZSETTINGS DONE reason=close
ZWL CLIENT gone client=3 reason=read
ZWL CLEANUP client=3 objects=19 unread_fds=0
ZWL HOME ended pid=799 status=0
ZWL CLEANUP client=2 objects=19 unread_fds=0
ZWL DESKTOP gone client=2
ZWL IME lost pid=773
ZWL CLEANUP client=1 objects=10 unread_fds=0
ZFILES DONE reason=disconnected
KEI-IME DONE
ZWL OUTPUT closed
ZWL EXIT frames=58 error=0 cleanup_failed=0 pid=746 input_events=16 seat_events=17 at_ms=96771
