ZWL PREFERENCES open
ZWL DISPLAY device=llvmpipe (LLVM 19.1.7, 256 bits) width=1280 height=800 refresh_mhz=74994
ZWL STARTUP step=vulkan-device ms=213
ZWL STARTUP step=vulkan-objects-arrow ms=263
ZWL STARTUP step=wallpaper-picture ms=26
ZWL STARTUP step=wallpaper ms=261
ZWL STARTUP step=glyphs-text ms=27
ZWL STARTUP step=glyphs-icons ms=14
ZWL STARTUP step=glyphs-mark ms=22
ZWL GLASS atlas cache-top=380 cells=273 faces=1
ZWL STARTUP step=glyphs ms=167
ZWL GLASS ready text=1
ZWL STARTUP step=compose ms=983 at_ms=57387
ZWL INPUT device=/dev/input/event0 kind=pointer abs=1
ZWL INPUT device=/dev/input/event1 kind=keyboard abs=0
ZWL INPUT device=/dev/input/event2 kind=pointer abs=0
ZWL INPUT device=/dev/input/event3 kind=keyboard abs=0
ZWL STARTUP step=input ms=1 at_ms=57388
ZWL KEYMAP format=xkb_v1 errno=0
ZWL STARTUP step=keymap ms=1 at_ms=57389
ZWL STARTUP step=socket ms=0 at_ms=57389
ZWL IME none program=/usr/libexec/keiland-ime errno=6
ZWL READY socket=/tmp/wayland-0 width=1280 height=800 timeout_ms=400000 pid=51
ZWL CORNER zone x=1252 y=0 width=28 height=28
ZWL OSK zone kind=flick x=1252 y=772 size=28
ZWL OSK zone kind=qwerty x=0 y=772 size=28
ZWL STARTUP step=output-display ms=62
ZWL STARTUP step=output-pipelines ms=178
ZWL STARTUP step=output-swapchain ms=385
ZWL STARTUP step=output-targets ms=90
ZWL OUTPUT open width=1280 height=800 images=3 format=37
ZWL MODE window switch_ms=715 at_ms=61346
ZWL LAT draw frame=1 at_us=61346000
ZWL LAT acquired frame=1 at_us=61346000
ZWL GLASS desktops x=823 step=46 width=40
ZWL NETWORK icon x=1067 y=3 width=30 height=28
ZWL VOLUME icon x=1034 y=3 width=30 height=28
ZWL LAT recorded frame=1 at_us=61368000
ZWL COMPOSE frame=1 image=0 windows=0 at_ms=61438
ZWL LAT submit frame=1 at_us=61438000
ZWL LAT shown frame=1 at_us=61448000
ZWL HOME skip name=Image Viewer missing=/bin/imageview
ZWL HOME skip name=Text Editor missing=/bin/textedit
ZWL HOME skip name=Browser missing=/bin/browser
ZWL NETWORK state reachable=1 connected=1 kind=wired interface=ue0 wifi=absent ssid=
ZWL LAT draw frame=2 at_us=61448000
ZWL LAT acquired frame=2 at_us=61480000
ZWL LAT recorded frame=2 at_us=61500000
ZWL COMPOSE frame=2 image=1 windows=0 at_ms=61569
ZWL LAT submit frame=2 at_us=61569000
ZWL LAT shown frame=2 at_us=61580000
ZWL CLIENT client=1 fd=17
ZWL CONFIGURE client=1 surface=8 serial=1 width=0 height=0 fullscreen=0
ZWL LAT draw frame=3 at_us=61944000
ZWL LAT acquired frame=3 at_us=61944000
ZWL LAT recorded frame=3 at_us=61966000
ZWL COMPOSE frame=3 image=2 windows=0 at_ms=62036
ZWL LAT submit frame=3 at_us=62036000
ZWL LAT shown frame=3 at_us=62046000
ZWL SEAT client=1 pointer=1 keyboard=0 touch=0
ZWL SEAT client=1 pointer=1 keyboard=1 touch=0
ZWL COMMIT client=1 surface=8 buffer=15 queued=0
ZWL LAT adopt surface=8 at_us=62046000
ZWL MAP client=1 surface=8 x=440 y=293
ZWL SHM_COPY client=1 surface=8 buffer=15 rows=0-300 sum=47199377
ZWL LAT draw frame=4 at_us=62259000
ZWL LAT acquired frame=4 at_us=62259000
ZWL LAT recorded frame=4 at_us=62280000
ZWL COMPOSE frame=4 image=0 windows=1 at_ms=62351
ZWL LAT submit frame=4 at_us=62351000
ZWL LAT shown frame=4 at_us=62361000
ZWL PERF 5002ms: passes=370 timeouts=362 | poll 86.1% work 33.7%
ZWL PERF compose frames=4 draw_ms=117.92 (acquire 9.63 submit+present 83.22) frame_ms=130.16
ZWL PERF shm copies=1 copy_ms=2.926
ZWL LAT draw frame=5 at_us=66742000
ZWL LAT acquired frame=5 at_us=66742000
ZWL LAT recorded frame=5 at_us=66763000
ZWL COMPOSE frame=5 image=1 windows=1 at_ms=66833
ZWL LAT submit frame=5 at_us=66833000
ZWL LAT shown frame=5 at_us=66843000
ZWL LAT draw frame=6 at_us=66895000
ZWL LAT acquired frame=6 at_us=66896000
ZWL LAT recorded frame=6 at_us=66916000
ZWL COMPOSE frame=6 image=2 windows=1 at_ms=66986
ZWL LAT submit frame=6 at_us=66986000
ZWL LAT shown frame=6 at_us=66996000
ZWL POPUP create client=1 popup=19 surface=17 parent=8 x=60 y=60 width=360 height=180
ZWL POPUP grab popup=19 surface=17
ZWL POPUP configure surface=17 serial=7 x=60 y=60 width=360 height=180
ZWL PING pong client=1 serial=6
ZWL COMMIT client=1 surface=17 buffer=21 queued=0
ZWL LAT adopt surface=17 at_us=67199000
ZWL POPUP map surface=17 x=500 y=353 grab=1
ZWL SHM_COPY client=1 surface=17 buffer=21 rows=0-180 sum=26c56835
ZWL LAT draw frame=7 at_us=67403000
ZWL LAT acquired frame=7 at_us=67403000
ZWL LAT recorded frame=7 at_us=67425000
ZWL COMPOSE frame=7 image=0 windows=1 at_ms=67495
ZWL LAT submit frame=7 at_us=67495000
ZWL LAT shown frame=7 at_us=67506000
ZWL LAT draw frame=8 at_us=70006000
ZWL LAT acquired frame=8 at_us=70006000
ZWL LAT recorded frame=8 at_us=70026000
ZWL COMPOSE frame=8 image=1 windows=1 at_ms=70096
ZWL LAT submit frame=8 at_us=70096000
ZWL LAT shown frame=8 at_us=70106000
ZWL PERF 5003ms: passes=449 timeouts=438 | poll 87.0% work 12.9%
ZWL PERF compose frames=4 draw_ms=90.95 (acquire 0.31 submit+present 69.97) frame_ms=101.16
ZWL PERF shm copies=1 copy_ms=1.412
ZWL LAT draw frame=9 at_us=71450000
ZWL LAT acquired frame=9 at_us=71450000
ZWL LAT recorded frame=9 at_us=71471000
ZWL COMPOSE frame=9 image=2 windows=1 at_ms=71541
ZWL LAT submit frame=9 at_us=71541000
ZWL LAT shown frame=9 at_us=71551000
ZWL LAT draw frame=10 at_us=71600000
ZWL LAT acquired frame=10 at_us=71600000
ZWL LAT recorded frame=10 at_us=71621000
ZWL COMPOSE frame=10 image=0 windows=1 at_ms=71691
ZWL LAT submit frame=10 at_us=71691000
ZWL LAT shown frame=10 at_us=71702000
ZWL POPUP create client=1 popup=25 surface=23 parent=17 x=360 y=120 width=360 height=120
ZWL POPUP grab popup=25 surface=23
ZWL POPUP configure surface=23 serial=16 x=360 y=120 width=360 height=120
ZWL PING pong client=1 serial=15
ZWL COMMIT client=1 surface=23 buffer=27 queued=0
ZWL LAT adopt surface=23 at_us=71900000
ZWL POPUP map surface=23 x=860 y=473 grab=1
ZWL SHM_COPY client=1 surface=23 buffer=27 rows=0-120 sum=0e8510e5
ZWL LAT draw frame=11 at_us=72102000
ZWL LAT acquired frame=11 at_us=72102000
ZWL LAT recorded frame=11 at_us=72123000
ZWL COMPOSE frame=11 image=1 windows=1 at_ms=72193
ZWL LAT submit frame=11 at_us=72193000
ZWL LAT shown frame=11 at_us=72203000
ZWL LAT draw frame=12 at_us=75441000
ZWL LAT acquired frame=12 at_us=75441000
ZWL LAT recorded frame=12 at_us=75462000
ZWL COMPOSE frame=12 image=2 windows=1 at_ms=75532
ZWL LAT submit frame=12 at_us=75532000
ZWL LAT shown frame=12 at_us=75542000
ZWL LAT draw frame=13 at_us=75592000
ZWL LAT acquired frame=13 at_us=75592000
ZWL LAT recorded frame=13 at_us=75612000
ZWL COMPOSE frame=13 image=0 windows=1 at_ms=75682
ZWL LAT submit frame=13 at_us=75682000
ZWL LAT shown frame=13 at_us=75692000
ZWL PERF 5056ms: passes=444 timeouts=430 | poll 85.3% work 14.7%
ZWL PERF compose frames=5 draw_ms=90.73 (acquire 0.27 submit+present 69.79) frame_ms=100.85
ZWL PERF shm copies=1 copy_ms=0.925
ZWL LAT draw frame=14 at_us=76027000
ZWL LAT acquired frame=14 at_us=76028000
ZWL LAT recorded frame=14 at_us=76049000
ZWL COMPOSE frame=14 image=1 windows=1 at_ms=76119
ZWL LAT submit frame=14 at_us=76119000
ZWL LAT shown frame=14 at_us=76130000
ZWL PING pong client=1 serial=24
ZWL LAT draw frame=15 at_us=76259000
ZWL LAT acquired frame=15 at_us=76260000
ZWL LAT recorded frame=15 at_us=76281000
ZWL COMPOSE frame=15 image=2 windows=1 at_ms=76351
ZWL LAT submit frame=15 at_us=76351000
ZWL LAT shown frame=15 at_us=76361000
P017_PROBE_BOUNDARY
POPUPPROBE configure window width=0 height=0 states=1 resizing=0
POPUPPROBE ready run=p
POPUPPROBE focus window
POPUPPROBE enter window x=200 y=107
POPUPPROBE button window state=1 x=60 y=60
POPUPPROBE open menu at=60,60
POPUPPROBE ping serial=6 answered
POPUPPROBE configure menu x=60 y=60 width=360 height=180
POPUPPROBE unfocus window
POPUPPROBE focus menu
POPUPPROBE leave window
POPUPPROBE enter menu x=0 y=0
POPUPPROBE button menu state=0 x=0 y=0
POPUPPROBE button menu state=1 x=100 y=130
POPUPPROBE open submenu row=120
POPUPPROBE ping serial=15 answered
POPUPPROBE configure submenu x=360 y=120 width=360 height=120
POPUPPROBE unfocus menu
POPUPPROBE focus submenu
POPUPPROBE button menu state=0 x=100 y=130
POPUPPROBE leave menu
POPUPPROBE enter submenu x=98 y=45
POPUPPROBE button submenu state=1 x=100 y=45
POPUPPROBE choose submenu row=1
POPUPPROBE close submenu
POPUPPROBE close menu
POPUPPROBE ping serial=24 answered
POPUPPROBE unfocus other
POPUPPROBE focus other
POPUPPROBE leave other
POPUPPROBE unfocus other
POPUPPROBE focus window
POPUPPROBE enter window x=520 y=225
