2020 1 29 6 13 45 7 123
Sat Feb 29 2020 Sat Feb 29 2020 13:45:07 13:45:07 string number
true
946692184005 2000-01-01T02:03:04.005Z Sat, 01 Jan 2000 02:03:04 GMT 2000-01-01T02:03:04.005Z {"when":"2000-01-01T02:03:04.005Z"}
2000 0 1 6 2 3 4 5
946684800000 946598400000 1612137600000 1577750400000 -62198755200000 8640000000000000
1970-01-01T00:00:00.000Z +275760-09-13T00:00:00.000Z -271821-04-20T00:00:00.000Z NaN
-000001-01-01T00:00:00.000Z +010000-01-01T00:00:00.000Z 1900
991872000000 978825600000 980899200000 980985599999 2001-01-31T23:59:59.999Z
980982059999 980982030250 980982031000 2001-01-31T23:00:31.000Z 86400000 1970-01-02T00:00:00.000Z
2 3
1 28
1 2 2 2 1
1999 99 number 1905
NaN Invalid Date NaN NaN true
null NaN NaN
RangeError
TypeError
TypeError
946684800000 946684800000 946684800000 946684800000 946684800000
946684800000 946684800500 946771200000 951868800000
true NaN NaN
946684800000 0
946681200000 946684800000 946782245000
true true
true true
true true true
0 true 0 true
string 1 946692184004 946692184005 true [object Date]
7 Date true true 7 4
true 1999 4
