ZWL PREFERENCES open
ZWL DISPLAY device=llvmpipe (LLVM 19.1.7, 256 bits) width=1280 height=800 refresh_mhz=74994
ZWL STARTUP step=vulkan-device ms=209
ZWL STARTUP step=vulkan-objects-arrow ms=263
ZWL STARTUP step=wallpaper-picture ms=1788
ZWL STARTUP step=wallpaper ms=2021
ZWL STARTUP step=glyphs-text ms=26
ZWL STARTUP step=glyphs-icons ms=14
ZWL STARTUP step=glyphs-mark ms=22
ZWL GLASS atlas cache-top=380 cells=273 faces=1
ZWL STARTUP step=glyphs ms=165
ZWL GLASS ready text=1
ZWL STARTUP step=compose ms=2738 at_ms=52371
ZWL INPUT device=/dev/input/event0 kind=pointer abs=1
ZWL INPUT device=/dev/input/event1 kind=keyboard abs=0
ZWL INPUT device=/dev/input/event2 kind=pointer abs=0
ZWL INPUT device=/dev/input/event3 kind=keyboard abs=0
ZWL STARTUP step=input ms=2 at_ms=52373
ZWL KEYMAP format=xkb_v1 errno=0
ZWL STARTUP step=keymap ms=0 at_ms=52373
ZWL STARTUP step=socket ms=0 at_ms=52373
ZWL IME none program=/usr/libexec/keiland-ime errno=6
ZWL READY socket=/tmp/wayland-0 width=1280 height=800 timeout_ms=300000 pid=45
ZWL CORNER zone x=1252 y=0 width=28 height=28
ZWL OSK zone kind=flick x=1252 y=772 size=28
ZWL OSK zone kind=qwerty x=0 y=772 size=28
ZWL STARTUP step=output-display ms=4
ZWL STARTUP step=output-pipelines ms=160
ZWL STARTUP step=output-swapchain ms=386
ZWL STARTUP step=output-targets ms=89
ZWL OUTPUT open width=1280 height=800 images=3 format=37
ZWL MODE window switch_ms=639 at_ms=53022
ZWL LAT draw frame=1 at_us=53022000
ZWL LAT acquired frame=1 at_us=53023000
ZWL GLASS desktops x=822 step=46 width=40
ZWL NETWORK icon x=1066 y=3 width=30 height=28
ZWL VOLUME icon x=1033 y=3 width=30 height=28
ZWL LAT recorded frame=1 at_us=53044000
ZWL COMPOSE frame=1 image=0 windows=0 at_ms=53115
ZWL LAT submit frame=1 at_us=53115000
ZWL LAT shown frame=1 at_us=53125000
ZWL HOME skip name=Image Viewer missing=/bin/imageview
ZWL HOME skip name=Text Editor missing=/bin/textedit
ZWL HOME skip name=Browser missing=/bin/browser
ZWL NETWORK state reachable=1 connected=1 kind=wired interface=ue0 wifi=absent ssid=
ZWL LAT draw frame=2 at_us=53127000
ZWL LAT acquired frame=2 at_us=53261000
ZWL LAT recorded frame=2 at_us=53281000
ZWL COMPOSE frame=2 image=1 windows=0 at_ms=53351
ZWL LAT submit frame=2 at_us=53351000
ZWL LAT shown frame=2 at_us=53361000
ZWL CLIENT client=1 fd=17
ZWL LAT draw frame=3 at_us=54926000
ZWL LAT acquired frame=3 at_us=54926000
ZWL LAT recorded frame=3 at_us=54946000
ZWL COMPOSE frame=3 image=2 windows=0 at_ms=55019
ZWL LAT submit frame=3 at_us=55019000
ZWL LAT shown frame=3 at_us=55029000
ZWL INSET create client=1 inset=20 toplevel=16
ZWL EDIT create client=1 edit=24 toplevel=16
ZWL BOUNDS client=1 surface=14 width=1256 height=690
ZWL CONFIGURE client=1 surface=14 serial=1 width=0 height=0 fullscreen=0
ZWL SEAT client=1 pointer=1 keyboard=0 touch=0
ZWL SEAT client=1 pointer=1 keyboard=1 touch=0
ZWL VULKAN_IMPORT client=1 buffer=37 width=916 height=632
ZWL IMPORT client=1 buffer=37 width=916 height=632 bytes=2347008
ZWL VULKAN_IMPORT client=1 buffer=38 width=916 height=632
ZWL IMPORT client=1 buffer=38 width=916 height=632 bytes=2347008
ZWL VULKAN_IMPORT client=1 buffer=39 width=916 height=632
ZWL IMPORT client=1 buffer=39 width=916 height=632 bytes=2347008
ZWL MENU commit client=1 menu=43 serial=1 items=30 generation=1
ZWL MENU set client=1 place=44 menu=43
ZWL LAT draw frame=4 at_us=56259000
ZWL LAT acquired frame=4 at_us=56260000
ZWL LAT recorded frame=4 at_us=56281000
ZWL COMPOSE frame=4 image=0 windows=0 at_ms=56351
ZWL LAT submit frame=4 at_us=56351000
ZWL LAT shown frame=4 at_us=56362000
ZWL MENU commit client=1 menu=43 serial=2 items=30 generation=2
ZWL LAT draw frame=5 at_us=56362000
ZWL LAT acquired frame=5 at_us=56385000
ZWL LAT recorded frame=5 at_us=56401000
ZWL COMPOSE frame=5 image=1 windows=0 at_ms=56462
ZWL LAT submit frame=5 at_us=56462000
ZWL LAT shown frame=5 at_us=56472000
ZWL TITLEBAR create client=1 titlebar=48 toplevel=16
ZWL BOUNDS client=1 surface=14 width=1256 height=690
ZWL CONFIGURE client=1 surface=14 serial=2 width=0 height=0 fullscreen=0
ZWL EDIT state client=1 edit=24 actions=0xff flags=0xd
ZWL TITLEBAR commit client=1 titlebar=48 serial=1 mode=0 controls=0 tabs=1 generation=1
ZWL LAT draw frame=6 at_us=56473000
ZWL LAT acquired frame=6 at_us=56502000
ZWL LAT recorded frame=6 at_us=56522000
ZWL COMPOSE frame=6 image=2 windows=0 at_ms=56592
ZWL LAT submit frame=6 at_us=56592000
ZWL LAT shown frame=6 at_us=56602000
ZWL ACQUIRE_FENCE client=1 surface=14 generation=1
ZWL DECORATION applied client=1 surface=14 mode=1
ZWL COMMIT client=1 surface=14 buffer=37 queued=0
ZWL LAT adopt surface=14 at_us=56602000
ZWL MAP client=1 surface=14 x=182 y=127
ZWL LAT draw frame=7 at_us=56603000
ZWL LAT acquired frame=7 at_us=56620000
ZWL LAT recorded frame=7 at_us=56640000
ZWL COMPOSE frame=7 image=0 windows=1 at_ms=56710
ZWL LAT submit frame=7 at_us=56710000
ZWL LAT shown frame=7 at_us=56720000
ZWL PERF 5007ms: passes=339 timeouts=314 | poll 73.5% work 43.7%
ZWL PERF compose frames=7 draw_ms=138.26 (acquire 34.05 submit+present 80.73) frame_ms=150.03
