ZWL PREFERENCES open
ZWL DISPLAY device=llvmpipe (LLVM 19.1.7, 256 bits) width=1280 height=800 refresh_mhz=74994
ZWL STARTUP step=vulkan-device ms=210
ZWL STARTUP step=vulkan-objects-arrow ms=265
ZWL STARTUP step=wallpaper-picture ms=1870
ZWL STARTUP step=wallpaper ms=2103
ZWL STARTUP step=glyphs-text ms=27
ZWL STARTUP step=glyphs-icons ms=14
ZWL STARTUP step=glyphs-mark ms=24
ZWL GLASS atlas cache-top=380 cells=273 faces=1
ZWL STARTUP step=glyphs ms=168
ZWL GLASS ready text=1
ZWL STARTUP step=compose ms=2826 at_ms=93438
ZWL INPUT device=/dev/input/event0 kind=pointer abs=1
ZWL INPUT device=/dev/input/event1 kind=keyboard abs=0
ZWL INPUT device=/dev/input/event2 kind=pointer abs=0
ZWL INPUT device=/dev/input/event3 kind=keyboard abs=0
ZWL STARTUP step=input ms=1 at_ms=93439
ZWL KEYMAP format=xkb_v1 errno=0
ZWL STARTUP step=keymap ms=0 at_ms=93439
ZWL STARTUP step=socket ms=0 at_ms=93439
ZWL IME none program=/usr/libexec/keiland-ime errno=6
ZWL READY socket=/tmp/wayland-0 width=1280 height=800 timeout_ms=300000 pid=96
ZWL CORNER zone x=1252 y=0 width=28 height=28
ZWL OSK zone kind=flick x=1252 y=772 size=28
ZWL OSK zone kind=qwerty x=0 y=772 size=28
ZWL STARTUP step=output-display ms=131
ZWL STARTUP step=output-pipelines ms=182
ZWL STARTUP step=output-swapchain ms=387
ZWL STARTUP step=output-targets ms=89
ZWL OUTPUT open width=1280 height=800 images=3 format=37
ZWL MODE window switch_ms=789 at_ms=94239
ZWL LAT draw frame=1 at_us=94239000
ZWL LAT acquired frame=1 at_us=94240000
ZWL GLASS desktops x=823 step=46 width=40
ZWL NETWORK icon x=1067 y=3 width=30 height=28
ZWL VOLUME icon x=1034 y=3 width=30 height=28
ZWL LAT recorded frame=1 at_us=94261000
ZWL COMPOSE frame=1 image=0 windows=0 at_ms=94331
ZWL LAT submit frame=1 at_us=94331000
ZWL LAT shown frame=1 at_us=94341000
ZWL HOME skip name=Image Viewer missing=/bin/imageview
ZWL HOME skip name=Text Editor missing=/bin/textedit
ZWL HOME skip name=Browser missing=/bin/browser
ZWL NETWORK state reachable=1 connected=1 kind=wired interface=ue0 wifi=absent ssid=
ZWL LAT draw frame=2 at_us=94343000
ZWL LAT acquired frame=2 at_us=94384000
ZWL LAT recorded frame=2 at_us=94403000
ZWL COMPOSE frame=2 image=1 windows=0 at_ms=94473
ZWL LAT submit frame=2 at_us=94473000
ZWL LAT shown frame=2 at_us=94483000
ZWL CLIENT client=1 fd=17
ZWL SEAT client=1 pointer=1 keyboard=0 touch=0
ZWL SEAT client=1 pointer=1 keyboard=1 touch=0
ZWL LAT draw frame=3 at_us=96010000
ZWL LAT acquired frame=3 at_us=96010000
ZWL LAT recorded frame=3 at_us=96014000
ZWL COMPOSE frame=3 image=2 windows=0 at_ms=96127
ZWL LAT submit frame=3 at_us=96128000
ZWL LAT shown frame=3 at_us=96129000
ZWL BOUNDS client=1 surface=14 width=1256 height=690
ZWL CONFIGURE client=1 surface=14 serial=1 width=0 height=0 fullscreen=0
ZWL LAT draw frame=4 at_us=96129000
ZWL LAT acquired frame=4 at_us=96157000
ZWL LAT recorded frame=4 at_us=96165000
ZWL COMPOSE frame=4 image=0 windows=0 at_ms=96268
ZWL LAT submit frame=4 at_us=96268000
ZWL LAT shown frame=4 at_us=96279000
ZWL VULKAN_IMPORT client=1 buffer=21 width=600 height=480
ZWL IMPORT client=1 buffer=21 width=600 height=480 bytes=1167360
ZWL VULKAN_IMPORT client=1 buffer=22 width=600 height=480
ZWL IMPORT client=1 buffer=22 width=600 height=480 bytes=1167360
ZWL VULKAN_IMPORT client=1 buffer=23 width=600 height=480
ZWL IMPORT client=1 buffer=23 width=600 height=480 bytes=1167360
ZWL ACQUIRE_FENCE client=1 surface=14 generation=1
ZWL DECORATION applied client=1 surface=14 mode=1
ZWL COMMIT client=1 surface=14 buffer=21 queued=0
ZWL LAT adopt surface=14 at_us=97033000
ZWL MAP client=1 surface=14 x=340 y=203
ZWL LAT draw frame=5 at_us=97033000
ZWL LAT acquired frame=5 at_us=97033000
ZWL LAT recorded frame=5 at_us=97046000
ZWL COMPOSE frame=5 image=1 windows=1 at_ms=97106
ZWL LAT submit frame=5 at_us=97106000
ZWL LAT shown frame=5 at_us=97116000
ZWL LAT draw frame=6 at_us=97157000
ZWL LAT acquired frame=6 at_us=97158000
ZWL LAT recorded frame=6 at_us=97179000
ZWL COMPOSE frame=6 image=2 windows=1 at_ms=97223
ZWL LAT submit frame=6 at_us=97223000
ZWL LAT shown frame=6 at_us=97233000
ZWL ACQUIRE_FENCE client=1 surface=14 generation=1
ZWL COMMIT client=1 surface=14 buffer=22 queued=0
ZWL ACQUIRED surface=14 waited_ms=4
ZWL LAT adopt surface=14 at_us=97898000
ZWL RELEASE client=1 buffer=21 dead=0
ZWL LAT draw frame=7 at_us=97898000
ZWL LAT acquired frame=7 at_us=97898000
ZWL LAT recorded frame=7 at_us=97900000
ZWL COMPOSE frame=7 image=0 windows=1 at_ms=97925
ZWL LAT submit frame=7 at_us=97925000
ZWL LAT shown frame=7 at_us=97926000
ZWL ACQUIRE_FENCE client=1 surface=14 generation=1
ZWL COMMIT client=1 surface=14 buffer=23 queued=0
ZWL ACQUIRED surface=14 waited_ms=6
ZWL LAT adopt surface=14 at_us=97932000
ZWL RELEASE client=1 buffer=22 dead=0
ZWL LAT draw frame=8 at_us=97932000
ZWL LAT acquired frame=8 at_us=97950000
ZWL LAT recorded frame=8 at_us=97971000
ZWL COMPOSE frame=8 image=1 windows=1 at_ms=98016
ZWL LAT submit frame=8 at_us=98016000
ZWL LAT shown frame=8 at_us=98018000
ZWL ACQUIRE_FENCE client=1 surface=14 generation=1
ZWL COMMIT client=1 surface=14 buffer=21 queued=0
ZWL LAT adopt surface=14 at_us=98018000
ZWL RELEASE client=1 buffer=23 dead=0
ZWL LAT draw frame=9 at_us=98018000
ZWL LAT acquired frame=9 at_us=98025000
ZWL DAMAGE frame=9 image=2 x=340 y=203 width=600 height=480
ZWL LAT recorded frame=9 at_us=98056000
ZWL COMPOSE frame=9 image=2 windows=1 at_ms=98108
ZWL LAT submit frame=9 at_us=98108000
ZWL LAT shown frame=9 at_us=98109000
ZWL ACQUIRE_FENCE client=1 surface=14 generation=1
ZWL COMMIT client=1 surface=14 buffer=22 queued=0
ZWL LAT adopt surface=14 at_us=98109000
ZWL RELEASE client=1 buffer=21 dead=0
ZWL LAT draw frame=10 at_us=98110000
ZWL LAT acquired frame=10 at_us=98132000
ZWL DAMAGE frame=10 image=0 x=340 y=203 width=600 height=480
ZWL LAT recorded frame=10 at_us=98153000
ZWL COMPOSE frame=10 image=0 windows=1 at_ms=98217
ZWL LAT submit frame=10 at_us=98217000
ZWL LAT shown frame=10 at_us=98227000
ZWL ACQUIRE_FENCE client=1 surface=14 generation=1
ZWL COMMIT client=1 surface=14 buffer=23 queued=0
ZWL ACQUIRED surface=14 waited_ms=5
ZWL LAT adopt surface=14 at_us=98404000
ZWL RELEASE client=1 buffer=22 dead=0
ZWL LAT draw frame=11 at_us=98404000
ZWL LAT acquired frame=11 at_us=98404000
ZWL DAMAGE frame=11 image=1 x=340 y=203 width=600 height=480
ZWL LAT recorded frame=11 at_us=98416000
ZWL COMPOSE frame=11 image=1 windows=1 at_ms=98440
ZWL LAT submit frame=11 at_us=98440000
ZWL LAT shown frame=11 at_us=98446000
ZWL PERF 5001ms: passes=323 timeouts=286 | poll 70.0% work 51.6%
ZWL PERF compose frames=11 draw_ms=107.30 (acquire 15.37 submit+present 72.86) frame_ms=115.07
ZWL ACQUIRE_FENCE client=1 surface=14 generation=1
ZWL COMMIT client=1 surface=14 buffer=21 queued=0
ZWL LAT adopt surface=14 at_us=98446000
ZWL RELEASE client=1 buffer=23 dead=0
ZWL LAT draw frame=12 at_us=98446000
ZWL LAT acquired frame=12 at_us=98464000
ZWL DAMAGE frame=12 image=2 x=340 y=203 width=600 height=480
ZWL LAT recorded frame=12 at_us=98485000
ZWL COMPOSE frame=12 image=2 windows=1 at_ms=98555
ZWL LAT submit frame=12 at_us=98555000
ZWL LAT shown frame=12 at_us=98557000
ZWL ACQUIRE_FENCE client=1 surface=14 generation=1
ZWL COMMIT client=1 surface=14 buffer=22 queued=0
ZWL LAT adopt surface=14 at_us=98558000
ZWL RELEASE client=1 buffer=21 dead=0
ZWL LAT draw frame=13 at_us=98558000
ZWL LAT acquired frame=13 at_us=98584000
ZWL DAMAGE frame=13 image=0 x=340 y=203 width=600 height=480
ZWL LAT recorded frame=13 at_us=98604000
ZWL COMPOSE frame=13 image=0 windows=1 at_ms=98674
ZWL LAT submit frame=13 at_us=98674000
ZWL LAT shown frame=13 at_us=98675000
ZWL ACQUIRE_FENCE client=1 surface=14 generation=1
ZWL COMMIT client=1 surface=14 buffer=23 queued=0
ZWL LAT adopt surface=14 at_us=98675000
ZWL RELEASE client=1 buffer=22 dead=0
ZWL LAT draw frame=14 at_us=98675000
ZWL LAT acquired frame=14 at_us=98705000
ZWL DAMAGE frame=14 image=1 x=340 y=203 width=600 height=480
ZWL LAT recorded frame=14 at_us=98719000
ZWL COMPOSE frame=14 image=1 windows=1 at_ms=98791
ZWL LAT submit frame=14 at_us=98791000
ZWL LAT shown frame=14 at_us=98799000
ZWL ACQUIRE_FENCE client=1 surface=14 generation=1
ZWL COMMIT client=1 surface=14 buffer=21 queued=0
ZWL ACQUIRED surface=14 waited_ms=5
ZWL LAT adopt surface=14 at_us=98941000
ZWL RELEASE client=1 buffer=23 dead=0
ZWL LAT draw frame=15 at_us=98941000
ZWL LAT acquired frame=15 at_us=98941000
ZWL DAMAGE frame=15 image=2 x=340 y=203 width=600 height=480
ZWL LAT recorded frame=15 at_us=98953000
ZWL COMPOSE frame=15 image=2 windows=1 at_ms=99005
ZWL LAT submit frame=15 at_us=99005000
ZWL LAT shown frame=15 at_us=99015000
ZWL ACQUIRE_FENCE client=1 surface=14 generation=1
ZWL COMMIT client=1 surface=14 buffer=22 queued=0
ZWL ACQUIRED surface=14 waited_ms=5
ZWL LAT adopt surface=14 at_us=99021000
ZWL RELEASE client=1 buffer=21 dead=0
ZWL LAT draw frame=16 at_us=99021000
ZWL LAT acquired frame=16 at_us=99038000
ZWL DAMAGE frame=16 image=0 x=340 y=203 width=600 height=480
ZWL LAT recorded frame=16 at_us=99060000
ZWL COMPOSE frame=16 image=0 windows=1 at_ms=99123
ZWL LAT submit frame=16 at_us=99123000
ZWL LAT shown frame=16 at_us=99133000
ZWL ACQUIRE_FENCE client=1 surface=14 generation=1
ZWL COMMIT client=1 surface=14 buffer=23 queued=0
ZWL LAT adopt surface=14 at_us=99133000
ZWL RELEASE client=1 buffer=22 dead=0
ZWL LAT draw frame=17 at_us=99133000
ZWL LAT acquired frame=17 at_us=99158000
ZWL DAMAGE frame=17 image=1 x=340 y=203 width=600 height=480
ZWL LAT recorded frame=17 at_us=99180000
ZWL COMPOSE frame=17 image=1 windows=1 at_ms=99231
ZWL LAT submit frame=17 at_us=99231000
ZWL LAT shown frame=17 at_us=99242000
ZWL ACQUIRE_FENCE client=1 surface=14 generation=1
ZWL COMMIT client=1 surface=14 buffer=21 queued=0
ZWL LAT adopt surface=14 at_us=99242000
ZWL RELEASE client=1 buffer=23 dead=0
ZWL LAT draw frame=18 at_us=99242000
ZWL LAT acquired frame=18 at_us=99265000
ZWL DAMAGE frame=18 image=2 x=340 y=203 width=600 height=480
ZWL LAT recorded frame=18 at_us=99287000
ZWL COMPOSE frame=18 image=2 windows=1 at_ms=99343
ZWL LAT submit frame=18 at_us=99343000
ZWL LAT shown frame=18 at_us=99344000
ZWL ACQUIRE_FENCE client=1 surface=14 generation=1
ZWL COMMIT client=1 surface=14 buffer=22 queued=0
ZWL ACQUIRED surface=14 waited_ms=5
ZWL LAT adopt surface=14 at_us=99437000
ZWL RELEASE client=1 buffer=21 dead=0
ZWL LAT draw frame=19 at_us=99438000
ZWL LAT acquired frame=19 at_us=99438000
ZWL DAMAGE frame=19 image=0 x=340 y=203 width=600 height=480
ZWL LAT recorded frame=19 at_us=99449000
ZWL COMPOSE frame=19 image=0 windows=1 at_ms=99510
ZWL LAT submit frame=19 at_us=99510000
ZWL LAT shown frame=19 at_us=99516000
ZWL ACQUIRE_FENCE client=1 surface=14 generation=1
ZWL COMMIT client=1 surface=14 buffer=23 queued=0
ZWL LAT adopt surface=14 at_us=99517000
ZWL RELEASE client=1 buffer=22 dead=0
ZWL LAT draw frame=20 at_us=99517000
ZWL LAT acquired frame=20 at_us=99545000
ZWL DAMAGE frame=20 image=1 x=340 y=203 width=600 height=480
ZWL LAT recorded frame=20 at_us=99566000
ZWL COMPOSE frame=20 image=1 windows=1 at_ms=99591
ZWL LAT submit frame=20 at_us=99591000
ZWL LAT shown frame=20 at_us=99592000
ZWL ACQUIRE_FENCE client=1 surface=14 generation=1
ZWL COMMIT client=1 surface=14 buffer=21 queued=0
ZWL LAT adopt surface=14 at_us=99592000
ZWL RELEASE client=1 buffer=23 dead=0
ZWL LAT draw frame=21 at_us=99592000
ZWL LAT acquired frame=21 at_us=99593000
ZWL DAMAGE frame=21 image=2 x=340 y=203 width=600 height=480
ZWL LAT recorded frame=21 at_us=99621000
ZWL COMPOSE frame=21 image=2 windows=1 at_ms=99676
ZWL LAT submit frame=21 at_us=99676000
ZWL LAT shown frame=21 at_us=99677000
ZWL ACQUIRE_FENCE client=1 surface=14 generation=1
ZWL COMMIT client=1 surface=14 buffer=22 queued=0
ZWL LAT adopt surface=14 at_us=99678000
ZWL RELEASE client=1 buffer=21 dead=0
ZWL LAT draw frame=22 at_us=99678000
ZWL LAT acquired frame=22 at_us=99690000
ZWL DAMAGE frame=22 image=0 x=340 y=203 width=600 height=480
ZWL LAT recorded frame=22 at_us=99705000
ZWL COMPOSE frame=22 image=0 windows=1 at_ms=99766
ZWL LAT submit frame=22 at_us=99766000
ZWL LAT shown frame=22 at_us=99777000
ZWL ACQUIRE_FENCE client=1 surface=14 generation=1
ZWL COMMIT client=1 surface=14 buffer=23 queued=0
ZWL ACQUIRED surface=14 waited_ms=4
ZWL LAT adopt surface=14 at_us=99920000
ZWL RELEASE client=1 buffer=22 dead=0
ZWL LAT draw frame=23 at_us=99920000
ZWL LAT acquired frame=23 at_us=99920000
ZWL DAMAGE frame=23 image=1 x=340 y=203 width=600 height=480
ZWL LAT recorded frame=23 at_us=99932000
ZWL COMPOSE frame=23 image=1 windows=1 at_ms=100002
ZWL LAT submit frame=23 at_us=100002000
ZWL LAT shown frame=23 at_us=100012000
ZWL ACQUIRE_FENCE client=1 surface=14 generation=1
ZWL COMMIT client=1 surface=14 buffer=21 queued=0
ZWL ACQUIRED surface=14 waited_ms=5
ZWL LAT adopt surface=14 at_us=100017000
ZWL RELEASE client=1 buffer=23 dead=0
ZWL LAT draw frame=24 at_us=100017000
ZWL LAT acquired frame=24 at_us=100026000
ZWL DAMAGE frame=24 image=2 x=340 y=203 width=600 height=480
ZWL LAT recorded frame=24 at_us=100047000
ZWL COMPOSE frame=24 image=2 windows=1 at_ms=100071
ZWL LAT submit frame=24 at_us=100071000
ZWL LAT shown frame=24 at_us=100072000
ZWL ACQUIRE_FENCE client=1 surface=14 generation=1
ZWL COMMIT client=1 surface=14 buffer=22 queued=0
ZWL LAT adopt surface=14 at_us=100073000
ZWL RELEASE client=1 buffer=21 dead=0
ZWL LAT draw frame=25 at_us=100073000
ZWL LAT acquired frame=25 at_us=100077000
ZWL DAMAGE frame=25 image=0 x=340 y=203 width=600 height=480
ZWL LAT recorded frame=25 at_us=100098000
ZWL COMPOSE frame=25 image=0 windows=1 at_ms=100122
ZWL LAT submit frame=25 at_us=100122000
ZWL LAT shown frame=25 at_us=100132000
ZWL ACQUIRE_FENCE client=1 surface=14 generation=1
ZWL COMMIT client=1 surface=14 buffer=23 queued=0
ZWL LAT adopt surface=14 at_us=100132000
ZWL RELEASE client=1 buffer=22 dead=0
ZWL LAT draw frame=26 at_us=100133000
ZWL LAT acquired frame=26 at_us=100146000
ZWL DAMAGE frame=26 image=1 x=340 y=203 width=600 height=480
ZWL LAT recorded frame=26 at_us=100166000
ZWL COMPOSE frame=26 image=1 windows=1 at_ms=100223
ZWL LAT submit frame=26 at_us=100223000
ZWL LAT shown frame=26 at_us=100234000
ZWL ACQUIRE_FENCE client=1 surface=14 generation=1
ZWL COMMIT client=1 surface=14 buffer=21 queued=0
ZWL ACQUIRED surface=14 waited_ms=4
ZWL LAT adopt surface=14 at_us=100322000
ZWL RELEASE client=1 buffer=23 dead=0
ZWL LAT draw frame=27 at_us=100322000
ZWL LAT acquired frame=27 at_us=100323000
ZWL DAMAGE frame=27 image=2 x=340 y=203 width=600 height=480
ZWL LAT recorded frame=27 at_us=100335000
ZWL COMPOSE frame=27 image=2 windows=1 at_ms=100405
ZWL LAT submit frame=27 at_us=100405000
ZWL LAT shown frame=27 at_us=100415000
ZWL ACQUIRE_FENCE client=1 surface=14 generation=1
ZWL COMMIT client=1 surface=14 buffer=22 queued=0
ZWL ACQUIRED surface=14 waited_ms=5
ZWL LAT adopt surface=14 at_us=100421000
ZWL RELEASE client=1 buffer=21 dead=0
ZWL LAT draw frame=28 at_us=100421000
ZWL LAT acquired frame=28 at_us=100425000
ZWL DAMAGE frame=28 image=0 x=340 y=203 width=600 height=480
ZWL LAT recorded frame=28 at_us=100445000
ZWL COMPOSE frame=28 image=0 windows=1 at_ms=100516
ZWL LAT submit frame=28 at_us=100516000
ZWL LAT shown frame=28 at_us=100518000
ZWL ACQUIRE_FENCE client=1 surface=14 generation=1
ZWL COMMIT client=1 surface=14 buffer=23 queued=0
ZWL LAT adopt surface=14 at_us=100519000
ZWL RELEASE client=1 buffer=22 dead=0
ZWL LAT draw frame=29 at_us=100519000
ZWL LAT acquired frame=29 at_us=100543000
ZWL DAMAGE frame=29 image=1 x=340 y=203 width=600 height=480
ZWL LAT recorded frame=29 at_us=100563000
ZWL COMPOSE frame=29 image=1 windows=1 at_ms=100586
ZWL LAT submit frame=29 at_us=100586000
ZWL LAT shown frame=29 at_us=100598000
ZWL ACQUIRE_FENCE client=1 surface=14 generation=1
ZWL COMMIT client=1 surface=14 buffer=21 queued=0
ZWL LAT adopt surface=14 at_us=100599000
ZWL RELEASE client=1 buffer=23 dead=0
ZWL LAT draw frame=30 at_us=100599000
ZWL LAT acquired frame=30 at_us=100611000
ZWL DAMAGE frame=30 image=2 x=340 y=203 width=600 height=480
ZWL LAT recorded frame=30 at_us=100625000
ZWL COMPOSE frame=30 image=2 windows=1 at_ms=100693
ZWL LAT submit frame=30 at_us=100693000
ZWL LAT shown frame=30 at_us=100700000
ZWL ACQUIRE_FENCE client=1 surface=14 generation=1
ZWL COMMIT client=1 surface=14 buffer=22 queued=0
ZWL ACQUIRED surface=14 waited_ms=5
ZWL LAT adopt surface=14 at_us=100810000
ZWL RELEASE client=1 buffer=21 dead=0
ZWL LAT draw frame=31 at_us=100810000
ZWL LAT acquired frame=31 at_us=100810000
ZWL DAMAGE frame=31 image=0 x=340 y=203 width=600 height=480
ZWL LAT recorded frame=31 at_us=100822000
ZWL COMPOSE frame=31 image=0 windows=1 at_ms=100892
ZWL LAT submit frame=31 at_us=100892000
ZWL LAT shown frame=31 at_us=100902000
ZWL ACQUIRE_FENCE client=1 surface=14 generation=1
ZWL COMMIT client=1 surface=14 buffer=23 queued=0
ZWL ACQUIRED surface=14 waited_ms=5
ZWL LAT adopt surface=14 at_us=100908000
ZWL RELEASE client=1 buffer=22 dead=0
ZWL LAT draw frame=32 at_us=100908000
ZWL LAT acquired frame=32 at_us=100917000
ZWL DAMAGE frame=32 image=1 x=340 y=203 width=600 height=480
ZWL LAT recorded frame=32 at_us=100937000
ZWL COMPOSE frame=32 image=1 windows=1 at_ms=101007
ZWL LAT submit frame=32 at_us=101008000
ZWL LAT shown frame=32 at_us=101010000
ZWL ACQUIRE_FENCE client=1 surface=14 generation=1
ZWL COMMIT client=1 surface=14 buffer=21 queued=0
ZWL LAT adopt surface=14 at_us=101011000
ZWL RELEASE client=1 buffer=23 dead=0
ZWL LAT draw frame=33 at_us=101011000
ZWL LAT acquired frame=33 at_us=101025000
ZWL DAMAGE frame=33 image=2 x=340 y=203 width=600 height=480
ZWL LAT recorded frame=33 at_us=101045000
ZWL COMPOSE frame=33 image=2 windows=1 at_ms=101107
ZWL LAT submit frame=33 at_us=101107000
ZWL LAT shown frame=33 at_us=101107000
ZWL ACQUIRE_FENCE client=1 surface=14 generation=1
ZWL COMMIT client=1 surface=14 buffer=22 queued=0
ZWL LAT adopt surface=14 at_us=101108000
ZWL RELEASE client=1 buffer=21 dead=0
ZWL LAT draw frame=34 at_us=101108000
ZWL LAT acquired frame=34 at_us=101108000
ZWL DAMAGE frame=34 image=0 x=340 y=203 width=600 height=480
ZWL LAT recorded frame=34 at_us=101116000
ZWL COMPOSE frame=34 image=0 windows=1 at_ms=101182
ZWL LAT submit frame=34 at_us=101182000
ZWL LAT shown frame=34 at_us=101191000
ZWL ACQUIRE_FENCE client=1 surface=14 generation=1
ZWL COMMIT client=1 surface=14 buffer=23 queued=0
ZWL ACQUIRED surface=14 waited_ms=7
ZWL LAT adopt surface=14 at_us=101339000
ZWL RELEASE client=1 buffer=22 dead=0
ZWL LAT draw frame=35 at_us=101340000
ZWL LAT acquired frame=35 at_us=101340000
ZWL DAMAGE frame=35 image=1 x=340 y=203 width=600 height=480
ZWL LAT recorded frame=35 at_us=101351000
ZWL COMPOSE frame=35 image=1 windows=1 at_ms=101403
ZWL LAT submit frame=35 at_us=101404000
ZWL LAT shown frame=35 at_us=101408000
ZWL ACQUIRE_FENCE client=1 surface=14 generation=1
ZWL COMMIT client=1 surface=14 buffer=21 queued=0
ZWL LAT adopt surface=14 at_us=101409000
ZWL RELEASE client=1 buffer=23 dead=0
ZWL LAT draw frame=36 at_us=101409000
ZWL LAT acquired frame=36 at_us=101411000
ZWL DAMAGE frame=36 image=2 x=340 y=203 width=600 height=480
ZWL LAT recorded frame=36 at_us=101431000
ZWL COMPOSE frame=36 image=2 windows=1 at_ms=101473
ZWL LAT submit frame=36 at_us=101473000
ZWL LAT shown frame=36 at_us=101475000
ZWL ACQUIRE_FENCE client=1 surface=14 generation=1
ZWL COMMIT client=1 surface=14 buffer=22 queued=0
ZWL LAT adopt surface=14 at_us=101476000
ZWL RELEASE client=1 buffer=21 dead=0
ZWL LAT draw frame=37 at_us=101476000
ZWL LAT acquired frame=37 at_us=101506000
ZWL DAMAGE frame=37 image=0 x=340 y=203 width=600 height=480
ZWL LAT recorded frame=37 at_us=101527000
ZWL COMPOSE frame=37 image=0 windows=1 at_ms=101589
ZWL LAT submit frame=37 at_us=101589000
ZWL LAT shown frame=37 at_us=101590000
ZWL ACQUIRE_FENCE client=1 surface=14 generation=1
ZWL COMMIT client=1 surface=14 buffer=23 queued=0
ZWL LAT adopt surface=14 at_us=101591000
ZWL RELEASE client=1 buffer=22 dead=0
ZWL LAT draw frame=38 at_us=101591000
ZWL LAT acquired frame=38 at_us=101597000
ZWL DAMAGE frame=38 image=1 x=340 y=203 width=600 height=480
ZWL LAT recorded frame=38 at_us=101612000
ZWL COMPOSE frame=38 image=1 windows=1 at_ms=101676
ZWL LAT submit frame=38 at_us=101676000
ZWL LAT shown frame=38 at_us=101678000
ZWL ACQUIRE_FENCE client=1 surface=14 generation=1
ZWL COMMIT client=1 surface=14 buffer=21 queued=0
ZWL ACQUIRED surface=14 waited_ms=5
ZWL LAT adopt surface=14 at_us=101777000
ZWL RELEASE client=1 buffer=23 dead=0
ZWL LAT draw frame=39 at_us=101777000
ZWL LAT acquired frame=39 at_us=101778000
ZWL DAMAGE frame=39 image=2 x=340 y=203 width=600 height=480
ZWL LAT recorded frame=39 at_us=101789000
ZWL COMPOSE frame=39 image=2 windows=1 at_ms=101859
ZWL LAT submit frame=39 at_us=101859000
ZWL LAT shown frame=39 at_us=101869000
ZWL ACQUIRE_FENCE client=1 surface=14 generation=1
ZWL COMMIT client=1 surface=14 buffer=22 queued=0
ZWL ACQUIRED surface=14 waited_ms=7
ZWL LAT adopt surface=14 at_us=101876000
ZWL RELEASE client=1 buffer=21 dead=0
ZWL LAT draw frame=40 at_us=101876000
ZWL LAT acquired frame=40 at_us=101878000
ZWL DAMAGE frame=40 image=0 x=340 y=203 width=600 height=480
ZWL LAT recorded frame=40 at_us=101890000
ZWL COMPOSE frame=40 image=0 windows=1 at_ms=101951
ZWL LAT submit frame=40 at_us=101951000
ZWL LAT shown frame=40 at_us=101961000
ZWL ACQUIRE_FENCE client=1 surface=14 generation=1
ZWL COMMIT client=1 surface=14 buffer=23 queued=0
ZWL ACQUIRED surface=14 waited_ms=2
ZWL LAT adopt surface=14 at_us=101963000
ZWL RELEASE client=1 buffer=22 dead=0
ZWL LAT draw frame=41 at_us=101963000
ZWL LAT acquired frame=41 at_us=101973000
ZWL DAMAGE frame=41 image=1 x=340 y=203 width=600 height=480
ZWL LAT recorded frame=41 at_us=101994000
ZWL COMPOSE frame=41 image=1 windows=1 at_ms=102056
ZWL LAT submit frame=41 at_us=102056000
ZWL LAT shown frame=41 at_us=102066000
ZWL ACQUIRE_FENCE client=1 surface=14 generation=1
ZWL COMMIT client=1 surface=14 buffer=21 queued=0
ZWL LAT adopt surface=14 at_us=102066000
ZWL RELEASE client=1 buffer=23 dead=0
ZWL LAT draw frame=42 at_us=102066000
ZWL LAT acquired frame=42 at_us=102077000
ZWL DAMAGE frame=42 image=2 x=340 y=203 width=600 height=480
ZWL LAT recorded frame=42 at_us=102098000
ZWL COMPOSE frame=42 image=2 windows=1 at_ms=102155
ZWL LAT submit frame=42 at_us=102155000
ZWL LAT shown frame=42 at_us=102166000
ZWL ACQUIRE_FENCE client=1 surface=14 generation=1
ZWL COMMIT client=1 surface=14 buffer=22 queued=0
ZWL ACQUIRED surface=14 waited_ms=5
ZWL LAT adopt surface=14 at_us=102255000
ZWL RELEASE client=1 buffer=21 dead=0
ZWL LAT draw frame=43 at_us=102255000
ZWL LAT acquired frame=43 at_us=102255000
ZWL DAMAGE frame=43 image=0 x=340 y=203 width=600 height=480
ZWL LAT recorded frame=43 at_us=102268000
