ZWL PREFERENCES open
ZWL DISPLAY device=llvmpipe (LLVM 19.1.7, 256 bits) width=1280 height=800 refresh_mhz=74994
ZWL STARTUP step=vulkan-device ms=307
ZWL STARTUP step=vulkan-objects-arrow ms=264
ZWL STARTUP step=wallpaper-picture ms=1758
ZWL STARTUP step=wallpaper ms=1990
ZWL STARTUP step=glyphs-text ms=27
ZWL STARTUP step=glyphs-icons ms=14
ZWL STARTUP step=glyphs-mark ms=22
ZWL GLASS atlas cache-top=380 cells=273 faces=1
ZWL STARTUP step=glyphs ms=165
ZWL GLASS ready text=1
ZWL STARTUP step=compose ms=2806 at_ms=69576
ZWL INPUT device=/dev/input/event0 kind=pointer abs=1
ZWL INPUT device=/dev/input/event1 kind=keyboard abs=0
ZWL INPUT device=/dev/input/event2 kind=pointer abs=0
ZWL INPUT device=/dev/input/event3 kind=keyboard abs=0
ZWL STARTUP step=input ms=2 at_ms=69578
ZWL KEYMAP format=xkb_v1 errno=0
ZWL STARTUP step=keymap ms=0 at_ms=69578
ZWL STARTUP step=socket ms=0 at_ms=69578
ZWL IME none program=/usr/libexec/keiland-ime errno=6
ZWL READY socket=/tmp/wayland-0 width=1280 height=800 timeout_ms=300000 pid=96
ZWL CORNER zone x=1252 y=0 width=28 height=28
ZWL OSK zone kind=flick x=1252 y=772 size=28
ZWL OSK zone kind=qwerty x=0 y=772 size=28
ZWL STARTUP step=output-display ms=4
ZWL STARTUP step=output-pipelines ms=160
ZWL STARTUP step=output-swapchain ms=383
ZWL STARTUP step=output-targets ms=90
ZWL OUTPUT open width=1280 height=800 images=3 format=37
ZWL MODE window switch_ms=638 at_ms=72209
ZWL LAT draw frame=1 at_us=72209000
ZWL LAT acquired frame=1 at_us=72210000
ZWL GLASS desktops x=822 step=46 width=40
ZWL NETWORK icon x=1066 y=3 width=30 height=28
ZWL VOLUME icon x=1033 y=3 width=30 height=28
ZWL LAT recorded frame=1 at_us=72231000
ZWL COMPOSE frame=1 image=0 windows=0 at_ms=72301
ZWL LAT submit frame=1 at_us=72301000
ZWL LAT shown frame=1 at_us=72311000
ZWL HOME skip name=Image Viewer missing=/bin/imageview
ZWL HOME skip name=Text Editor missing=/bin/textedit
ZWL HOME skip name=Browser missing=/bin/browser
ZWL NETWORK state reachable=1 connected=1 kind=wired interface=ue0 wifi=absent ssid=
ZWL LAT draw frame=2 at_us=72313000
ZWL LAT acquired frame=2 at_us=72438000
ZWL LAT recorded frame=2 at_us=72459000
ZWL COMPOSE frame=2 image=1 windows=0 at_ms=72529
ZWL LAT submit frame=2 at_us=72529000
ZWL LAT shown frame=2 at_us=72539000
ZWL CLIENT client=1 fd=17
ZWL LAT draw frame=3 at_us=74063000
ZWL LAT acquired frame=3 at_us=74063000
ZWL LAT recorded frame=3 at_us=74084000
ZWL COMPOSE frame=3 image=2 windows=0 at_ms=74154
ZWL LAT submit frame=3 at_us=74154000
ZWL LAT shown frame=3 at_us=74164000
ZWL INSET create client=1 inset=20 toplevel=16
ZWL EDIT create client=1 edit=24 toplevel=16
ZWL BOUNDS client=1 surface=14 width=1256 height=690
ZWL CONFIGURE client=1 surface=14 serial=1 width=0 height=0 fullscreen=0
ZWL SEAT client=1 pointer=1 keyboard=0 touch=0
ZWL SEAT client=1 pointer=1 keyboard=1 touch=0
ZWL TITLEBAR create client=1 titlebar=31 toplevel=16
ZWL BOUNDS client=1 surface=14 width=1256 height=690
ZWL CONFIGURE client=1 surface=14 serial=2 width=0 height=0 fullscreen=0
ZWL VULKAN_IMPORT client=1 buffer=41 width=916 height=632
ZWL IMPORT client=1 buffer=41 width=916 height=632 bytes=2347008
ZWL VULKAN_IMPORT client=1 buffer=42 width=916 height=632
ZWL IMPORT client=1 buffer=42 width=916 height=632 bytes=2347008
ZWL VULKAN_IMPORT client=1 buffer=43 width=916 height=632
ZWL IMPORT client=1 buffer=43 width=916 height=632 bytes=2347008
ZWL MENU commit client=1 menu=47 serial=1 items=30 generation=1
ZWL MENU set client=1 place=48 menu=47
ZWL LAT draw frame=4 at_us=75430000
ZWL LAT acquired frame=4 at_us=75430000
ZWL LAT recorded frame=4 at_us=75452000
ZWL COMPOSE frame=4 image=0 windows=0 at_ms=75522
ZWL LAT submit frame=4 at_us=75522000
ZWL LAT shown frame=4 at_us=75533000
ZWL MENU commit client=1 menu=47 serial=2 items=30 generation=2
ZWL EDIT state client=1 edit=24 actions=0xff flags=0xd
ZWL LAT draw frame=5 at_us=75533000
ZWL LAT acquired frame=5 at_us=75559000
ZWL LAT recorded frame=5 at_us=75580000
ZWL COMPOSE frame=5 image=1 windows=0 at_ms=75650
ZWL LAT submit frame=5 at_us=75650000
ZWL LAT shown frame=5 at_us=75660000
ZWL TITLEBAR commit client=1 titlebar=31 serial=1 mode=0 controls=0 tabs=1 generation=1
ZWL LAT draw frame=6 at_us=76433000
ZWL LAT acquired frame=6 at_us=76433000
ZWL LAT recorded frame=6 at_us=76454000
ZWL COMPOSE frame=6 image=2 windows=0 at_ms=76517
ZWL LAT submit frame=6 at_us=76517000
ZWL LAT shown frame=6 at_us=76527000
ZWL LAT draw frame=7 at_us=76527000
ZWL LAT acquired frame=7 at_us=76557000
ZWL LAT recorded frame=7 at_us=76578000
ZWL COMPOSE frame=7 image=0 windows=0 at_ms=76648
ZWL LAT submit frame=7 at_us=76648000
ZWL LAT shown frame=7 at_us=76658000
ZWL PERF 5087ms: passes=352 timeouts=320 | poll 74.2% work 42.7%
ZWL PERF compose frames=7 draw_ms=135.80 (acquire 30.38 submit+present 80.70) frame_ms=147.52
ZWL ACQUIRE_FENCE client=1 surface=14 generation=1
ZWL DECORATION applied client=1 surface=14 mode=2
ZWL COMMIT client=1 surface=14 buffer=41 queued=0
ZWL LAT adopt surface=14 at_us=76658000
ZWL MAP client=1 surface=14 x=182 y=127
ZWL LAT draw frame=8 at_us=76659000
ZWL LAT acquired frame=8 at_us=76677000
ZWL MENU bar client=1 surface=14 where=floating item=1 offset=127 top=75 width=55 height=44
ZWL MENU bar client=1 surface=14 where=floating item=2 offset=184 top=75 width=47 height=44
ZWL MENU bar client=1 surface=14 where=floating item=3 offset=233 top=75 width=55 height=44
ZWL MENU bar client=1 surface=14 where=floating item=4 offset=290 top=75 width=76 height=44
ZWL MENU bar client=1 surface=14 where=floating item=5 offset=368 top=75 width=53 height=44
ZWL LAT recorded frame=8 at_us=76699000
ZWL COMPOSE frame=8 image=1 windows=1 at_ms=76770
ZWL LAT submit frame=8 at_us=76770000
ZWL LAT shown frame=8 at_us=76780000
ZWL ACQUIRE_FENCE client=1 surface=14 generation=1
ZWL COMMIT client=1 surface=14 buffer=42 queued=0
ZWL ACQUIRED surface=14 waited_ms=9
ZWL LAT adopt surface=14 at_us=79462000
ZWL RELEASE client=1 buffer=41 dead=0
ZWL LAT draw frame=9 at_us=79462000
ZWL LAT acquired frame=9 at_us=79463000
ZWL LAT recorded frame=9 at_us=79483000
failed=0 pid=45 input_events=0 seat_events=6 at_ms=66921
LAUNCH_MARK
