ZWL PREFERENCES open
ZWL DISPLAY device=llvmpipe (LLVM 19.1.7, 256 bits) width=1280 height=800 refresh_mhz=74994
ZWL STARTUP step=vulkan-device ms=210
ZWL STARTUP step=vulkan-objects-arrow ms=264
ZWL STARTUP step=wallpaper-picture ms=1749
ZWL STARTUP step=wallpaper ms=1981
ZWL STARTUP step=glyphs-text ms=26
ZWL STARTUP step=glyphs-icons ms=14
ZWL STARTUP step=glyphs-mark ms=21
ZWL GLASS atlas cache-top=380 cells=273 faces=1
ZWL STARTUP step=glyphs ms=164
ZWL GLASS ready text=1
ZWL STARTUP step=compose ms=2701 at_ms=56958
ZWL INPUT device=/dev/input/event0 kind=pointer abs=1
ZWL INPUT device=/dev/input/event1 kind=keyboard abs=0
ZWL INPUT device=/dev/input/event2 kind=pointer abs=0
ZWL INPUT device=/dev/input/event3 kind=keyboard abs=0
ZWL STARTUP step=input ms=1 at_ms=56959
ZWL KEYMAP format=xkb_v1 errno=0
ZWL STARTUP step=keymap ms=0 at_ms=56959
ZWL STARTUP step=socket ms=0 at_ms=56959
ZWL IME none program=/usr/libexec/keiland-ime errno=6
ZWL READY socket=/tmp/wayland-0 width=1280 height=800 timeout_ms=300000 pid=48
ZWL CORNER zone x=1252 y=0 width=28 height=28
ZWL OSK zone kind=flick x=1252 y=772 size=28
ZWL OSK zone kind=qwerty x=0 y=772 size=28
ZWL STARTUP step=output-display ms=101
ZWL STARTUP step=output-pipelines ms=174
ZWL STARTUP step=output-swapchain ms=385
ZWL STARTUP step=output-targets ms=90
ZWL OUTPUT open width=1280 height=800 images=3 format=37
ZWL MODE window switch_ms=750 at_ms=57997
ZWL LAT draw frame=1 at_us=57997000
ZWL LAT acquired frame=1 at_us=57997000
ZWL GLASS desktops x=825 step=46 width=40
ZWL NETWORK icon x=1069 y=3 width=30 height=28
ZWL VOLUME icon x=1036 y=3 width=30 height=28
ZWL LAT recorded frame=1 at_us=58019000
ZWL COMPOSE frame=1 image=0 windows=0 at_ms=58089
ZWL LAT submit frame=1 at_us=58089000
ZWL LAT shown frame=1 at_us=58099000
ZWL HOME skip name=Image Viewer missing=/bin/imageview
ZWL HOME skip name=Text Editor missing=/bin/textedit
ZWL HOME skip name=Browser missing=/bin/browser
ZWL NETWORK state reachable=1 connected=1 kind=wired interface=ue0 wifi=absent ssid=
ZWL LAT draw frame=2 at_us=58101000
ZWL LAT acquired frame=2 at_us=58143000
ZWL LAT recorded frame=2 at_us=58163000
ZWL COMPOSE frame=2 image=1 windows=0 at_ms=58232
ZWL LAT submit frame=2 at_us=58233000
ZWL LAT shown frame=2 at_us=58243000
ZWL CLIENT client=1 fd=17
ZWL SEAT client=1 pointer=1 keyboard=0 touch=0
ZWL SEAT client=1 pointer=1 keyboard=1 touch=0
ZWL LAT draw frame=3 at_us=59659000
ZWL LAT acquired frame=3 at_us=59659000
ZWL LAT recorded frame=3 at_us=59679000
ZWL COMPOSE frame=3 image=2 windows=0 at_ms=59749
ZWL LAT submit frame=3 at_us=59749000
ZWL LAT shown frame=3 at_us=59759000
ZWL TITLEBAR create client=1 titlebar=20 toplevel=16
ZWL BOUNDS client=1 surface=14 width=1256 height=690
ZWL CONFIGURE client=1 surface=14 serial=1 width=0 height=0 fullscreen=0
ZWL VULKAN_IMPORT client=1 buffer=25 width=1240 height=720
ZWL IMPORT client=1 buffer=25 width=1240 height=720 bytes=3596288
ZWL VULKAN_IMPORT client=1 buffer=26 width=1240 height=720
ZWL IMPORT client=1 buffer=26 width=1240 height=720 bytes=3596288
ZWL VULKAN_IMPORT client=1 buffer=27 width=1240 height=720
ZWL IMPORT client=1 buffer=27 width=1240 height=720 bytes=3596288
ZWL ACQUIRE_FENCE client=1 surface=14 generation=1
ZWL DECORATION applied client=1 surface=14 mode=2
ZWL COMMIT client=1 surface=14 buffer=25 queued=0
ZWL LAT adopt surface=14 at_us=60662000
ZWL MAP client=1 surface=14 x=20 y=98
ZWL LAT draw frame=4 at_us=60662000
ZWL LAT acquired frame=4 at_us=60662000
ZWL LAT recorded frame=4 at_us=60682000
ZWL COMPOSE frame=4 image=0 windows=1 at_ms=60744
ZWL LAT submit frame=4 at_us=60744000
ZWL LAT shown frame=4 at_us=60745000
ZWL VULKAN_IMPORT client=1 buffer=29 width=1240 height=690
ZWL IMPORT client=1 buffer=29 width=1240 height=690 bytes=3457024
ZWL VULKAN_IMPORT client=1 buffer=30 width=1240 height=690
ZWL IMPORT client=1 buffer=30 width=1240 height=690 bytes=3457024
ZWL VULKAN_IMPORT client=1 buffer=31 width=1240 height=690
ZWL IMPORT client=1 buffer=31 width=1240 height=690 bytes=3457024
ZWL ACQUIRE_FENCE client=1 surface=14 generation=1
ZWL COMMIT client=1 surface=14 buffer=29 queued=0
ZWL LAT adopt surface=14 at_us=61797000
ZWL RELEASE client=1 buffer=25 dead=1
ZWL LAT draw frame=5 at_us=61898000
ZWL LAT acquired frame=5 at_us=61899000
ZWL LAT recorded frame=5 at_us=61921000
ZWL COMPOSE frame=5 image=1 windows=1 at_ms=61956
ZWL LAT submit frame=5 at_us=61956000
ZWL LAT shown frame=5 at_us=61959000
ZWL ACQUIRE_FENCE client=1 surface=14 generation=1
ZWL COMMIT client=1 surface=14 buffer=30 queued=0
ZWL LAT adopt surface=14 at_us=61960000
ZWL RELEASE client=1 buffer=29 dead=0
ZWL LAT draw frame=6 at_us=61960000
ZWL LAT acquired frame=6 at_us=61971000
ZWL LAT recorded frame=6 at_us=61980000
ZWL COMPOSE frame=6 image=2 windows=1 at_ms=62019
ZWL LAT submit frame=6 at_us=62019000
ZWL LAT shown frame=6 at_us=62025000
ZWL ACQUIRE_FENCE client=1 surface=14 generation=1
ZWL COMMIT client=1 surface=14 buffer=31 queued=0
ZWL LAT adopt surface=14 at_us=62026000
ZWL RELEASE client=1 buffer=30 dead=0
ZWL LAT draw frame=7 at_us=62026000
ZWL LAT acquired frame=7 at_us=62052000
ZWL LAT recorded frame=7 at_us=62073000
ZWL COMPOSE frame=7 image=0 windows=1 at_ms=62106
ZWL LAT submit frame=7 at_us=62106000
ZWL LAT shown frame=7 at_us=62107000
ZWL ACQUIRE_FENCE client=1 surface=14 generation=1
ZWL COMMIT client=1 surface=14 buffer=29 queued=0
ZWL LAT adopt surface=14 at_us=62107000
ZWL RELEASE client=1 buffer=31 dead=0
ZWL LAT draw frame=8 at_us=62107000
ZWL LAT acquired frame=8 at_us=62115000
ZWL LAT recorded frame=8 at_us=62136000
ZWL COMPOSE frame=8 image=1 windows=1 at_ms=62161
ZWL LAT submit frame=8 at_us=62161000
ZWL LAT shown frame=8 at_us=62164000
ZWL ACQUIRE_FENCE client=1 surface=14 generation=1
ZWL COMMIT client=1 surface=14 buffer=30 queued=0
ZWL LAT adopt surface=14 at_us=62165000
ZWL RELEASE client=1 buffer=29 dead=0
ZWL LAT draw frame=9 at_us=62165000
ZWL LAT acquired frame=9 at_us=62196000
ZWL LAT recorded frame=9 at_us=62216000
ZWL COMPOSE frame=9 image=2 windows=1 at_ms=62261
ZWL LAT submit frame=9 at_us=62261000
ZWL LAT shown frame=9 at_us=62264000
ZWL PERF 5024ms: passes=284 timeouts=254 | poll 43.1% work 71.4%
ZWL PERF compose frames=9 draw_ms=237.20 (acquire 179.18 submit+present 41.73) frame_ms=241.61
ZWL ACQUIRE_FENCE client=1 surface=14 generation=1
ZWL COMMIT client=1 surface=14 buffer=31 queued=0
ZWL LAT adopt surface=14 at_us=62264000
ZWL RELEASE client=1 buffer=30 dead=0
ZWL LAT draw frame=10 at_us=62265000
ZWL LAT acquired frame=10 at_us=62274000
ZWL LAT recorded frame=10 at_us=62296000
ZWL COMPOSE frame=10 image=0 windows=1 at_ms=62340
ZWL LAT submit frame=10 at_us=62340000
ZWL LAT shown frame=10 at_us=62342000
ZWL ACQUIRE_FENCE client=1 surface=14 generation=1
ZWL COMMIT client=1 surface=14 buffer=29 queued=0
ZWL LAT adopt surface=14 at_us=62343000
ZWL RELEASE client=1 buffer=31 dead=0
ZWL LAT draw frame=11 at_us=62343000
ZWL LAT acquired frame=11 at_us=62355000
ZWL LAT recorded frame=11 at_us=62376000
ZWL COMPOSE frame=11 image=1 windows=1 at_ms=62432
ZWL LAT submit frame=11 at_us=62432000
ZWL LAT shown frame=11 at_us=62434000
ZWL ACQUIRE_FENCE client=1 surface=14 generation=1
ZWL COMMIT client=1 surface=14 buffer=30 queued=0
ZWL LAT adopt surface=14 at_us=62434000
ZWL RELEASE client=1 buffer=29 dead=0
ZWL LAT draw frame=12 at_us=62434000
ZWL LAT acquired frame=12 at_us=62448000
ZWL LAT recorded frame=12 at_us=62469000
ZWL COMPOSE frame=12 image=2 windows=1 at_ms=62524
ZWL LAT submit frame=12 at_us=62524000
ZWL LAT shown frame=12 at_us=62526000
ZWL ACQUIRE_FENCE client=1 surface=14 generation=1
ZWL COMMIT client=1 surface=14 buffer=31 queued=0
ZWL LAT adopt surface=14 at_us=62526000
ZWL RELEASE client=1 buffer=30 dead=0
ZWL LAT draw frame=13 at_us=62526000
ZWL LAT acquired frame=13 at_us=62542000
ZWL LAT recorded frame=13 at_us=62563000
ZWL COMPOSE frame=13 image=0 windows=1 at_ms=62596
ZWL LAT submit frame=13 at_us=62596000
ZWL LAT shown frame=13 at_us=62598000
ZWL ACQUIRE_FENCE client=1 surface=14 generation=1
ZWL COMMIT client=1 surface=14 buffer=29 queued=0
ZWL LAT adopt surface=14 at_us=62598000
ZWL RELEASE client=1 buffer=31 dead=0
ZWL LAT draw frame=14 at_us=62598000
ZWL LAT acquired frame=14 at_us=62609000
ZWL LAT recorded frame=14 at_us=62630000
ZWL COMPOSE frame=14 image=1 windows=1 at_ms=62702
ZWL LAT submit frame=14 at_us=62702000
ZWL LAT shown frame=14 at_us=62704000
ZWL ACQUIRE_FENCE client=1 surface=14 generation=1
ZWL COMMIT client=1 surface=14 buffer=30 queued=0
ZWL LAT adopt surface=14 at_us=62704000
ZWL RELEASE client=1 buffer=29 dead=0
ZWL LAT draw frame=15 at_us=62704000
ZWL LAT acquired frame=15 at_us=62715000
ZWL LAT recorded frame=15 at_us=62736000
ZWL COMPOSE frame=15 image=2 windows=1 at_ms=62809
ZWL LAT submit frame=15 at_us=62809000
ZWL LAT shown frame=15 at_us=62819000
ZWL ACQUIRE_FENCE client=1 surface=14 generation=1
ZWL COMMIT client=1 surface=14 buffer=31 queued=0
ZWL LAT adopt surface=14 at_us=62819000
ZWL RELEASE client=1 buffer=30 dead=0
ZWL LAT draw frame=16 at_us=62819000
ZWL LAT acquired frame=16 at_us=62848000
ZWL LAT recorded frame=16 at_us=62868000
ZWL COMPOSE frame=16 image=0 windows=1 at_ms=62938
ZWL LAT submit frame=16 at_us=62938000
ZWL LAT shown frame=16 at_us=62948000
ZWL ACQUIRE_FENCE client=1 surface=14 generation=1
ZWL COMMIT client=1 surface=14 buffer=29 queued=0
ZWL LAT adopt surface=14 at_us=62948000
ZWL RELEASE client=1 buffer=31 dead=0
ZWL LAT draw frame=17 at_us=62948000
ZWL LAT acquired frame=17 at_us=62954000
ZWL LAT recorded frame=17 at_us=62974000
ZWL COMPOSE frame=17 image=1 windows=1 at_ms=63008
ZWL LAT submit frame=17 at_us=63008000
ZWL LAT shown frame=17 at_us=63011000
ZWL ACQUIRE_FENCE client=1 surface=14 generation=1
ZWL COMMIT client=1 surface=14 buffer=30 queued=0
ZWL LAT adopt surface=14 at_us=63011000
ZWL RELEASE client=1 buffer=29 dead=0
ZWL LAT draw frame=18 at_us=63011000
ZWL LAT acquired frame=18 at_us=63021000
ZWL LAT recorded frame=18 at_us=63041000
ZWL COMPOSE frame=18 image=2 windows=1 at_ms=63096
ZWL LAT submit frame=18 at_us=63096000
ZWL LAT shown frame=18 at_us=63099000
ZWL ACQUIRE_FENCE client=1 surface=14 generation=1
ZWL COMMIT client=1 surface=14 buffer=31 queued=0
ZWL LAT adopt surface=14 at_us=63100000
ZWL RELEASE client=1 buffer=30 dead=0
ZWL LAT draw frame=19 at_us=63100000
ZWL LAT acquired frame=19 at_us=63114000
ZWL LAT recorded frame=19 at_us=63126000
ZWL COMPOSE frame=19 image=0 windows=1 at_ms=63182
ZWL LAT submit frame=19 at_us=63182000
ZWL LAT shown frame=19 at_us=63193000
ZWL ACQUIRE_FENCE client=1 surface=14 generation=1
ZWL COMMIT client=1 surface=14 buffer=29 queued=0
ZWL LAT adopt surface=14 at_us=63194000
ZWL RELEASE client=1 buffer=31 dead=0
ZWL LAT draw frame=20 at_us=63194000
ZWL LAT acquired frame=20 at_us=63226000
ZWL LAT recorded frame=20 at_us=63247000
ZWL COMPOSE frame=20 image=1 windows=1 at_ms=63301
ZWL LAT submit frame=20 at_us=63302000
ZWL LAT shown frame=20 at_us=63304000
ZWL ACQUIRE_FENCE client=1 surface=14 generation=1
ZWL COMMIT client=1 surface=14 buffer=30 queued=0
ZWL LAT adopt surface=14 at_us=63305000
ZWL RELEASE client=1 buffer=29 dead=0
ZWL LAT draw frame=21 at_us=63305000
ZWL LAT acquired frame=21 at_us=63314000
ZWL LAT recorded frame=21 at_us=63335000
ZWL COMPOSE frame=21 image=2 windows=1 at_ms=63396
ZWL LAT submit frame=21 at_us=63396000
ZWL LAT shown frame=21 at_us=63400000
ZWL ACQUIRE_FENCE client=1 surface=14 generation=1
ZWL COMMIT client=1 surface=14 buffer=31 queued=0
ZWL LAT adopt surface=14 at_us=63400000
ZWL RELEASE client=1 buffer=30 dead=0
ZWL LAT draw frame=22 at_us=63400000
ZWL LAT acquired frame=22 at_us=63409000
ZWL LAT recorded frame=22 at_us=63430000
ZWL COMPOSE frame=22 image=0 windows=1 at_ms=63494
ZWL LAT submit frame=22 at_us=63494000
ZWL LAT shown frame=22 at_us=63495000
ZWL ACQUIRE_FENCE client=1 surface=14 generation=1
ZWL COMMIT client=1 surface=14 buffer=29 queued=0
ZWL LAT adopt surface=14 at_us=63496000
ZWL RELEASE client=1 buffer=31 dead=0
ZWL LAT draw frame=23 at_us=63496000
ZWL LAT acquired frame=23 at_us=63502000
ZWL LAT recorded frame=23 at_us=63515000
ZWL COMPOSE frame=23 image=1 windows=1 at_ms=63569
ZWL LAT submit frame=23 at_us=63569000
ZWL LAT shown frame=23 at_us=63571000
ZWL ACQUIRE_FENCE client=1 surface=14 generation=1
ZWL COMMIT client=1 surface=14 buffer=30 queued=0
ZWL LAT adopt surface=14 at_us=63572000
ZWL RELEASE client=1 buffer=29 dead=0
ZWL LAT draw frame=24 at_us=63572000
ZWL LAT acquired frame=24 at_us=63582000
ZWL LAT recorded frame=24 at_us=63595000
ZWL COMPOSE frame=24 image=2 windows=1 at_ms=63667
ZWL LAT submit frame=24 at_us=63668000
ZWL LAT shown frame=24 at_us=63674000
ZWL ACQUIRE_FENCE client=1 surface=14 generation=1
ZWL COMMIT client=1 surface=14 buffer=31 queued=0
ZWL LAT adopt surface=14 at_us=63674000
ZWL RELEASE client=1 buffer=30 dead=0
ZWL LAT draw frame=25 at_us=63674000
ZWL LAT acquired frame=25 at_us=63675000
ZWL LAT recorded frame=25 at_us=63696000
ZWL COMPOSE frame=25 image=0 windows=1 at_ms=63758
ZWL LAT submit frame=25 at_us=63758000
ZWL LAT shown frame=25 at_us=63761000
ZWL ACQUIRE_FENCE client=1 surface=14 generation=1
ZWL COMMIT client=1 surface=14 buffer=29 queued=0
ZWL LAT adopt surface=14 at_us=63761000
ZWL RELEASE client=1 buffer=31 dead=0
ZWL LAT draw frame=26 at_us=63761000
ZWL LAT acquired frame=26 at_us=63785000
ZWL LAT recorded frame=26 at_us=63807000
ZWL COMPOSE frame=26 image=1 windows=1 at_ms=63832
ZWL LAT submit frame=26 at_us=63832000
ZWL LAT shown frame=26 at_us=63834000
ZWL ACQUIRE_FENCE client=1 surface=14 generation=1
ZWL COMMIT client=1 surface=14 buffer=30 queued=0
ZWL LAT adopt surface=14 at_us=63835000
ZWL RELEASE client=1 buffer=29 dead=0
ZWL LAT draw frame=27 at_us=63835000
ZWL LAT acquired frame=27 at_us=63849000
ZWL LAT recorded frame=27 at_us=63870000
ZWL COMPOSE frame=27 image=2 windows=1 at_ms=63923
ZWL LAT submit frame=27 at_us=63924000
ZWL LAT shown frame=27 at_us=63929000
ZWL ACQUIRE_FENCE client=1 surface=14 generation=1
ZWL COMMIT client=1 surface=14 buffer=31 queued=0
ZWL LAT adopt surface=14 at_us=63929000
ZWL RELEASE client=1 buffer=30 dead=0
ZWL LAT draw frame=28 at_us=63930000
ZWL LAT acquired frame=28 at_us=63956000
ZWL LAT recorded frame=28 at_us=63977000
ZWL COMPOSE frame=28 image=0 windows=1 at_ms=64038
ZWL LAT submit frame=28 at_us=64038000
ZWL LAT shown frame=28 at_us=64040000
ZWL ACQUIRE_FENCE client=1 surface=14 generation=1
ZWL COMMIT client=1 surface=14 buffer=29 queued=0
ZWL LAT adopt surface=14 at_us=64040000
ZWL RELEASE client=1 buffer=31 dead=0
ZWL LAT draw frame=29 at_us=64040000
ZWL LAT acquired frame=29 at_us=64049000
ZWL LAT recorded frame=29 at_us=64063000
ZWL COMPOSE frame=29 image=1 windows=1 at_ms=64134
ZWL LAT submit frame=29 at_us=64134000
ZWL LAT shown frame=29 at_us=64135000
ZWL ACQUIRE_FENCE client=1 surface=14 generation=1
ZWL COMMIT client=1 surface=14 buffer=30 queued=0
ZWL LAT adopt surface=14 at_us=64136000
ZWL RELEASE client=1 buffer=29 dead=0
ZWL LAT draw frame=30 at_us=64136000
ZWL LAT acquired frame=30 at_us=64141000
ZWL LAT recorded frame=30 at_us=64154000
ZWL COMPOSE frame=30 image=2 windows=1 at_ms=64225
ZWL LAT submit frame=30 at_us=64225000
ZWL LAT shown frame=30 at_us=64236000
ZWL ACQUIRE_FENCE client=1 surface=14 generation=1
ZWL COMMIT client=1 surface=14 buffer=31 queued=0
ZWL ACQUIRED surface=14 waited_ms=0
ZWL LAT adopt surface=14 at_us=64237000
ZWL RELEASE client=1 buffer=30 dead=0
ZWL LAT draw frame=31 at_us=64237000
ZWL LAT acquired frame=31 at_us=64251000
ZWL LAT recorded frame=31 at_us=64272000
ZWL COMPOSE frame=31 image=0 windows=1 at_ms=64333
ZWL LAT submit frame=31 at_us=64334000
ZWL LAT shown frame=31 at_us=64335000
ZWL ACQUIRE_FENCE client=1 surface=14 generation=1
ZWL COMMIT client=1 surface=14 buffer=29 queued=0
ZWL LAT adopt surface=14 at_us=64335000
ZWL RELEASE client=1 buffer=31 dead=0
ZWL LAT draw frame=32 at_us=64335000
ZWL LAT acquired frame=32 at_us=64343000
ZWL LAT recorded frame=32 at_us=64356000
ZWL COMPOSE frame=32 image=1 windows=1 at_ms=64408
ZWL LAT submit frame=32 at_us=64408000
ZWL LAT shown frame=32 at_us=64418000
ZWL ACQUIRE_FENCE client=1 surface=14 generation=1
ZWL COMMIT client=1 surface=14 buffer=30 queued=0
ZWL ACQUIRED surface=14 waited_ms=2
ZWL LAT adopt surface=14 at_us=64421000
ZWL RELEASE client=1 buffer=29 dead=0
ZWL LAT draw frame=33 at_us=64421000
ZWL LAT acquired frame=33 at_us=64421000
ZWL LAT recorded frame=33 at_us=64434000
ZWL COMPOSE frame=33 image=2 windows=1 at_ms=64457
ZWL LAT submit frame=33 at_us=64457000
ZWL LAT shown frame=33 at_us=64458000
ZWL ACQUIRE_FENCE client=1 surface=14 generation=1
ZWL COMMIT client=1 surface=14 buffer=31 queued=0
ZWL LAT adopt surface=14 at_us=64459000
ZWL RELEASE client=1 buffer=30 dead=0
ZWL LAT draw frame=34 at_us=64459000
ZWL LAT acquired frame=34 at_us=64474000
ZWL LAT recorded frame=34 at_us=64494000
ZWL COMPOSE frame=34 image=0 windows=1 at_ms=64538
ZWL LAT submit frame=34 at_us=64538000
ZWL LAT shown frame=34 at_us=64541000
ZWL ACQUIRE_FENCE client=1 surface=14 generation=1
ZWL COMMIT client=1 surface=14 buffer=29 queued=0
ZWL LAT adopt surface=14 at_us=64541000
ZWL RELEASE client=1 buffer=31 dead=0
ZWL LAT draw frame=35 at_us=64542000
ZWL LAT acquired frame=35 at_us=64555000
ZWL LAT recorded frame=35 at_us=64576000
ZWL COMPOSE frame=35 image=1 windows=1 at_ms=64602
ZWL LAT submit frame=35 at_us=64602000
ZWL LAT shown frame=35 at_us=64605000
ZWL ACQUIRE_FENCE client=1 surface=14 generation=1
ZWL COMMIT client=1 surface=14 buffer=30 queued=0
ZWL LAT adopt surface=14 at_us=64606000
ZWL RELEASE client=1 buffer=29 dead=0
ZWL LAT draw frame=36 at_us=64606000
ZWL LAT acquired frame=36 at_us=64609000
ZWL LAT recorded frame=36 at_us=64630000
ZWL COMPOSE frame=36 image=2 windows=1 at_ms=64684
ZWL LAT submit frame=36 at_us=64684000
ZWL LAT shown frame=36 at_us=64687000
ZWL ACQUIRE_FENCE client=1 surface=14 generation=1
ZWL COMMIT client=1 surface=14 buffer=31 queued=0
ZWL LAT adopt surface=14 at_us=64688000
ZWL RELEASE client=1 buffer=30 dead=0
ZWL LAT draw frame=37 at_us=64688000
ZWL LAT acquired frame=37 at_us=64702000
ZWL LAT recorded frame=37 at_us=64722000
ZWL COMPOSE frame=37 image=0 windows=1 at_ms=64748
ZWL LAT submit frame=37 at_us=64748000
ZWL LAT shown frame=37 at_us=64751000
ZWL ACQUIRE_FENCE client=1 surface=14 generation=1
ZWL COMMIT client=1 surface=14 buffer=29 queued=0
ZWL LAT adopt surface=14 at_us=64752000
ZWL RELEASE client=1 buffer=31 dead=0
ZWL LAT draw frame=38 at_us=64752000
ZWL LAT acquired frame=38 at_us=64769000
ZWL LAT recorded frame=38 at_us=64790000
ZWL COMPOSE frame=38 image=1 windows=1 at_ms=64843
ZWL LAT submit frame=38 at_us=64843000
ZWL LAT shown frame=38 at_us=64845000
ZWL ACQUIRE_FENCE client=1 surface=14 generation=1
ZWL COMMIT client=1 surface=14 buffer=30 queued=0
ZWL LAT adopt surface=14 at_us=64845000
ZWL RELEASE client=1 buffer=29 dead=0
ZWL LAT draw frame=39 at_us=64845000
ZWL LAT acquired frame=39 at_us=64848000
ZWL LAT recorded frame=39 at_us=64869000
