ZWL PREFERENCES open
ZWL DISPLAY device=llvmpipe (LLVM 19.1.7, 256 bits) width=1280 height=800 refresh_mhz=74994
ZWL STARTUP step=vulkan-device ms=210
ZWL STARTUP step=vulkan-objects-arrow ms=264
ZWL STARTUP step=wallpaper-picture ms=1763
ZWL STARTUP step=wallpaper ms=1996
ZWL STARTUP step=glyphs-text ms=26
ZWL STARTUP step=glyphs-icons ms=12
ZWL STARTUP step=glyphs-mark ms=24
ZWL GLASS atlas cache-top=380 cells=273 faces=1
ZWL STARTUP step=glyphs ms=166
ZWL GLASS ready text=1
ZWL STARTUP step=compose ms=2715 at_ms=151499
ZWL INPUT device=/dev/input/event0 kind=pointer abs=1
ZWL INPUT device=/dev/input/event1 kind=keyboard abs=0
ZWL INPUT device=/dev/input/event2 kind=pointer abs=0
ZWL INPUT device=/dev/input/event3 kind=keyboard abs=0
ZWL STARTUP step=input ms=2 at_ms=151501
ZWL KEYMAP format=xkb_v1 errno=0
ZWL STARTUP step=keymap ms=0 at_ms=151501
ZWL STARTUP step=socket ms=0 at_ms=151501
ZWL IME none program=/usr/libexec/keiland-ime errno=6
ZWL READY socket=/tmp/wayland-0 width=1280 height=800 timeout_ms=300000 pid=291
ZWL CORNER zone x=1252 y=0 width=28 height=28
ZWL OSK zone kind=flick x=1252 y=772 size=28
ZWL OSK zone kind=qwerty x=0 y=772 size=28
ZWL STARTUP step=output-display ms=5
ZWL STARTUP step=output-pipelines ms=170
ZWL STARTUP step=output-swapchain ms=385
ZWL STARTUP step=output-targets ms=90
ZWL OUTPUT open width=1280 height=800 images=3 format=37
ZWL MODE window switch_ms=650 at_ms=152161
ZWL LAT draw frame=1 at_us=152161000
ZWL LAT acquired frame=1 at_us=152161000
ZWL GLASS desktops x=823 step=46 width=40
ZWL NETWORK icon x=1067 y=3 width=30 height=28
ZWL VOLUME icon x=1034 y=3 width=30 height=28
ZWL LAT recorded frame=1 at_us=152183000
ZWL COMPOSE frame=1 image=0 windows=0 at_ms=152253
ZWL LAT submit frame=1 at_us=152253000
ZWL LAT shown frame=1 at_us=152263000
ZWL HOME skip name=Image Viewer missing=/bin/imageview
ZWL HOME skip name=Text Editor missing=/bin/textedit
ZWL HOME skip name=Browser missing=/bin/browser
ZWL NETWORK state reachable=1 connected=1 kind=wired interface=ue0 wifi=absent ssid=
ZWL LAT draw frame=2 at_us=152263000
ZWL LAT acquired frame=2 at_us=152391000
ZWL LAT recorded frame=2 at_us=152412000
ZWL COMPOSE frame=2 image=1 windows=0 at_ms=152482
ZWL LAT submit frame=2 at_us=152482000
ZWL LAT shown frame=2 at_us=152493000
ZWL CLIENT client=1 fd=17
ZWL LAT draw frame=3 at_us=154086000
ZWL LAT acquired frame=3 at_us=154086000
ZWL LAT recorded frame=3 at_us=154106000
ZWL COMPOSE frame=3 image=2 windows=0 at_ms=154176
ZWL LAT submit frame=3 at_us=154176000
ZWL LAT shown frame=3 at_us=154186000
ZWL INSET create client=1 inset=20 toplevel=16
ZWL EDIT create client=1 edit=24 toplevel=16
ZWL BOUNDS client=1 surface=14 width=1256 height=690
ZWL CONFIGURE client=1 surface=14 serial=1 width=0 height=0 fullscreen=0
ZWL SEAT client=1 pointer=1 keyboard=0 touch=0
ZWL SEAT client=1 pointer=1 keyboard=1 touch=0
ZWL TITLEBAR create client=1 titlebar=31 toplevel=16
ZWL BOUNDS client=1 surface=14 width=1256 height=690
ZWL CONFIGURE client=1 surface=14 serial=2 width=0 height=0 fullscreen=0
ZWL TABLET seat client=1
ZWL LAT draw frame=4 at_us=154190000
ZWL LAT acquired frame=4 at_us=154218000
ZWL LAT recorded frame=4 at_us=154238000
ZWL COMPOSE frame=4 image=0 windows=0 at_ms=154308
ZWL LAT submit frame=4 at_us=154308000
ZWL LAT shown frame=4 at_us=154318000
ZWL MENU commit client=1 menu=39 serial=1 items=18 generation=1
ZWL MENU set client=1 place=40 menu=39
ZWL LAT draw frame=5 at_us=154495000
ZWL LAT acquired frame=5 at_us=154496000
ZWL LAT recorded frame=5 at_us=154517000
ZWL COMPOSE frame=5 image=1 windows=0 at_ms=154580
ZWL LAT submit frame=5 at_us=154580000
ZWL LAT shown frame=5 at_us=154590000
ZWL VULKAN_IMPORT client=1 buffer=44 width=1024 height=690
ZWL IMPORT client=1 buffer=44 width=1024 height=690 bytes=2834432
ZWL VULKAN_IMPORT client=1 buffer=45 width=1024 height=690
ZWL IMPORT client=1 buffer=45 width=1024 height=690 bytes=2834432
ZWL VULKAN_IMPORT client=1 buffer=46 width=1024 height=690
ZWL IMPORT client=1 buffer=46 width=1024 height=690 bytes=2834432
ZWL EDIT state client=1 edit=24 actions=0xff flags=0xd
ZWL MENU commit client=1 menu=39 serial=2 items=18 generation=2
ZWL LAT draw frame=6 at_us=155625000
ZWL LAT acquired frame=6 at_us=155625000
ZWL LAT recorded frame=6 at_us=155626000
ZWL COMPOSE frame=6 image=2 windows=0 at_ms=155696
ZWL LAT submit frame=6 at_us=155696000
ZWL LAT shown frame=6 at_us=155706000
ZWL ACQUIRE_FENCE client=1 surface=14 generation=1
ZWL DECORATION applied client=1 surface=14 mode=2
ZWL COMMIT client=1 surface=14 buffer=44 queued=0
ZWL LAT adopt surface=14 at_us=155706000
ZWL MAP client=1 surface=14 x=128 y=98
ZWL LAT draw frame=7 at_us=155707000
ZWL LAT acquired frame=7 at_us=155737000
ZWL GLASS glyph codepoint=U+2014 size=1 face=0 cell=0
ZWL MENU bar client=1 surface=14 where=floating item=1 offset=340 top=46 width=46 height=44
ZWL MENU bar client=1 surface=14 where=floating item=2 offset=388 top=46 width=47 height=44
ZWL MENU bar client=1 surface=14 where=floating item=3 offset=437 top=46 width=55 height=44
ZWL MENU bar client=1 surface=14 where=floating item=4 offset=494 top=46 width=52 height=44
ZWL MENU bar client=1 surface=14 where=floating item=5 offset=548 top=46 width=55 height=44
ZWL LAT recorded frame=7 at_us=155758000
ZWL COMPOSE frame=7 image=0 windows=1 at_ms=155828
ZWL LAT submit frame=7 at_us=155828000
ZWL LAT shown frame=7 at_us=155838000
ZWL PERF 5007ms: passes=348 timeouts=317 | poll 75.1% work 42.5%
ZWL PERF compose frames=7 draw_ms=133.32 (acquire 31.28 submit+present 80.86) frame_ms=145.29
