ZWL PREFERENCES open
ZWL DISPLAY device=llvmpipe (LLVM 19.1.7, 256 bits) width=1280 height=800 refresh_mhz=74994
ZWL STARTUP step=vulkan-device ms=206
ZWL STARTUP step=vulkan-objects-arrow ms=264
ZWL STARTUP step=wallpaper-picture ms=28
ZWL STARTUP step=wallpaper ms=261
ZWL STARTUP step=glyphs-text ms=29
ZWL STARTUP step=glyphs-icons ms=16
ZWL STARTUP step=glyphs-mark ms=22
ZWL GLASS atlas cache-top=380 cells=273 faces=1
ZWL STARTUP step=glyphs ms=170
ZWL GLASS ready text=1
ZWL STARTUP step=compose ms=981 at_ms=184342
ZWL INPUT device=/dev/input/event0 kind=pointer abs=1
ZWL INPUT device=/dev/input/event1 kind=keyboard abs=0
ZWL INPUT device=/dev/input/event2 kind=pointer abs=0
ZWL INPUT device=/dev/input/event3 kind=keyboard abs=0
ZWL STARTUP step=input ms=2 at_ms=184344
ZWL KEYMAP format=xkb_v1 errno=0
ZWL STARTUP step=keymap ms=0 at_ms=184344
ZWL STARTUP step=socket ms=0 at_ms=184344
ZWL IME none program=/usr/libexec/keiland-ime errno=6
ZWL READY socket=/tmp/wayland-0 width=1280 height=800 timeout_ms=400000 pid=653
ZWL CORNER zone x=1252 y=0 width=28 height=28
ZWL OSK zone kind=flick x=1252 y=772 size=28
ZWL OSK zone kind=qwerty x=0 y=772 size=28
ZWL STARTUP step=output-display ms=6
ZWL STARTUP step=output-pipelines ms=161
ZWL STARTUP step=output-swapchain ms=386
ZWL STARTUP step=output-targets ms=89
ZWL OUTPUT open width=1280 height=800 images=3 format=37
ZWL MODE window switch_ms=643 at_ms=184998
ZWL LAT draw frame=1 at_us=184998000
ZWL LAT acquired frame=1 at_us=184998000
ZWL GLASS desktops x=822 step=46 width=40
ZWL NETWORK icon x=1066 y=3 width=30 height=28
ZWL VOLUME icon x=1033 y=3 width=30 height=28
ZWL LAT recorded frame=1 at_us=185019000
ZWL COMPOSE frame=1 image=0 windows=0 at_ms=185089
ZWL LAT submit frame=1 at_us=185089000
ZWL LAT shown frame=1 at_us=185099000
ZWL HOME skip name=Image Viewer missing=/bin/imageview
ZWL HOME skip name=Text Editor missing=/bin/textedit
ZWL HOME skip name=Browser missing=/bin/browser
ZWL NETWORK state reachable=1 connected=1 kind=wired interface=ue0 wifi=absent ssid=
ZWL LAT draw frame=2 at_us=185100000
ZWL LAT acquired frame=2 at_us=185228000
ZWL LAT recorded frame=2 at_us=185250000
ZWL COMPOSE frame=2 image=1 windows=0 at_ms=185320
ZWL LAT submit frame=2 at_us=185320000
ZWL LAT shown frame=2 at_us=185330000
ZWL CLIENT client=1 fd=17
ZWL CONFIGURE client=1 surface=8 serial=1 width=0 height=0 fullscreen=0
ZWL LAT draw frame=3 at_us=185371000
ZWL LAT acquired frame=3 at_us=185372000
ZWL LAT recorded frame=3 at_us=185392000
ZWL COMPOSE frame=3 image=2 windows=0 at_ms=185462
ZWL LAT submit frame=3 at_us=185462000
ZWL LAT shown frame=3 at_us=185472000
ZWL SEAT client=1 pointer=1 keyboard=0 touch=0
ZWL SEAT client=1 pointer=1 keyboard=1 touch=0
ZWL COMMIT client=1 surface=8 buffer=15 queued=0
ZWL LAT adopt surface=8 at_us=185472000
ZWL MAP client=1 surface=8 x=440 y=293
ZWL SHM_COPY client=1 surface=8 buffer=15 rows=0-300 sum=47199377
ZWL LAT draw frame=4 at_us=185667000
ZWL LAT acquired frame=4 at_us=185668000
ZWL LAT recorded frame=4 at_us=185689000
ZWL COMPOSE frame=4 image=0 windows=1 at_ms=185759
ZWL LAT submit frame=4 at_us=185759000
ZWL LAT shown frame=4 at_us=185770000
ZWL PERF 5006ms: passes=374 timeouts=364 | poll 84.3% work 33.0%
ZWL PERF compose frames=4 draw_ms=145.05 (acquire 38.92 submit+present 81.52) frame_ms=156.89
ZWL PERF shm copies=1 copy_ms=2.883
ZWL LAT draw frame=5 at_us=190001000
ZWL LAT acquired frame=5 at_us=190001000
ZWL LAT recorded frame=5 at_us=190023000
ZWL COMPOSE frame=5 image=1 windows=1 at_ms=190093
ZWL LAT submit frame=5 at_us=190093000
ZWL LAT shown frame=5 at_us=190103000
ZWL LAT draw frame=6 at_us=190200000
ZWL LAT acquired frame=6 at_us=190200000
ZWL LAT recorded frame=6 at_us=190222000
ZWL COMPOSE frame=6 image=2 windows=1 at_ms=190292
ZWL LAT submit frame=6 at_us=190292000
ZWL LAT shown frame=6 at_us=190301000
ZWL LAT draw frame=7 at_us=190349000
ZWL LAT acquired frame=7 at_us=190350000
ZWL LAT recorded frame=7 at_us=190370000
ZWL COMPOSE frame=7 image=0 windows=1 at_ms=190440
ZWL LAT submit frame=7 at_us=190440000
ZWL LAT shown frame=7 at_us=190451000
ZWL POPUP create client=1 popup=19 surface=17 parent=8 x=60 y=60 width=360 height=180
ZWL POPUP grab popup=19 surface=17
ZWL POPUP configure surface=17 serial=7 x=60 y=60 width=360 height=180
ZWL PING pong client=1 serial=6
ZWL COMMIT client=1 surface=17 buffer=21 queued=0
ZWL LAT adopt surface=17 at_us=190640000
ZWL POPUP map surface=17 x=500 y=353 grab=1
ZWL SHM_COPY client=1 surface=17 buffer=21 rows=0-180 sum=26c56835
ZWL LAT draw frame=8 at_us=190842000
ZWL LAT acquired frame=8 at_us=190843000
ZWL LAT recorded frame=8 at_us=190864000
ZWL COMPOSE frame=8 image=1 windows=1 at_ms=190934
ZWL LAT submit frame=8 at_us=190934000
ZWL LAT shown frame=8 at_us=190944000
ZWL PERF 5002ms: passes=448 timeouts=434 | poll 87.1% work 12.9%
ZWL PERF compose frames=4 draw_ms=91.09 (acquire 0.32 submit+present 69.67) frame_ms=101.33
ZWL PERF shm copies=1 copy_ms=1.313
ZWL LAT draw frame=9 at_us=194851000
ZWL LAT acquired frame=9 at_us=194852000
ZWL LAT recorded frame=9 at_us=194872000
ZWL COMPOSE frame=9 image=2 windows=1 at_ms=194943
ZWL LAT submit frame=9 at_us=194943000
ZWL LAT shown frame=9 at_us=194953000
ZWL LAT draw frame=10 at_us=195000000
ZWL LAT acquired frame=10 at_us=195000000
ZWL LAT recorded frame=10 at_us=195021000
ZWL COMPOSE frame=10 image=0 windows=1 at_ms=195091
ZWL LAT submit frame=10 at_us=195091000
ZWL LAT shown frame=10 at_us=195101000
ZWL POPUP create client=1 popup=25 surface=23 parent=17 x=360 y=120 width=360 height=120
ZWL POPUP grab popup=25 surface=23
ZWL POPUP configure surface=23 serial=16 x=360 y=120 width=360 height=120
ZWL PING pong client=1 serial=15
ZWL COMMIT client=1 surface=23 buffer=27 queued=0
ZWL LAT adopt surface=23 at_us=195298000
ZWL POPUP map surface=23 x=860 y=473 grab=1
ZWL SHM_COPY client=1 surface=23 buffer=27 rows=0-120 sum=0e8510e5
ZWL LAT draw frame=11 at_us=195501000
ZWL LAT acquired frame=11 at_us=195501000
ZWL LAT recorded frame=11 at_us=195522000
ZWL COMPOSE frame=11 image=1 windows=1 at_ms=195592
ZWL LAT submit frame=11 at_us=195592000
ZWL LAT shown frame=11 at_us=195603000
ZWL LAT draw frame=12 at_us=198908000
ZWL LAT acquired frame=12 at_us=198909000
ZWL LAT recorded frame=12 at_us=198930000
ZWL COMPOSE frame=12 image=2 windows=1 at_ms=199000
ZWL LAT submit frame=12 at_us=199000000
ZWL LAT shown frame=12 at_us=199010000
ZWL LAT draw frame=13 at_us=199046000
ZWL LAT acquired frame=13 at_us=199046000
ZWL LAT recorded frame=13 at_us=199067000
ZWL COMPOSE frame=13 image=0 windows=1 at_ms=199137
ZWL LAT submit frame=13 at_us=199137000
ZWL LAT shown frame=13 at_us=199147000
ZWL LAT draw frame=14 at_us=199482000
ZWL LAT acquired frame=14 at_us=199483000
ZWL LAT recorded frame=14 at_us=199504000
ZWL COMPOSE frame=14 image=1 windows=1 at_ms=199575
ZWL LAT submit frame=14 at_us=199575000
ZWL LAT shown frame=14 at_us=199586000
ZWL PING pong client=1 serial=24
ZWL LAT draw frame=15 at_us=199718000
ZWL LAT acquired frame=15 at_us=199718000
ZWL LAT recorded frame=15 at_us=199739000
ZWL COMPOSE frame=15 image=2 windows=1 at_ms=199808
ZWL LAT submit frame=15 at_us=199808000
ZWL PERF 5223ms: passes=427 timeouts=408 | poll 77.6% work 22.3%
ZWL PERF compose frames=6 draw_ms=101.41 (acquire 0.34 submit+present 77.76) frame_ms=96.71
ZWL PERF shm copies=1 copy_ms=0.914
ZWL LAT shown frame=15 at_us=199819000
ZWL LAT draw frame=16 at_us=202655000
ZWL LAT acquired frame=16 at_us=202656000
ZWL LAT recorded frame=16 at_us=202676000
ZWL COMPOSE frame=16 image=0 windows=1 at_ms=202746
ZWL LAT submit frame=16 at_us=202746000
ZWL LAT shown frame=16 at_us=202756000
ZWL LAT draw frame=17 at_us=202805000
ZWL LAT acquired frame=17 at_us=202805000
ZWL LAT recorded frame=17 at_us=202826000
ZWL COMPOSE frame=17 image=1 windows=1 at_ms=202896
ZWL LAT submit frame=17 at_us=202896000
ZWL LAT shown frame=17 at_us=202906000
ZWL POPUP create client=1 popup=31 surface=29 parent=8 x=360 y=60 width=360 height=180
ZWL POPUP grab popup=31 surface=29
ZWL POPUP configure surface=29 serial=35 x=360 y=60 width=360 height=180
ZWL PING pong client=1 serial=34
ZWL COMMIT client=1 surface=29 buffer=33 queued=0
ZWL LAT adopt surface=29 at_us=203109000
ZWL POPUP map surface=29 x=800 y=353 grab=1
ZWL SHM_COPY client=1 surface=29 buffer=33 rows=0-180 sum=26c56835
ZWL LAT draw frame=18 at_us=203293000
ZWL LAT acquired frame=18 at_us=203293000
ZWL LAT recorded frame=18 at_us=203314000
ZWL COMPOSE frame=18 image=2 windows=1 at_ms=203384
ZWL LAT submit frame=18 at_us=203384000
ZWL LAT shown frame=18 at_us=203394000
ZWL LAT draw frame=19 at_us=204522000
ZWL LAT acquired frame=19 at_us=204522000
ZWL LAT recorded frame=19 at_us=204543000
ZWL COMPOSE frame=19 image=0 windows=1 at_ms=204613
ZWL LAT submit frame=19 at_us=204613000
ZWL LAT shown frame=19 at_us=204623000
ZWL PERF 5038ms: passes=432 timeouts=419 | poll 86.8% work 13.1%
ZWL PERF compose frames=5 draw_ms=76.16 (acquire 0.24 submit+present 58.38) frame_ms=105.84
ZWL PERF shm copies=1 copy_ms=1.417
ZWL LAT draw frame=20 at_us=204671000
ZWL LAT acquired frame=20 at_us=204671000
ZWL LAT recorded frame=20 at_us=204691000
ZWL COMPOSE frame=20 image=1 windows=1 at_ms=204761
ZWL LAT submit frame=20 at_us=204761000
ZWL LAT shown frame=20 at_us=204771000
ZWL POPUP create client=1 popup=37 surface=35 parent=29 x=-360 y=120 width=360 height=120
ZWL POPUP grab popup=37 surface=35
ZWL POPUP configure surface=35 serial=44 x=-360 y=120 width=360 height=120
ZWL PING pong client=1 serial=43
ZWL COMMIT client=1 surface=35 buffer=39 queued=0
ZWL LAT adopt surface=35 at_us=204972000
ZWL POPUP map surface=35 x=440 y=473 grab=1
ZWL SHM_COPY client=1 surface=35 buffer=39 rows=0-120 sum=0e8510e5
ZWL LAT draw frame=21 at_us=205154000
ZWL LAT acquired frame=21 at_us=205155000
ZWL LAT recorded frame=21 at_us=205176000
ZWL COMPOSE frame=21 image=2 windows=1 at_ms=205246
ZWL LAT submit frame=21 at_us=205246000
ZWL LAT shown frame=21 at_us=205256000
P017_PROBE_BOUNDARY
POPUPPROBE configure window width=0 height=0 states=1 resizing=0
POPUPPROBE ready run=p
POPUPPROBE focus window
POPUPPROBE enter window x=200 y=107
POPUPPROBE button window state=1 x=60 y=60
POPUPPROBE open menu at=60,60
POPUPPROBE ping serial=6 answered
POPUPPROBE configure menu x=60 y=60 width=360 height=180
POPUPPROBE unfocus window
POPUPPROBE focus menu
POPUPPROBE leave window
POPUPPROBE enter menu x=0 y=0
POPUPPROBE button menu state=0 x=0 y=0
POPUPPROBE button menu state=1 x=100 y=130
POPUPPROBE open submenu row=120
POPUPPROBE ping serial=15 answered
POPUPPROBE configure submenu x=360 y=120 width=360 height=120
POPUPPROBE unfocus menu
POPUPPROBE focus submenu
POPUPPROBE button menu state=0 x=100 y=130
POPUPPROBE leave menu
POPUPPROBE enter submenu x=98 y=45
POPUPPROBE button submenu state=1 x=100 y=45
POPUPPROBE choose submenu row=1
POPUPPROBE close submenu
POPUPPROBE close menu
POPUPPROBE ping serial=24 answered
POPUPPROBE unfocus other
POPUPPROBE focus other
POPUPPROBE leave other
POPUPPROBE unfocus other
POPUPPROBE focus window
POPUPPROBE enter window x=520 y=225
POPUPPROBE button window state=1 x=360 y=60
POPUPPROBE open menu at=360,60
POPUPPROBE ping serial=34 answered
POPUPPROBE configure menu x=360 y=60 width=360 height=180
POPUPPROBE unfocus window
POPUPPROBE focus menu
POPUPPROBE leave window
POPUPPROBE enter menu x=0 y=0
POPUPPROBE button menu state=0 x=0 y=0
POPUPPROBE button menu state=1 x=100 y=130
POPUPPROBE open submenu row=120
POPUPPROBE ping serial=43 answered
POPUPPROBE configure submenu x=-360 y=120 width=360 height=120
POPUPPROBE unfocus menu
POPUPPROBE focus submenu
POPUPPROBE button menu state=0 x=100 y=130
