ZWL PREFERENCES open
ZWL DISPLAY device=llvmpipe (LLVM 19.1.7, 256 bits) width=1280 height=800 refresh_mhz=74994
ZWL STARTUP step=vulkan-device ms=210
ZWL STARTUP step=vulkan-objects-arrow ms=264
ZWL STARTUP step=wallpaper-picture ms=1861
ZWL STARTUP step=wallpaper ms=2096
ZWL STARTUP step=glyphs-text ms=29
ZWL STARTUP step=glyphs-icons ms=16
ZWL STARTUP step=glyphs-mark ms=25
ZWL GLASS atlas cache-top=380 cells=273 faces=1
ZWL STARTUP step=glyphs ms=173
ZWL GLASS ready text=1
ZWL STARTUP step=compose ms=2823 at_ms=90486
ZWL INPUT device=/dev/input/event0 kind=pointer abs=1
ZWL INPUT device=/dev/input/event1 kind=keyboard abs=0
ZWL INPUT device=/dev/input/event2 kind=pointer abs=0
ZWL INPUT device=/dev/input/event3 kind=keyboard abs=0
ZWL STARTUP step=input ms=1 at_ms=90487
ZWL KEYMAP format=xkb_v1 errno=0
ZWL STARTUP step=keymap ms=0 at_ms=90487
ZWL STARTUP step=socket ms=1 at_ms=90488
ZWL IME none program=/usr/libexec/keiland-ime errno=6
ZWL READY socket=/tmp/wayland-0 width=1280 height=800 timeout_ms=300000 pid=201
ZWL CORNER zone x=1252 y=0 width=28 height=28
ZWL OSK zone kind=flick x=1252 y=772 size=28
ZWL OSK zone kind=qwerty x=0 y=772 size=28
ZWL STARTUP step=output-display ms=5
ZWL STARTUP step=output-pipelines ms=161
ZWL STARTUP step=output-swapchain ms=385
ZWL STARTUP step=output-targets ms=90
ZWL OUTPUT open width=1280 height=800 images=3 format=37
ZWL MODE window switch_ms=641 at_ms=91139
ZWL LAT draw frame=1 at_us=91139000
ZWL LAT acquired frame=1 at_us=91140000
ZWL GLASS desktops x=824 step=46 width=40
ZWL NETWORK icon x=1068 y=3 width=30 height=28
ZWL VOLUME icon x=1035 y=3 width=30 height=28
ZWL LAT recorded frame=1 at_us=91161000
ZWL COMPOSE frame=1 image=0 windows=0 at_ms=91231
ZWL LAT submit frame=1 at_us=91231000
ZWL LAT shown frame=1 at_us=91241000
ZWL NETWORK state reachable=1 connected=1 kind=wired interface=ue0 wifi=absent ssid=
ZWL VOLUME reachable=1 device=0
ZWL LAT draw frame=2 at_us=91241000
ZWL LAT acquired frame=2 at_us=91361000
ZWL LAT recorded frame=2 at_us=91380000
ZWL COMPOSE frame=2 image=1 windows=0 at_ms=91450
ZWL LAT submit frame=2 at_us=91450000
ZWL LAT shown frame=2 at_us=91460000
ZWL CLIENT client=1 fd=18
ZWL SEAT client=1 pointer=1 keyboard=0 touch=0
ZWL SEAT client=1 pointer=1 keyboard=1 touch=0
ZWL LAT draw frame=3 at_us=93058000
ZWL LAT acquired frame=3 at_us=93058000
ZWL LAT recorded frame=3 at_us=93078000
ZWL COMPOSE frame=3 image=2 windows=0 at_ms=93148
ZWL LAT submit frame=3 at_us=93148000
ZWL LAT shown frame=3 at_us=93158000
ZWL TITLEBAR create client=1 titlebar=20 toplevel=16
ZWL BOUNDS client=1 surface=14 width=1256 height=690
ZWL CONFIGURE client=1 surface=14 serial=1 width=0 height=0 fullscreen=0
ZWL VULKAN_IMPORT client=1 buffer=25 width=1240 height=720
ZWL IMPORT client=1 buffer=25 width=1240 height=720 bytes=3596288
ZWL VULKAN_IMPORT client=1 buffer=26 width=1240 height=720
ZWL IMPORT client=1 buffer=26 width=1240 height=720 bytes=3596288
ZWL VULKAN_IMPORT client=1 buffer=27 width=1240 height=720
ZWL IMPORT client=1 buffer=27 width=1240 height=720 bytes=3596288
ZWL ACQUIRE_FENCE client=1 surface=14 generation=1
ZWL DECORATION applied client=1 surface=14 mode=2
ZWL COMMIT client=1 surface=14 buffer=25 queued=0
ZWL LAT adopt surface=14 at_us=94071000
ZWL MAP client=1 surface=14 x=20 y=98
ZWL LAT draw frame=4 at_us=94071000
ZWL LAT acquired frame=4 at_us=94071000
ZWL LAT recorded frame=4 at_us=94092000
ZWL COMPOSE frame=4 image=0 windows=1 at_ms=94148
ZWL LAT submit frame=4 at_us=94148000
ZWL LAT shown frame=4 at_us=94158000
ZWL VULKAN_IMPORT client=1 buffer=29 width=1240 height=690
ZWL IMPORT client=1 buffer=29 width=1240 height=690 bytes=3457024
ZWL VULKAN_IMPORT client=1 buffer=30 width=1240 height=690
ZWL IMPORT client=1 buffer=30 width=1240 height=690 bytes=3457024
ZWL VULKAN_IMPORT client=1 buffer=31 width=1240 height=690
ZWL IMPORT client=1 buffer=31 width=1240 height=690 bytes=3457024
ZWL ACQUIRE_FENCE client=1 surface=14 generation=1
ZWL COMMIT client=1 surface=14 buffer=29 queued=0
ZWL LAT adopt surface=14 at_us=95225000
ZWL RELEASE client=1 buffer=25 dead=1
ZWL LAT draw frame=5 at_us=95326000
ZWL LAT acquired frame=5 at_us=95327000
ZWL LAT recorded frame=5 at_us=95349000
ZWL COMPOSE frame=5 image=1 windows=1 at_ms=95382
ZWL LAT submit frame=5 at_us=95382000
ZWL LAT shown frame=5 at_us=95386000
ZWL ACQUIRE_FENCE client=1 surface=14 generation=1
ZWL COMMIT client=1 surface=14 buffer=30 queued=0
ZWL LAT adopt surface=14 at_us=95386000
ZWL RELEASE client=1 buffer=29 dead=0
ZWL LAT draw frame=6 at_us=95386000
ZWL LAT acquired frame=6 at_us=95397000
ZWL LAT recorded frame=6 at_us=95406000
ZWL COMPOSE frame=6 image=2 windows=1 at_ms=95441
ZWL LAT submit frame=6 at_us=95441000
ZWL LAT shown frame=6 at_us=95443000
ZWL ACQUIRE_FENCE client=1 surface=14 generation=1
ZWL COMMIT client=1 surface=14 buffer=31 queued=0
ZWL LAT adopt surface=14 at_us=95444000
ZWL RELEASE client=1 buffer=30 dead=0
ZWL LAT draw frame=7 at_us=95444000
ZWL LAT acquired frame=7 at_us=95455000
ZWL LAT recorded frame=7 at_us=95476000
ZWL COMPOSE frame=7 image=0 windows=1 at_ms=95537
ZWL LAT submit frame=7 at_us=95537000
ZWL LAT shown frame=7 at_us=95538000
ZWL PERF 5049ms: passes=296 timeouts=271 | poll 60.6% work 55.8%
ZWL PERF compose frames=7 draw_ms=136.35 (acquire 51.68 submit+present 63.00) frame_ms=144.10
ZWL ACQUIRE_FENCE client=1 surface=14 generation=1
ZWL COMMIT client=1 surface=14 buffer=29 queued=0
ZWL LAT adopt surface=14 at_us=95539000
ZWL RELEASE client=1 buffer=31 dead=0
ZWL LAT draw frame=8 at_us=95539000
ZWL LAT acquired frame=8 at_us=95543000
ZWL LAT recorded frame=8 at_us=95555000
ZWL COMPOSE frame=8 image=1 windows=1 at_ms=95617
ZWL LAT submit frame=8 at_us=95617000
ZWL LAT shown frame=8 at_us=95618000
ZWL ACQUIRE_FENCE client=1 surface=14 generation=1
ZWL COMMIT client=1 surface=14 buffer=30 queued=0
ZWL LAT adopt surface=14 at_us=95619000
ZWL RELEASE client=1 buffer=29 dead=0
ZWL LAT draw frame=9 at_us=95619000
ZWL LAT acquired frame=9 at_us=95622000
ZWL LAT recorded frame=9 at_us=95635000
ZWL COMPOSE frame=9 image=2 windows=1 at_ms=95705
ZWL LAT submit frame=9 at_us=95705000
ZWL LAT shown frame=9 at_us=95715000
ZWL ACQUIRE_FENCE client=1 surface=14 generation=1
ZWL COMMIT client=1 surface=14 buffer=31 queued=0
ZWL ACQUIRED surface=14 waited_ms=1
ZWL LAT adopt surface=14 at_us=95717000
ZWL RELEASE client=1 buffer=30 dead=0
ZWL LAT draw frame=10 at_us=95717000
ZWL LAT acquired frame=10 at_us=95745000
ZWL LAT recorded frame=10 at_us=95766000
ZWL COMPOSE frame=10 image=0 windows=1 at_ms=95824
ZWL LAT submit frame=10 at_us=95824000
ZWL LAT shown frame=10 at_us=95826000
ZWL ACQUIRE_FENCE client=1 surface=14 generation=1
ZWL COMMIT client=1 surface=14 buffer=29 queued=0
ZWL LAT adopt surface=14 at_us=95827000
ZWL RELEASE client=1 buffer=31 dead=0
ZWL LAT draw frame=11 at_us=95827000
ZWL LAT acquired frame=11 at_us=95838000
ZWL LAT recorded frame=11 at_us=95859000
ZWL COMPOSE frame=11 image=1 windows=1 at_ms=95920
ZWL LAT submit frame=11 at_us=95921000
ZWL LAT shown frame=11 at_us=95929000
ZWL ACQUIRE_FENCE client=1 surface=14 generation=1
ZWL COMMIT client=1 surface=14 buffer=30 queued=0
ZWL LAT adopt surface=14 at_us=95929000
ZWL RELEASE client=1 buffer=29 dead=0
ZWL LAT draw frame=12 at_us=95929000
ZWL LAT acquired frame=12 at_us=95930000
ZWL LAT recorded frame=12 at_us=95943000
ZWL COMPOSE frame=12 image=2 windows=1 at_ms=96013
ZWL LAT submit frame=12 at_us=96013000
ZWL LAT shown frame=12 at_us=96023000
ZWL ACQUIRE_FENCE client=1 surface=14 generation=1
ZWL COMMIT client=1 surface=14 buffer=31 queued=0
ZWL ACQUIRED surface=14 waited_ms=1
ZWL LAT adopt surface=14 at_us=96025000
ZWL RELEASE client=1 buffer=30 dead=0
ZWL LAT draw frame=13 at_us=96025000
ZWL LAT acquired frame=13 at_us=96037000
ZWL LAT recorded frame=13 at_us=96058000
ZWL COMPOSE frame=13 image=0 windows=1 at_ms=96119
ZWL LAT submit frame=13 at_us=96119000
ZWL LAT shown frame=13 at_us=96130000
ZWL ACQUIRE_FENCE client=1 surface=14 generation=1
ZWL COMMIT client=1 surface=14 buffer=29 queued=0
ZWL LAT adopt surface=14 at_us=96130000
ZWL RELEASE client=1 buffer=31 dead=0
ZWL LAT draw frame=14 at_us=96131000
ZWL LAT acquired frame=14 at_us=96143000
ZWL LAT recorded frame=14 at_us=96163000
ZWL COMPOSE frame=14 image=1 windows=1 at_ms=96203
ZWL LAT submit frame=14 at_us=96203000
ZWL LAT shown frame=14 at_us=96206000
ZWL ACQUIRE_FENCE client=1 surface=14 generation=1
ZWL COMMIT client=1 surface=14 buffer=30 queued=0
ZWL LAT adopt surface=14 at_us=96206000
ZWL RELEASE client=1 buffer=29 dead=0
ZWL LAT draw frame=15 at_us=96206000
ZWL LAT acquired frame=15 at_us=96210000
ZWL LAT recorded frame=15 at_us=96231000
ZWL COMPOSE frame=15 image=2 windows=1 at_ms=96255
ZWL LAT submit frame=15 at_us=96255000
ZWL LAT shown frame=15 at_us=96258000
ZWL ACQUIRE_FENCE client=1 surface=14 generation=1
ZWL COMMIT client=1 surface=14 buffer=31 queued=0
ZWL LAT adopt surface=14 at_us=96258000
ZWL RELEASE client=1 buffer=30 dead=0
ZWL LAT draw frame=16 at_us=96258000
ZWL LAT acquired frame=16 at_us=96264000
ZWL LAT recorded frame=16 at_us=96284000
ZWL COMPOSE frame=16 image=0 windows=1 at_ms=96309
ZWL LAT submit frame=16 at_us=96309000
ZWL LAT shown frame=16 at_us=96311000
ZWL ACQUIRE_FENCE client=1 surface=14 generation=1
ZWL COMMIT client=1 surface=14 buffer=29 queued=0
ZWL LAT adopt surface=14 at_us=96312000
ZWL RELEASE client=1 buffer=31 dead=0
ZWL LAT draw frame=17 at_us=96312000
ZWL LAT acquired frame=17 at_us=96317000
ZWL LAT recorded frame=17 at_us=96337000
ZWL COMPOSE frame=17 image=1 windows=1 at_ms=96390
ZWL LAT submit frame=17 at_us=96390000
ZWL LAT shown frame=17 at_us=96393000
ZWL ACQUIRE_FENCE client=1 surface=14 generation=1
ZWL COMMIT client=1 surface=14 buffer=30 queued=0
ZWL LAT adopt surface=14 at_us=96393000
ZWL RELEASE client=1 buffer=29 dead=0
ZWL LAT draw frame=18 at_us=96393000
ZWL LAT acquired frame=18 at_us=96397000
ZWL LAT recorded frame=18 at_us=96418000
ZWL COMPOSE frame=18 image=2 windows=1 at_ms=96480
ZWL LAT submit frame=18 at_us=96480000
ZWL LAT shown frame=18 at_us=96483000
ZWL ACQUIRE_FENCE client=1 surface=14 generation=1
ZWL COMMIT client=1 surface=14 buffer=31 queued=0
ZWL LAT adopt surface=14 at_us=96483000
ZWL RELEASE client=1 buffer=30 dead=0
ZWL LAT draw frame=19 at_us=96483000
ZWL LAT acquired frame=19 at_us=96489000
ZWL LAT recorded frame=19 at_us=96509000
ZWL COMPOSE frame=19 image=0 windows=1 at_ms=96562
ZWL LAT submit frame=19 at_us=96562000
ZWL LAT shown frame=19 at_us=96573000
ZWL ACQUIRE_FENCE client=1 surface=14 generation=1
ZWL COMMIT client=1 surface=14 buffer=29 queued=0
ZWL LAT adopt surface=14 at_us=96574000
ZWL RELEASE client=1 buffer=31 dead=0
ZWL LAT draw frame=20 at_us=96574000
ZWL LAT acquired frame=20 at_us=96602000
ZWL LAT recorded frame=20 at_us=96623000
ZWL COMPOSE frame=20 image=1 windows=1 at_ms=96658
ZWL LAT submit frame=20 at_us=96658000
ZWL LAT shown frame=20 at_us=96661000
ZWL ACQUIRE_FENCE client=1 surface=14 generation=1
ZWL COMMIT client=1 surface=14 buffer=30 queued=0
ZWL LAT adopt surface=14 at_us=96661000
ZWL RELEASE client=1 buffer=29 dead=0
ZWL LAT draw frame=21 at_us=96661000
ZWL LAT acquired frame=21 at_us=96664000
ZWL LAT recorded frame=21 at_us=96685000
ZWL COMPOSE frame=21 image=2 windows=1 at_ms=96724
ZWL LAT submit frame=21 at_us=96724000
ZWL LAT shown frame=21 at_us=96726000
ZWL ACQUIRE_FENCE client=1 surface=14 generation=1
ZWL COMMIT client=1 surface=14 buffer=31 queued=0
ZWL LAT adopt surface=14 at_us=96727000
ZWL RELEASE client=1 buffer=30 dead=0
ZWL LAT draw frame=22 at_us=96727000
ZWL LAT acquired frame=22 at_us=96744000
ZWL LAT recorded frame=22 at_us=96766000
ZWL COMPOSE frame=22 image=0 windows=1 at_ms=96811
ZWL LAT submit frame=22 at_us=96811000
ZWL LAT shown frame=22 at_us=96814000
ZWL ACQUIRE_FENCE client=1 surface=14 generation=1
ZWL COMMIT client=1 surface=14 buffer=29 queued=0
ZWL LAT adopt surface=14 at_us=96815000
ZWL RELEASE client=1 buffer=31 dead=0
ZWL LAT draw frame=23 at_us=96815000
ZWL LAT acquired frame=23 at_us=96824000
ZWL LAT recorded frame=23 at_us=96845000
ZWL COMPOSE frame=23 image=1 windows=1 at_ms=96881
ZWL LAT submit frame=23 at_us=96881000
ZWL LAT shown frame=23 at_us=96884000
ZWL ACQUIRE_FENCE client=1 surface=14 generation=1
ZWL COMMIT client=1 surface=14 buffer=30 queued=0
ZWL LAT adopt surface=14 at_us=96884000
ZWL RELEASE client=1 buffer=29 dead=0
ZWL LAT draw frame=24 at_us=96884000
ZWL LAT acquired frame=24 at_us=96906000
ZWL LAT recorded frame=24 at_us=96927000
ZWL COMPOSE frame=24 image=2 windows=1 at_ms=96963
ZWL LAT submit frame=24 at_us=96963000
ZWL LAT shown frame=24 at_us=96965000
ZWL ACQUIRE_FENCE client=1 surface=14 generation=1
ZWL COMMIT client=1 surface=14 buffer=31 queued=0
ZWL LAT adopt surface=14 at_us=96966000
ZWL RELEASE client=1 buffer=30 dead=0
ZWL LAT draw frame=25 at_us=96966000
ZWL LAT acquired frame=25 at_us=96984000
ZWL LAT recorded frame=25 at_us=97005000
ZWL COMPOSE frame=25 image=0 windows=1 at_ms=97051
ZWL LAT submit frame=25 at_us=97051000
ZWL LAT shown frame=25 at_us=97054000
ZWL ACQUIRE_FENCE client=1 surface=14 generation=1
ZWL COMMIT client=1 surface=14 buffer=29 queued=0
ZWL LAT adopt surface=14 at_us=97055000
ZWL RELEASE client=1 buffer=31 dead=0
ZWL LAT draw frame=26 at_us=97055000
ZWL LAT acquired frame=26 at_us=97063000
ZWL LAT recorded frame=26 at_us=97084000
ZWL COMPOSE frame=26 image=1 windows=1 at_ms=97132
ZWL LAT submit frame=26 at_us=97132000
ZWL LAT shown frame=26 at_us=97134000
ZWL ACQUIRE_FENCE client=1 surface=14 generation=1
ZWL COMMIT client=1 surface=14 buffer=30 queued=0
ZWL LAT adopt surface=14 at_us=97135000
ZWL RELEASE client=1 buffer=29 dead=0
ZWL LAT draw frame=27 at_us=97135000
