ZWL PREFERENCES open
ZWL DISPLAY device=llvmpipe (LLVM 19.1.7, 256 bits) width=1280 height=800 refresh_mhz=74994
ZWL STARTUP step=vulkan-device ms=210
ZWL STARTUP step=vulkan-objects-arrow ms=264
ZWL STARTUP step=wallpaper-picture ms=1768
ZWL STARTUP step=wallpaper ms=2004
ZWL STARTUP step=glyphs-text ms=27
ZWL STARTUP step=glyphs-icons ms=13
ZWL STARTUP step=glyphs-mark ms=23
ZWL GLASS atlas cache-top=380 cells=273 faces=1
ZWL STARTUP step=glyphs ms=165
ZWL GLASS ready text=1
ZWL STARTUP step=compose ms=2723 at_ms=76382
ZWL INPUT device=/dev/input/event0 kind=pointer abs=1
ZWL INPUT device=/dev/input/event1 kind=keyboard abs=0
ZWL INPUT device=/dev/input/event2 kind=pointer abs=0
ZWL INPUT device=/dev/input/event3 kind=keyboard abs=0
ZWL STARTUP step=input ms=2 at_ms=76384
ZWL KEYMAP format=xkb_v1 errno=0
ZWL STARTUP step=keymap ms=0 at_ms=76384
ZWL STARTUP step=socket ms=0 at_ms=76384
ZWL IME none program=/usr/libexec/keiland-ime errno=6
ZWL READY socket=/tmp/wayland-0 width=1280 height=800 timeout_ms=300000 pid=150
ZWL CORNER zone x=1252 y=0 width=28 height=28
ZWL OSK zone kind=flick x=1252 y=772 size=28
ZWL OSK zone kind=qwerty x=0 y=772 size=28
ZWL STARTUP step=output-display ms=5
ZWL STARTUP step=output-pipelines ms=160
ZWL STARTUP step=output-swapchain ms=387
ZWL STARTUP step=output-targets ms=89
ZWL OUTPUT open width=1280 height=800 images=3 format=37
ZWL MODE window switch_ms=641 at_ms=77035
ZWL LAT draw frame=1 at_us=77035000
ZWL LAT acquired frame=1 at_us=77036000
ZWL GLASS desktops x=823 step=46 width=40
ZWL NETWORK icon x=1067 y=3 width=30 height=28
ZWL VOLUME icon x=1034 y=3 width=30 height=28
ZWL LAT recorded frame=1 at_us=77057000
ZWL COMPOSE frame=1 image=0 windows=0 at_ms=77127
ZWL LAT submit frame=1 at_us=77127000
ZWL LAT shown frame=1 at_us=77137000
ZWL NETWORK state reachable=1 connected=1 kind=wired interface=ue0 wifi=absent ssid=
ZWL VOLUME reachable=1 device=0
ZWL LAT draw frame=2 at_us=77138000
ZWL LAT acquired frame=2 at_us=77264000
ZWL LAT recorded frame=2 at_us=77285000
ZWL COMPOSE frame=2 image=1 windows=0 at_ms=77355
ZWL LAT submit frame=2 at_us=77355000
ZWL LAT shown frame=2 at_us=77365000
ZWL LAT draw frame=3 at_us=78005000
ZWL LAT acquired frame=3 at_us=78005000
ZWL LAT recorded frame=3 at_us=78026000
ZWL COMPOSE frame=3 image=2 windows=0 at_ms=78096
ZWL LAT submit frame=3 at_us=78096000
ZWL LAT shown frame=3 at_us=78106000
ZWL CLIENT client=1 fd=18
ZWL LAT draw frame=4 at_us=78966000
ZWL LAT acquired frame=4 at_us=78966000
ZWL LAT recorded frame=4 at_us=78986000
ZWL COMPOSE frame=4 image=0 windows=0 at_ms=79057
ZWL LAT submit frame=4 at_us=79057000
ZWL LAT shown frame=4 at_us=79068000
ZWL INSET create client=1 inset=20 toplevel=16
ZWL EDIT create client=1 edit=24 toplevel=16
ZWL BOUNDS client=1 surface=14 width=1256 height=690
ZWL CONFIGURE client=1 surface=14 serial=1 width=0 height=0 fullscreen=0
ZWL SEAT client=1 pointer=1 keyboard=0 touch=0
ZWL SEAT client=1 pointer=1 keyboard=1 touch=0
ZWL TITLEBAR create client=1 titlebar=31 toplevel=16
ZWL VULKAN_IMPORT client=1 buffer=41 width=916 height=632
ZWL IMPORT client=1 buffer=41 width=916 height=632 bytes=2347008
ZWL VULKAN_IMPORT client=1 buffer=42 width=916 height=632
ZWL IMPORT client=1 buffer=42 width=916 height=632 bytes=2347008
ZWL VULKAN_IMPORT client=1 buffer=43 width=916 height=632
ZWL IMPORT client=1 buffer=43 width=916 height=632 bytes=2347008
ZWL MENU commit client=1 menu=47 serial=1 items=30 generation=1
ZWL MENU set client=1 place=48 menu=47
ZWL LAT draw frame=5 at_us=80334000
ZWL LAT acquired frame=5 at_us=80335000
ZWL LAT recorded frame=5 at_us=80351000
ZWL COMPOSE frame=5 image=1 windows=0 at_ms=80382
ZWL LAT submit frame=5 at_us=80382000
ZWL LAT shown frame=5 at_us=80391000
ZWL MENU commit client=1 menu=47 serial=2 items=30 generation=2
ZWL EDIT state client=1 edit=24 actions=0xff flags=0xd
ZWL TITLEBAR commit client=1 titlebar=31 serial=1 mode=0 controls=0 tabs=1 generation=1
ZWL LAT draw frame=6 at_us=80392000
ZWL LAT acquired frame=6 at_us=80407000
ZWL LAT recorded frame=6 at_us=80428000
ZWL COMPOSE frame=6 image=2 windows=0 at_ms=80498
ZWL LAT submit frame=6 at_us=80498000
ZWL LAT shown frame=6 at_us=80508000
ZWL ACQUIRE_FENCE client=1 surface=14 generation=1
ZWL DECORATION applied client=1 surface=14 mode=2
ZWL COMMIT client=1 surface=14 buffer=41 queued=0
ZWL LAT adopt surface=14 at_us=80508000
ZWL MAP client=1 surface=14 x=182 y=127
ZWL LAT draw frame=7 at_us=80508000
ZWL LAT acquired frame=7 at_us=80530000
ZWL MENU bar client=1 surface=14 where=floating item=1 offset=127 top=75 width=55 height=44
ZWL MENU bar client=1 surface=14 where=floating item=2 offset=184 top=75 width=47 height=44
ZWL MENU bar client=1 surface=14 where=floating item=3 offset=233 top=75 width=55 height=44
ZWL MENU bar client=1 surface=14 where=floating item=4 offset=290 top=75 width=76 height=44
ZWL MENU bar client=1 surface=14 where=floating item=5 offset=368 top=75 width=53 height=44
ZWL LAT recorded frame=7 at_us=80551000
ZWL COMPOSE frame=7 image=0 windows=1 at_ms=80621
ZWL LAT submit frame=7 at_us=80621000
ZWL LAT shown frame=7 at_us=80632000
ZWL PERF 5008ms: passes=358 timeouts=322 | poll 75.0% work 42.3%
ZWL PERF compose frames=7 draw_ms=127.47 (acquire 27.67 submit+present 76.37) frame_ms=139.38
