ZWL PREFERENCES open
ZWL DISPLAY device=llvmpipe (LLVM 19.1.7, 256 bits) width=1280 height=800 refresh_mhz=74994
ZWL STARTUP step=vulkan-device ms=210
ZWL STARTUP step=vulkan-objects-arrow ms=264
ZWL STARTUP step=wallpaper-picture ms=1776
ZWL STARTUP step=wallpaper ms=2011
ZWL STARTUP step=glyphs-text ms=27
ZWL STARTUP step=glyphs-icons ms=16
ZWL STARTUP step=glyphs-mark ms=27
ZWL GLASS atlas cache-top=380 cells=273 faces=1
ZWL STARTUP step=glyphs ms=173
ZWL GLASS ready text=1
ZWL STARTUP step=compose ms=2738 at_ms=48409
ZWL INPUT device=/dev/input/event0 kind=pointer abs=1
ZWL INPUT device=/dev/input/event1 kind=keyboard abs=0
ZWL INPUT device=/dev/input/event2 kind=pointer abs=0
ZWL INPUT device=/dev/input/event3 kind=keyboard abs=0
ZWL STARTUP step=input ms=1 at_ms=48410
ZWL KEYMAP format=xkb_v1 errno=0
ZWL STARTUP step=keymap ms=0 at_ms=48410
ZWL STARTUP step=socket ms=0 at_ms=48410
ZWL IME none program=/usr/libexec/keiland-ime errno=6
ZWL READY socket=/tmp/wayland-0 width=1280 height=800 timeout_ms=300000 pid=50
ZWL CORNER zone x=1252 y=0 width=28 height=28
ZWL OSK zone kind=flick x=1252 y=772 size=28
ZWL OSK zone kind=qwerty x=0 y=772 size=28
ZWL STARTUP step=output-display ms=5
ZWL STARTUP step=output-pipelines ms=160
ZWL STARTUP step=output-swapchain ms=386
ZWL STARTUP step=output-targets ms=90
ZWL OUTPUT open width=1280 height=800 images=3 format=37
ZWL MODE window switch_ms=641 at_ms=49061
ZWL LAT draw frame=1 at_us=49061000
ZWL LAT acquired frame=1 at_us=49061000
ZWL GLASS desktops x=823 step=46 width=40
ZWL NETWORK icon x=1067 y=3 width=30 height=28
ZWL VOLUME icon x=1034 y=3 width=30 height=28
ZWL LAT recorded frame=1 at_us=49083000
ZWL COMPOSE frame=1 image=0 windows=0 at_ms=49153
ZWL LAT submit frame=1 at_us=49153000
ZWL LAT shown frame=1 at_us=49163000
ZWL NETWORK state reachable=1 connected=1 kind=wired interface=ue0 wifi=absent ssid=
ZWL VOLUME reachable=1 device=0
ZWL LAT draw frame=2 at_us=49164000
ZWL LAT acquired frame=2 at_us=49290000
ZWL LAT recorded frame=2 at_us=49312000
ZWL COMPOSE frame=2 image=1 windows=0 at_ms=49382
ZWL LAT submit frame=2 at_us=49382000
ZWL LAT shown frame=2 at_us=49393000
ZWL CLIENT client=1 fd=18
ZWL SEAT client=1 pointer=1 keyboard=0 touch=0
ZWL CONFIGURE client=1 surface=9 serial=1 width=0 height=0 fullscreen=0
ZWL LAT draw frame=3 at_us=50955000
ZWL LAT acquired frame=3 at_us=50955000
ZWL LAT recorded frame=3 at_us=50975000
ZWL COMPOSE frame=3 image=2 windows=0 at_ms=51050
ZWL LAT submit frame=3 at_us=51050000
ZWL LAT shown frame=3 at_us=51060000
ZWL DECORATION applied client=1 surface=9 mode=2
ZWL COMMIT client=1 surface=9 buffer=14 queued=0
ZWL LAT adopt surface=9 at_us=51061000
ZWL MAP client=1 surface=9 x=440 y=293
ZWL SHM_COPY client=1 surface=9 buffer=14 rows=0-300 sum=983ee077
ZWL LAT draw frame=4 at_us=51257000
ZWL LAT acquired frame=4 at_us=51257000
ZWL LAT recorded frame=4 at_us=51279000
ZWL COMPOSE frame=4 image=0 windows=1 at_ms=51348
ZWL LAT submit frame=4 at_us=51349000
ZWL LAT shown frame=4 at_us=51358000
ZWL COMMIT client=1 surface=9 buffer=14 queued=0
ZWL LAT adopt surface=9 at_us=51360000
ZWL SHM_COPY client=1 surface=9 buffer=14 rows=0-300 sum=983ee077
ZWL LAT draw frame=5 at_us=51360000
ZWL LAT acquired frame=5 at_us=51383000
ZWL LAT recorded frame=5 at_us=51403000
ZWL COMPOSE frame=5 image=1 windows=1 at_ms=51473
ZWL LAT submit frame=5 at_us=51473000
ZWL LAT shown frame=5 at_us=51483000
ZWL COMMIT client=1 surface=9 buffer=14 queued=0
ZWL LAT adopt surface=9 at_us=51484000
ZWL SHM_COPY client=1 surface=9 buffer=14 rows=0-300 sum=983ee077
ZWL LAT draw frame=6 at_us=51485000
ZWL LAT acquired frame=6 at_us=51506000
ZWL LAT recorded frame=6 at_us=51527000
ZWL COMPOSE frame=6 image=2 windows=1 at_ms=51599
ZWL LAT submit frame=6 at_us=51599000
ZWL LAT shown frame=6 at_us=51609000
ZWL COMMIT client=1 surface=9 buffer=14 queued=0
ZWL LAT adopt surface=9 at_us=51610000
ZWL SHM_COPY client=1 surface=9 buffer=14 rows=0-300 sum=983ee077
ZWL LAT draw frame=7 at_us=51610000
ZWL LAT acquired frame=7 at_us=51634000
ZWL DAMAGE frame=7 image=0 x=440 y=293 width=400 height=300
ZWL LAT recorded frame=7 at_us=51664000
ZWL COMPOSE frame=7 image=0 windows=1 at_ms=51734
ZWL LAT submit frame=7 at_us=51734000
ZWL LAT shown frame=7 at_us=51745000
ZWL COMMIT client=1 surface=9 buffer=14 queued=0
ZWL LAT adopt surface=9 at_us=51747000
ZWL SHM_COPY client=1 surface=9 buffer=14 rows=0-300 sum=983ee077
ZWL LAT draw frame=8 at_us=51748000
ZWL LAT acquired frame=8 at_us=51772000
ZWL DAMAGE frame=8 image=1 x=440 y=293 width=400 height=300
ZWL LAT recorded frame=8 at_us=51793000
ZWL COMPOSE frame=8 image=1 windows=1 at_ms=51863
ZWL LAT submit frame=8 at_us=51863000
ZWL LAT shown frame=8 at_us=51873000
ZWL COMMIT client=1 surface=9 buffer=14 queued=0
ZWL LAT adopt surface=9 at_us=51874000
ZWL SHM_COPY client=1 surface=9 buffer=14 rows=0-300 sum=983ee077
ZWL LAT draw frame=9 at_us=51875000
ZWL LAT acquired frame=9 at_us=51905000
ZWL DAMAGE frame=9 image=2 x=440 y=293 width=400 height=300
ZWL LAT recorded frame=9 at_us=51926000
ZWL COMPOSE frame=9 image=2 windows=1 at_ms=52001
ZWL LAT submit frame=9 at_us=52001000
ZWL LAT shown frame=9 at_us=52012000
ZWL COMMIT client=1 surface=9 buffer=14 queued=0
ZWL LAT adopt surface=9 at_us=52013000
ZWL SHM_COPY client=1 surface=9 buffer=14 rows=0-300 sum=983ee077
ZWL LAT draw frame=10 at_us=52014000
ZWL LAT acquired frame=10 at_us=52038000
ZWL DAMAGE frame=10 image=0 x=440 y=293 width=400 height=300
ZWL LAT recorded frame=10 at_us=52058000
ZWL COMPOSE frame=10 image=0 windows=1 at_ms=52128
ZWL LAT submit frame=10 at_us=52128000
ZWL LAT shown frame=10 at_us=52138000
ZWL COMMIT client=1 surface=9 buffer=14 queued=0
ZWL LAT adopt surface=9 at_us=52139000
ZWL SHM_COPY client=1 surface=9 buffer=14 rows=0-300 sum=983ee077
ZWL LAT draw frame=11 at_us=52140000
ZWL LAT acquired frame=11 at_us=52171000
ZWL DAMAGE frame=11 image=1 x=440 y=293 width=400 height=300
ZWL LAT recorded frame=11 at_us=52192000
ZWL COMPOSE frame=11 image=1 windows=1 at_ms=52263
ZWL LAT submit frame=11 at_us=52263000
ZWL LAT shown frame=11 at_us=52273000
ZWL COMMIT client=1 surface=9 buffer=14 queued=0
ZWL LAT adopt surface=9 at_us=52274000
ZWL SHM_COPY client=1 surface=9 buffer=14 rows=0-300 sum=983ee077
ZWL LAT draw frame=12 at_us=52275000
ZWL LAT acquired frame=12 at_us=52306000
ZWL DAMAGE frame=12 image=2 x=440 y=293 width=400 height=300
ZWL LAT recorded frame=12 at_us=52327000
ZWL COMPOSE frame=12 image=2 windows=1 at_ms=52397
ZWL LAT submit frame=12 at_us=52397000
ZWL LAT shown frame=12 at_us=52407000
ZWL COMMIT client=1 surface=9 buffer=14 queued=0
ZWL LAT adopt surface=9 at_us=52408000
ZWL SHM_COPY client=1 surface=9 buffer=14 rows=0-300 sum=983ee077
ZWL LAT draw frame=13 at_us=52409000
ZWL LAT acquired frame=13 at_us=52438000
ZWL DAMAGE frame=13 image=0 x=440 y=293 width=400 height=300
ZWL LAT recorded frame=13 at_us=52458000
ZWL COMPOSE frame=13 image=0 windows=1 at_ms=52530
ZWL LAT submit frame=13 at_us=52530000
ZWL LAT shown frame=13 at_us=52540000
ZWL COMMIT client=1 surface=9 buffer=14 queued=0
ZWL LAT adopt surface=9 at_us=52541000
ZWL SHM_COPY client=1 surface=9 buffer=14 rows=0-300 sum=983ee077
ZWL LAT draw frame=14 at_us=52542000
ZWL LAT acquired frame=14 at_us=52569000
ZWL DAMAGE frame=14 image=1 x=440 y=293 width=400 height=300
ZWL LAT recorded frame=14 at_us=52590000
ZWL COMPOSE frame=14 image=1 windows=1 at_ms=52660
ZWL LAT submit frame=14 at_us=52660000
ZWL LAT shown frame=14 at_us=52671000
ZWL COMMIT client=1 surface=9 buffer=14 queued=0
ZWL LAT adopt surface=9 at_us=52672000
ZWL SHM_COPY client=1 surface=9 buffer=14 rows=0-300 sum=983ee077
ZWL LAT draw frame=15 at_us=52673000
ZWL LAT acquired frame=15 at_us=52702000
ZWL DAMAGE frame=15 image=2 x=440 y=293 width=400 height=300
ZWL LAT recorded frame=15 at_us=52723000
ZWL COMPOSE frame=15 image=2 windows=1 at_ms=52793
ZWL LAT submit frame=15 at_us=52793000
ZWL LAT shown frame=15 at_us=52803000
ZWL COMMIT client=1 surface=9 buffer=14 queued=0
ZWL LAT adopt surface=9 at_us=52804000
ZWL SHM_COPY client=1 surface=9 buffer=14 rows=0-300 sum=983ee077
ZWL LAT draw frame=16 at_us=52805000
ZWL LAT acquired frame=16 at_us=52824000
ZWL DAMAGE frame=16 image=0 x=440 y=293 width=400 height=300
ZWL LAT recorded frame=16 at_us=52845000
ZWL COMPOSE frame=16 image=0 windows=1 at_ms=52915
ZWL LAT submit frame=16 at_us=52915000
ZWL LAT shown frame=16 at_us=52925000
ZWL COMMIT client=1 surface=9 buffer=14 queued=0
ZWL LAT adopt surface=9 at_us=52926000
ZWL SHM_COPY client=1 surface=9 buffer=14 rows=0-300 sum=983ee077
ZWL LAT draw frame=17 at_us=52927000
ZWL LAT acquired frame=17 at_us=52955000
ZWL DAMAGE frame=17 image=1 x=440 y=293 width=400 height=300
ZWL LAT recorded frame=17 at_us=52977000
ZWL COMPOSE frame=17 image=1 windows=1 at_ms=53047
ZWL LAT submit frame=17 at_us=53047000
ZWL LAT shown frame=17 at_us=53056000
ZWL COMMIT client=1 surface=9 buffer=14 queued=0
ZWL LAT adopt surface=9 at_us=53057000
ZWL SHM_COPY client=1 surface=9 buffer=14 rows=0-300 sum=983ee077
ZWL LAT draw frame=18 at_us=53058000
ZWL LAT acquired frame=18 at_us=53075000
ZWL DAMAGE frame=18 image=2 x=440 y=293 width=400 height=300
ZWL LAT recorded frame=18 at_us=53095000
ZWL COMPOSE frame=18 image=2 windows=1 at_ms=53166
ZWL LAT submit frame=18 at_us=53167000
ZWL LAT shown frame=18 at_us=53177000
ZWL COMMIT client=1 surface=9 buffer=14 queued=0
ZWL LAT adopt surface=9 at_us=53178000
ZWL SHM_COPY client=1 surface=9 buffer=14 rows=0-300 sum=983ee077
ZWL LAT draw frame=19 at_us=53179000
ZWL LAT acquired frame=19 at_us=53198000
ZWL DAMAGE frame=19 image=0 x=440 y=293 width=400 height=300
ZWL LAT recorded frame=19 at_us=53218000
ZWL COMPOSE frame=19 image=0 windows=1 at_ms=53288
ZWL LAT submit frame=19 at_us=53288000
ZWL LAT shown frame=19 at_us=53298000
ZWL COMMIT client=1 surface=9 buffer=14 queued=0
ZWL LAT adopt surface=9 at_us=53299000
ZWL SHM_COPY client=1 surface=9 buffer=14 rows=0-300 sum=983ee077
ZWL LAT draw frame=20 at_us=53300000
ZWL LAT acquired frame=20 at_us=53331000
ZWL DAMAGE frame=20 image=1 x=440 y=293 width=400 height=300
ZWL LAT recorded frame=20 at_us=53352000
ZWL COMPOSE frame=20 image=1 windows=1 at_ms=53423
ZWL LAT submit frame=20 at_us=53423000
ZWL LAT shown frame=20 at_us=53434000
ZWL PERF 5013ms: passes=210 timeouts=157 | poll 36.2% work 80.9%
ZWL PERF compose frames=20 draw_ms=139.13 (acquire 31.60 submit+present 82.59) frame_ms=151.09
ZWL PERF shm copies=17 copy_ms=1.132
ZWL COMMIT client=1 surface=9 buffer=14 queued=0
ZWL LAT adopt surface=9 at_us=53435000
ZWL SHM_COPY client=1 surface=9 buffer=14 rows=0-300 sum=983ee077
ZWL LAT draw frame=21 at_us=53436000
ZWL LAT acquired frame=21 at_us=53465000
ZWL DAMAGE frame=21 image=2 x=440 y=293 width=400 height=300
ZWL LAT recorded frame=21 at_us=53485000
ZWL COMPOSE frame=21 image=2 windows=1 at_ms=53556
ZWL LAT submit frame=21 at_us=53556000
ZWL LAT shown frame=21 at_us=53566000
ZWL COMMIT client=1 surface=9 buffer=14 queued=0
ZWL LAT adopt surface=9 at_us=53567000
ZWL SHM_COPY client=1 surface=9 buffer=14 rows=0-300 sum=983ee077
ZWL LAT draw frame=22 at_us=53568000
ZWL LAT acquired frame=22 at_us=53598000
ZWL DAMAGE frame=22 image=0 x=440 y=293 width=400 height=300
ZWL LAT recorded frame=22 at_us=53619000
ZWL COMPOSE frame=22 image=0 windows=1 at_ms=53689
ZWL LAT submit frame=22 at_us=53689000
ZWL LAT shown frame=22 at_us=53699000
ZWL COMMIT client=1 surface=9 buffer=14 queued=0
ZWL LAT adopt surface=9 at_us=53700000
ZWL SHM_COPY client=1 surface=9 buffer=14 rows=0-300 sum=983ee077
ZWL LAT draw frame=23 at_us=53701000
ZWL LAT acquired frame=23 at_us=53730000
ZWL DAMAGE frame=23 image=1 x=440 y=293 width=400 height=300
ZWL LAT recorded frame=23 at_us=53751000
ZWL COMPOSE frame=23 image=1 windows=1 at_ms=53821
ZWL LAT submit frame=23 at_us=53821000
ZWL LAT shown frame=23 at_us=53831000
ZWL COMMIT client=1 surface=9 buffer=14 queued=0
ZWL LAT adopt surface=9 at_us=53832000
ZWL SHM_COPY client=1 surface=9 buffer=14 rows=0-300 sum=983ee077
ZWL LAT draw frame=24 at_us=53834000
ZWL LAT acquired frame=24 at_us=53861000
ZWL DAMAGE frame=24 image=2 x=440 y=293 width=400 height=300
ZWL LAT recorded frame=24 at_us=53882000
ZWL COMPOSE frame=24 image=2 windows=1 at_ms=53955
ZWL LAT submit frame=24 at_us=53955000
ZWL LAT shown frame=24 at_us=53965000
ZWL COMMIT client=1 surface=9 buffer=14 queued=0
ZWL LAT adopt surface=9 at_us=53966000
ZWL SHM_COPY client=1 surface=9 buffer=14 rows=0-300 sum=983ee077
ZWL LAT draw frame=25 at_us=53967000
ZWL LAT acquired frame=25 at_us=53996000
ZWL DAMAGE frame=25 image=0 x=440 y=293 width=400 height=300
ZWL LAT recorded frame=25 at_us=54017000
ZWL COMPOSE frame=25 image=0 windows=1 at_ms=54088
ZWL LAT submit frame=25 at_us=54088000
ZWL LAT shown frame=25 at_us=54098000
ZWL COMMIT client=1 surface=9 buffer=14 queued=0
ZWL LAT adopt surface=9 at_us=54099000
ZWL SHM_COPY client=1 surface=9 buffer=14 rows=0-300 sum=983ee077
ZWL LAT draw frame=26 at_us=54100000
ZWL LAT acquired frame=26 at_us=54113000
ZWL DAMAGE frame=26 image=1 x=440 y=293 width=400 height=300
ZWL LAT recorded frame=26 at_us=54134000
ZWL COMPOSE frame=26 image=1 windows=1 at_ms=54204
ZWL LAT submit frame=26 at_us=54204000
ZWL LAT shown frame=26 at_us=54214000
ZWL COMMIT client=1 surface=9 buffer=14 queued=0
ZWL LAT adopt surface=9 at_us=54214000
ZWL SHM_COPY client=1 surface=9 buffer=14 rows=0-300 sum=983ee077
ZWL LAT draw frame=27 at_us=54215000
ZWL LAT acquired frame=27 at_us=54236000
ZWL DAMAGE frame=27 image=2 x=440 y=293 width=400 height=300
ZWL LAT recorded frame=27 at_us=54258000
ZWL COMPOSE frame=27 image=2 windows=1 at_ms=54328
ZWL LAT submit frame=27 at_us=54328000
ZWL LAT shown frame=27 at_us=54338000
ZWL COMMIT client=1 surface=9 buffer=14 queued=0
ZWL LAT adopt surface=9 at_us=54338000
ZWL SHM_COPY client=1 surface=9 buffer=14 rows=0-300 sum=983ee077
ZWL LAT draw frame=28 at_us=54339000
ZWL LAT acquired frame=28 at_us=54371000
ZWL DAMAGE frame=28 image=0 x=440 y=293 width=400 height=300
ZWL LAT recorded frame=28 at_us=54393000
ZWL COMPOSE frame=28 image=0 windows=1 at_ms=54464
ZWL LAT submit frame=28 at_us=54464000
ZWL LAT shown frame=28 at_us=54474000
ZWL COMMIT client=1 surface=9 buffer=14 queued=0
ZWL LAT adopt surface=9 at_us=54475000
ZWL SHM_COPY client=1 surface=9 buffer=14 rows=0-300 sum=983ee077
ZWL LAT draw frame=29 at_us=54476000
ZWL LAT acquired frame=29 at_us=54503000
ZWL DAMAGE frame=29 image=1 x=440 y=293 width=400 height=300
ZWL LAT recorded frame=29 at_us=54524000
ZWL COMPOSE frame=29 image=1 windows=1 at_ms=54594
ZWL LAT submit frame=29 at_us=54594000
ZWL LAT shown frame=29 at_us=54604000
ZWL COMMIT client=1 surface=9 buffer=14 queued=0
ZWL LAT adopt surface=9 at_us=54604000
ZWL SHM_COPY client=1 surface=9 buffer=14 rows=0-300 sum=983ee077
ZWL LAT draw frame=30 at_us=54606000
ZWL LAT acquired frame=30 at_us=54624000
ZWL DAMAGE frame=30 image=2 x=440 y=293 width=400 height=300
ZWL LAT recorded frame=30 at_us=54646000
ZWL COMPOSE frame=30 image=2 windows=1 at_ms=54716
ZWL LAT submit frame=30 at_us=54716000
ZWL LAT shown frame=30 at_us=54725000
ZWL COMMIT client=1 surface=9 buffer=14 queued=0
ZWL LAT adopt surface=9 at_us=54726000
ZWL SHM_COPY client=1 surface=9 buffer=14 rows=0-300 sum=983ee077
ZWL LAT draw frame=31 at_us=54727000
ZWL LAT acquired frame=31 at_us=54757000
ZWL DAMAGE frame=31 image=0 x=440 y=293 width=400 height=300
ZWL LAT recorded frame=31 at_us=54777000
ZWL COMPOSE frame=31 image=0 windows=1 at_ms=54847
ZWL LAT submit frame=31 at_us=54847000
ZWL LAT shown frame=31 at_us=54857000
ZWL COMMIT client=1 surface=9 buffer=14 queued=0
ZWL LAT adopt surface=9 at_us=54858000
ZWL SHM_COPY client=1 surface=9 buffer=14 rows=0-300 sum=983ee077
ZWL LAT draw frame=32 at_us=54859000
ZWL LAT acquired frame=32 at_us=54877000
ZWL DAMAGE frame=32 image=1 x=440 y=293 width=400 height=300
ZWL LAT recorded frame=32 at_us=54898000
ZWL COMPOSE frame=32 image=1 windows=1 at_ms=54969
ZWL LAT submit frame=32 at_us=54969000
ZWL LAT shown frame=32 at_us=54979000
ZWL COMMIT client=1 surface=9 buffer=14 queued=0
ZWL LAT adopt surface=9 at_us=54980000
ZWL SHM_COPY client=1 surface=9 buffer=14 rows=0-300 sum=983ee077
ZWL LAT draw frame=33 at_us=54981000
ZWL LAT acquired frame=33 at_us=54994000
ZWL DAMAGE frame=33 image=2 x=440 y=293 width=400 height=300
