ZWL PREFERENCES open
ZWL DISPLAY device=llvmpipe (LLVM 19.1.7, 256 bits) width=1280 height=800 refresh_mhz=74994
ZWL STARTUP step=vulkan-device ms=210
ZWL STARTUP step=vulkan-objects-arrow ms=263
ZWL STARTUP step=wallpaper-picture ms=1764
ZWL STARTUP step=wallpaper ms=2000
ZWL STARTUP step=glyphs-text ms=28
ZWL STARTUP step=glyphs-icons ms=14
ZWL STARTUP step=glyphs-mark ms=22
ZWL GLASS atlas cache-top=380 cells=273 faces=1
ZWL STARTUP step=glyphs ms=166
ZWL GLASS ready text=1
ZWL STARTUP step=compose ms=2719 at_ms=62371
ZWL INPUT device=/dev/input/event0 kind=pointer abs=1
ZWL INPUT device=/dev/input/event1 kind=keyboard abs=0
ZWL INPUT device=/dev/input/event2 kind=pointer abs=0
ZWL INPUT device=/dev/input/event3 kind=keyboard abs=0
ZWL STARTUP step=input ms=1 at_ms=62372
ZWL KEYMAP format=xkb_v1 errno=0
ZWL STARTUP step=keymap ms=1 at_ms=62373
ZWL STARTUP step=socket ms=0 at_ms=62373
ZWL IME none program=/usr/libexec/keiland-ime errno=6
ZWL READY socket=/tmp/wayland-0 width=1280 height=800 timeout_ms=300000 pid=100
ZWL CORNER zone x=1252 y=0 width=28 height=28
ZWL OSK zone kind=flick x=1252 y=772 size=28
ZWL OSK zone kind=qwerty x=0 y=772 size=28
ZWL STARTUP step=output-display ms=5
ZWL STARTUP step=output-pipelines ms=161
ZWL STARTUP step=output-swapchain ms=384
ZWL STARTUP step=output-targets ms=90
ZWL OUTPUT open width=1280 height=800 images=3 format=37
ZWL MODE window switch_ms=640 at_ms=63023
ZWL LAT draw frame=1 at_us=63023000
ZWL LAT acquired frame=1 at_us=63024000
ZWL GLASS desktops x=823 step=46 width=40
ZWL NETWORK icon x=1067 y=3 width=30 height=28
ZWL VOLUME icon x=1034 y=3 width=30 height=28
ZWL LAT recorded frame=1 at_us=63045000
ZWL COMPOSE frame=1 image=0 windows=0 at_ms=63115
ZWL LAT submit frame=1 at_us=63115000
ZWL LAT shown frame=1 at_us=63125000
ZWL NETWORK state reachable=1 connected=1 kind=wired interface=ue0 wifi=absent ssid=
ZWL VOLUME reachable=1 device=0
ZWL LAT draw frame=2 at_us=63126000
ZWL LAT acquired frame=2 at_us=63249000
ZWL LAT recorded frame=2 at_us=63270000
ZWL COMPOSE frame=2 image=1 windows=0 at_ms=63340
ZWL LAT submit frame=2 at_us=63340000
ZWL LAT shown frame=2 at_us=63350000
ZWL CLIENT client=1 fd=18
ZWL LAT draw frame=3 at_us=64931000
ZWL LAT acquired frame=3 at_us=64931000
ZWL LAT recorded frame=3 at_us=64953000
ZWL COMPOSE frame=3 image=2 windows=0 at_ms=65023
ZWL LAT submit frame=3 at_us=65023000
ZWL LAT shown frame=3 at_us=65034000
ZWL TITLEBAR create client=1 titlebar=14 toplevel=10
ZWL CONFIGURE client=1 surface=8 serial=1 width=0 height=0 fullscreen=0
ZWL SEAT client=1 pointer=1 keyboard=0 touch=0
ZWL DECORATION applied client=1 surface=8 mode=2
ZWL COMMIT client=1 surface=8 buffer=18 queued=0
ZWL LAT adopt surface=8 at_us=65036000
ZWL MAP client=1 surface=8 x=440 y=293
ZWL SHM_COPY client=1 surface=8 buffer=18 rows=0-300 sum=983ee077
ZWL LAT draw frame=4 at_us=65246000
ZWL LAT acquired frame=4 at_us=65247000
ZWL LAT recorded frame=4 at_us=65268000
ZWL COMPOSE frame=4 image=0 windows=1 at_ms=65338
ZWL LAT submit frame=4 at_us=65338000
ZWL LAT shown frame=4 at_us=65349000
ZWL COMMIT client=1 surface=8 buffer=18 queued=0
ZWL LAT adopt surface=8 at_us=65349000
ZWL SHM_COPY client=1 surface=8 buffer=18 rows=0-300 sum=983ee077
ZWL LAT draw frame=5 at_us=65350000
ZWL LAT acquired frame=5 at_us=65371000
ZWL LAT recorded frame=5 at_us=65393000
ZWL COMPOSE frame=5 image=1 windows=1 at_ms=65462
ZWL LAT submit frame=5 at_us=65462000
ZWL LAT shown frame=5 at_us=65472000
ZWL COMMIT client=1 surface=8 buffer=18 queued=0
ZWL LAT adopt surface=8 at_us=65473000
ZWL SHM_COPY client=1 surface=8 buffer=18 rows=0-300 sum=983ee077
ZWL LAT draw frame=6 at_us=65474000
ZWL LAT acquired frame=6 at_us=65504000
ZWL LAT recorded frame=6 at_us=65526000
ZWL COMPOSE frame=6 image=2 windows=1 at_ms=65597
ZWL LAT submit frame=6 at_us=65597000
ZWL LAT shown frame=6 at_us=65607000
ZWL COMMIT client=1 surface=8 buffer=18 queued=0
ZWL LAT adopt surface=8 at_us=65608000
ZWL SHM_COPY client=1 surface=8 buffer=18 rows=0-300 sum=983ee077
ZWL LAT draw frame=7 at_us=65609000
ZWL LAT acquired frame=7 at_us=65635000
ZWL DAMAGE frame=7 image=0 x=440 y=293 width=400 height=300
ZWL LAT recorded frame=7 at_us=65665000
ZWL COMPOSE frame=7 image=0 windows=1 at_ms=65735
ZWL LAT submit frame=7 at_us=65735000
ZWL LAT shown frame=7 at_us=65746000
ZWL COMMIT client=1 surface=8 buffer=18 queued=0
ZWL LAT adopt surface=8 at_us=65747000
ZWL SHM_COPY client=1 surface=8 buffer=18 rows=0-300 sum=983ee077
ZWL LAT draw frame=8 at_us=65748000
ZWL LAT acquired frame=8 at_us=65768000
ZWL DAMAGE frame=8 image=1 x=440 y=293 width=400 height=300
ZWL LAT recorded frame=8 at_us=65789000
ZWL COMPOSE frame=8 image=1 windows=1 at_ms=65859
ZWL LAT submit frame=8 at_us=65859000
ZWL LAT shown frame=8 at_us=65869000
ZWL COMMIT client=1 surface=8 buffer=18 queued=0
ZWL LAT adopt surface=8 at_us=65869000
ZWL SHM_COPY client=1 surface=8 buffer=18 rows=0-300 sum=983ee077
ZWL LAT draw frame=9 at_us=65870000
ZWL LAT acquired frame=9 at_us=65889000
ZWL DAMAGE frame=9 image=2 x=440 y=293 width=400 height=300
ZWL LAT recorded frame=9 at_us=65910000
ZWL COMPOSE frame=9 image=2 windows=1 at_ms=65980
ZWL LAT submit frame=9 at_us=65981000
ZWL LAT shown frame=9 at_us=65991000
ZWL COMMIT client=1 surface=8 buffer=18 queued=0
ZWL LAT adopt surface=8 at_us=65992000
ZWL SHM_COPY client=1 surface=8 buffer=18 rows=0-300 sum=983ee077
ZWL LAT draw frame=10 at_us=65993000
ZWL LAT acquired frame=10 at_us=66023000
ZWL DAMAGE frame=10 image=0 x=440 y=293 width=400 height=300
ZWL LAT recorded frame=10 at_us=66044000
ZWL COMPOSE frame=10 image=0 windows=1 at_ms=66114
ZWL LAT submit frame=10 at_us=66114000
ZWL LAT shown frame=10 at_us=66124000
ZWL COMMIT client=1 surface=8 buffer=18 queued=0
ZWL LAT adopt surface=8 at_us=66124000
ZWL SHM_COPY client=1 surface=8 buffer=18 rows=0-300 sum=983ee077
ZWL LAT draw frame=11 at_us=66126000
ZWL LAT acquired frame=11 at_us=66143000
ZWL DAMAGE frame=11 image=1 x=440 y=293 width=400 height=300
ZWL LAT recorded frame=11 at_us=66164000
ZWL COMPOSE frame=11 image=1 windows=1 at_ms=66236
ZWL LAT submit frame=11 at_us=66236000
ZWL LAT shown frame=11 at_us=66246000
ZWL COMMIT client=1 surface=8 buffer=18 queued=0
ZWL LAT adopt surface=8 at_us=66246000
ZWL SHM_COPY client=1 surface=8 buffer=18 rows=0-300 sum=983ee077
ZWL LAT draw frame=12 at_us=66248000
ZWL LAT acquired frame=12 at_us=66278000
ZWL DAMAGE frame=12 image=2 x=440 y=293 width=400 height=300
ZWL LAT recorded frame=12 at_us=66299000
ZWL COMPOSE frame=12 image=2 windows=1 at_ms=66369
ZWL LAT submit frame=12 at_us=66369000
ZWL LAT shown frame=12 at_us=66379000
ZWL COMMIT client=1 surface=8 buffer=18 queued=0
ZWL LAT adopt surface=8 at_us=66380000
ZWL SHM_COPY client=1 surface=8 buffer=18 rows=0-300 sum=983ee077
ZWL LAT draw frame=13 at_us=66382000
ZWL LAT acquired frame=13 at_us=66411000
ZWL DAMAGE frame=13 image=0 x=440 y=293 width=400 height=300
ZWL LAT recorded frame=13 at_us=66431000
ZWL COMPOSE frame=13 image=0 windows=1 at_ms=66505
ZWL LAT submit frame=13 at_us=66505000
ZWL LAT shown frame=13 at_us=66515000
ZWL COMMIT client=1 surface=8 buffer=18 queued=0
ZWL LAT adopt surface=8 at_us=66516000
ZWL SHM_COPY client=1 surface=8 buffer=18 rows=0-300 sum=983ee077
ZWL LAT draw frame=14 at_us=66517000
ZWL LAT acquired frame=14 at_us=66542000
ZWL DAMAGE frame=14 image=1 x=440 y=293 width=400 height=300
ZWL LAT recorded frame=14 at_us=66563000
ZWL COMPOSE frame=14 image=1 windows=1 at_ms=66633
ZWL LAT submit frame=14 at_us=66633000
ZWL LAT shown frame=14 at_us=66644000
ZWL COMMIT client=1 surface=8 buffer=18 queued=0
ZWL LAT adopt surface=8 at_us=66645000
ZWL SHM_COPY client=1 surface=8 buffer=18 rows=0-300 sum=983ee077
ZWL LAT draw frame=15 at_us=66646000
ZWL LAT acquired frame=15 at_us=66663000
ZWL DAMAGE frame=15 image=2 x=440 y=293 width=400 height=300
ZWL LAT recorded frame=15 at_us=66685000
ZWL COMPOSE frame=15 image=2 windows=1 at_ms=66755
ZWL LAT submit frame=15 at_us=66755000
ZWL LAT shown frame=15 at_us=66765000
ZWL COMMIT client=1 surface=8 buffer=18 queued=0
ZWL LAT adopt surface=8 at_us=66766000
ZWL SHM_COPY client=1 surface=8 buffer=18 rows=0-300 sum=983ee077
ZWL LAT draw frame=16 at_us=66767000
ZWL LAT acquired frame=16 at_us=66785000
ZWL DAMAGE frame=16 image=0 x=440 y=293 width=400 height=300
ZWL LAT recorded frame=16 at_us=66806000
ZWL COMPOSE frame=16 image=0 windows=1 at_ms=66876
ZWL LAT submit frame=16 at_us=66876000
ZWL LAT shown frame=16 at_us=66886000
ZWL COMMIT client=1 surface=8 buffer=18 queued=0
ZWL LAT adopt surface=8 at_us=66886000
ZWL SHM_COPY client=1 surface=8 buffer=18 rows=0-300 sum=983ee077
ZWL LAT draw frame=17 at_us=66888000
ZWL LAT acquired frame=17 at_us=66917000
ZWL DAMAGE frame=17 image=1 x=440 y=293 width=400 height=300
ZWL LAT recorded frame=17 at_us=66938000
ZWL COMPOSE frame=17 image=1 windows=1 at_ms=67008
ZWL LAT submit frame=17 at_us=67008000
ZWL LAT shown frame=17 at_us=67018000
ZWL COMMIT client=1 surface=8 buffer=18 queued=0
ZWL LAT adopt surface=8 at_us=67019000
ZWL SHM_COPY client=1 surface=8 buffer=18 rows=0-300 sum=983ee077
ZWL LAT draw frame=18 at_us=67020000
ZWL LAT acquired frame=18 at_us=67037000
ZWL DAMAGE frame=18 image=2 x=440 y=293 width=400 height=300
ZWL LAT recorded frame=18 at_us=67058000
ZWL COMPOSE frame=18 image=2 windows=1 at_ms=67129
ZWL LAT submit frame=18 at_us=67129000
ZWL LAT shown frame=18 at_us=67139000
ZWL COMMIT client=1 surface=8 buffer=18 queued=0
ZWL LAT adopt surface=8 at_us=67140000
ZWL SHM_COPY client=1 surface=8 buffer=18 rows=0-300 sum=983ee077
ZWL LAT draw frame=19 at_us=67141000
ZWL LAT acquired frame=19 at_us=67173000
ZWL DAMAGE frame=19 image=0 x=440 y=293 width=400 height=300
ZWL LAT recorded frame=19 at_us=67194000
ZWL COMPOSE frame=19 image=0 windows=1 at_ms=67264
ZWL LAT submit frame=19 at_us=67264000
ZWL LAT shown frame=19 at_us=67274000
ZWL COMMIT client=1 surface=8 buffer=18 queued=0
ZWL LAT adopt surface=8 at_us=67274000
ZWL SHM_COPY client=1 surface=8 buffer=18 rows=0-300 sum=983ee077
ZWL LAT draw frame=20 at_us=67276000
ZWL LAT acquired frame=20 at_us=67306000
ZWL DAMAGE frame=20 image=1 x=440 y=293 width=400 height=300
ZWL LAT recorded frame=20 at_us=67327000
ZWL COMPOSE frame=20 image=1 windows=1 at_ms=67399
ZWL LAT submit frame=20 at_us=67399000
ZWL LAT shown frame=20 at_us=67409000
ZWL PERF 5026ms: passes=202 timeouts=157 | poll 36.7% work 80.5%
ZWL PERF compose frames=20 draw_ms=137.91 (acquire 30.33 submit+present 82.35) frame_ms=149.97
ZWL PERF shm copies=17 copy_ms=1.325
ZWL COMMIT client=1 surface=8 buffer=18 queued=0
ZWL LAT adopt surface=8 at_us=67411000
ZWL SHM_COPY client=1 surface=8 buffer=18 rows=0-300 sum=983ee077
ZWL LAT draw frame=21 at_us=67412000
ZWL LAT acquired frame=21 at_us=67439000
ZWL DAMAGE frame=21 image=2 x=440 y=293 width=400 height=300
ZWL LAT recorded frame=21 at_us=67458000
ZWL COMPOSE frame=21 image=2 windows=1 at_ms=67529
ZWL LAT submit frame=21 at_us=67529000
ZWL LAT shown frame=21 at_us=67540000
ZWL COMMIT client=1 surface=8 buffer=18 queued=0
ZWL LAT adopt surface=8 at_us=67540000
ZWL SHM_COPY client=1 surface=8 buffer=18 rows=0-300 sum=983ee077
ZWL LAT draw frame=22 at_us=67541000
ZWL LAT acquired frame=22 at_us=67573000
ZWL DAMAGE frame=22 image=0 x=440 y=293 width=400 height=300
ZWL LAT recorded frame=22 at_us=67594000
ZWL COMPOSE frame=22 image=0 windows=1 at_ms=67664
ZWL LAT submit frame=22 at_us=67664000
ZWL LAT shown frame=22 at_us=67674000
ZWL COMMIT client=1 surface=8 buffer=18 queued=0
ZWL LAT adopt surface=8 at_us=67675000
ZWL SHM_COPY client=1 surface=8 buffer=18 rows=0-300 sum=983ee077
ZWL LAT draw frame=23 at_us=67676000
ZWL LAT acquired frame=23 at_us=67706000
ZWL DAMAGE frame=23 image=1 x=440 y=293 width=400 height=300
ZWL LAT recorded frame=23 at_us=67727000
ZWL COMPOSE frame=23 image=1 windows=1 at_ms=67797
ZWL LAT submit frame=23 at_us=67797000
ZWL LAT shown frame=23 at_us=67807000
ZWL COMMIT client=1 surface=8 buffer=18 queued=0
ZWL LAT adopt surface=8 at_us=67808000
ZWL SHM_COPY client=1 surface=8 buffer=18 rows=0-300 sum=983ee077
ZWL LAT draw frame=24 at_us=67809000
ZWL LAT acquired frame=24 at_us=67839000
ZWL DAMAGE frame=24 image=2 x=440 y=293 width=400 height=300
ZWL LAT recorded frame=24 at_us=67860000
ZWL COMPOSE frame=24 image=2 windows=1 at_ms=67933
ZWL LAT submit frame=24 at_us=67933000
ZWL LAT shown frame=24 at_us=67943000
ZWL COMMIT client=1 surface=8 buffer=18 queued=0
ZWL LAT adopt surface=8 at_us=67944000
ZWL SHM_COPY client=1 surface=8 buffer=18 rows=0-300 sum=983ee077
ZWL LAT draw frame=25 at_us=67945000
ZWL LAT acquired frame=25 at_us=67968000
ZWL DAMAGE frame=25 image=0 x=440 y=293 width=400 height=300
ZWL LAT recorded frame=25 at_us=67988000
ZWL COMPOSE frame=25 image=0 windows=1 at_ms=68059
ZWL LAT submit frame=25 at_us=68059000
ZWL LAT shown frame=25 at_us=68069000
ZWL COMMIT client=1 surface=8 buffer=18 queued=0
ZWL LAT adopt surface=8 at_us=68070000
ZWL SHM_COPY client=1 surface=8 buffer=18 rows=0-300 sum=983ee077
ZWL LAT draw frame=26 at_us=68071000
ZWL LAT acquired frame=26 at_us=68090000
ZWL DAMAGE frame=26 image=1 x=440 y=293 width=400 height=300
ZWL LAT recorded frame=26 at_us=68112000
ZWL COMPOSE frame=26 image=1 windows=1 at_ms=68182
ZWL LAT submit frame=26 at_us=68182000
ZWL LAT shown frame=26 at_us=68192000
ZWL COMMIT client=1 surface=8 buffer=18 queued=0
ZWL LAT adopt surface=8 at_us=68193000
ZWL SHM_COPY client=1 surface=8 buffer=18 rows=0-300 sum=983ee077
ZWL LAT draw frame=27 at_us=68194000
ZWL LAT acquired frame=27 at_us=68212000
ZWL DAMAGE frame=27 image=2 x=440 y=293 width=400 height=300
ZWL LAT recorded frame=27 at_us=68233000
ZWL COMPOSE frame=27 image=2 windows=1 at_ms=68302
ZWL LAT submit frame=27 at_us=68302000
ZWL LAT shown frame=27 at_us=68313000
ZWL COMMIT client=1 surface=8 buffer=18 queued=0
ZWL LAT adopt surface=8 at_us=68313000
ZWL SHM_COPY client=1 surface=8 buffer=18 rows=0-300 sum=983ee077
ZWL LAT draw frame=28 at_us=68314000
ZWL LAT acquired frame=28 at_us=68345000
ZWL DAMAGE frame=28 image=0 x=440 y=293 width=400 height=300
ZWL LAT recorded frame=28 at_us=68367000
ZWL COMPOSE frame=28 image=0 windows=1 at_ms=68437
ZWL LAT submit frame=28 at_us=68437000
ZWL LAT shown frame=28 at_us=68448000
ZWL COMMIT client=1 surface=8 buffer=18 queued=0
ZWL LAT adopt surface=8 at_us=68449000
ZWL SHM_COPY client=1 surface=8 buffer=18 rows=0-300 sum=983ee077
ZWL LAT draw frame=29 at_us=68451000
ZWL LAT acquired frame=29 at_us=68478000
ZWL DAMAGE frame=29 image=1 x=440 y=293 width=400 height=300
ZWL LAT recorded frame=29 at_us=68499000
ZWL COMPOSE frame=29 image=1 windows=1 at_ms=68569
ZWL LAT submit frame=29 at_us=68569000
ZWL LAT shown frame=29 at_us=68579000
ZWL COMMIT client=1 surface=8 buffer=18 queued=0
ZWL LAT adopt surface=8 at_us=68580000
ZWL SHM_COPY client=1 surface=8 buffer=18 rows=0-300 sum=983ee077
ZWL LAT draw frame=30 at_us=68581000
ZWL LAT acquired frame=30 at_us=68613000
ZWL DAMAGE frame=30 image=2 x=440 y=293 width=400 height=300
ZWL LAT recorded frame=30 at_us=68634000
ZWL COMPOSE frame=30 image=2 windows=1 at_ms=68704
ZWL LAT submit frame=30 at_us=68704000
ZWL LAT shown frame=30 at_us=68714000
ZWL COMMIT client=1 surface=8 buffer=18 queued=0
ZWL LAT adopt surface=8 at_us=68715000
ZWL SHM_COPY client=1 surface=8 buffer=18 rows=0-300 sum=983ee077
ZWL LAT draw frame=31 at_us=68716000
ZWL LAT acquired frame=31 at_us=68746000
ZWL DAMAGE frame=31 image=0 x=440 y=293 width=400 height=300
ZWL LAT recorded frame=31 at_us=68767000
ZWL COMPOSE frame=31 image=0 windows=1 at_ms=68837
ZWL LAT submit frame=31 at_us=68837000
ZWL LAT shown frame=31 at_us=68847000
ZWL COMMIT client=1 surface=8 buffer=18 queued=0
ZWL LAT adopt surface=8 at_us=68848000
ZWL SHM_COPY client=1 surface=8 buffer=18 rows=0-300 sum=983ee077
ZWL LAT draw frame=32 at_us=68848000
ZWL LAT acquired frame=32 at_us=68879000
ZWL DAMAGE frame=32 image=1 x=440 y=293 width=400 height=300
ZWL LAT recorded frame=32 at_us=68901000
ZWL COMPOSE frame=32 image=1 windows=1 at_ms=68972
ZWL LAT submit frame=32 at_us=68972000
ZWL LAT shown frame=32 at_us=68981000
ZWL COMMIT client=1 surface=8 buffer=18 queued=0
ZWL LAT adopt surface=8 at_us=68983000
ZWL SHM_COPY client=1 surface=8 buffer=18 rows=0-300 sum=983ee077
ZWL LAT draw frame=33 at_us=68984000
ZWL LAT acquired frame=33 at_us=68995000
ZWL DAMAGE frame=33 image=2 x=440 y=293 width=400 height=300
