ZWL PREFERENCES open
ZWL DISPLAY device=llvmpipe (LLVM 19.1.7, 256 bits) width=1280 height=800 refresh_mhz=74994
ZWL STARTUP step=vulkan-device ms=248
ZWL STARTUP step=vulkan-objects-arrow ms=4
ZWL STARTUP step=wallpaper-picture ms=13
ZWL STARTUP step=wallpaper ms=42
ZWL STARTUP step=glyphs-text ms=73
ZWL STARTUP step=glyphs-icons ms=4
ZWL STARTUP step=glyphs-mark ms=17
ZWL GLASS atlas cache-top=380 cells=273 faces=1
ZWL STARTUP step=glyphs ms=94
ZWL GLASS ready text=1
ZWL STARTUP step=compose ms=388 at_ms=114606
ZWL INPUT device=/dev/input/event5 kind=pointer abs=1
ZWL INPUT device=/dev/input/event3 kind=keyboard abs=0
ZWL INPUT device=/dev/input/event1 kind=pointer abs=0
ZWL INPUT device=/dev/input/event0 kind=keyboard abs=0
ZWL STARTUP step=input ms=54 at_ms=114660
ZWL KEYMAP format=xkb_v1 errno=0
ZWL STARTUP step=keymap ms=0 at_ms=114660
ZWL STARTUP step=socket ms=0 at_ms=114660
ZWL CLIENT client=1 fd=17 ime=1
ZWL IME started pid=753 client=1
ZWL READY socket=/run/p3-q592/wayland-q592 width=1280 height=800 timeout_ms=18446744073709551615 pid=737
ZWL CORNER zone x=1252 y=0 width=28 height=28
ZWL OSK zone kind=flick x=1252 y=772 size=28
ZWL OSK zone kind=qwerty x=0 y=772 size=28
ZWL NETWORK state reachable=0 connected=1 kind=wired interface=enp0s5 wifi=absent ssid=
ZWL VOLUME reachable=1 device=1
ZWL DESKTOP start pid=754 command=/opt/keiland/bin/files --desktop at_ms=114673
ZWL STARTUP step=output-display ms=0
KEI-IME LANGUAGE id=direct
ZWL STARTUP step=output-pipelines ms=25
ZWL STARTUP step=output-swapchain ms=7
ZWL STARTUP step=output-targets ms=0
ZWL OUTPUT open width=1280 height=800 images=3 format=44
ZWL MODE window switch_ms=32 at_ms=114705
ZWL GLASS desktops x=824 step=46 width=40
ZWL NETWORK icon x=1068 y=3 width=30 height=28
ZWL VOLUME icon x=1035 y=3 width=30 height=28
ZWL CLIENT client=2 fd=22
ZWL IME language=direct
KEI-IME READY languages=2
ZWL DESKTOP role client=2 surface=8 x=0 y=34 width=1280 height=766
ZWL SEAT client=2 pointer=1 keyboard=0 touch=0
ZWL SEAT client=2 pointer=1 keyboard=1 touch=0
ZFILES DESKTOP configure x=0 y=34 width=1280 height=766
ZWL DESKTOP ack serial=2
ZFILES LOCATION kind=folder path=/root/Desktop items=0 error=0
ZFILES DESKTOP layout saved=0 error=0
ZFILES DESKTOP grid width=1280 height=766 columns=13 rows=7
ZFILES DESKTOP ready items=0 cells=0 width=1280 height=766 at_ms=114886 newest_age_ms=-1 hidden=0
ZWL IMPORT client=2 buffer=22 width=1280 height=766 bytes=3932160
ZWL IMPORT client=2 buffer=24 width=1280 height=766 bytes=3932160
ZWL IMPORT client=2 buffer=26 width=1280 height=766 bytes=3932160
ZWL DESKTOP drawn at_ms=114927
ZFILES MENU context-only
ZFILES DESKTOP startup entered_ms=114683 fonts=20 instance=52 window=48 present=74 app=2 canvas=0 draw=7 shown=41 menus=15
ZFILES READY width=1280 height=766 token=-
ZWL PERF 5007ms: passes=476 timeouts=462 | poll 96.8% work 3.7%
ZWL PERF compose frames=3 draw_ms=43.26 (acquire 0.06 submit+present 43.04) frame_ms=43.34
ZWL PERF 5008ms: passes=473 timeouts=473 | poll 96.3% work 0.4%
ZWL PERF 5007ms: passes=477 timeouts=477 | poll 97.2% work 0.4%
ZWL PERF 5005ms: passes=472 timeouts=472 | poll 96.2% work 0.4%
ZWL PERF 5003ms: passes=477 timeouts=477 | poll 97.3% work 0.4%
ZWL PERF 5037ms: passes=475 timeouts=475 | poll 96.2% work 0.4%
ZWL PERF 5002ms: passes=476 timeouts=476 | poll 97.3% work 0.4%
ZWL CLIENT client=3 fd=23
ZWL CONFIGURE client=3 surface=8 serial=3 width=0 height=0 fullscreen=0
ZWL DECORATION applied client=3 surface=8 mode=1
ZWL CLIENT client=4 fd=28
ZWL CLIENT gone client=3 reason=read
ZWL CLEANUP client=3 objects=9 unread_fds=0
ZWL DECORATION configure client=4 mode=1
ZWL CONFIGURE client=4 surface=8 serial=4 width=0 height=0 fullscreen=0
ZWL DECORATION applied client=4 surface=8 mode=1
ZWL DECORATION asked client=4 mode=2
ZWL DECORATION configure client=4 mode=2
ZWL CONFIGURE client=4 surface=8 serial=5 width=0 height=0 fullscreen=0
ZWL DECORATION applied client=4 surface=8 mode=2
ZWL DECORATION asked client=4 mode=1
ZWL DECORATION configure client=4 mode=1
ZWL CONFIGURE client=4 surface=8 serial=6 width=0 height=0 fullscreen=0
ZWL DECORATION asked client=4 mode=2
ZWL DECORATION configure client=4 mode=2
ZWL CONFIGURE client=4 surface=8 serial=7 width=0 height=0 fullscreen=0
ZWL DECORATION applied client=4 surface=8 mode=1
ZWL DECORATION applied client=4 surface=8 mode=2
ZWL DECORATION asked client=4 mode=2
ZWL DECORATION configure client=4 mode=2
ZWL CONFIGURE client=4 surface=8 serial=8 width=0 height=0 fullscreen=0
ZWL DECORATION asked client=4 mode=1
ZWL DECORATION configure client=4 mode=1
ZWL CONFIGURE client=4 surface=8 serial=9 width=0 height=0 fullscreen=0
ZWL DECORATION applied client=4 surface=8 mode=1
ZWL DECORATION asked client=4 mode=2
ZWL DECORATION configure client=4 mode=2
ZWL CONFIGURE client=4 surface=8 serial=10 width=0 height=0 fullscreen=0
ZWL DECORATION asked client=4 mode=1
ZWL DECORATION configure client=4 mode=1
ZWL CONFIGURE client=4 surface=8 serial=11 width=0 height=0 fullscreen=0
ZWL DECORATION applied client=4 surface=8 mode=2
ZWL DECORATION applied client=4 surface=8 mode=1
ZWL DECORATION asked client=4 mode=2
ZWL DECORATION configure client=4 mode=2
ZWL CONFIGURE client=4 surface=8 serial=12 width=0 height=0 fullscreen=0
ZWL DECORATION applied client=4 surface=8 mode=2
ZWL DECORATION asked client=4 mode=0
ZWL DECORATION configure client=4 mode=1
ZWL CONFIGURE client=4 surface=8 serial=13 width=0 height=0 fullscreen=0
ZWL DECORATION applied client=4 surface=8 mode=1
ZWL DECORATION asked client=4 mode=2
ZWL DECORATION configure client=4 mode=2
ZWL CONFIGURE client=4 surface=8 serial=14 width=0 height=0 fullscreen=0
ZWL DECORATION applied client=4 surface=8 mode=2
ZWL DECORATION asked client=4 mode=2
ZWL DECORATION configure client=4 mode=2
ZWL CONFIGURE client=4 surface=8 serial=15 width=0 height=0 fullscreen=0
ZWL DECORATION applied client=4 surface=8 mode=1
ZWL CLIENT gone client=4 reason=read
ZWL CLEANUP client=4 objects=9 unread_fds=0
ZWL CLIENT client=5 fd=23
ZWL TITLEBAR create client=5 titlebar=12 toplevel=10
ZWL CONFIGURE client=5 surface=8 serial=16 width=0 height=0 fullscreen=0
ZWL DECORATION applied client=5 surface=8 mode=2
ZWL DECORATION applied client=5 surface=8 mode=1
ZWL CLIENT client=6 fd=28
ZWL CLIENT gone client=5 reason=read
ZWL CLEANUP client=5 objects=9 unread_fds=0
ZWL TITLEBAR create client=6 titlebar=12 toplevel=10
ZWL DECORATION configure client=6 mode=1
ZWL CONFIGURE client=6 surface=8 serial=17 width=0 height=0 fullscreen=0
ZWL DECORATION applied client=6 surface=8 mode=1
ZWL CLIENT gone client=6 reason=read
ZWL CLEANUP client=6 objects=11 unread_fds=0
ZWL CLIENT client=7 fd=23
ZWL DECORATION configure client=7 mode=1
ZWL ERROR client=7 object=6 code=1 reason=the toplevel has a decoration emit=0
ZWL CLIENT gone client=7 reason=error
ZWL CLEANUP client=7 objects=10 unread_fds=0
ZWL CLIENT client=8 fd=23
ZWL DECORATION configure client=8 mode=1
ZWL ERROR client=8 object=12 code=3 reason=not a decoration mode emit=0
ZWL CLIENT gone client=8 reason=error
ZWL CLEANUP client=8 objects=10 unread_fds=0
ZWL PERF 5010ms: passes=600 timeouts=445 | poll 90.5% work 6.2%
ZWL PERF compose frames=25 draw_ms=11.68 (acquire 0.01 submit+present 11.59) frame_ms=11.87
ZWL PERF 5008ms: passes=478 timeouts=478 | poll 97.4% work 0.4%
ZWL CLIENT client=9 fd=23
ZWL TABLET seat client=9
ZWL SEAT client=9 pointer=1 keyboard=0 touch=0
ZWL SEAT client=9 pointer=1 keyboard=1 touch=0
ZWL BOUNDS client=9 surface=23 width=1256 height=690
ZWL CONFIGURE client=9 surface=23 serial=18 width=0 height=0 fullscreen=0
ZWL VIEWPORT surface=23 source=0,0,0,0 destination=728,489
ZWL DECORATION applied client=9 surface=23 mode=1
ZWL MAP client=9 surface=23 x=276 y=198
ZWL IME activate client=9
ZWL CURSOR shape client=9 shape=1 image=10
KEI-IME ACTIVATE
ZWL PERF 5004ms: passes=479 timeouts=462 | poll 95.0% work 1.8%
ZWL PERF compose frames=4 draw_ms=15.34 (acquire 0.03 submit+present 15.16) frame_ms=16.90
ZWL PERF shm copies=3 copy_ms=3.429
ZWL PERF 5007ms: passes=479 timeouts=479 | poll 97.6% work 0.4%
ZWL PERF 5034ms: passes=473 timeouts=473 | poll 96.2% work 0.4%
ZWL PERF 5000ms: passes=476 timeouts=476 | poll 97.1% work 0.4%
ZWL PERF 5011ms: passes=471 timeouts=471 | poll 95.8% work 0.4%
ZWL CURSOR client=9 shown=1
ZWL PING pong client=9 serial=23
ZWL IME deactivate
KEI-IME DEACTIVATE
ZWL PERF 5007ms: passes=486 timeouts=461 | poll 92.0% work 5.5%
ZWL PERF compose frames=21 draw_ms=12.05 (acquire 0.01 submit+present 11.92) frame_ms=14.10
ZWL PERF shm copies=20 copy_ms=0.035
ZWL POPUP create client=9 popup=41 surface=39 parent=23 x=-18 y=40 width=127 height=84
ZWL POPUP grab popup=41 surface=39
ZWL POPUP configure surface=39 serial=25 x=-18 y=40 width=127 height=84
ZWL VIEWPORT surface=39 source=0,0,0,0 destination=133,90
ZWL POPUP map surface=39 x=269 y=248 grab=1
ZWL CURSOR shape client=9 shape=1 image=10
ZWL PING pong client=9 serial=32
ZWL CURSOR shape client=9 shape=1 image=10
ZWL CURSOR shape client=9 shape=9 image=0
ZWL CURSOR shape client=9 shape=1 image=10
ZWL POPUP create client=9 popup=44 surface=35 parent=23 x=-31 y=44 width=153 height=32
ZWL POPUP configure surface=35 serial=39 x=-31 y=44 width=153 height=32
ZWL POPUP configure surface=35 serial=40 x=45 y=44 width=1 height=1
ZWL POPUP configure surface=35 serial=41 x=-31 y=44 width=153 height=32
ZWL VIEWPORT surface=35 source=0,0,0,0 destination=153,32
ZWL POPUP map surface=35 x=259 y=254 grab=0
ZWL PERF 5007ms: passes=461 timeouts=435 | poll 88.1% work 9.0%
ZWL PERF compose frames=20 draw_ms=21.24 (acquire 0.01 submit+present 21.08) frame_ms=23.00
ZWL PERF shm copies=14 copy_ms=0.036
ZWL PING pong client=9 serial=43
ZWL BOUNDS client=9 surface=40 width=1256 height=690
ZWL CONFIGURE client=9 surface=40 serial=45 width=0 height=0 fullscreen=0
ZWL VIEWPORT surface=40 source=0,0,0,0 destination=388,189
ZWL DECORATION applied client=9 surface=40 mode=1
ZWL MAP client=9 surface=40 x=446 y=348
ZWL CURSOR shape client=9 shape=1 image=10
ZWL PERF 5005ms: passes=479 timeouts=467 | poll 95.0% work 3.0%
ZWL PERF compose frames=7 draw_ms=18.07 (acquire 0.01 submit+present 17.92) frame_ms=19.30
ZWL PERF shm copies=5 copy_ms=0.292
ZWL PERF 5009ms: passes=474 timeouts=474 | poll 96.4% work 0.4%
ZWL PERF 5000ms: passes=479 timeouts=479 | poll 97.5% work 0.4%
ZWL PERF 5020ms: passes=476 timeouts=476 | poll 96.2% work 0.8%
ZWL PERF compose frames=1 draw_ms=22.36 (acquire 0.02 submit+present 22.09) frame_ms=24.47
ZWL PING pong client=9 serial=52
ZWL CURSOR shape client=9 shape=1 image=10
ZWL CURSOR shape client=9 shape=9 image=0
ZWL CURSOR shape client=9 shape=1 image=10
ZWL PING pong client=9 serial=60
ZWL GLASS dock surface=23 via=request buttons=771,725,679 title=65 x=0 y=38 w=1280 h=762
ZWL CONFIGURE client=9 surface=23 serial=62 width=1280 height=762 fullscreen=0
ZWL VIEWPORT surface=23 source=0,0,0,0 destination=1280,762
ZWL PERF 5001ms: passes=468 timeouts=451 | poll 90.8% work 6.6%
ZWL PERF compose frames=16 draw_ms=18.52 (acquire 0.01 submit+present 18.38) frame_ms=20.19
ZWL PERF shm copies=6 copy_ms=1.683
ZWL GLASS undock surface=23 via=request x=276 y=198
ZWL BOUNDS client=9 surface=23 width=1256 height=690
ZWL CONFIGURE client=9 surface=23 serial=63 width=700 height=460 fullscreen=0
ZWL VIEWPORT surface=23 source=0,0,0,0 destination=728,489
ZWL PERF 5207ms: passes=462 timeouts=460 | poll 89.2% work 3.7%
ZWL PERF compose frames=7 draw_ms=24.60 (acquire 0.01 submit+present 24.44) frame_ms=26.47
ZWL PERF shm copies=1 copy_ms=1.126
ZWL PING pong client=9 serial=65
ZWL CONFIGURE client=9 surface=23 serial=67 width=1280 height=800 fullscreen=1
ZWL GLASS bar hidden fullscreen=23
ZWL VIEWPORT surface=23 source=0,0,0,0 destination=1280,800
ZWL CURSOR shape client=9 shape=9 image=0
ZWL WINDOW unfullscreen surface=23 x=276 y=198 placed=1
ZWL BOUNDS client=9 surface=23 width=1256 height=690
ZWL CONFIGURE client=9 surface=23 serial=68 width=700 height=460 fullscreen=0
ZWL GLASS bar shown
ZWL VIEWPORT surface=23 source=0,0,0,0 destination=728,489
ZWL CURSOR shape client=9 shape=1 image=10
ZWL PERF 5004ms: passes=424 timeouts=411 | poll 87.2% work 10.4%
ZWL PERF compose frames=10 draw_ms=49.43 (acquire 0.01 submit+present 49.29) frame_ms=50.95
ZWL PERF shm copies=7 copy_ms=0.856
ZWL PERF 5007ms: passes=473 timeouts=473 | poll 96.4% work 0.4%
ZWL PING pong client=9 serial=70
ZWL GLASS request move surface=23
ZWL GLASS moved surface=23 x=212 y=158
ZWL PERF 5007ms: passes=472 timeouts=456 | poll 92.4% work 4.7%
ZWL PERF compose frames=12 draw_ms=17.78 (acquire 0.01 submit+present 17.61) frame_ms=19.42
ZWL PERF shm copies=1 copy_ms=0.031
ZWL PERF 5008ms: passes=474 timeouts=474 | poll 96.6% work 0.4%
ZWL PERF 5002ms: passes=477 timeouts=477 | poll 97.3% work 0.4%
ZWL PERF 5006ms: passes=472 timeouts=472 | poll 96.2% work 0.4%
ZWL PERF 5002ms: passes=477 timeouts=477 | poll 97.3% work 0.4%
ZWL PERF 5003ms: passes=473 timeouts=473 | poll 96.4% work 0.4%
ZWL CLIENT client=10 fd=33
ZWL TABLET seat client=10
ZWL SEAT client=10 pointer=1 keyboard=0 touch=0
ZWL SEAT client=10 pointer=1 keyboard=1 touch=0
ZWL BOUNDS client=10 surface=23 width=1256 height=690
ZWL CONFIGURE client=10 surface=23 serial=72 width=0 height=0 fullscreen=0
ZWL VIEWPORT surface=23 source=0,0,0,0 destination=728,489
ZWL DECORATION applied client=10 surface=23 mode=1
ZWL MAP client=10 surface=23 x=276 y=198
ZWL IME activate client=10
ZWL CURSOR shape client=10 shape=1 image=10
KEI-IME ACTIVATE
ZWL CURSOR client=10 shown=0
ZWL PERF 5003ms: passes=477 timeouts=461 | poll 93.2% work 4.4%
ZWL PERF compose frames=10 draw_ms=19.57 (acquire 0.01 submit+present 19.39) frame_ms=21.53
ZWL PERF shm copies=9 copy_ms=0.170
ZWL PERF 5002ms: passes=468 timeouts=468 | poll 95.3% work 1.0%
ZWL PERF compose frames=1 draw_ms=27.48 (acquire 0.03 submit+present 27.25) frame_ms=29.58
ZWL PERF 5005ms: passes=478 timeouts=478 | poll 97.5% work 0.5%
ZWL PERF 5000ms: passes=473 timeouts=473 | poll 96.6% work 0.5%
ZWL IME deactivate
KEI-IME DEACTIVATE
ZWL CURSOR shape client=9 shape=1 image=10
ZWL PING pong client=9 serial=84
ZWL CURSOR shape client=9 shape=9 image=0
ZWL IME activate client=9
KEI-IME ACTIVATE
ZWL CURSOR client=9 shown=1
ZWL PRIMARY selection client=9 source=40 types=2
ZWL PRIMARY offer client=9 offer=4278190080 types=2
ZWL CURSOR shape client=9 shape=9 image=0
ZWL DATA selection client=9 source=44 types=2
ZWL DATA offer client=9 offer=4278190081 types=2
ZWL CLIP read client=9 mime=text/plain;charset=utf-8
ZWL CLIP add length=18 sum=ca2ea1aa count=1
ZWL PERF 5005ms: passes=500 timeouts=437 | poll 85.3% work 12.8%
ZWL PERF compose frames=39 draw_ms=15.67 (acquire 0.01 submit+present 15.54) frame_ms=17.59
ZWL PERF shm copies=52 copy_ms=0.025
ZWL CURSOR client=9 shown=0
ZWL CURSOR shape client=9 shape=1 image=10
ZWL DATA offer client=10 offer=4278190080 types=2
ZWL PRIMARY offer client=10 offer=4278190081 types=2
ZWL IME deactivate
KEI-IME DEACTIVATE
ZWL CURSOR shape client=10 shape=1 image=10
ZWL PING pong client=10 serial=108
ZWL IME activate client=10
KEI-IME ACTIVATE
ZWL CURSOR client=10 shown=1
ZWL IME deactivate
ZWL DATA offer client=9 offer=4278190082 types=2
ZWL PRIMARY offer client=9 offer=4278190083 types=2
KEI-IME DEACTIVATE
ZWL CURSOR shape client=9 shape=1 image=10
ZWL IME activate client=9
KEI-IME ACTIVATE
ZWL CURSOR client=9 shown=0
ZWL CLIENT gone client=10 reason=read
ZWL CLEANUP client=10 objects=27 unread_fds=0
ZWL PERF 5005ms: passes=461 timeouts=432 | poll 90.4% work 6.2%
ZWL PERF compose frames=22 draw_ms=13.01 (acquire 0.01 submit+present 12.89) frame_ms=17.86
ZWL PERF shm copies=21 copy_ms=0.025
ZWL PERF 5000ms: passes=478 timeouts=478 | poll 97.5% work 0.4%
ZWL PERF 5005ms: passes=474 timeouts=474 | poll 96.5% work 0.4%
ZWL PERF 5003ms: passes=478 timeouts=478 | poll 97.4% work 0.4%
ZWL CLIENT client=11 fd=33
ZWL TABLET seat client=11
ZWL SEAT client=11 pointer=1 keyboard=0 touch=0
ZWL SEAT client=11 pointer=1 keyboard=1 touch=0
ZWL BOUNDS client=11 surface=23 width=1256 height=690
ZWL CONFIGURE client=11 surface=23 serial=115 width=0 height=0 fullscreen=0
ZWL VIEWPORT surface=23 source=0,0,0,0 destination=728,489
ZWL DECORATION applied client=11 surface=23 mode=1
ZWL MAP client=11 surface=23 x=276 y=198
ZWL DATA offer client=11 offer=4278190080 types=2
ZWL PRIMARY offer client=11 offer=4278190081 types=2
ZWL IME deactivate
KEI-IME DEACTIVATE
ZWL IME activate client=11
ZWL CURSOR shape client=11 shape=1 image=10
KEI-IME ACTIVATE
ZWL CURSOR client=11 shown=1
ZWL PERF 5005ms: passes=499 timeouts=452 | poll 89.3% work 7.7%
ZWL PERF compose frames=24 draw_ms=14.97 (acquire 0.01 submit+present 14.86) frame_ms=19.01
ZWL PERF shm copies=40 copy_ms=0.087
ZWL PERF 5001ms: passes=454 timeouts=454 | poll 96.9% work 0.9%
ZWL PERF 5008ms: passes=475 timeouts=475 | poll 96.6% work 0.4%
ZWL PERF 5009ms: passes=474 timeouts=474 | poll 97.0% work 0.8%
ZWL CURSOR shape client=11 shape=9 image=0
ZWL PING pong client=11 serial=122
ZWL IME deactivate
ZWL IME activate client=11
KEI-IME DEACTIVATE
KEI-IME ACTIVATE
ZWL DATA receive client=11 mime=text/plain;charset=utf-8 source=9
ZWL CURSOR shape client=11 shape=9 image=0
ZWL PERF 5000ms: passes=387 timeouts=328 | poll 63.0% work 34.1%
ZWL PERF compose frames=49 draw_ms=33.73 (acquire 0.02 submit+present 33.52) frame_ms=37.99
ZWL PERF shm copies=49 copy_ms=0.036
ZWL PERF 5014ms: passes=410 timeouts=334 | poll 58.9% work 38.9%
ZWL PERF compose frames=77 draw_ms=24.42 (acquire 0.02 submit+present 24.23) frame_ms=27.60
ZWL PERF shm copies=76 copy_ms=0.036
ZWL PERF 5012ms: passes=474 timeouts=434 | poll 83.0% work 14.0%
ZWL PERF compose frames=40 draw_ms=16.70 (acquire 0.01 submit+present 16.53) frame_ms=20.25
ZWL PERF shm copies=40 copy_ms=0.030
ZWL PERF 5009ms: passes=478 timeouts=446 | poll 87.9% work 9.8%
ZWL PERF compose frames=28 draw_ms=16.54 (acquire 0.01 submit+present 16.38) frame_ms=20.69
ZWL PERF shm copies=27 copy_ms=0.078
ZWL CURSOR shape client=11 shape=1 image=10
ZWL PING pong client=11 serial=133
ZWL IME deactivate
ZWL DATA offer client=9 offer=4278190084 types=2
ZWL PRIMARY offer client=9 offer=4278190085 types=2
KEI-IME DEACTIVATE
ZWL CURSOR shape client=9 shape=1 image=10
ZWL IME activate client=9
KEI-IME ACTIVATE
ZWL CURSOR client=9 shown=0
ZWL CLIENT gone client=11 reason=read
ZWL CLEANUP client=11 objects=27 unread_fds=0
ZWL CURSOR client=9 shown=1
ZWL PING pong client=9 serial=141
ZWL IME deactivate
ZWL PRIMARY selection none (source gone)
ZWL PRIMARY selection client=9 source=46 types=0
ZWL PRIMARY offer client=9 offer=4278190086 types=0
KEI-IME DEACTIVATE
ZWL CURSOR client=9 shown=0
ZWL CLIENT gone client=9 reason=read
ZWL CLEANUP client=9 objects=36 unread_fds=0
ZWL PRIMARY selection none (source gone)
ZWL DATA selection none (source gone)
ZWL PERF 5047ms: passes=494 timeouts=431 | poll 82.0% work 14.9%
ZWL PERF compose frames=51 draw_ms=14.12 (acquire 0.01 submit+present 13.99) frame_ms=16.99
ZWL PERF shm copies=47 copy_ms=0.035
ZWL PERF 5004ms: passes=477 timeouts=477 | poll 97.3% work 0.4%
ZWL PERF 5016ms: passes=473 timeouts=473 | poll 96.2% work 0.4%
ZWL CLIENT client=12 fd=23
ZWL TABLET seat client=12
ZWL CLIENT client=13 fd=31
ZWL CLIENT gone client=13 reason=read
ZWL CLEANUP client=13 objects=2 unread_fds=0
ZWL CLIENT client=14 fd=31
ZWL CLIENT gone client=14 reason=read
ZWL CLEANUP client=14 objects=2 unread_fds=0
ZWL SEAT client=12 pointer=1 keyboard=0 touch=0
ZWL SEAT client=12 pointer=1 keyboard=1 touch=0
ZWL BOUNDS client=12 surface=23 width=1256 height=690
ZWL CONFIGURE client=12 surface=23 serial=145 width=0 height=0 fullscreen=0
ZWL VIEWPORT surface=23 source=0,0,0,0 destination=728,489
ZWL DECORATION applied client=12 surface=23 mode=1
ZWL MAP client=12 surface=23 x=276 y=198
ZWL IME activate client=12
ZWL CURSOR shape client=12 shape=1 image=10
KEI-IME ACTIVATE
ZWL PERF 5009ms: passes=506 timeouts=469 | poll 96.3% work 1.6%
ZWL PERF compose frames=3 draw_ms=17.50 (acquire 0.01 submit+present 17.35) frame_ms=18.65
ZWL PERF shm copies=2 copy_ms=1.434
ZWL CURSOR client=12 shown=1
ZWL CURSOR shape client=12 shape=9 image=0
ZWL PING pong client=12 serial=150
ZWL IME deactivate
ZWL IME activate client=12
KEI-IME DEACTIVATE
KEI-IME ACTIVATE
ZWL PERF 5013ms: passes=522 timeouts=451 | poll 88.3% work 8.6%
ZWL PERF compose frames=35 draw_ms=11.59 (acquire 0.01 submit+present 11.50) frame_ms=13.61
ZWL PERF shm copies=33 copy_ms=0.062
ZWL CURSOR shape client=12 shape=9 image=0
ZWL CURSOR shape client=12 shape=1 image=10
ZWL PING pong client=12 serial=159
ZWL GLASS request move surface=23
ZWL GLASS moved surface=23 x=324 y=222
ZWL PERF 5003ms: passes=671 timeouts=364 | poll 53.4% work 44.7%
ZWL PERF compose frames=172 draw_ms=12.83 (acquire 0.01 submit+present 12.74) frame_ms=15.01
ZWL PERF shm copies=158 copy_ms=0.014
ZWL PERF 5007ms: passes=753 timeouts=426 | poll 63.0% work 33.8%
ZWL PERF compose frames=168 draw_ms=9.90 (acquire 0.00 submit+present 9.82) frame_ms=12.34
ZWL PERF shm copies=168 copy_ms=0.011
ZWL PERF 5007ms: passes=480 timeouts=480 | poll 97.7% work 0.4%
ZWL CURSOR shape client=12 shape=23 image=5
ZWL PING pong client=12 serial=162
ZWL RESIZE start surface=23 edges=10 width=700 height=460
ZWL BOUNDS client=12 surface=23 width=1256 height=690
ZWL CONFIGURE client=12 surface=23 serial=163 width=708 height=465 fullscreen=0
ZWL CURSOR client=12 shown=0
ZWL VIEWPORT surface=23 source=0,0,0,0 destination=736,494
ZWL CURSOR client=12 shown=1
ZWL BOUNDS client=12 surface=23 width=1256 height=690
ZWL CONFIGURE client=12 surface=23 serial=164 width=716 height=470 fullscreen=0
ZWL CURSOR client=12 shown=0
ZWL VIEWPORT surface=23 source=0,0,0,0 destination=744,499
ZWL CURSOR client=12 shown=1
ZWL CURSOR shape client=12 shape=1 image=10
ZWL BOUNDS client=12 surface=23 width=1256 height=690
ZWL CONFIGURE client=12 surface=23 serial=165 width=724 height=475 fullscreen=0
ZWL CURSOR client=12 shown=0
ZWL VIEWPORT surface=23 source=0,0,0,0 destination=752,504
ZWL CURSOR client=12 shown=1
ZWL BOUNDS client=12 surface=23 width=1256 height=690
ZWL CONFIGURE client=12 surface=23 serial=166 width=732 height=480 fullscreen=0
ZWL CURSOR client=12 shown=0
ZWL VIEWPORT surface=23 source=0,0,0,0 destination=760,509
ZWL CURSOR client=12 shown=1
ZWL BOUNDS client=12 surface=23 width=1256 height=690
ZWL CONFIGURE client=12 surface=23 serial=167 width=740 height=485 fullscreen=0
ZWL CURSOR client=12 shown=0
ZWL VIEWPORT surface=23 source=0,0,0,0 destination=768,514
ZWL CURSOR client=12 shown=1
ZWL BOUNDS client=12 surface=23 width=1256 height=690
ZWL CONFIGURE client=12 surface=23 serial=168 width=748 height=490 fullscreen=0
ZWL CURSOR client=12 shown=0
ZWL VIEWPORT surface=23 source=0,0,0,0 destination=776,519
ZWL CURSOR client=12 shown=1
ZWL BOUNDS client=12 surface=23 width=1256 height=690
ZWL CONFIGURE client=12 surface=23 serial=169 width=756 height=495 fullscreen=0
ZWL CURSOR client=12 shown=0
ZWL VIEWPORT surface=23 source=0,0,0,0 destination=784,524
ZWL CURSOR client=12 shown=1
ZWL BOUNDS client=12 surface=23 width=1256 height=690
ZWL CONFIGURE client=12 surface=23 serial=170 width=764 height=500 fullscreen=0
ZWL CURSOR client=12 shown=0
ZWL VIEWPORT surface=23 source=0,0,0,0 destination=792,529
ZWL CURSOR client=12 shown=1
ZWL BOUNDS client=12 surface=23 width=1256 height=690
ZWL CONFIGURE client=12 surface=23 serial=171 width=772 height=505 fullscreen=0
ZWL CURSOR client=12 shown=0
ZWL VIEWPORT surface=23 source=0,0,0,0 destination=800,534
ZWL CURSOR client=12 shown=1
ZWL BOUNDS client=12 surface=23 width=1256 height=690
ZWL CONFIGURE client=12 surface=23 serial=172 width=780 height=510 fullscreen=0
ZWL CURSOR client=12 shown=0
ZWL VIEWPORT surface=23 source=0,0,0,0 destination=808,539
ZWL CURSOR client=12 shown=1
ZWL BOUNDS client=12 surface=23 width=1256 height=690
ZWL CONFIGURE client=12 surface=23 serial=173 width=780 height=510 fullscreen=0
ZWL RESIZE end surface=23 width=780 height=510
ZWL RESIZE settled surface=23 x=324 y=222 width=780 height=510
ZWL PERF 5009ms: passes=656 timeouts=363 | poll 59.0% work 37.9%
ZWL PERF compose frames=140 draw_ms=13.12 (acquire 0.00 submit+present 13.03) frame_ms=15.74
ZWL PERF shm copies=126 copy_ms=0.157
ZWL PERF 5002ms: passes=637 timeouts=374 | poll 57.1% work 40.6%
ZWL PERF compose frames=144 draw_ms=13.86 (acquire 0.01 submit+present 13.73) frame_ms=16.39
ZWL PERF shm copies=144 copy_ms=0.023
ZWL PERF 5030ms: passes=524 timeouts=446 | poll 84.5% work 12.5%
ZWL PERF compose frames=44 draw_ms=13.67 (acquire 0.01 submit+present 13.53) frame_ms=16.95
ZWL PERF shm copies=44 copy_ms=0.022
ZWL PERF 5008ms: passes=477 timeouts=477 | poll 97.2% work 0.5%
ZWL PERF 5028ms: passes=474 timeouts=474 | poll 96.2% work 0.5%
ZWL PERF 5008ms: passes=476 timeouts=476 | poll 97.0% work 0.5%
ZWL PING pong client=12 serial=176
ZWL IME deactivate
KEI-IME DEACTIVATE
ZWL CURSOR client=12 shown=0
ZWL CLIENT gone client=12 reason=read
ZWL CLEANUP client=12 objects=81 unread_fds=0
ZWL PERF 5006ms: passes=470 timeouts=460 | poll 94.0% work 2.8%
ZWL PERF compose frames=6 draw_ms=18.69 (acquire 0.01 submit+present 18.52) frame_ms=20.17
ZWL PERF shm copies=2 copy_ms=1.178
ZWL CLIENT client=15 fd=23
ZWL INSET create client=15 inset=20 toplevel=16
ZWL EDIT create client=15 edit=24 toplevel=16
ZWL BOUNDS client=15 surface=14 width=1256 height=690
ZWL CONFIGURE client=15 surface=14 serial=180 width=0 height=0 fullscreen=0
ZWL SEAT client=15 pointer=1 keyboard=0 touch=0
ZWL SEAT client=15 pointer=1 keyboard=1 touch=0
ZWL IMPORT client=15 buffer=33 width=900 height=680 bytes=2482176
ZWL IMPORT client=15 buffer=35 width=900 height=680 bytes=2482176
ZWL IMPORT client=15 buffer=37 width=900 height=680 bytes=2482176
ZWL IMPORT client=15 buffer=39 width=900 height=680 bytes=2482176
ZWL IMPORT client=15 buffer=41 width=900 height=680 bytes=2482176
ZWL IMPORT client=15 buffer=43 width=900 height=680 bytes=2482176
ZWL MENU commit client=15 menu=51 serial=1 items=30 generation=1
ZWL MENU set client=15 place=52 menu=51
ZWL MENU commit client=15 menu=53 serial=1 items=8 generation=1
ZWL MENU commit client=15 menu=51 serial=2 items=30 generation=2
ZWL MENU commit client=15 menu=53 serial=2 items=8 generation=2
ZWL TITLEBAR create client=15 titlebar=57 toplevel=16
ZWL BOUNDS client=15 surface=14 width=1256 height=690
ZWL CONFIGURE client=15 surface=14 serial=181 width=0 height=0 fullscreen=0
ZWL TITLEBAR commit client=15 titlebar=57 serial=1 mode=1 controls=5 tabs=0 generation=1
ZWL TITLEBAR commit client=15 titlebar=57 serial=2 mode=1 controls=5 tabs=0 generation=2
ZWL GLASS client=15 surface=14 panels=1 card:8,8,884,664,18
ZWL DECORATION applied client=15 surface=14 mode=1
ZWL MAP client=15 surface=14 x=190 y=103
ZWL EDIT state client=15 edit=24 actions=0xff flags=0xd
ZWL EDIT state client=15 edit=24 actions=0xff flags=0x0
ZWL IME activate client=15
KEI-IME ACTIVATE
ZWL DECORATION applied client=15 surface=14 mode=2
ZWL GLASS glyph codepoint=U+2014 size=1 face=0 cell=0
ZWL TITLEBAR control client=15 surface=14 where=floating id=1 x=457 y=58 width=62 height=30 shown=1
ZWL TITLEBAR control client=15 surface=14 where=floating id=2 x=523 y=58 width=58 height=30 shown=1
ZWL TITLEBAR control client=15 surface=14 where=floating id=3 x=585 y=58 width=62 height=30 shown=1
ZWL TITLEBAR control client=15 surface=14 where=floating id=4 x=651 y=58 width=61 height=30 shown=1
ZWL TITLEBAR control client=15 surface=14 where=floating id=5 x=716 y=58 width=220 height=30 shown=1
ZWL TITLEBAR control client=15 surface=14 where=floating id=0 x=946 y=58 width=30 height=30 shown=1
ZWL PERF 5008ms: passes=476 timeouts=444 | poll 89.8% work 7.6%
ZWL PERF compose frames=14 draw_ms=25.11 (acquire 0.02 submit+present 24.86) frame_ms=26.83
ZWL PERF 5018ms: passes=456 timeouts=447 | poll 90.5% work 5.5%
ZWL PERF compose frames=9 draw_ms=27.88 (acquire 0.02 submit+present 27.52) frame_ms=30.05
ZWL PERF 5008ms: passes=459 timeouts=449 | poll 91.2% work 6.0%
ZWL PERF compose frames=10 draw_ms=27.53 (acquire 0.02 submit+present 27.24) frame_ms=29.73
ZWL PERF 5020ms: passes=454 timeouts=445 | poll 90.1% work 5.5%
ZWL PERF compose frames=9 draw_ms=27.94 (acquire 0.02 submit+present 27.64) frame_ms=30.15
ZWL PING pong client=15 serial=186
ZWL PERF 5006ms: passes=464 timeouts=445 | poll 90.1% work 7.7%
ZWL PERF compose frames=14 draw_ms=25.95 (acquire 0.01 submit+present 25.69) frame_ms=32.24
ZWL MENU commit client=15 menu=51 serial=3 items=30 generation=3
ZWL MENU commit client=15 menu=53 serial=3 items=8 generation=3
ZWL TITLEBAR commit client=15 titlebar=57 serial=3 mode=1 controls=5 tabs=0 generation=3
ZWL GLASS glyph codepoint=U+2022 size=1 face=0 cell=1
ZWL EDIT state client=15 edit=24 actions=0xff flags=0x4
ZWL TITLEBAR activate client=15 id=2 detail=0 serial=214 via=pointer
ZWL MENU commit client=15 menu=51 serial=4 items=30 generation=4
ZWL MENU commit client=15 menu=53 serial=4 items=8 generation=4
ZWL TITLEBAR commit client=15 titlebar=57 serial=4 mode=1 controls=5 tabs=0 generation=4
ZWL PERF 5018ms: passes=455 timeouts=410 | poll 84.5% work 12.4%
ZWL PERF compose frames=23 draw_ms=26.03 (acquire 0.01 submit+present 25.74) frame_ms=29.21
ZWL PERF 5003ms: passes=459 timeouts=448 | poll 90.8% work 7.0%
ZWL PERF compose frames=11 draw_ms=30.00 (acquire 0.01 submit+present 29.70) frame_ms=32.18
ZWL PERF 5013ms: passes=461 timeouts=452 | poll 91.7% work 5.1%
ZWL PERF compose frames=9 draw_ms=25.77 (acquire 0.01 submit+present 25.47) frame_ms=33.44
ZWL TITLEBAR activate client=15 id=3 detail=0 serial=215 via=pointer
ZWL MENU commit client=15 menu=51 serial=5 items=30 generation=5
ZWL MENU commit client=15 menu=53 serial=5 items=8 generation=5
ZWL TITLEBAR commit client=15 titlebar=57 serial=5 mode=1 controls=5 tabs=0 generation=5
ZWL EDIT state client=15 edit=24 actions=0xff flags=0xc
ZWL TITLEBAR activate client=15 id=4 detail=0 serial=216 via=pointer
ZWL MENU commit client=15 menu=51 serial=6 items=30 generation=6
ZWL MENU commit client=15 menu=53 serial=6 items=8 generation=6
ZWL TITLEBAR commit client=15 titlebar=57 serial=6 mode=1 controls=5 tabs=0 generation=6
ZWL EDIT state client=15 edit=24 actions=0xff flags=0x4
ZWL PERF 5004ms: passes=448 timeouts=431 | poll 87.7% work 9.7%
ZWL PERF compose frames=17 draw_ms=27.22 (acquire 0.01 submit+present 26.97) frame_ms=28.89
ZWL TITLEBAR focus client=15 surface=14 id=5 edit=0
ZWL TITLEBAR text client=15 id=5 done=0 how=0 length=1
ZWL PRIMARY selection client=15 source=162 types=2
ZWL PRIMARY offer client=15 offer=4278190080 types=2
ZWL MENU commit client=15 menu=51 serial=7 items=30 generation=7
ZWL MENU commit client=15 menu=53 serial=7 items=8 generation=7
ZWL TITLEBAR commit client=15 titlebar=57 serial=7 mode=1 controls=5 tabs=0 generation=7
ZWL EDIT state client=15 edit=24 actions=0xff flags=0x5
ZWL TITLEBAR text client=15 id=5 done=0 how=0 length=2
ZWL PRIMARY selection none (source gone)
ZWL PRIMARY selection client=15 source=164 types=2
ZWL PRIMARY offer client=15 offer=4278190081 types=2
ZWL TITLEBAR text client=15 id=5 done=0 how=0 length=3
ZWL PRIMARY selection none (source gone)
ZWL PRIMARY selection client=15 source=167 types=2
ZWL PRIMARY offer client=15 offer=4278190082 types=2
ZWL TITLEBAR text client=15 id=5 done=0 how=0 length=4
ZWL PRIMARY selection none (source gone)
ZWL PRIMARY selection client=15 source=169 types=2
ZWL PRIMARY offer client=15 offer=4278190083 types=2
ZWL TITLEBAR text client=15 id=5 done=0 how=0 length=5
ZWL PRIMARY selection none (source gone)
ZWL PRIMARY selection client=15 source=171 types=2
ZWL PRIMARY offer client=15 offer=4278190084 types=2
ZWL TITLEBAR text client=15 id=5 done=0 how=0 length=6
ZWL PRIMARY selection none (source gone)
ZWL PRIMARY selection client=15 source=173 types=2
ZWL PRIMARY offer client=15 offer=4278190085 types=2
ZWL TITLEBAR text client=15 id=5 done=1 how=0 length=6
ZWL PRIMARY selection none (source gone)
ZWL PRIMARY selection client=15 source=175 types=2
ZWL PRIMARY offer client=15 offer=4278190086 types=2
ZWL PERF 5032ms: passes=446 timeouts=415 | poll 84.2% work 12.8%
ZWL PERF compose frames=23 draw_ms=27.13 (acquire 0.01 submit+present 26.90) frame_ms=27.90
ZWL MENU open client=15 surface=14 item=0 depth=1 x=942 y=101 width=200 height=132
ZWL MENU row item=1 depth=1 y=107 height=30
ZWL MENU row item=2 depth=1 y=137 height=30
ZWL MENU row item=3 depth=1 y=167 height=30
ZWL MENU row item=4 depth=1 y=197 height=30
ZWL MENU close client=15 surface=14 item=4294967295 depth=0
ZWL TITLEBAR activate client=15 id=1 detail=0 serial=219 via=pointer
ZWL BOUNDS client=15 surface=195 width=1256 height=690
ZWL CONFIGURE client=15 surface=195 serial=220 width=0 height=0 fullscreen=0
ZWL TITLEBAR create client=15 titlebar=201 toplevel=197
ZWL BOUNDS client=15 surface=195 width=1256 height=690
ZWL CONFIGURE client=15 surface=195 serial=221 width=0 height=0 fullscreen=0
ZWL TITLEBAR commit client=15 titlebar=201 serial=1 mode=3 controls=0 tabs=0 generation=1
ZWL IME deactivate
ZWL SEAT client=15 pointer=1 keyboard=1 touch=0
ZWL SEAT client=15 pointer=1 keyboard=1 touch=0
KEI-IME DEACTIVATE
ZWL DECORATION applied client=15 surface=195 mode=2
ZWL MAP client=15 surface=195 x=260 y=203
ZWL GLASS sheet surface=195 parent=14 width=760 height=480
ZWL GLASS sheet at x=260 y=95 parent=14
ZWL PERF 5022ms: passes=466 timeouts=352 | poll 76.1% work 21.8%
ZWL PERF compose frames=43 draw_ms=24.59 (acquire 0.01 submit+present 24.34) frame_ms=26.56
ZWL PERF shm copies=44 copy_ms=0.277
ZWL PERF 5020ms: passes=559 timeouts=37 | poll 37.2% work 59.8%
ZWL PERF compose frames=142 draw_ms=20.32 (acquire 0.01 submit+present 20.08) frame_ms=21.11
ZWL PERF shm copies=261 copy_ms=0.297
ZWL PERF 5004ms: passes=556 timeouts=38 | poll 38.5% work 59.1%
ZWL PERF compose frames=153 draw_ms=18.60 (acquire 0.01 submit+present 18.36) frame_ms=19.48
ZWL PERF shm copies=259 copy_ms=0.278
ZWL PERF 5002ms: passes=576 timeouts=18 | poll 38.4% work 59.3%
ZWL PERF compose frames=148 draw_ms=19.16 (acquire 0.01 submit+present 18.90) frame_ms=20.04
ZWL PERF shm copies=279 copy_ms=0.316
ZWL PERF 5005ms: passes=568 timeouts=26 | poll 39.1% work 58.1%
ZWL PERF compose frames=148 draw_ms=18.91 (acquire 0.01 submit+present 18.65) frame_ms=19.95
ZWL PERF shm copies=271 copy_ms=0.279
ZWL PERF 5003ms: passes=583 timeouts=21 | poll 38.7% work 59.3%
ZWL PERF compose frames=162 draw_ms=17.73 (acquire 0.01 submit+present 17.52) frame_ms=18.10
ZWL PERF shm copies=281 copy_ms=0.205
ZWL PERF 5007ms: passes=619 timeouts=23 | poll 39.5% work 57.5%
ZWL PERF compose frames=157 draw_ms=17.67 (acquire 0.01 submit+present 17.44) frame_ms=18.68
ZWL PERF shm copies=298 copy_ms=0.218
ZWL PING pong client=15 serial=232
ZWL IME activate client=15
KEI-IME ACTIVATE
ZWL CLIENT client=16 fd=31
ZWL SEAT client=16 pointer=1 keyboard=0 touch=0
ZWL CONFIGURE client=16 surface=8 serial=240 width=0 height=0 fullscreen=0
ZWL DECORATION applied client=16 surface=8 mode=1
ZWL MAP client=16 surface=8 x=490 y=353
ZWL IME deactivate
KEI-IME DEACTIVATE
ZWL PERF 5010ms: passes=536 timeouts=256 | poll 67.2% work 30.5%
ZWL PERF compose frames=83 draw_ms=17.75 (acquire 0.01 submit+present 17.55) frame_ms=17.93
ZWL PERF shm copies=127 copy_ms=0.213
ZWL PERF 5001ms: passes=474 timeouts=474 | poll 96.6% work 0.4%
ZWL PERF 5009ms: passes=478 timeouts=478 | poll 97.3% work 0.4%
ZWL PERF 5007ms: passes=470 timeouts=470 | poll 95.8% work 0.5%
ZWL PRIMARY offer client=15 offer=4278190087 types=2
ZWL IME activate client=15
KEI-IME ACTIVATE
ZWL GLASS moved surface=14 x=290 y=180
ZWL PERF 5008ms: passes=457 timeouts=438 | poll 88.8% work 9.2%
ZWL PERF compose frames=15 draw_ms=29.02 (acquire 0.01 submit+present 28.73) frame_ms=30.78
ZWL PERF 5006ms: passes=462 timeouts=452 | poll 91.4% work 4.9%
ZWL PERF compose frames=10 draw_ms=21.94 (acquire 0.01 submit+present 21.66) frame_ms=31.66
ZWL PERF 5004ms: passes=468 timeouts=459 | poll 93.1% work 4.6%
ZWL PERF compose frames=9 draw_ms=22.20 (acquire 0.02 submit+present 21.82) frame_ms=24.42
ZWL GLASS dock surface=14 via=button buttons=772,726,680 title=65 x=0 y=38 w=1280 h=762
ZWL CONFIGURE client=15 surface=14 serial=251 width=1280 height=762 fullscreen=0
ZWL IMPORT client=15 buffer=2068 width=1280 height=762 bytes=3911680
ZWL IMPORT client=15 buffer=2070 width=1280 height=762 bytes=3911680
ZWL IMPORT client=15 buffer=2072 width=1280 height=762 bytes=3911680
ZWL GLASS client=15 surface=14 panels=1 card:8,8,1264,746,18
ZWL TITLEBAR control client=15 surface=14 where=docked id=1 x=331 y=3 width=62 height=28 shown=1
ZWL TITLEBAR control client=15 surface=14 where=docked id=2 x=397 y=3 width=58 height=28 shown=1
ZWL TITLEBAR control client=15 surface=14 where=docked id=3 x=459 y=3 width=62 height=28 shown=1
ZWL TITLEBAR control client=15 surface=14 where=docked id=4 x=525 y=3 width=61 height=28 shown=1
ZWL TITLEBAR control client=15 surface=14 where=docked id=5 x=590 y=3 width=28 height=28 shown=1
ZWL TITLEBAR control client=15 surface=14 where=docked id=0 x=628 y=3 width=28 height=28 shown=1
ZWL PERF 5005ms: passes=447 timeouts=429 | poll 86.7% work 9.4%
ZWL PERF compose frames=15 draw_ms=29.56 (acquire 0.01 submit+present 29.28) frame_ms=31.57
ZWL PERF 5007ms: passes=458 timeouts=449 | poll 90.9% work 6.0%
ZWL PERF compose frames=9 draw_ms=30.97 (acquire 0.01 submit+present 30.69) frame_ms=33.12
ZWL PERF 5002ms: passes=451 timeouts=441 | poll 89.2% work 6.8%
ZWL PERF compose frames=10 draw_ms=31.71 (acquire 0.01 submit+present 31.43) frame_ms=39.13
ZWL PERF 5003ms: passes=457 timeouts=448 | poll 90.5% work 6.3%
ZWL PERF compose frames=9 draw_ms=32.44 (acquire 0.01 submit+present 32.13) frame_ms=34.59
ZWL TITLEBAR activate client=15 id=3 detail=0 serial=253 via=pointer
ZWL MENU commit client=15 menu=51 serial=8 items=30 generation=8
ZWL MENU commit client=15 menu=53 serial=8 items=8 generation=8
ZWL TITLEBAR commit client=15 titlebar=57 serial=8 mode=1 controls=5 tabs=0 generation=8
ZWL EDIT state client=15 edit=24 actions=0xff flags=0xc
ZWL TITLEBAR activate client=15 id=4 detail=0 serial=254 via=pointer
ZWL MENU commit client=15 menu=51 serial=9 items=30 generation=9
ZWL MENU commit client=15 menu=53 serial=9 items=8 generation=9
ZWL TITLEBAR commit client=15 titlebar=57 serial=9 mode=1 controls=5 tabs=0 generation=9
ZWL EDIT state client=15 edit=24 actions=0xff flags=0x4
ZWL GLASS undock surface=14 via=button x=290 y=108
ZWL BOUNDS client=15 surface=14 width=1256 height=690
ZWL CONFIGURE client=15 surface=14 serial=255 width=900 height=680 fullscreen=0
ZWL IMPORT client=15 buffer=2114 width=900 height=680 bytes=2482176
ZWL IMPORT client=15 buffer=2116 width=900 height=680 bytes=2482176
ZWL IMPORT client=15 buffer=2118 width=900 height=680 bytes=2482176
ZWL GLASS client=15 surface=14 panels=1 card:8,8,884,664,18
ZWL PERF 5007ms: passes=438 timeouts=410 | poll 82.2% work 14.4%
ZWL PERF compose frames=23 draw_ms=30.30 (acquire 0.01 submit+present 30.06) frame_ms=36.52
ZWL PERF 5003ms: passes=468 timeouts=459 | poll 92.6% work 5.5%
ZWL PERF compose frames=10 draw_ms=25.26 (acquire 0.01 submit+present 24.97) frame_ms=27.44
ZWL PERF 5005ms: passes=458 timeouts=448 | poll 90.8% work 5.5%
ZWL PERF compose frames=10 draw_ms=25.23 (acquire 0.01 submit+present 24.95) frame_ms=27.38
ZWL PERF 5004ms: passes=468 timeouts=459 | poll 93.1% work 5.0%
ZWL PERF compose frames=9 draw_ms=24.92 (acquire 0.01 submit+present 24.60) frame_ms=27.09
ZWL PERF 5004ms: passes=462 timeouts=453 | poll 91.6% work 4.9%
ZWL PERF compose frames=9 draw_ms=24.76 (acquire 0.01 submit+present 24.47) frame_ms=26.96
ZWL PERF 5002ms: passes=469 timeouts=459 | poll 92.8% work 5.1%
ZWL PERF compose frames=10 draw_ms=23.13 (acquire 0.01 submit+present 22.86) frame_ms=31.02
ZWL PERF 5002ms: passes=465 timeouts=456 | poll 92.5% work 4.3%
ZWL PERF compose frames=9 draw_ms=21.51 (acquire 0.01 submit+present 21.25) frame_ms=23.64
ZWL PERF 5008ms: passes=468 timeouts=458 | poll 92.7% work 5.3%
ZWL PERF compose frames=10 draw_ms=24.08 (acquire 0.01 submit+present 23.80) frame_ms=26.23
ZWL PERF 5008ms: passes=461 timeouts=452 | poll 91.7% work 5.1%
ZWL PERF compose frames=9 draw_ms=25.76 (acquire 0.01 submit+present 25.42) frame_ms=27.93
ZWL CLIENT gone client=16 reason=read
ZWL CLEANUP client=16 objects=13 unread_fds=0
ZWL PERF 5005ms: passes=462 timeouts=451 | poll 91.5% work 6.2%
ZWL PERF compose frames=11 draw_ms=25.85 (acquire 0.01 submit+present 25.57) frame_ms=28.04
ZWL PERF 5003ms: passes=462 timeouts=453 | poll 92.0% work 4.8%
ZWL PERF compose frames=9 draw_ms=23.87 (acquire 0.01 submit+present 23.59) frame_ms=26.05
ZWL PERF 5003ms: passes=464 timeouts=454 | poll 91.9% work 5.5%
ZWL PERF compose frames=10 draw_ms=25.08 (acquire 0.01 submit+present 24.83) frame_ms=27.25
ZWL GLASS moved surface=14 x=770 y=630
ZWL PERF 5001ms: passes=431 timeouts=409 | poll 82.5% work 13.9%
ZWL PERF compose frames=20 draw_ms=33.74 (acquire 0.01 submit+present 33.50) frame_ms=41.52
ZWL PERF 5009ms: passes=480 timeouts=471 | poll 95.4% work 2.6%
ZWL PERF compose frames=10 draw_ms=10.87 (acquire 0.01 submit+present 10.61) frame_ms=13.03
ZWL PERF 5008ms: passes=476 timeouts=466 | poll 94.0% work 2.4%
ZWL PERF compose frames=10 draw_ms=9.45 (acquire 0.01 submit+present 9.18) frame_ms=11.64
ZWL PERF 5008ms: passes=482 timeouts=473 | poll 95.7% work 2.2%
ZWL PERF compose frames=9 draw_ms=9.30 (acquire 0.01 submit+present 9.03) frame_ms=11.50
ZWL PERF 5001ms: passes=475 timeouts=465 | poll 94.3% work 2.4%
ZWL PERF compose frames=10 draw_ms=9.79 (acquire 0.01 submit+present 9.52) frame_ms=12.00
ZWL PERF 5008ms: passes=479 timeouts=470 | poll 95.2% work 2.4%
ZWL PERF compose frames=9 draw_ms=10.82 (acquire 0.02 submit+present 10.47) frame_ms=13.06
ZWL PERF 5000ms: passes=473 timeouts=463 | poll 94.0% work 2.3%
ZWL PERF compose frames=10 draw_ms=9.24 (acquire 0.01 submit+present 8.97) frame_ms=11.46
ZWL CLIENT client=17 fd=28
ZWL SEAT client=17 pointer=1 keyboard=0 touch=0
ZWL CONFIGURE client=17 surface=8 serial=257 width=0 height=0 fullscreen=0
ZWL DECORATION applied client=17 surface=8 mode=1
ZWL MAP client=17 surface=8 x=490 y=353
ZWL IME deactivate
KEI-IME DEACTIVATE
ZWL PERF 5008ms: passes=488 timeouts=465 | poll 94.3% work 2.7%
ZWL PERF compose frames=10 draw_ms=11.03 (acquire 0.01 submit+present 10.78) frame_ms=12.79
ZWL PERF shm copies=1 copy_ms=0.281
ZWL PERF 5004ms: passes=474 timeouts=474 | poll 96.6% work 0.4%
ZWL PERF 5006ms: passes=479 timeouts=479 | poll 97.6% work 0.5%
ZWL PERF 5003ms: passes=471 timeouts=471 | poll 95.9% work 0.4%
ZWL PRIMARY offer client=15 offer=4278190088 types=2
ZWL IME activate client=15
KEI-IME ACTIVATE
ZWL GLASS moved surface=14 x=290 y=108
ZWL GLASS dock surface=14 via=button buttons=778,732,686 title=65 x=0 y=38 w=1280 h=762
ZWL CONFIGURE client=15 surface=14 serial=268 width=1280 height=762 fullscreen=0
ZWL IMPORT client=15 buffer=2307 width=1280 height=762 bytes=3911680
ZWL IMPORT client=15 buffer=2309 width=1280 height=762 bytes=3911680
ZWL IMPORT client=15 buffer=2311 width=1280 height=762 bytes=3911680
ZWL GLASS client=15 surface=14 panels=1 card:8,8,1264,746,18
ZWL TITLEBAR control client=15 surface=14 where=docked id=1 x=337 y=3 width=62 height=28 shown=1
ZWL TITLEBAR control client=15 surface=14 where=docked id=2 x=403 y=3 width=58 height=28 shown=1
ZWL TITLEBAR control client=15 surface=14 where=docked id=3 x=465 y=3 width=62 height=28 shown=1
ZWL TITLEBAR control client=15 surface=14 where=docked id=4 x=531 y=3 width=61 height=28 shown=1
ZWL TITLEBAR control client=15 surface=14 where=docked id=5 x=596 y=3 width=28 height=28 shown=1
ZWL TITLEBAR control client=15 surface=14 where=docked id=0 x=634 y=3 width=28 height=28 shown=1
ZWL PERF 5009ms: passes=449 timeouts=420 | poll 84.0% work 13.7%
ZWL PERF compose frames=25 draw_ms=26.04 (acquire 0.01 submit+present 25.81) frame_ms=29.81
ZWL TITLEBAR activate client=15 id=3 detail=0 serial=270 via=pointer
ZWL MENU commit client=15 menu=51 serial=10 items=30 generation=10
ZWL MENU commit client=15 menu=53 serial=10 items=8 generation=10
ZWL TITLEBAR commit client=15 titlebar=57 serial=10 mode=1 controls=5 tabs=0 generation=10
ZWL EDIT state client=15 edit=24 actions=0xff flags=0xc
ZWL TITLEBAR activate client=15 id=4 detail=0 serial=271 via=pointer
ZWL MENU commit client=15 menu=51 serial=11 items=30 generation=11
ZWL MENU commit client=15 menu=53 serial=11 items=8 generation=11
ZWL TITLEBAR commit client=15 titlebar=57 serial=11 mode=1 controls=5 tabs=0 generation=11
ZWL EDIT state client=15 edit=24 actions=0xff flags=0x4
ZWL GLASS undock surface=14 via=button x=290 y=108
ZWL BOUNDS client=15 surface=14 width=1256 height=690
ZWL CONFIGURE client=15 surface=14 serial=272 width=900 height=680 fullscreen=0
ZWL IMPORT client=15 buffer=2323 width=900 height=680 bytes=2482176
ZWL IMPORT client=15 buffer=2325 width=900 height=680 bytes=2482176
ZWL IMPORT client=15 buffer=2327 width=900 height=680 bytes=2482176
ZWL GLASS client=15 surface=14 panels=1 card:8,8,884,664,18
ZWL PERF 5007ms: passes=431 timeouts=407 | poll 81.2% work 15.3%
ZWL PERF compose frames=24 draw_ms=30.88 (acquire 0.01 submit+present 30.65) frame_ms=35.40
ZWL GLASS moved surface=14 x=770 y=630
ZWL PERF 5003ms: passes=448 timeouts=424 | poll 85.6% work 12.0%
ZWL PERF compose frames=23 draw_ms=25.10 (acquire 0.01 submit+present 24.86) frame_ms=29.17
ZWL PERF 5006ms: passes=473 timeouts=464 | poll 94.1% work 2.1%
ZWL PERF compose frames=9 draw_ms=9.21 (acquire 0.01 submit+present 8.94) frame_ms=11.42
ZWL IME deactivate
KEI-IME DEACTIVATE
ZWL GLASS request move surface=8
ZWL PING pong client=17 serial=279
ZWL GLASS moved surface=8 x=450 y=313
ZWL CLIENT gone client=17 reason=read
ZWL CLEANUP client=17 objects=13 unread_fds=0
ZWL PRIMARY offer client=15 offer=4278190089 types=2
ZWL IME activate client=15
KEI-IME ACTIVATE
ZWL PERF 5003ms: passes=469 timeouts=444 | poll 89.0% work 8.5%
ZWL PERF compose frames=21 draw_ms=19.03 (acquire 0.01 submit+present 18.77) frame_ms=21.06
ZWL PERF 5003ms: passes=476 timeouts=466 | poll 94.4% work 2.4%
ZWL PERF compose frames=10 draw_ms=9.56 (acquire 0.01 submit+present 9.29) frame_ms=11.75
ZWL PERF 5005ms: passes=481 timeouts=472 | poll 95.6% work 2.1%
ZWL PERF compose frames=9 draw_ms=9.37 (acquire 0.01 submit+present 9.10) frame_ms=16.59
ZWL PERF 5001ms: passes=473 timeouts=463 | poll 93.7% work 2.3%
ZWL PERF compose frames=10 draw_ms=9.32 (acquire 0.01 submit+present 9.06) frame_ms=11.53
ZWL GLASS moved surface=14 x=290 y=108
ZWL PERF 5004ms: passes=464 timeouts=443 | poll 89.1% work 8.7%
ZWL PERF compose frames=19 draw_ms=21.66 (acquire 0.01 submit+present 21.39) frame_ms=23.72
ZWL GLASS close surface=14
ZWL CLIENT gone client=15 reason=read
ZWL CLEANUP client=15 objects=36 unread_fds=0
ZWL PRIMARY selection none (source gone)
ZWL IME deactivate
KEI-IME DEACTIVATE
ZWL PERF 5006ms: passes=466 timeouts=458 | poll 93.4% work 2.7%
ZWL PERF compose frames=5 draw_ms=22.88 (acquire 0.01 submit+present 22.67) frame_ms=23.77
ZWL PERF 5009ms: passes=479 timeouts=479 | poll 97.5% work 0.4%
ZWL PERF 5003ms: passes=473 timeouts=473 | poll 96.4% work 0.4%
ZWL CLIENT client=18 fd=23
ZWL SEAT client=18 pointer=1 keyboard=0 touch=0
ZWL SEAT client=18 pointer=1 keyboard=1 touch=0
ZWL INSET create client=18 inset=22 toplevel=18
ZWL EDIT create client=18 edit=26 toplevel=18
ZWL BOUNDS client=18 surface=16 width=1256 height=690
ZWL CONFIGURE client=18 surface=16 serial=289 width=0 height=0 fullscreen=0
ZWL IMPORT client=18 buffer=39 width=916 height=632 bytes=2347008
ZWL IMPORT client=18 buffer=41 width=916 height=632 bytes=2347008
ZWL IMPORT client=18 buffer=43 width=916 height=632 bytes=2347008
ZWL MENU commit client=18 menu=47 serial=1 items=30 generation=1
ZWL MENU set client=18 place=48 menu=47
ZWL MENU commit client=18 menu=47 serial=2 items=30 generation=2
ZWL TITLEBAR create client=18 titlebar=52 toplevel=18
ZWL BOUNDS client=18 surface=16 width=1256 height=690
ZWL CONFIGURE client=18 surface=16 serial=290 width=0 height=0 fullscreen=0
ZWL EDIT state client=18 edit=26 actions=0xff flags=0xd
ZWL TITLEBAR commit client=18 titlebar=52 serial=1 mode=0 controls=0 tabs=1 generation=1
ZWL DECORATION applied client=18 surface=16 mode=1
ZWL MAP client=18 surface=16 x=182 y=127
ZWL DECORATION applied client=18 surface=16 mode=2
ZWL MENU bar client=18 surface=16 where=floating item=1 offset=127 top=75 width=55 height=44
ZWL MENU bar client=18 surface=16 where=floating item=2 offset=184 top=75 width=47 height=44
ZWL MENU bar client=18 surface=16 where=floating item=3 offset=233 top=75 width=55 height=44
ZWL MENU bar client=18 surface=16 where=floating item=4 offset=290 top=75 width=76 height=44
ZWL MENU bar client=18 surface=16 where=floating item=5 offset=368 top=75 width=53 height=44
ZWL PERF 5006ms: passes=489 timeouts=468 | poll 95.5% work 2.2%
ZWL PERF compose frames=5 draw_ms=17.88 (acquire 0.01 submit+present 17.76) frame_ms=18.74
ZWL PERF 5006ms: passes=470 timeouts=470 | poll 95.7% work 0.4%
ZWL PERF 5007ms: passes=477 timeouts=477 | poll 97.0% work 1.1%
ZWL PERF compose frames=1 draw_ms=33.66 (acquire 0.02 submit+present 33.33) frame_ms=35.88
ZWL PERF 5000ms: passes=474 timeouts=441 | poll 92.2% work 4.9%
ZWL PERF compose frames=11 draw_ms=19.97 (acquire 0.01 submit+present 19.73) frame_ms=21.92
ZWL MENU open client=18 surface=16 item=1 depth=1 x=305 y=125 width=276 height=143
ZWL MENU row item=10 depth=1 y=131 height=30
ZWL MENU row item=13 depth=1 y=161 height=30
ZWL MENU row item=11 depth=1 y=191 height=11
ZWL MENU row item=14 depth=1 y=202 height=30
ZWL MENU row item=12 depth=1 y=232 height=30
ZWL MENU close client=18 surface=16 item=1 depth=0
ZWL MENU activate client=18 place=48 item=13 action=19 serial=330 via=shortcut
ZWL TITLEBAR commit client=18 titlebar=52 serial=2 mode=2 controls=0 tabs=2 generation=2
ZWL TITLEBAR strip client=18 surface=16 where=floating id=1 x=309 y=82 width=96 height=30 shown=1 flags=4 close=383
ZWL TITLEBAR strip client=18 surface=16 where=floating id=2 x=409 y=82 width=96 height=30 shown=1 flags=5 close=483
ZWL TITLEBAR strip client=18 surface=16 where=floating button=new x=509 y=82 width=30 height=30
ZWL TITLEBAR strip client=18 surface=16 where=floating button=overflow x=954 y=82 width=30 height=30
ZWL PERF 5005ms: passes=471 timeouts=448 | poll 92.4% work 5.6%
ZWL PERF compose frames=11 draw_ms=23.34 (acquire 0.01 submit+present 23.11) frame_ms=24.71
ZWL TITLEBAR strip client=18 surface=16 where=floating id=1 x=309 y=82 width=96 height=30 shown=1 flags=4 close=-1
ZWL TITLEBAR strip client=18 surface=16 where=floating id=2 x=409 y=82 width=96 height=30 shown=1 flags=5 close=483
ZWL TITLEBAR strip client=18 surface=16 where=floating button=new x=509 y=82 width=30 height=30
ZWL TITLEBAR strip client=18 surface=16 where=floating button=overflow x=954 y=82 width=30 height=30
ZWL GLASS dock surface=16 via=button buttons=775,729,683 title=65 x=0 y=38 w=1280 h=762
ZWL CONFIGURE client=18 surface=16 serial=337 width=1280 height=762 fullscreen=0
ZWL IMPORT client=18 buffer=74 width=1280 height=762 bytes=3911680
ZWL IMPORT client=18 buffer=76 width=1280 height=762 bytes=3911680
ZWL IMPORT client=18 buffer=78 width=1280 height=762 bytes=3911680
ZWL TITLEBAR strip client=18 surface=16 where=docked id=1 x=178 y=3 width=96 height=28 shown=1 flags=4 close=-1
ZWL TITLEBAR strip client=18 surface=16 where=docked id=2 x=278 y=3 width=96 height=28 shown=1 flags=5 close=352
ZWL TITLEBAR strip client=18 surface=16 where=docked button=new x=378 y=3 width=28 height=28
ZWL TITLEBAR strip client=18 surface=16 where=docked button=overflow x=631 y=3 width=28 height=28
ZWL PERF 5006ms: passes=461 timeouts=454 | poll 92.0% work 4.4%
ZWL PERF compose frames=7 draw_ms=28.27 (acquire 0.01 submit+present 28.06) frame_ms=29.81
ZWL PERF 5009ms: passes=476 timeouts=476 | poll 97.0% work 0.5%
ZWL PERF 5008ms: passes=470 timeouts=470 | poll 95.8% work 0.4%
ZWL PERF 5007ms: passes=475 timeouts=475 | poll 96.9% work 0.5%
ZWL PERF 5001ms: passes=469 timeouts=469 | poll 95.8% work 0.5%
ZWL TITLEBAR strip client=18 surface=16 where=docked id=1 x=178 y=3 width=96 height=28 shown=1 flags=4 close=252
ZWL TITLEBAR strip client=18 surface=16 where=docked id=2 x=278 y=3 width=96 height=28 shown=1 flags=5 close=352
ZWL TITLEBAR strip client=18 surface=16 where=docked button=new x=378 y=3 width=28 height=28
ZWL TITLEBAR strip client=18 surface=16 where=docked button=overflow x=631 y=3 width=28 height=28
ZWL TITLEBAR tab client=18 id=1 event=activated
ZWL TITLEBAR commit client=18 titlebar=52 serial=3 mode=2 controls=0 tabs=2 generation=3
ZWL TITLEBAR strip client=18 surface=16 where=docked id=1 x=178 y=3 width=96 height=28 shown=1 flags=5 close=252
ZWL TITLEBAR strip client=18 surface=16 where=docked id=2 x=278 y=3 width=96 height=28 shown=1 flags=4 close=-1
ZWL TITLEBAR strip client=18 surface=16 where=docked button=new x=378 y=3 width=28 height=28
ZWL TITLEBAR strip client=18 surface=16 where=docked button=overflow x=631 y=3 width=28 height=28
ZWL GLASS undock surface=16 via=button x=182 y=127
ZWL BOUNDS client=18 surface=16 width=1256 height=690
ZWL CONFIGURE client=18 surface=16 serial=340 width=916 height=632 fullscreen=0
ZWL IMPORT client=18 buffer=82 width=916 height=632 bytes=2347008
ZWL IMPORT client=18 buffer=84 width=916 height=632 bytes=2347008
ZWL IMPORT client=18 buffer=86 width=916 height=632 bytes=2347008
ZWL TITLEBAR strip client=18 surface=16 where=floating id=1 x=309 y=82 width=96 height=30 shown=1 flags=5 close=383
ZWL TITLEBAR strip client=18 surface=16 where=floating id=2 x=409 y=82 width=96 height=30 shown=1 flags=4 close=-1
ZWL TITLEBAR strip client=18 surface=16 where=floating button=new x=509 y=82 width=30 height=30
ZWL TITLEBAR strip client=18 surface=16 where=floating button=overflow x=954 y=82 width=30 height=30
ZWL PERF 5006ms: passes=459 timeouts=447 | poll 90.3% work 7.2%
ZWL PERF compose frames=12 draw_ms=27.97 (acquire 0.01 submit+present 27.75) frame_ms=34.82
ZWL GLASS close surface=16
ZWL CLIENT gone client=18 reason=read
ZWL CLEANUP client=18 objects=39 unread_fds=0
ZWL PERF 5000ms: passes=464 timeouts=459 | poll 94.0% work 1.9%
ZWL PERF compose frames=3 draw_ms=24.09 (acquire 0.01 submit+present 23.91) frame_ms=24.81
ZWL PERF 5004ms: passes=479 timeouts=479 | poll 97.6% work 0.4%
ZWL PERF 5003ms: passes=473 timeouts=473 | poll 96.4% work 0.4%
ZWL PERF 5003ms: passes=477 timeouts=477 | poll 97.1% work 0.9%
ZWL PERF compose frames=1 draw_ms=28.35 (acquire 0.17 submit+present 27.81) frame_ms=30.48
ZWL CLIENT client=19 fd=23
ZWL BOUNDS client=19 surface=8 width=1256 height=690
ZWL CONFIGURE client=19 surface=8 serial=344 width=0 height=0 fullscreen=0
ZWL SEAT client=19 pointer=1 keyboard=0 touch=0
ZWL SEAT client=19 pointer=1 keyboard=1 touch=0
ZWL IMPORT client=19 buffer=20 width=1120 height=690 bytes=3100672
ZWL IMPORT client=19 buffer=22 width=1120 height=690 bytes=3100672
ZWL IMPORT client=19 buffer=24 width=1120 height=690 bytes=3100672
ZWL MENU commit client=19 menu=32 serial=1 items=108 generation=1
ZWL MENU set client=19 place=33 menu=32
ZWL MENU commit client=19 menu=32 serial=2 items=108 generation=2
ZWL TITLEBAR create client=19 titlebar=37 toplevel=10
ZWL BOUNDS client=19 surface=8 width=1256 height=690
ZWL CONFIGURE client=19 surface=8 serial=345 width=0 height=0 fullscreen=0
ZWL TITLEBAR commit client=19 titlebar=37 serial=1 mode=1 controls=8 tabs=0 generation=1
ZWL TITLEBAR commit client=19 titlebar=37 serial=2 mode=1 controls=8 tabs=0 generation=2
ZWL GLASS client=19 surface=8 panels=2 card:0,0,212,690,16 card:220,0,900,690,16
ZWL DECORATION applied client=19 surface=8 mode=1
ZWL MAP client=19 surface=8 x=80 y=98
ZWL DECORATION applied client=19 surface=8 mode=2
ZWL GLASS glyph codepoint=U+2026 size=0 face=0 cell=2
ZWL TITLEBAR control client=19 surface=8 where=floating id=1 x=176 y=53 width=30 height=30 shown=1
ZWL TITLEBAR control client=19 surface=8 where=floating id=2 x=210 y=53 width=30 height=30 shown=1
ZWL TITLEBAR control client=19 surface=8 where=floating id=3 x=244 y=53 width=30 height=30 shown=1
ZWL TITLEBAR control client=19 surface=8 where=floating id=4 x=284 y=53 width=142 height=30 shown=1
ZWL TITLEBAR control client=19 surface=8 where=floating id=5 x=724 y=53 width=220 height=30 shown=1
ZWL TITLEBAR control client=19 surface=8 where=floating id=6 x=948 y=53 width=30 height=30 shown=1
ZWL TITLEBAR control client=19 surface=8 where=floating id=7 x=982 y=53 width=30 height=30 shown=1
ZWL TITLEBAR control client=19 surface=8 where=floating id=8 x=1016 y=53 width=30 height=30 shown=1
ZWL TITLEBAR control client=19 surface=8 where=floating id=0 x=1056 y=53 width=30 height=30 shown=1
ZWL PERF 5001ms: passes=494 timeouts=461 | poll 93.9% work 3.2%
ZWL PERF compose frames=6 draw_ms=23.21 (acquire 0.01 submit+present 23.04) frame_ms=24.28
ZWL PERF 5009ms: passes=475 timeouts=475 | poll 96.7% work 0.4%
ZWL PERF 5001ms: passes=472 timeouts=472 | poll 96.2% work 0.4%
ZWL TITLEBAR focus client=19 surface=8 id=5 edit=0
ZWL TITLEBAR text client=19 id=5 done=0 how=0 length=1
ZWL MENU commit client=19 menu=32 serial=3 items=108 generation=3
ZWL TITLEBAR text client=19 id=5 done=0 how=0 length=2
ZWL TITLEBAR commit client=19 titlebar=37 serial=3 mode=1 controls=8 tabs=0 generation=3
ZWL MENU commit client=19 menu=32 serial=4 items=108 generation=4
ZWL TITLEBAR control client=19 surface=8 where=floating id=1 x=176 y=53 width=30 height=30 shown=1
ZWL TITLEBAR control client=19 surface=8 where=floating id=2 x=210 y=53 width=30 height=30 shown=1
ZWL TITLEBAR control client=19 surface=8 where=floating id=3 x=244 y=53 width=30 height=30 shown=1
ZWL TITLEBAR control client=19 surface=8 where=floating id=4 x=284 y=53 width=65 height=30 shown=1
ZWL TITLEBAR control client=19 surface=8 where=floating id=5 x=724 y=53 width=220 height=30 shown=1
ZWL TITLEBAR control client=19 surface=8 where=floating id=6 x=948 y=53 width=30 height=30 shown=1
ZWL TITLEBAR control client=19 surface=8 where=floating id=7 x=982 y=53 width=30 height=30 shown=1
ZWL TITLEBAR control client=19 surface=8 where=floating id=8 x=1016 y=53 width=30 height=30 shown=1
ZWL TITLEBAR control client=19 surface=8 where=floating id=0 x=1056 y=53 width=30 height=30 shown=1
ZWL TITLEBAR commit client=19 titlebar=37 serial=4 mode=1 controls=8 tabs=0 generation=4
ZWL PERF 5007ms: passes=460 timeouts=448 | poll 91.0% work 7.0%
ZWL PERF compose frames=10 draw_ms=32.92 (acquire 0.01 submit+present 32.68) frame_ms=34.23
ZWL TITLEBAR text client=19 id=5 done=0 how=0 length=3
ZWL TITLEBAR text client=19 id=5 done=0 how=0 length=4
ZWL TITLEBAR commit client=19 titlebar=37 serial=5 mode=1 controls=8 tabs=0 generation=5
ZWL TITLEBAR commit client=19 titlebar=37 serial=6 mode=1 controls=8 tabs=0 generation=6
ZWL TITLEBAR text client=19 id=5 done=1 how=1 length=4
ZWL TITLEBAR commit client=19 titlebar=37 serial=7 mode=1 controls=8 tabs=0 generation=7
ZWL MENU commit client=19 menu=32 serial=5 items=108 generation=5
ZWL TITLEBAR control client=19 surface=8 where=floating id=1 x=176 y=53 width=30 height=30 shown=1
ZWL TITLEBAR control client=19 surface=8 where=floating id=2 x=210 y=53 width=30 height=30 shown=1
ZWL TITLEBAR control client=19 surface=8 where=floating id=3 x=244 y=53 width=30 height=30 shown=1
ZWL TITLEBAR control client=19 surface=8 where=floating id=4 x=284 y=53 width=142 height=30 shown=1
ZWL TITLEBAR control client=19 surface=8 where=floating id=5 x=724 y=53 width=220 height=30 shown=1
ZWL TITLEBAR control client=19 surface=8 where=floating id=6 x=948 y=53 width=30 height=30 shown=1
ZWL TITLEBAR control client=19 surface=8 where=floating id=7 x=982 y=53 width=30 height=30 shown=1
ZWL TITLEBAR control client=19 surface=8 where=floating id=8 x=1016 y=53 width=30 height=30 shown=1
ZWL TITLEBAR control client=19 surface=8 where=floating id=0 x=1056 y=53 width=30 height=30 shown=1
ZWL TITLEBAR activate client=19 id=7 detail=0 serial=349 via=pointer
ZWL TITLEBAR commit client=19 titlebar=37 serial=8 mode=1 controls=8 tabs=0 generation=8
ZWL MENU commit client=19 menu=32 serial=6 items=108 generation=6
ZWL PERF 5009ms: passes=454 timeouts=438 | poll 89.3% work 7.5%
ZWL PERF compose frames=11 draw_ms=32.01 (acquire 0.01 submit+present 31.80) frame_ms=32.81
ZWL GLASS dock surface=8 via=button buttons=774,728,682 title=65 x=0 y=38 w=1280 h=762
ZWL CONFIGURE client=19 surface=8 serial=350 width=1280 height=762 fullscreen=0
ZWL IMPORT client=19 buffer=51 width=1280 height=762 bytes=3911680
ZWL IMPORT client=19 buffer=53 width=1280 height=762 bytes=3911680
ZWL IMPORT client=19 buffer=55 width=1280 height=762 bytes=3911680
ZWL GLASS client=19 surface=8 panels=2 card:8,8,212,746,16 card:228,8,1044,746,16
ZWL TITLEBAR control client=19 surface=8 where=docked id=1 x=147 y=3 width=28 height=28 shown=1
ZWL TITLEBAR control client=19 surface=8 where=docked id=2 x=179 y=3 width=28 height=28 shown=1
ZWL TITLEBAR control client=19 surface=8 where=docked id=3 x=211 y=3 width=28 height=28 shown=1
ZWL TITLEBAR control client=19 surface=8 where=docked id=4 x=249 y=3 width=142 height=28 shown=1
ZWL TITLEBAR control client=19 surface=8 where=docked id=5 x=496 y=3 width=28 height=28 shown=1
ZWL TITLEBAR control client=19 surface=8 where=docked id=6 x=528 y=3 width=28 height=28 shown=1
ZWL TITLEBAR control client=19 surface=8 where=docked id=7 x=560 y=3 width=28 height=28 shown=1
ZWL TITLEBAR control client=19 surface=8 where=docked id=8 x=592 y=3 width=28 height=28 shown=1
ZWL TITLEBAR control client=19 surface=8 where=docked id=0 x=630 y=3 width=28 height=28 shown=1
ZWL PERF 5004ms: passes=468 timeouts=458 | poll 92.7% work 4.9%
ZWL PERF compose frames=7 draw_ms=32.17 (acquire 0.01 submit+present 31.94) frame_ms=34.00
ZWL PERF 5007ms: passes=472 timeouts=472 | poll 96.0% work 0.4%
ZWL PERF 5010ms: passes=475 timeouts=475 | poll 96.7% work 0.4%
ZWL PERF 5003ms: passes=469 timeouts=469 | poll 95.5% work 0.4%
ZWL GLASS undock surface=8 via=button x=80 y=98
ZWL BOUNDS client=19 surface=8 width=1256 height=690
ZWL CONFIGURE client=19 surface=8 serial=352 width=1120 height=690 fullscreen=0
ZWL IMPORT client=19 buffer=59 width=1120 height=690 bytes=3100672
ZWL IMPORT client=19 buffer=61 width=1120 height=690 bytes=3100672
ZWL IMPORT client=19 buffer=63 width=1120 height=690 bytes=3100672
ZWL GLASS client=19 surface=8 panels=2 card:0,0,212,690,16 card:220,0,900,690,16
ZWL GLASS close surface=8
ZWL CLIENT gone client=19 reason=read
ZWL CLEANUP client=19 objects=23 unread_fds=0
ZWL PERF 5006ms: passes=463 timeouts=449 | poll 91.2% work 6.9%
ZWL PERF compose frames=10 draw_ms=31.98 (acquire 0.01 submit+present 31.74) frame_ms=33.50
ZWL PERF 5000ms: passes=468 timeouts=468 | poll 95.5% work 0.4%
ZWL PERF 5001ms: passes=477 timeouts=477 | poll 97.0% work 0.8%
ZWL PERF compose frames=1 draw_ms=21.79 (acquire 0.02 submit+present 21.61) frame_ms=23.88
ZWL PERF 5003ms: passes=475 timeouts=475 | poll 96.7% work 0.4%
ZWL CLEANUP client=2 objects=19 unread_fds=0
ZWL DESKTOP gone client=2
ZWL IME lost pid=753
ZWL CLEANUP client=1 objects=10 unread_fds=0
ZFILES DONE reason=disconnected
KEI-IME DONE
ZWL OUTPUT closed
ZWL EXIT frames=2899 error=0 cleanup_failed=0 pid=737 input_events=477 seat_events=760 at_ms=885014
