build/p3-q592/sysroot-build.log exit=sysroot-exit0 filtered_warnings=0
build/p3-q592/zedbsd-build-1.log exit=make exit=2 filtered_warnings=0
build/p3-q592/zedbsd-build.log exit=make exit=0 filtered_warnings=0
ZEDBSD_CONFIG=build/p3-q592/config.mk BUILD=build/p3-q592/zedbsd ZEDBSD_LLVM_SOURCE=/home/awe/zedBSD-claude1/build/llvm-source
1895:gmake[1]: warning: -j64 forced in submake: resetting jobserver mode.
1937:/home/awe/zedBSD-worktrees/p3/userland/base/noct/noct/src/core/interpreter.c:2395:1: warning: non-void function does not return a value in all control paths [-Wreturn-type]
69e6c8d3fe19938a34731bc8633cc1523b4a476001a133609f40ea337d32cf9b  build/p3-q592/zedbsd/bin/wayland
b270c73d12dde38001644a5bc3665e43e267d16efc7a93070cc8a99b0f04a8b6  build/p3-q592/zedbsd/hdd-image.img
build/p3-q592/zedbsd/bin/wayland: ELF 64-bit LSB pie executable, x86-64, version 1 (SYSV), dynamically linked, interpreter /lib/ld.so, not stripped
1c1
< # Automatically generated by the zedBSD build menu.  Do not edit.
---
> # q592 (ws114-p007): copy of main config.mk 2026-10-02 without shared external packages (as ws004-p051), Noct accel off.
19c19
< ZEDBSD_NOCT_ACCEL := y
---
> ZEDBSD_NOCT_ACCEL := n
39c39
< ZEDBSD_USER_PROGRAMS := admin ar at audiod awk base64 basename batch bc blkid cal cat cflow chgrp chmod chown cksum cmp comm compress cp crontab csplit curses cut cxref date dd delta df dhcpc diff dirname diskpart dmesg du echo ed egrep env expand expr false fetch fgrep file find fmt fold fuser gencat get getconf gettext grep halt head host hostname iconv id ifconfig infocmp install ipcrm ipcs join kill less libgif-compat libjpeg-compat libpdf libpng-compat libz-compat link ln locale localedef logger login logname lp lpr ls lspci lsusb m4 mailx make mesg mkdir mkfifo mkfs mkswap mktemp more msgfmt mv newgrp ngettext nice nl nm noct nohup nslookup ntpdate od paste patch pathchk pax ping poweroff pr printf prs ps pwd readlink realpath reboot renice rm rmdel rmdir route sact sccs sed seq service shutdown sleep sort split stat strings stty swapoff swapon sync tabs tac tail talk tee terminfo-extra terminfo tic time timeout top touch tput tr true truncate tsort tty uname uncompress unexpand unget uniq unlink uudecode uuencode val wc what which who whoami wifi write xargs zcat browser files libbrowser libegl libglesv2 libkeiland libtruetype libvulkan libwayland-egl libwayland-client mview notes pdfviewer sessiond terminal vkdemo wayland xserver i915-firmware intelax211-firmware rtl8822b-firmware libcxx remacs zlib curl openssh ca-certificates openssl libgl zgears
---
> ZEDBSD_USER_PROGRAMS := admin ar at audiod awk base64 basename batch bc blkid cal cat cflow chgrp chmod chown cksum cmp comm compress cp crontab csplit curses cut cxref date dd delta df dhcpc diff dirname diskpart dmesg du echo ed egrep env expand expr false fetch fgrep file find fmt fold fuser gencat get getconf gettext grep halt head host hostname iconv id ifconfig infocmp install ipcrm ipcs join kill less libgif-compat libjpeg-compat libpdf libpng-compat libz-compat link ln locale localedef logger login logname lp lpr ls lspci lsusb m4 mailx make mesg mkdir mkfifo mkfs mkswap mktemp more msgfmt mv newgrp ngettext nice nl nm noct nohup nslookup ntpdate od paste patch pathchk pax ping poweroff pr printf prs ps pwd readlink realpath reboot renice rm rmdel rmdir route sact sccs sed seq service shutdown sleep sort split stat strings stty swapoff swapon sync tabs tac tail talk tee terminfo-extra terminfo tic time timeout top touch tput tr true truncate tsort tty uname uncompress unexpand unget uniq unlink uudecode uuencode val wc what which who whoami wifi write xargs zcat browser files libbrowser libegl libglesv2 libkeiland libtruetype libvulkan libwayland-egl libwayland-client mview notes pdfviewer sessiond terminal vkdemo wayland xserver i915-firmware intelax211-firmware rtl8822b-firmware zlib libgl zgears
