PASS child stylesheet cascade
PASS ancestor color inheritance
PASS ancestor font inheritance
PASS child author sheet isolation
PASS parent sheet preserved
PASS computed float alias
PASS child document query
PASS child matches and closest
PASS child querySelectorAll
PASS borrowed query owner
PASS borrowed matches owner
PASS borrowed computed owner
PASS live inline mutation
PASS important author wins
PASS class query mutation
PASS important inline wins
PASS removed inline and class state
PASS inline float alias
PASS removed inline float
PASS sheet text replacement
PASS live ancestor inheritance
PASS media attribute exclusion
PASS media attribute mutation
PASS embedded media with nonnegative viewport
PASS sheet removal invalidation
PASS sibling sheet isolation
PASS disconnected computed empty
PASS reinserted declaration remains live
PASS retired child computed empty
PASS retired child selector empty
