ZWL PREFERENCES open
ZWL DISPLAY device=llvmpipe (LLVM 19.1.7, 256 bits) width=1280 height=800 refresh_mhz=74994
ZWL STARTUP step=vulkan-device ms=512
ZWL STARTUP step=vulkan-objects-arrow ms=3
ZWL STARTUP step=wallpaper-picture ms=16
ZWL STARTUP step=wallpaper ms=46
ZWL STARTUP step=glyphs-text ms=13
ZWL STARTUP step=glyphs-icons ms=3
ZWL STARTUP step=glyphs-mark ms=18
ZWL GLASS atlas cache-top=380 cells=273 faces=1
ZWL STARTUP step=glyphs ms=35
ZWL GLASS ready text=1
ZWL STARTUP step=compose ms=596 at_ms=55893
ZWL INPUT device=/dev/input/event5 kind=pointer abs=1
ZWL INPUT device=/dev/input/event3 kind=keyboard abs=0
ZWL INPUT device=/dev/input/event1 kind=pointer abs=0
ZWL INPUT device=/dev/input/event0 kind=keyboard abs=0
ZWL STARTUP step=input ms=47 at_ms=55940
ZWL KEYMAP format=xkb_v1 errno=0
ZWL STARTUP step=keymap ms=0 at_ms=55940
ZWL STARTUP step=socket ms=0 at_ms=55940
ZWL CLIENT client=1 fd=17 ime=1
ZWL IME started pid=697 client=1
ZWL READY socket=/run/b1-q587/wayland-q587 width=1280 height=800 timeout_ms=18446744073709551615 pid=675
ZWL CORNER zone x=1252 y=0 width=28 height=28
ZWL OSK zone kind=flick x=1252 y=772 size=28
ZWL OSK zone kind=qwerty x=0 y=772 size=28
ZWL NETWORK state reachable=0 connected=1 kind=wired interface=enp0s5 wifi=absent ssid=
ZWL VOLUME reachable=1 device=1
ZWL DESKTOP start pid=698 command=/opt/keiland/bin/files --desktop at_ms=55954
ZWL STARTUP step=output-display ms=0
ZWL STARTUP step=output-pipelines ms=23
KEI-IME LANGUAGE id=direct
ZWL STARTUP step=output-swapchain ms=14
ZWL STARTUP step=output-targets ms=0
ZWL OUTPUT open width=1280 height=800 images=3 format=44
ZWL MODE window switch_ms=37 at_ms=55991
ZWL GLASS desktops x=824 step=46 width=40
ZWL NETWORK icon x=1068 y=3 width=30 height=28
ZWL VOLUME icon x=1035 y=3 width=30 height=28
ZWL CLIENT client=2 fd=22
ZWL IME language=direct
KEI-IME READY languages=2
ZWL DESKTOP role client=2 surface=8 x=0 y=34 width=1280 height=766
ZWL SEAT client=2 pointer=1 keyboard=0 touch=0
ZWL SEAT client=2 pointer=1 keyboard=1 touch=0
ZFILES DESKTOP configure x=0 y=34 width=1280 height=766
ZWL DESKTOP ack serial=2
ZFILES LOCATION kind=folder path=/root/Desktop items=0 error=0
ZFILES DESKTOP layout saved=0 error=0
ZFILES DESKTOP grid width=1280 height=766 columns=13 rows=7
ZFILES DESKTOP ready items=0 cells=0 width=1280 height=766 at_ms=56166 newest_age_ms=-1 hidden=0
ZWL IMPORT client=2 buffer=22 width=1280 height=766 bytes=3932160
ZWL IMPORT client=2 buffer=24 width=1280 height=766 bytes=3932160
ZWL IMPORT client=2 buffer=26 width=1280 height=766 bytes=3932160
ZWL DESKTOP drawn at_ms=56257
ZFILES MENU context-only
ZFILES DESKTOP startup entered_ms=55963 fonts=40 instance=46 window=34 present=74 app=2 canvas=0 draw=7 shown=91 menus=15
ZFILES READY width=1280 height=766 token=-
ZWL PERF 5004ms: passes=476 timeouts=462 | poll 96.8% work 3.7%
ZWL PERF compose frames=3 draw_ms=37.52 (acquire 0.41 submit+present 36.95) frame_ms=37.62
ZWL PERF 5031ms: passes=477 timeouts=477 | poll 96.7% work 0.4%
ZWL PERF 5008ms: passes=476 timeouts=476 | poll 97.0% work 0.4%
ZWL PERF 5036ms: passes=472 timeouts=472 | poll 95.6% work 0.4%
ZWL PERF 5009ms: passes=480 timeouts=480 | poll 97.8% work 0.4%
ZWL PERF 5001ms: passes=473 timeouts=473 | poll 96.7% work 0.4%
ZWL PERF 5002ms: passes=479 timeouts=479 | poll 97.7% work 0.4%
ZWL PERF 5008ms: passes=475 timeouts=475 | poll 96.8% work 0.4%
ZWL PERF 5002ms: passes=479 timeouts=479 | poll 97.7% work 0.4%
ZWL PERF 5014ms: passes=473 timeouts=473 | poll 96.1% work 1.1%
ZWL PERF compose frames=1 draw_ms=35.11 (acquire 0.13 submit+present 34.77) frame_ms=37.27
ZWL CLIENT client=3 fd=23
ZWL TABLET seat client=3
ZWL SEAT client=3 pointer=1 keyboard=0 touch=0
ZWL SEAT client=3 pointer=1 keyboard=1 touch=0
ZWL BOUNDS client=3 surface=23 width=1256 height=690
ZWL CONFIGURE client=3 surface=23 serial=3 width=0 height=0 fullscreen=0
ZWL VIEWPORT surface=23 source=0,0,0,0 destination=728,489
ZWL DECORATION applied client=3 surface=23 mode=1
ZWL MAP client=3 surface=23 x=276 y=198
ZWL IME activate client=3
ZWL CURSOR shape client=3 shape=1 image=10
KEI-IME ACTIVATE
ZWL PERF 5005ms: passes=490 timeouts=469 | poll 95.8% work 2.0%
ZWL PERF compose frames=3 draw_ms=23.41 (acquire 0.02 submit+present 23.14) frame_ms=24.89
ZWL PERF shm copies=2 copy_ms=3.555
ZWL PERF 5047ms: passes=474 timeouts=474 | poll 95.8% work 0.4%
ZWL PERF 5001ms: passes=477 timeouts=477 | poll 97.5% work 0.4%
ZWL PERF 5007ms: passes=472 timeouts=472 | poll 96.2% work 0.4%
ZWL PERF 5007ms: passes=479 timeouts=479 | poll 97.6% work 0.4%
ZWL PERF 5007ms: passes=475 timeouts=475 | poll 96.8% work 0.4%
ZWL PERF 5010ms: passes=478 timeouts=478 | poll 97.4% work 0.4%
ZWL PERF 5004ms: passes=474 timeouts=474 | poll 96.5% work 0.4%
ZWL CURSOR client=3 shown=1
ZWL CURSOR shape client=3 shape=9 image=0
ZWL PING pong client=3 serial=8
ZWL IME deactivate
ZWL IME activate client=3
KEI-IME DEACTIVATE
KEI-IME ACTIVATE
ZWL CURSOR shape client=3 shape=1 image=10
ZWL PING pong client=3 serial=15
ZWL IME deactivate
KEI-IME DEACTIVATE
ZWL POPUP create client=3 popup=41 surface=40 parent=23 x=-18 y=40 width=127 height=84
ZWL POPUP grab popup=41 surface=40
ZWL POPUP configure surface=40 serial=17 x=-18 y=40 width=127 height=84
ZWL VIEWPORT surface=40 source=0,0,0,0 destination=133,90
ZWL POPUP map surface=40 x=269 y=248 grab=1
ZWL CURSOR shape client=3 shape=1 image=10
ZWL PING pong client=3 serial=24
ZWL CURSOR shape client=3 shape=1 image=10
ZWL PERF 5005ms: passes=516 timeouts=434 | poll 85.2% work 12.9%
ZWL PERF compose frames=51 draw_ms=12.10 (acquire 0.01 submit+present 11.99) frame_ms=13.67
ZWL PERF shm copies=56 copy_ms=0.029
ZWL PING pong client=3 serial=32
ZWL BOUNDS client=3 surface=39 width=1256 height=690
ZWL CONFIGURE client=3 surface=39 serial=34 width=0 height=0 fullscreen=0
ZWL VIEWPORT surface=39 source=0,0,0,0 destination=388,189
ZWL DECORATION applied client=3 surface=39 mode=1
ZWL MAP client=3 surface=39 x=446 y=348
ZWL CURSOR shape client=3 shape=1 image=10
ZWL PING pong client=3 serial=41
ZWL CURSOR shape client=3 shape=1 image=10
ZWL PING pong client=3 serial=49
ZWL RESIZE start surface=39 edges=5 width=360 height=160
ZWL BOUNDS client=3 surface=39 width=1256 height=690
ZWL CONFIGURE client=3 surface=39 serial=50 width=354 height=159 fullscreen=0
ZWL VIEWPORT surface=39 source=0,0,0,0 destination=382,188
ZWL BOUNDS client=3 surface=39 width=1256 height=690
ZWL CONFIGURE client=3 surface=39 serial=51 width=348 height=159 fullscreen=0
ZWL VIEWPORT surface=39 source=0,0,0,0 destination=376,188
ZWL BOUNDS client=3 surface=39 width=1256 height=690
ZWL CONFIGURE client=3 surface=39 serial=52 width=342 height=159 fullscreen=0
ZWL VIEWPORT surface=39 source=0,0,0,0 destination=370,188
ZWL BOUNDS client=3 surface=39 width=1256 height=690
ZWL CONFIGURE client=3 surface=39 serial=53 width=336 height=159 fullscreen=0
ZWL VIEWPORT surface=39 source=0,0,0,0 destination=364,188
ZWL BOUNDS client=3 surface=39 width=1256 height=690
ZWL CONFIGURE client=3 surface=39 serial=54 width=330 height=159 fullscreen=0
ZWL VIEWPORT surface=39 source=0,0,0,0 destination=358,188
ZWL BOUNDS client=3 surface=39 width=1256 height=690
ZWL CONFIGURE client=3 surface=39 serial=55 width=324 height=159 fullscreen=0
ZWL VIEWPORT surface=39 source=0,0,0,0 destination=352,188
ZWL BOUNDS client=3 surface=39 width=1256 height=690
ZWL CONFIGURE client=3 surface=39 serial=56 width=318 height=159 fullscreen=0
ZWL VIEWPORT surface=39 source=0,0,0,0 destination=346,188
ZWL BOUNDS client=3 surface=39 width=1256 height=690
ZWL CONFIGURE client=3 surface=39 serial=57 width=312 height=159 fullscreen=0
ZWL VIEWPORT surface=39 source=0,0,0,0 destination=340,188
ZWL BOUNDS client=3 surface=39 width=1256 height=690
ZWL CONFIGURE client=3 surface=39 serial=58 width=306 height=159 fullscreen=0
ZWL VIEWPORT surface=39 source=0,0,0,0 destination=334,188
ZWL BOUNDS client=3 surface=39 width=1256 height=690
ZWL CONFIGURE client=3 surface=39 serial=59 width=300 height=159 fullscreen=0
ZWL VIEWPORT surface=39 source=0,0,0,0 destination=328,188
ZWL BOUNDS client=3 surface=39 width=1256 height=690
ZWL CONFIGURE client=3 surface=39 serial=60 width=300 height=159 fullscreen=0
ZWL RESIZE end surface=39 width=300 height=159
ZWL RESIZE settled surface=39 x=506 y=349 width=300 height=159
ZWL PERF 5031ms: passes=473 timeouts=425 | poll 85.8% work 11.2%
ZWL PERF compose frames=33 draw_ms=15.59 (acquire 0.02 submit+present 15.40) frame_ms=17.09
ZWL PERF shm copies=16 copy_ms=0.414
ZWL PERF 5006ms: passes=478 timeouts=478 | poll 97.4% work 0.4%
ZWL PERF 5014ms: passes=471 timeouts=471 | poll 95.7% work 0.9%
ZWL PERF compose frames=1 draw_ms=22.53 (acquire 0.02 submit+present 22.35) frame_ms=24.70
ZWL PERF 5007ms: passes=477 timeouts=477 | poll 97.2% work 0.4%
ZWL PERF 5029ms: passes=473 timeouts=473 | poll 96.0% work 0.4%
ZWL PERF 5003ms: passes=477 timeouts=477 | poll 97.3% work 0.4%
ZWL PERF 5001ms: passes=473 timeouts=473 | poll 96.5% work 0.4%
ZWL PERF 5007ms: passes=479 timeouts=479 | poll 97.6% work 0.4%
ZWL PERF 5021ms: passes=476 timeouts=476 | poll 96.7% work 0.4%
ZWL PERF 5003ms: passes=477 timeouts=477 | poll 97.5% work 0.4%
ZWL PERF 5017ms: passes=475 timeouts=475 | poll 96.6% work 0.4%
ZWL PERF 5009ms: passes=477 timeouts=477 | poll 97.2% work 0.4%
ZWL PERF 5047ms: passes=474 timeouts=474 | poll 95.9% work 0.4%
ZWL PERF 5008ms: passes=479 timeouts=479 | poll 97.6% work 0.4%
ZWL PERF 5008ms: passes=472 timeouts=472 | poll 96.0% work 0.9%
ZWL PERF compose frames=1 draw_ms=24.56 (acquire 0.02 submit+present 24.38) frame_ms=26.74
ZWL PERF 5007ms: passes=477 timeouts=477 | poll 97.2% work 0.4%
ZWL PERF 5021ms: passes=475 timeouts=475 | poll 96.5% work 0.4%
ZWL PING pong client=3 serial=62
ZWL RESIZE start surface=39 edges=5 width=300 height=159
ZWL BOUNDS client=3 surface=39 width=1256 height=690
ZWL CONFIGURE client=3 surface=39 serial=63 width=294 height=159 fullscreen=0
ZWL VIEWPORT surface=39 source=0,0,0,0 destination=322,188
ZWL BOUNDS client=3 surface=39 width=1256 height=690
ZWL CONFIGURE client=3 surface=39 serial=64 width=288 height=159 fullscreen=0
ZWL VIEWPORT surface=39 source=0,0,0,0 destination=316,188
ZWL BOUNDS client=3 surface=39 width=1256 height=690
ZWL CONFIGURE client=3 surface=39 serial=65 width=282 height=159 fullscreen=0
ZWL VIEWPORT surface=39 source=0,0,0,0 destination=310,188
ZWL BOUNDS client=3 surface=39 width=1256 height=690
ZWL CONFIGURE client=3 surface=39 serial=66 width=276 height=159 fullscreen=0
ZWL VIEWPORT surface=39 source=0,0,0,0 destination=304,188
ZWL BOUNDS client=3 surface=39 width=1256 height=690
ZWL CONFIGURE client=3 surface=39 serial=67 width=272 height=159 fullscreen=0
ZWL VIEWPORT surface=39 source=0,0,0,0 destination=300,188
ZWL BOUNDS client=3 surface=39 width=1256 height=690
ZWL CONFIGURE client=3 surface=39 serial=68 width=272 height=159 fullscreen=0
ZWL RESIZE end surface=39 width=272 height=159
ZWL RESIZE settled surface=39 x=534 y=349 width=272 height=159
ZWL PERF 5009ms: passes=484 timeouts=459 | poll 93.4% work 4.5%
ZWL PERF compose frames=18 draw_ms=10.75 (acquire 0.01 submit+present 10.59) frame_ms=12.31
ZWL PERF shm copies=6 copy_ms=0.276
ZWL PERF 5003ms: passes=473 timeouts=473 | poll 96.5% work 0.4%
ZWL PERF 5010ms: passes=478 timeouts=478 | poll 97.4% work 0.4%
ZWL PERF 5002ms: passes=473 timeouts=473 | poll 96.5% work 0.4%
ZWL PERF 5005ms: passes=479 timeouts=479 | poll 97.6% work 0.4%
ZWL PERF 5015ms: passes=475 timeouts=475 | poll 96.5% work 0.4%
ZWL PERF 5009ms: passes=479 timeouts=479 | poll 97.4% work 0.4%
ZWL PERF 5027ms: passes=474 timeouts=474 | poll 96.2% work 0.4%
ZWL PERF 5000ms: passes=475 timeouts=475 | poll 96.9% work 0.5%
ZWL PERF 5012ms: passes=470 timeouts=470 | poll 95.6% work 0.9%
ZWL PERF compose frames=1 draw_ms=23.46 (acquire 0.02 submit+present 23.23) frame_ms=25.54
ZWL PERF 5003ms: passes=479 timeouts=479 | poll 97.7% work 0.4%
ZWL PERF 5029ms: passes=476 timeouts=476 | poll 96.6% work 0.4%
ZWL PERF 5003ms: passes=476 timeouts=476 | poll 97.1% work 0.4%
ZWL PERF 5041ms: passes=474 timeouts=474 | poll 95.9% work 0.5%
ZWL PERF 5001ms: passes=474 timeouts=474 | poll 96.7% work 0.4%
ZWL PERF 5039ms: passes=473 timeouts=473 | poll 95.7% work 0.4%
ZWL PERF 5003ms: passes=478 timeouts=478 | poll 97.3% work 0.4%
ZWL PERF 5005ms: passes=473 timeouts=473 | poll 96.3% work 0.4%
ZWL PERF 5007ms: passes=477 timeouts=477 | poll 97.1% work 0.4%
ZWL PERF 5005ms: passes=474 timeouts=474 | poll 96.5% work 0.4%
ZWL PERF 5000ms: passes=478 timeouts=478 | poll 97.3% work 0.4%
ZWL PERF 5020ms: passes=475 timeouts=475 | poll 96.1% work 0.8%
ZWL PERF compose frames=1 draw_ms=22.33 (acquire 0.02 submit+present 22.16) frame_ms=24.50
ZWL PERF 5003ms: passes=480 timeouts=480 | poll 97.7% work 0.4%
ZWL PERF 5005ms: passes=475 timeouts=475 | poll 96.7% work 0.4%
ZWL CLIENT gone client=3 reason=read
ZWL CLEANUP client=3 objects=43 unread_fds=0
ZWL CLIENT client=4 fd=23
ZWL TABLET seat client=4
ZWL SEAT client=4 pointer=1 keyboard=0 touch=0
ZWL SEAT client=4 pointer=1 keyboard=1 touch=0
ZWL BOUNDS client=4 surface=23 width=1256 height=690
ZWL CONFIGURE client=4 surface=23 serial=71 width=0 height=0 fullscreen=0
ZWL CLIENT client=5 fd=31
ZWL CONFIGURE client=5 surface=8 serial=72 width=0 height=0 fullscreen=0
ZWL DECORATION applied client=5 surface=8 mode=1
ZWL CLIENT client=6 fd=32
ZWL CLIENT gone client=5 reason=read
ZWL CLEANUP client=5 objects=9 unread_fds=0
ZWL VIEWPORT surface=23 source=0,0,0,0 destination=728,489
ZWL DECORATION applied client=4 surface=23 mode=1
ZWL MAP client=4 surface=23 x=276 y=198
ZWL DECORATION configure client=6 mode=1
ZWL CONFIGURE client=6 surface=8 serial=76 width=0 height=0 fullscreen=0
ZWL DECORATION applied client=6 surface=8 mode=1
ZWL DECORATION asked client=6 mode=2
ZWL DECORATION configure client=6 mode=2
ZWL CONFIGURE client=6 surface=8 serial=77 width=0 height=0 fullscreen=0
ZWL DECORATION applied client=6 surface=8 mode=2
ZWL DECORATION asked client=6 mode=1
ZWL DECORATION configure client=6 mode=1
ZWL CONFIGURE client=6 surface=8 serial=78 width=0 height=0 fullscreen=0
ZWL DECORATION asked client=6 mode=2
ZWL DECORATION configure client=6 mode=2
ZWL CONFIGURE client=6 surface=8 serial=79 width=0 height=0 fullscreen=0
ZWL IME activate client=4
ZWL CURSOR shape client=4 shape=1 image=10
ZWL CURSOR shape client=4 shape=9 image=0
ZWL DECORATION applied client=6 surface=8 mode=1
KEI-IME ACTIVATE
ZWL DECORATION applied client=6 surface=8 mode=2
ZWL DECORATION asked client=6 mode=2
ZWL DECORATION configure client=6 mode=2
ZWL CONFIGURE client=6 surface=8 serial=80 width=0 height=0 fullscreen=0
ZWL DECORATION asked client=6 mode=1
ZWL DECORATION configure client=6 mode=1
ZWL CONFIGURE client=6 surface=8 serial=81 width=0 height=0 fullscreen=0
ZWL DECORATION applied client=6 surface=8 mode=1
ZWL DECORATION asked client=6 mode=2
ZWL DECORATION configure client=6 mode=2
ZWL CONFIGURE client=6 surface=8 serial=82 width=0 height=0 fullscreen=0
ZWL DECORATION asked client=6 mode=1
ZWL DECORATION configure client=6 mode=1
ZWL CONFIGURE client=6 surface=8 serial=83 width=0 height=0 fullscreen=0
ZWL DECORATION applied client=6 surface=8 mode=2
ZWL DECORATION applied client=6 surface=8 mode=1
ZWL DECORATION asked client=6 mode=2
ZWL DECORATION configure client=6 mode=2
ZWL CONFIGURE client=6 surface=8 serial=84 width=0 height=0 fullscreen=0
ZWL DECORATION applied client=6 surface=8 mode=2
ZWL DECORATION asked client=6 mode=0
ZWL DECORATION configure client=6 mode=1
ZWL CONFIGURE client=6 surface=8 serial=85 width=0 height=0 fullscreen=0
ZWL DECORATION applied client=6 surface=8 mode=1
ZWL DECORATION asked client=6 mode=2
ZWL DECORATION configure client=6 mode=2
ZWL CONFIGURE client=6 surface=8 serial=86 width=0 height=0 fullscreen=0
ZWL DECORATION applied client=6 surface=8 mode=2
ZWL DECORATION asked client=6 mode=2
ZWL DECORATION configure client=6 mode=2
ZWL CONFIGURE client=6 surface=8 serial=87 width=0 height=0 fullscreen=0
ZWL DECORATION applied client=6 surface=8 mode=1
ZWL CLIENT gone client=6 reason=read
ZWL CLEANUP client=6 objects=9 unread_fds=0
ZWL CLIENT client=7 fd=32
ZWL TITLEBAR create client=7 titlebar=12 toplevel=10
ZWL CONFIGURE client=7 surface=8 serial=88 width=0 height=0 fullscreen=0
ZWL DECORATION applied client=7 surface=8 mode=2
ZWL DECORATION applied client=7 surface=8 mode=1
ZWL CLIENT gone client=7 reason=read
ZWL CLEANUP client=7 objects=9 unread_fds=0
ZWL CLIENT client=8 fd=32
ZWL TITLEBAR create client=8 titlebar=12 toplevel=10
ZWL DECORATION configure client=8 mode=1
ZWL CONFIGURE client=8 surface=8 serial=89 width=0 height=0 fullscreen=0
ZWL DECORATION applied client=8 surface=8 mode=1
ZWL CLIENT client=9 fd=33
ZWL CLIENT gone client=8 reason=read
ZWL CLEANUP client=8 objects=11 unread_fds=0
ZWL DECORATION configure client=9 mode=1
ZWL ERROR client=9 object=6 code=1 reason=the toplevel has a decoration emit=0
ZWL CLIENT gone client=9 reason=error
ZWL CLEANUP client=9 objects=10 unread_fds=0
ZWL CLIENT client=10 fd=32
ZWL DECORATION configure client=10 mode=1
ZWL ERROR client=10 object=12 code=3 reason=not a decoration mode emit=0
ZWL CLIENT gone client=10 reason=error
ZWL CLEANUP client=10 objects=10 unread_fds=0
ZWL PERF 5001ms: passes=593 timeouts=461 | poll 93.9% work 4.1%
ZWL PERF compose frames=14 draw_ms=12.57 (acquire 0.01 submit+present 12.48) frame_ms=13.52
ZWL PERF shm copies=10 copy_ms=0.245
ZWL PERF 5007ms: passes=476 timeouts=476 | poll 96.9% work 0.4%
ZWL PERF 5008ms: passes=480 timeouts=480 | poll 97.7% work 0.4%
ZWL PERF 5012ms: passes=475 timeouts=475 | poll 96.6% work 0.4%
ZWL PERF 5004ms: passes=478 timeouts=478 | poll 97.4% work 0.4%
ZWL PERF 5020ms: passes=474 timeouts=474 | poll 96.4% work 0.4%
ZWL PERF 5009ms: passes=478 timeouts=478 | poll 97.4% work 0.4%
ZWL PERF 5035ms: passes=474 timeouts=474 | poll 96.1% work 0.4%
ZWL PERF 5001ms: passes=476 timeouts=476 | poll 97.1% work 0.4%
ZWL PERF 5015ms: passes=472 timeouts=472 | poll 95.8% work 0.9%
ZWL PERF compose frames=1 draw_ms=24.39 (acquire 0.02 submit+present 24.21) frame_ms=26.60
ZWL CURSOR shape client=4 shape=1 image=10
ZWL PING pong client=4 serial=91
ZWL PERF 5007ms: passes=480 timeouts=476 | poll 97.0% work 1.1%
ZWL PERF compose frames=2 draw_ms=16.03 (acquire 0.02 submit+present 15.85) frame_ms=17.12
ZWL GLASS request move surface=23
ZWL GLASS moved surface=23 x=324 y=230
ZWL PERF 5021ms: passes=471 timeouts=457 | poll 92.3% work 4.2%
ZWL PERF compose frames=11 draw_ms=17.36 (acquire 0.01 submit+present 17.19) frame_ms=19.31
ZWL PERF 5010ms: passes=479 timeouts=479 | poll 97.5% work 0.4%
ZWL PERF 5018ms: passes=472 timeouts=472 | poll 96.0% work 0.4%
ZWL PERF 5007ms: passes=475 timeouts=475 | poll 96.9% work 0.5%
ZWL PERF 5013ms: passes=470 timeouts=470 | poll 95.8% work 0.4%
ZWL PERF 5000ms: passes=471 timeouts=471 | poll 96.2% work 0.4%
ZWL PERF 5040ms: passes=472 timeouts=472 | poll 95.6% work 0.4%
ZWL PERF 5000ms: passes=475 timeouts=475 | poll 97.0% work 0.4%
ZWL PERF 5008ms: passes=474 timeouts=474 | poll 96.6% work 0.4%
ZWL PERF 5003ms: passes=478 timeouts=478 | poll 97.5% work 0.4%
ZWL PERF 5001ms: passes=470 timeouts=470 | poll 95.8% work 1.0%
ZWL PERF compose frames=1 draw_ms=26.24 (acquire 0.03 submit+present 25.99) frame_ms=28.39
ZWL PERF 5005ms: passes=479 timeouts=479 | poll 97.7% work 0.4%
ZWL PERF 5011ms: passes=474 timeouts=474 | poll 96.5% work 0.4%
ZWL PERF 5001ms: passes=479 timeouts=479 | poll 97.7% work 0.4%
