ZWL PREFERENCES open
ZWL DISPLAY device=llvmpipe (LLVM 19.1.7, 256 bits) width=1280 height=800 refresh_mhz=74994
ZWL STARTUP step=vulkan-device ms=73
ZWL STARTUP step=vulkan-objects-arrow ms=3
ZWL STARTUP step=wallpaper-picture ms=8
ZWL STARTUP step=wallpaper ms=37
ZWL STARTUP step=glyphs-text ms=8
ZWL STARTUP step=glyphs-icons ms=2
ZWL STARTUP step=glyphs-mark ms=18
ZWL GLASS atlas cache-top=380 cells=273 faces=1
ZWL STARTUP step=glyphs ms=29
ZWL GLASS ready text=1
ZWL STARTUP step=compose ms=143 at_ms=1982670
ZWL INPUT device=/dev/input/event5 kind=pointer abs=1
ZWL INPUT device=/dev/input/event3 kind=keyboard abs=0
ZWL INPUT device=/dev/input/event1 kind=pointer abs=0
ZWL INPUT device=/dev/input/event0 kind=keyboard abs=0
ZWL STARTUP step=input ms=46 at_ms=1982716
ZWL KEYMAP format=xkb_v1 errno=0
ZWL STARTUP step=keymap ms=0 at_ms=1982716
ZWL STARTUP step=socket ms=0 at_ms=1982716
ZWL CLIENT client=1 fd=17 ime=1
ZWL IME started pid=1353 client=1
ZWL READY socket=/run/b1-q587/wayland-q587 width=1280 height=800 timeout_ms=18446744073709551615 pid=1340
ZWL CORNER zone x=1252 y=0 width=28 height=28
ZWL OSK zone kind=flick x=1252 y=772 size=28
ZWL OSK zone kind=qwerty x=0 y=772 size=28
ZWL NETWORK state reachable=0 connected=1 kind=wired interface=enp0s5 wifi=absent ssid=
ZWL VOLUME reachable=1 device=1
ZWL DESKTOP start pid=1354 command=/opt/keiland/bin/files --desktop at_ms=1982728
ZWL STARTUP step=output-display ms=0
KEI-IME LANGUAGE id=direct
ZWL STARTUP step=output-pipelines ms=14
ZWL STARTUP step=output-swapchain ms=6
ZWL STARTUP step=output-targets ms=0
ZWL OUTPUT open width=1280 height=800 images=3 format=44
ZWL MODE window switch_ms=20 at_ms=1982748
ZWL GLASS desktops x=821 step=46 width=40
ZWL NETWORK icon x=1065 y=3 width=30 height=28
ZWL VOLUME icon x=1032 y=3 width=30 height=28
ZWL IME language=direct
KEI-IME READY languages=2
ZWL CLIENT client=2 fd=22
ZWL DESKTOP role client=2 surface=8 x=0 y=34 width=1280 height=766
ZWL SEAT client=2 pointer=1 keyboard=0 touch=0
ZFILES DESKTOP configure x=0 y=34 width=1280 height=766
ZWL SEAT client=2 pointer=1 keyboard=1 touch=0
ZWL DESKTOP ack serial=2
ZFILES LOCATION kind=folder path=/root/Desktop items=0 error=0
ZFILES DESKTOP layout saved=0 error=0
ZFILES DESKTOP grid width=1280 height=766 columns=13 rows=7
ZFILES DESKTOP ready items=0 cells=0 width=1280 height=766 at_ms=1982867 newest_age_ms=-1 hidden=0
ZWL IMPORT client=2 buffer=22 width=1280 height=766 bytes=3932160
ZWL IMPORT client=2 buffer=24 width=1280 height=766 bytes=3932160
ZWL IMPORT client=2 buffer=26 width=1280 height=766 bytes=3932160
ZWL DESKTOP drawn at_ms=1982907
ZFILES MENU context-only
ZFILES DESKTOP startup entered_ms=1982738 fonts=13 instance=43 window=2 present=67 app=1 canvas=0 draw=4 shown=39 menus=17
ZFILES READY width=1280 height=766 token=-
ZWL CLIENT client=3 fd=23
ZWL SEAT client=3 pointer=1 keyboard=0 touch=0
ZWL CONFIGURE client=3 surface=8 serial=3 width=0 height=0 fullscreen=0
ZWL DECORATION applied client=3 surface=8 mode=1
ZWL MAP client=3 surface=8 x=490 y=353
ZWL PERF 5000ms: passes=499 timeouts=463 | poll 96.0% work 3.3%
ZWL PERF compose frames=6 draw_ms=19.64 (acquire 0.02 submit+present 19.50) frame_ms=19.67
ZWL PERF shm copies=1 copy_ms=0.269
ZWL PERF 5028ms: passes=477 timeouts=477 | poll 96.8% work 0.4%
ZWL PERF 5002ms: passes=479 timeouts=479 | poll 97.7% work 0.4%
ZWL PERF 5018ms: passes=476 timeouts=476 | poll 96.8% work 0.4%
ZWL PERF 5003ms: passes=478 timeouts=478 | poll 97.7% work 0.4%
ZWL PERF 5021ms: passes=475 timeouts=475 | poll 96.8% work 0.4%
ZWL PERF 5007ms: passes=478 timeouts=478 | poll 97.4% work 0.7%
ZWL PERF 5017ms: passes=476 timeouts=476 | poll 96.8% work 0.4%
ZWL PERF 5008ms: passes=475 timeouts=475 | poll 96.6% work 1.3%
ZWL PERF compose frames=1 draw_ms=44.15 (acquire 0.34 submit+present 42.98) frame_ms=46.37
ZWL PERF 5028ms: passes=476 timeouts=476 | poll 96.6% work 0.4%
ZWL PERF 5001ms: passes=478 timeouts=478 | poll 97.6% work 0.4%
ZWL PERF 5019ms: passes=475 timeouts=475 | poll 96.6% work 0.4%
ZWL RESIZE start surface=8 edges=10 width=300 height=180
ZWL PING pong client=3 serial=7
ZWL PERF 5002ms: passes=478 timeouts=474 | poll 96.7% work 1.3%
ZWL PERF compose frames=1 draw_ms=39.98 (acquire 0.02 submit+present 39.72) frame_ms=42.10
ZWL CONFIGURE client=3 surface=8 serial=8 width=360 height=200 fullscreen=0
ZWL CONFIGURE client=3 surface=8 serial=9 width=360 height=200 fullscreen=0
ZWL RESIZE end surface=8 width=360 height=200
ZWL CLIENT gone client=3 reason=read
ZWL CLEANUP client=3 objects=13 unread_fds=0
ZWL CLIENT client=4 fd=23
ZWL CONFIGURE client=4 surface=8 serial=13 width=0 height=0 fullscreen=0
ZWL DECORATION applied client=4 surface=8 mode=1
ZWL CLIENT client=5 fd=28
ZWL CLIENT gone client=4 reason=read
ZWL CLEANUP client=4 objects=9 unread_fds=0
ZWL DECORATION configure client=5 mode=1
ZWL CONFIGURE client=5 surface=8 serial=14 width=0 height=0 fullscreen=0
ZWL DECORATION applied client=5 surface=8 mode=1
ZWL DECORATION asked client=5 mode=2
ZWL DECORATION configure client=5 mode=2
ZWL CONFIGURE client=5 surface=8 serial=15 width=0 height=0 fullscreen=0
ZWL DECORATION applied client=5 surface=8 mode=2
ZWL DECORATION asked client=5 mode=1
ZWL DECORATION configure client=5 mode=1
ZWL CONFIGURE client=5 surface=8 serial=16 width=0 height=0 fullscreen=0
ZWL DECORATION asked client=5 mode=2
ZWL DECORATION configure client=5 mode=2
ZWL CONFIGURE client=5 surface=8 serial=17 width=0 height=0 fullscreen=0
ZWL DECORATION applied client=5 surface=8 mode=1
ZWL DECORATION applied client=5 surface=8 mode=2
ZWL DECORATION asked client=5 mode=2
ZWL DECORATION configure client=5 mode=2
ZWL CONFIGURE client=5 surface=8 serial=18 width=0 height=0 fullscreen=0
ZWL DECORATION asked client=5 mode=1
ZWL DECORATION configure client=5 mode=1
ZWL CONFIGURE client=5 surface=8 serial=19 width=0 height=0 fullscreen=0
ZWL DECORATION applied client=5 surface=8 mode=1
ZWL DECORATION asked client=5 mode=2
ZWL DECORATION configure client=5 mode=2
ZWL CONFIGURE client=5 surface=8 serial=20 width=0 height=0 fullscreen=0
ZWL DECORATION asked client=5 mode=1
ZWL DECORATION configure client=5 mode=1
ZWL CONFIGURE client=5 surface=8 serial=21 width=0 height=0 fullscreen=0
ZWL DECORATION applied client=5 surface=8 mode=2
ZWL DECORATION applied client=5 surface=8 mode=1
ZWL DECORATION asked client=5 mode=2
ZWL DECORATION configure client=5 mode=2
ZWL CONFIGURE client=5 surface=8 serial=22 width=0 height=0 fullscreen=0
ZWL DECORATION applied client=5 surface=8 mode=2
ZWL DECORATION asked client=5 mode=0
ZWL DECORATION configure client=5 mode=1
ZWL CONFIGURE client=5 surface=8 serial=23 width=0 height=0 fullscreen=0
ZWL DECORATION applied client=5 surface=8 mode=1
ZWL DECORATION asked client=5 mode=2
ZWL DECORATION configure client=5 mode=2
ZWL CONFIGURE client=5 surface=8 serial=24 width=0 height=0 fullscreen=0
ZWL DECORATION applied client=5 surface=8 mode=2
ZWL DECORATION asked client=5 mode=2
ZWL DECORATION configure client=5 mode=2
ZWL CONFIGURE client=5 surface=8 serial=25 width=0 height=0 fullscreen=0
ZWL DECORATION applied client=5 surface=8 mode=1
ZWL CLIENT gone client=5 reason=read
ZWL CLEANUP client=5 objects=9 unread_fds=0
ZWL CLIENT client=6 fd=23
ZWL TITLEBAR create client=6 titlebar=12 toplevel=10
ZWL CONFIGURE client=6 surface=8 serial=26 width=0 height=0 fullscreen=0
ZWL DECORATION applied client=6 surface=8 mode=2
ZWL DECORATION applied client=6 surface=8 mode=1
ZWL CLIENT client=7 fd=28
ZWL CLIENT gone client=6 reason=read
ZWL CLEANUP client=6 objects=9 unread_fds=0
ZWL TITLEBAR create client=7 titlebar=12 toplevel=10
ZWL DECORATION configure client=7 mode=1
ZWL CONFIGURE client=7 surface=8 serial=27 width=0 height=0 fullscreen=0
ZWL DECORATION applied client=7 surface=8 mode=1
ZWL CLIENT gone client=7 reason=read
ZWL CLEANUP client=7 objects=11 unread_fds=0
ZWL CLIENT client=8 fd=23
ZWL DECORATION configure client=8 mode=1
ZWL ERROR client=8 object=6 code=1 reason=the toplevel has a decoration emit=0
ZWL CLIENT gone client=8 reason=error
ZWL CLEANUP client=8 objects=10 unread_fds=0
ZWL CLIENT client=9 fd=23
ZWL DECORATION configure client=9 mode=1
ZWL ERROR client=9 object=12 code=3 reason=not a decoration mode emit=0
ZWL CLIENT gone client=9 reason=error
ZWL CLEANUP client=9 objects=10 unread_fds=0
ZWL PERF 5026ms: passes=607 timeouts=444 | poll 89.9% work 7.1%
ZWL PERF compose frames=28 draw_ms=11.99 (acquire 0.00 submit+present 11.92) frame_ms=12.31
ZWL PERF shm copies=2 copy_ms=0.234
ZWL PERF 5004ms: passes=479 timeouts=479 | poll 97.7% work 0.4%
ZWL PERF 5012ms: passes=473 timeouts=473 | poll 96.3% work 0.4%
ZWL PERF 5002ms: passes=478 timeouts=478 | poll 97.5% work 0.4%
ZWL PERF 5010ms: passes=475 timeouts=475 | poll 96.7% work 0.4%
ZWL PERF 5002ms: passes=479 timeouts=479 | poll 97.7% work 0.4%
ZWL PERF 5018ms: passes=476 timeouts=476 | poll 96.8% work 0.4%
ZWL PERF 5000ms: passes=477 timeouts=477 | poll 97.2% work 0.8%
ZWL PERF compose frames=1 draw_ms=23.21 (acquire 0.02 submit+present 23.04) frame_ms=25.37
ZWL PERF 5028ms: passes=477 timeouts=477 | poll 96.8% work 0.4%
ZWL PERF 5006ms: passes=479 timeouts=479 | poll 97.6% work 0.4%
ZWL PERF 5018ms: passes=476 timeouts=476 | poll 96.8% work 0.4%
ZWL PERF 5002ms: passes=479 timeouts=479 | poll 97.7% work 0.4%
ZWL PERF 5030ms: passes=475 timeouts=475 | poll 96.4% work 0.4%
ZWL PERF 5002ms: passes=476 timeouts=476 | poll 97.1% work 0.4%
ZWL PERF 5018ms: passes=473 timeouts=473 | poll 96.2% work 0.4%
ZWL PERF 5002ms: passes=476 timeouts=476 | poll 97.1% work 0.4%
ZWL PERF 5010ms: passes=474 timeouts=474 | poll 96.5% work 0.4%
ZWL CLIENT client=10 fd=23
ZWL SEAT client=10 pointer=1 keyboard=0 touch=0
ZWL CONFIGURE client=10 surface=8 serial=28 width=0 height=0 fullscreen=0
ZWL DECORATION applied client=10 surface=8 mode=1
ZWL MAP client=10 surface=8 x=490 y=353
ZWL GLASS request move surface=8
ZWL PING pong client=10 serial=32
ZWL GLASS moved surface=8 x=550 y=393
ZWL CLIENT gone client=10 reason=read
ZWL CLEANUP client=10 objects=13 unread_fds=0
ZWL CLIENT client=11 fd=23
ZWL TABLET seat client=11
ZWL SEAT client=11 pointer=1 keyboard=0 touch=0
ZWL SEAT client=11 pointer=1 keyboard=1 touch=0
ZWL BOUNDS client=11 surface=23 width=1256 height=690
ZWL CONFIGURE client=11 surface=23 serial=36 width=0 height=0 fullscreen=0
ZWL VIEWPORT surface=23 source=0,0,0,0 destination=728,489
ZWL DECORATION applied client=11 surface=23 mode=1
ZWL MAP client=11 surface=23 x=276 y=198
ZWL IME activate client=11
ZWL CURSOR shape client=11 shape=1 image=10
ZWL CURSOR shape client=11 shape=9 image=0
KEI-IME ACTIVATE
ZWL CURSOR client=11 shown=1
ZWL PING pong client=11 serial=41
ZWL IME deactivate
ZWL IME activate client=11
KEI-IME DEACTIVATE
KEI-IME ACTIVATE
ZWL CURSOR shape client=11 shape=1 image=10
ZWL PING pong client=11 serial=46
ZWL IME deactivate
KEI-IME DEACTIVATE
ZWL POPUP create client=11 popup=41 surface=39 parent=23 x=-18 y=40 width=127 height=84
ZWL POPUP grab popup=41 surface=39
ZWL POPUP configure surface=39 serial=48 x=-18 y=40 width=127 height=84
ZWL VIEWPORT surface=39 source=0,0,0,0 destination=133,90
ZWL POPUP map surface=39 x=269 y=248 grab=1
ZWL PERF 5057ms: passes=502 timeouts=405 | poll 79.6% work 18.2%
ZWL PERF compose frames=48 draw_ms=18.43 (acquire 0.01 submit+present 18.31) frame_ms=20.09
ZWL PERF shm copies=49 copy_ms=0.192
ZWL CURSOR shape client=11 shape=1 image=10
ZWL PING pong client=11 serial=55
ZWL CURSOR shape client=11 shape=1 image=10
ZWL POPUP create client=11 popup=45 surface=47 parent=23 x=-31 y=44 width=153 height=32
ZWL POPUP configure surface=47 serial=62 x=-31 y=44 width=153 height=32
ZWL POPUP configure surface=47 serial=63 x=45 y=44 width=1 height=1
ZWL POPUP configure surface=47 serial=64 x=-31 y=44 width=153 height=32
ZWL VIEWPORT surface=47 source=0,0,0,0 destination=153,32
ZWL POPUP map surface=47 x=259 y=254 grab=0
ZWL PING pong client=11 serial=66
ZWL BOUNDS client=11 surface=42 width=1256 height=690
ZWL CONFIGURE client=11 surface=42 serial=68 width=0 height=0 fullscreen=0
ZWL VIEWPORT surface=42 source=0,0,0,0 destination=388,189
ZWL DECORATION applied client=11 surface=42 mode=1
ZWL MAP client=11 surface=42 x=446 y=348
ZWL CURSOR shape client=11 shape=1 image=10
ZWL PING pong client=11 serial=75
ZWL CURSOR shape client=11 shape=1 image=10
ZWL CURSOR shape client=11 shape=9 image=0
ZWL CURSOR shape client=11 shape=1 image=10
ZWL PING pong client=11 serial=83
ZWL GLASS dock surface=23 via=request buttons=769,723,677 title=65 x=0 y=38 w=1280 h=762
ZWL CONFIGURE client=11 surface=23 serial=85 width=1280 height=762 fullscreen=0
ZWL VIEWPORT surface=23 source=0,0,0,0 destination=1280,762
ZWL PERF 5008ms: passes=461 timeouts=417 | poll 84.1% work 12.3%
ZWL PERF compose frames=32 draw_ms=18.31 (acquire 0.01 submit+present 18.16) frame_ms=19.62
ZWL PERF shm copies=15 copy_ms=0.367
ZWL GLASS undock surface=23 via=request x=276 y=198
ZWL BOUNDS client=11 surface=23 width=1256 height=690
ZWL CONFIGURE client=11 surface=23 serial=86 width=700 height=460 fullscreen=0
ZWL VIEWPORT surface=23 source=0,0,0,0 destination=728,489
ZWL PING pong client=11 serial=88
ZWL CONFIGURE client=11 surface=23 serial=90 width=1280 height=800 fullscreen=1
ZWL GLASS bar hidden fullscreen=23
ZWL VIEWPORT surface=23 source=0,0,0,0 destination=1280,800
ZWL CURSOR shape client=11 shape=9 image=0
ZWL PERF 5003ms: passes=447 timeouts=435 | poll 91.4% work 6.5%
ZWL PERF compose frames=14 draw_ms=21.10 (acquire 0.01 submit+present 20.97) frame_ms=26.07
ZWL PERF shm copies=6 copy_ms=1.206
ZWL WINDOW unfullscreen surface=23 x=276 y=198 placed=1
ZWL BOUNDS client=11 surface=23 width=1256 height=690
ZWL CONFIGURE client=11 surface=23 serial=91 width=700 height=460 fullscreen=0
ZWL GLASS bar shown
ZWL VIEWPORT surface=23 source=0,0,0,0 destination=728,489
ZWL CURSOR shape client=11 shape=1 image=10
ZWL PERF 5008ms: passes=453 timeouts=450 | poll 94.6% work 1.9%
ZWL PERF compose frames=3 draw_ms=23.77 (acquire 0.01 submit+present 23.63) frame_ms=25.22
ZWL PERF shm copies=2 copy_ms=0.641
ZWL PERF 5009ms: passes=478 timeouts=478 | poll 97.4% work 0.4%
ZWL PERF 5003ms: passes=469 timeouts=469 | poll 95.7% work 0.4%
ZWL PERF 5005ms: passes=477 timeouts=477 | poll 97.3% work 0.4%
ZWL PERF 5035ms: passes=471 timeouts=471 | poll 95.5% work 0.4%
ZWL PERF 5007ms: passes=476 timeouts=476 | poll 97.0% work 0.4%
ZWL PERF 5005ms: passes=473 timeouts=473 | poll 96.5% work 0.4%
ZWL PERF 5001ms: passes=478 timeouts=478 | poll 97.5% work 0.4%
ZWL CURSOR shape client=11 shape=9 image=0
ZWL CURSOR shape client=11 shape=1 image=10
ZWL POPUP create client=11 popup=36 surface=42 parent=23 x=-31 y=44 width=153 height=32
ZWL POPUP configure surface=42 serial=92 x=-31 y=44 width=153 height=32
ZWL POPUP configure surface=42 serial=93 x=45 y=44 width=1 height=1
ZWL POPUP configure surface=42 serial=94 x=-31 y=44 width=153 height=32
ZWL VIEWPORT surface=42 source=0,0,0,0 destination=153,32
ZWL POPUP map surface=42 x=259 y=254 grab=0
