ZWL PREFERENCES open
ZWL DISPLAY device=llvmpipe (LLVM 19.1.7, 256 bits) width=1280 height=800 refresh_mhz=74994
ZWL STARTUP step=vulkan-device ms=73
ZWL STARTUP step=vulkan-objects-arrow ms=3
ZWL STARTUP step=wallpaper-picture ms=8
ZWL STARTUP step=wallpaper ms=37
ZWL STARTUP step=glyphs-text ms=8
ZWL STARTUP step=glyphs-icons ms=2
ZWL STARTUP step=glyphs-mark ms=18
ZWL GLASS atlas cache-top=380 cells=273 faces=1
ZWL STARTUP step=glyphs ms=29
ZWL GLASS ready text=1
ZWL STARTUP step=compose ms=143 at_ms=1982670
ZWL INPUT device=/dev/input/event5 kind=pointer abs=1
ZWL INPUT device=/dev/input/event3 kind=keyboard abs=0
ZWL INPUT device=/dev/input/event1 kind=pointer abs=0
ZWL INPUT device=/dev/input/event0 kind=keyboard abs=0
ZWL STARTUP step=input ms=46 at_ms=1982716
ZWL KEYMAP format=xkb_v1 errno=0
ZWL STARTUP step=keymap ms=0 at_ms=1982716
ZWL STARTUP step=socket ms=0 at_ms=1982716
ZWL CLIENT client=1 fd=17 ime=1
ZWL IME started pid=1353 client=1
ZWL READY socket=/run/b1-q587/wayland-q587 width=1280 height=800 timeout_ms=18446744073709551615 pid=1340
ZWL CORNER zone x=1252 y=0 width=28 height=28
ZWL OSK zone kind=flick x=1252 y=772 size=28
ZWL OSK zone kind=qwerty x=0 y=772 size=28
ZWL NETWORK state reachable=0 connected=1 kind=wired interface=enp0s5 wifi=absent ssid=
ZWL VOLUME reachable=1 device=1
ZWL DESKTOP start pid=1354 command=/opt/keiland/bin/files --desktop at_ms=1982728
ZWL STARTUP step=output-display ms=0
KEI-IME LANGUAGE id=direct
ZWL STARTUP step=output-pipelines ms=14
ZWL STARTUP step=output-swapchain ms=6
ZWL STARTUP step=output-targets ms=0
ZWL OUTPUT open width=1280 height=800 images=3 format=44
ZWL MODE window switch_ms=20 at_ms=1982748
ZWL GLASS desktops x=821 step=46 width=40
ZWL NETWORK icon x=1065 y=3 width=30 height=28
ZWL VOLUME icon x=1032 y=3 width=30 height=28
ZWL IME language=direct
KEI-IME READY languages=2
ZWL CLIENT client=2 fd=22
ZWL DESKTOP role client=2 surface=8 x=0 y=34 width=1280 height=766
ZWL SEAT client=2 pointer=1 keyboard=0 touch=0
ZFILES DESKTOP configure x=0 y=34 width=1280 height=766
ZWL SEAT client=2 pointer=1 keyboard=1 touch=0
ZWL DESKTOP ack serial=2
ZFILES LOCATION kind=folder path=/root/Desktop items=0 error=0
ZFILES DESKTOP layout saved=0 error=0
ZFILES DESKTOP grid width=1280 height=766 columns=13 rows=7
ZFILES DESKTOP ready items=0 cells=0 width=1280 height=766 at_ms=1982867 newest_age_ms=-1 hidden=0
ZWL IMPORT client=2 buffer=22 width=1280 height=766 bytes=3932160
ZWL IMPORT client=2 buffer=24 width=1280 height=766 bytes=3932160
ZWL IMPORT client=2 buffer=26 width=1280 height=766 bytes=3932160
ZWL DESKTOP drawn at_ms=1982907
ZFILES MENU context-only
ZFILES DESKTOP startup entered_ms=1982738 fonts=13 instance=43 window=2 present=67 app=1 canvas=0 draw=4 shown=39 menus=17
ZFILES READY width=1280 height=766 token=-
ZWL CLIENT client=3 fd=23
ZWL SEAT client=3 pointer=1 keyboard=0 touch=0
ZWL CONFIGURE client=3 surface=8 serial=3 width=0 height=0 fullscreen=0
ZWL DECORATION applied client=3 surface=8 mode=1
ZWL MAP client=3 surface=8 x=490 y=353
ZWL PERF 5000ms: passes=499 timeouts=463 | poll 96.0% work 3.3%
ZWL PERF compose frames=6 draw_ms=19.64 (acquire 0.02 submit+present 19.50) frame_ms=19.67
ZWL PERF shm copies=1 copy_ms=0.269
ZWL PERF 5028ms: passes=477 timeouts=477 | poll 96.8% work 0.4%
ZWL PERF 5002ms: passes=479 timeouts=479 | poll 97.7% work 0.4%
ZWL PERF 5018ms: passes=476 timeouts=476 | poll 96.8% work 0.4%
ZWL PERF 5003ms: passes=478 timeouts=478 | poll 97.7% work 0.4%
ZWL PERF 5021ms: passes=475 timeouts=475 | poll 96.8% work 0.4%
ZWL PERF 5007ms: passes=478 timeouts=478 | poll 97.4% work 0.7%
ZWL PERF 5017ms: passes=476 timeouts=476 | poll 96.8% work 0.4%
ZWL PERF 5008ms: passes=475 timeouts=475 | poll 96.6% work 1.3%
ZWL PERF compose frames=1 draw_ms=44.15 (acquire 0.34 submit+present 42.98) frame_ms=46.37
ZWL PERF 5028ms: passes=476 timeouts=476 | poll 96.6% work 0.4%
ZWL PERF 5001ms: passes=478 timeouts=478 | poll 97.6% work 0.4%
ZWL PERF 5019ms: passes=475 timeouts=475 | poll 96.6% work 0.4%
ZWL RESIZE start surface=8 edges=10 width=300 height=180
ZWL PING pong client=3 serial=7
ZWL PERF 5002ms: passes=478 timeouts=474 | poll 96.7% work 1.3%
ZWL PERF compose frames=1 draw_ms=39.98 (acquire 0.02 submit+present 39.72) frame_ms=42.10
ZWL CONFIGURE client=3 surface=8 serial=8 width=360 height=200 fullscreen=0
ZWL CONFIGURE client=3 surface=8 serial=9 width=360 height=200 fullscreen=0
ZWL RESIZE end surface=8 width=360 height=200
ZWL CLIENT gone client=3 reason=read
ZWL CLEANUP client=3 objects=13 unread_fds=0
ZWL CLIENT client=4 fd=23
ZWL CONFIGURE client=4 surface=8 serial=13 width=0 height=0 fullscreen=0
ZWL DECORATION applied client=4 surface=8 mode=1
ZWL CLIENT client=5 fd=28
ZWL CLIENT gone client=4 reason=read
ZWL CLEANUP client=4 objects=9 unread_fds=0
ZWL DECORATION configure client=5 mode=1
ZWL CONFIGURE client=5 surface=8 serial=14 width=0 height=0 fullscreen=0
ZWL DECORATION applied client=5 surface=8 mode=1
ZWL DECORATION asked client=5 mode=2
ZWL DECORATION configure client=5 mode=2
ZWL CONFIGURE client=5 surface=8 serial=15 width=0 height=0 fullscreen=0
ZWL DECORATION applied client=5 surface=8 mode=2
ZWL DECORATION asked client=5 mode=1
ZWL DECORATION configure client=5 mode=1
ZWL CONFIGURE client=5 surface=8 serial=16 width=0 height=0 fullscreen=0
ZWL DECORATION asked client=5 mode=2
ZWL DECORATION configure client=5 mode=2
ZWL CONFIGURE client=5 surface=8 serial=17 width=0 height=0 fullscreen=0
ZWL DECORATION applied client=5 surface=8 mode=1
ZWL DECORATION applied client=5 surface=8 mode=2
ZWL DECORATION asked client=5 mode=2
ZWL DECORATION configure client=5 mode=2
ZWL CONFIGURE client=5 surface=8 serial=18 width=0 height=0 fullscreen=0
ZWL DECORATION asked client=5 mode=1
ZWL DECORATION configure client=5 mode=1
ZWL CONFIGURE client=5 surface=8 serial=19 width=0 height=0 fullscreen=0
ZWL DECORATION applied client=5 surface=8 mode=1
ZWL DECORATION asked client=5 mode=2
ZWL DECORATION configure client=5 mode=2
ZWL CONFIGURE client=5 surface=8 serial=20 width=0 height=0 fullscreen=0
ZWL DECORATION asked client=5 mode=1
ZWL DECORATION configure client=5 mode=1
ZWL CONFIGURE client=5 surface=8 serial=21 width=0 height=0 fullscreen=0
ZWL DECORATION applied client=5 surface=8 mode=2
ZWL DECORATION applied client=5 surface=8 mode=1
ZWL DECORATION asked client=5 mode=2
ZWL DECORATION configure client=5 mode=2
ZWL CONFIGURE client=5 surface=8 serial=22 width=0 height=0 fullscreen=0
ZWL DECORATION applied client=5 surface=8 mode=2
ZWL DECORATION asked client=5 mode=0
ZWL DECORATION configure client=5 mode=1
ZWL CONFIGURE client=5 surface=8 serial=23 width=0 height=0 fullscreen=0
ZWL DECORATION applied client=5 surface=8 mode=1
ZWL DECORATION asked client=5 mode=2
ZWL DECORATION configure client=5 mode=2
ZWL CONFIGURE client=5 surface=8 serial=24 width=0 height=0 fullscreen=0
ZWL DECORATION applied client=5 surface=8 mode=2
ZWL DECORATION asked client=5 mode=2
ZWL DECORATION configure client=5 mode=2
ZWL CONFIGURE client=5 surface=8 serial=25 width=0 height=0 fullscreen=0
ZWL DECORATION applied client=5 surface=8 mode=1
ZWL CLIENT gone client=5 reason=read
ZWL CLEANUP client=5 objects=9 unread_fds=0
ZWL CLIENT client=6 fd=23
ZWL TITLEBAR create client=6 titlebar=12 toplevel=10
ZWL CONFIGURE client=6 surface=8 serial=26 width=0 height=0 fullscreen=0
ZWL DECORATION applied client=6 surface=8 mode=2
ZWL DECORATION applied client=6 surface=8 mode=1
ZWL CLIENT client=7 fd=28
ZWL CLIENT gone client=6 reason=read
ZWL CLEANUP client=6 objects=9 unread_fds=0
ZWL TITLEBAR create client=7 titlebar=12 toplevel=10
ZWL DECORATION configure client=7 mode=1
ZWL CONFIGURE client=7 surface=8 serial=27 width=0 height=0 fullscreen=0
ZWL DECORATION applied client=7 surface=8 mode=1
ZWL CLIENT gone client=7 reason=read
ZWL CLEANUP client=7 objects=11 unread_fds=0
ZWL CLIENT client=8 fd=23
ZWL DECORATION configure client=8 mode=1
ZWL ERROR client=8 object=6 code=1 reason=the toplevel has a decoration emit=0
ZWL CLIENT gone client=8 reason=error
ZWL CLEANUP client=8 objects=10 unread_fds=0
ZWL CLIENT client=9 fd=23
ZWL DECORATION configure client=9 mode=1
ZWL ERROR client=9 object=12 code=3 reason=not a decoration mode emit=0
ZWL CLIENT gone client=9 reason=error
ZWL CLEANUP client=9 objects=10 unread_fds=0
ZWL PERF 5026ms: passes=607 timeouts=444 | poll 89.9% work 7.1%
ZWL PERF compose frames=28 draw_ms=11.99 (acquire 0.00 submit+present 11.92) frame_ms=12.31
ZWL PERF shm copies=2 copy_ms=0.234
ZWL PERF 5004ms: passes=479 timeouts=479 | poll 97.7% work 0.4%
ZWL PERF 5012ms: passes=473 timeouts=473 | poll 96.3% work 0.4%
ZWL PERF 5002ms: passes=478 timeouts=478 | poll 97.5% work 0.4%
ZWL PERF 5010ms: passes=475 timeouts=475 | poll 96.7% work 0.4%
ZWL PERF 5002ms: passes=479 timeouts=479 | poll 97.7% work 0.4%
ZWL PERF 5018ms: passes=476 timeouts=476 | poll 96.8% work 0.4%
ZWL PERF 5000ms: passes=477 timeouts=477 | poll 97.2% work 0.8%
ZWL PERF compose frames=1 draw_ms=23.21 (acquire 0.02 submit+present 23.04) frame_ms=25.37
ZWL PERF 5028ms: passes=477 timeouts=477 | poll 96.8% work 0.4%
ZWL PERF 5006ms: passes=479 timeouts=479 | poll 97.6% work 0.4%
ZWL PERF 5018ms: passes=476 timeouts=476 | poll 96.8% work 0.4%
ZWL PERF 5002ms: passes=479 timeouts=479 | poll 97.7% work 0.4%
ZWL PERF 5030ms: passes=475 timeouts=475 | poll 96.4% work 0.4%
ZWL PERF 5002ms: passes=476 timeouts=476 | poll 97.1% work 0.4%
ZWL PERF 5018ms: passes=473 timeouts=473 | poll 96.2% work 0.4%
ZWL PERF 5002ms: passes=476 timeouts=476 | poll 97.1% work 0.4%
ZWL PERF 5010ms: passes=474 timeouts=474 | poll 96.5% work 0.4%
ZWL CLIENT client=10 fd=23
ZWL SEAT client=10 pointer=1 keyboard=0 touch=0
ZWL CONFIGURE client=10 surface=8 serial=28 width=0 height=0 fullscreen=0
ZWL DECORATION applied client=10 surface=8 mode=1
ZWL MAP client=10 surface=8 x=490 y=353
ZWL GLASS request move surface=8
ZWL PING pong client=10 serial=32
ZWL GLASS moved surface=8 x=550 y=393
ZWL CLIENT gone client=10 reason=read
ZWL CLEANUP client=10 objects=13 unread_fds=0
ZWL CLIENT client=11 fd=23
ZWL TABLET seat client=11
ZWL SEAT client=11 pointer=1 keyboard=0 touch=0
ZWL SEAT client=11 pointer=1 keyboard=1 touch=0
ZWL BOUNDS client=11 surface=23 width=1256 height=690
ZWL CONFIGURE client=11 surface=23 serial=36 width=0 height=0 fullscreen=0
ZWL VIEWPORT surface=23 source=0,0,0,0 destination=728,489
ZWL DECORATION applied client=11 surface=23 mode=1
ZWL MAP client=11 surface=23 x=276 y=198
ZWL IME activate client=11
ZWL CURSOR shape client=11 shape=1 image=10
ZWL CURSOR shape client=11 shape=9 image=0
KEI-IME ACTIVATE
ZWL CURSOR client=11 shown=1
ZWL PING pong client=11 serial=41
ZWL IME deactivate
ZWL IME activate client=11
KEI-IME DEACTIVATE
KEI-IME ACTIVATE
ZWL CURSOR shape client=11 shape=1 image=10
ZWL PING pong client=11 serial=46
ZWL IME deactivate
KEI-IME DEACTIVATE
ZWL POPUP create client=11 popup=41 surface=39 parent=23 x=-18 y=40 width=127 height=84
ZWL POPUP grab popup=41 surface=39
ZWL POPUP configure surface=39 serial=48 x=-18 y=40 width=127 height=84
ZWL VIEWPORT surface=39 source=0,0,0,0 destination=133,90
ZWL POPUP map surface=39 x=269 y=248 grab=1
ZWL PERF 5057ms: passes=502 timeouts=405 | poll 79.6% work 18.2%
ZWL PERF compose frames=48 draw_ms=18.43 (acquire 0.01 submit+present 18.31) frame_ms=20.09
ZWL PERF shm copies=49 copy_ms=0.192
ZWL CURSOR shape client=11 shape=1 image=10
ZWL PING pong client=11 serial=55
ZWL CURSOR shape client=11 shape=1 image=10
ZWL POPUP create client=11 popup=45 surface=47 parent=23 x=-31 y=44 width=153 height=32
ZWL POPUP configure surface=47 serial=62 x=-31 y=44 width=153 height=32
ZWL POPUP configure surface=47 serial=63 x=45 y=44 width=1 height=1
ZWL POPUP configure surface=47 serial=64 x=-31 y=44 width=153 height=32
ZWL VIEWPORT surface=47 source=0,0,0,0 destination=153,32
ZWL POPUP map surface=47 x=259 y=254 grab=0
ZWL PING pong client=11 serial=66
ZWL BOUNDS client=11 surface=42 width=1256 height=690
ZWL CONFIGURE client=11 surface=42 serial=68 width=0 height=0 fullscreen=0
ZWL VIEWPORT surface=42 source=0,0,0,0 destination=388,189
ZWL DECORATION applied client=11 surface=42 mode=1
ZWL MAP client=11 surface=42 x=446 y=348
ZWL CURSOR shape client=11 shape=1 image=10
ZWL PING pong client=11 serial=75
ZWL CURSOR shape client=11 shape=1 image=10
ZWL CURSOR shape client=11 shape=9 image=0
ZWL CURSOR shape client=11 shape=1 image=10
ZWL PING pong client=11 serial=83
ZWL GLASS dock surface=23 via=request buttons=769,723,677 title=65 x=0 y=38 w=1280 h=762
ZWL CONFIGURE client=11 surface=23 serial=85 width=1280 height=762 fullscreen=0
ZWL VIEWPORT surface=23 source=0,0,0,0 destination=1280,762
ZWL PERF 5008ms: passes=461 timeouts=417 | poll 84.1% work 12.3%
ZWL PERF compose frames=32 draw_ms=18.31 (acquire 0.01 submit+present 18.16) frame_ms=19.62
ZWL PERF shm copies=15 copy_ms=0.367
ZWL GLASS undock surface=23 via=request x=276 y=198
ZWL BOUNDS client=11 surface=23 width=1256 height=690
ZWL CONFIGURE client=11 surface=23 serial=86 width=700 height=460 fullscreen=0
ZWL VIEWPORT surface=23 source=0,0,0,0 destination=728,489
ZWL PING pong client=11 serial=88
ZWL CONFIGURE client=11 surface=23 serial=90 width=1280 height=800 fullscreen=1
ZWL GLASS bar hidden fullscreen=23
ZWL VIEWPORT surface=23 source=0,0,0,0 destination=1280,800
ZWL CURSOR shape client=11 shape=9 image=0
ZWL PERF 5003ms: passes=447 timeouts=435 | poll 91.4% work 6.5%
ZWL PERF compose frames=14 draw_ms=21.10 (acquire 0.01 submit+present 20.97) frame_ms=26.07
ZWL PERF shm copies=6 copy_ms=1.206
ZWL WINDOW unfullscreen surface=23 x=276 y=198 placed=1
ZWL BOUNDS client=11 surface=23 width=1256 height=690
ZWL CONFIGURE client=11 surface=23 serial=91 width=700 height=460 fullscreen=0
ZWL GLASS bar shown
ZWL VIEWPORT surface=23 source=0,0,0,0 destination=728,489
ZWL CURSOR shape client=11 shape=1 image=10
ZWL PERF 5008ms: passes=453 timeouts=450 | poll 94.6% work 1.9%
ZWL PERF compose frames=3 draw_ms=23.77 (acquire 0.01 submit+present 23.63) frame_ms=25.22
ZWL PERF shm copies=2 copy_ms=0.641
ZWL PERF 5009ms: passes=478 timeouts=478 | poll 97.4% work 0.4%
ZWL PERF 5003ms: passes=469 timeouts=469 | poll 95.7% work 0.4%
ZWL PERF 5005ms: passes=477 timeouts=477 | poll 97.3% work 0.4%
ZWL PERF 5035ms: passes=471 timeouts=471 | poll 95.5% work 0.4%
ZWL PERF 5007ms: passes=476 timeouts=476 | poll 97.0% work 0.4%
ZWL PERF 5005ms: passes=473 timeouts=473 | poll 96.5% work 0.4%
ZWL PERF 5001ms: passes=478 timeouts=478 | poll 97.5% work 0.4%
ZWL CURSOR shape client=11 shape=9 image=0
ZWL CURSOR shape client=11 shape=1 image=10
ZWL POPUP create client=11 popup=36 surface=42 parent=23 x=-31 y=44 width=153 height=32
ZWL POPUP configure surface=42 serial=92 x=-31 y=44 width=153 height=32
ZWL POPUP configure surface=42 serial=93 x=45 y=44 width=1 height=1
ZWL POPUP configure surface=42 serial=94 x=-31 y=44 width=153 height=32
ZWL VIEWPORT surface=42 source=0,0,0,0 destination=153,32
ZWL POPUP map surface=42 x=259 y=254 grab=0
ZWL PERF 5063ms: passes=451 timeouts=384 | poll 71.0% work 25.5%
ZWL PERF compose frames=66 draw_ms=19.10 (acquire 0.01 submit+present 18.95) frame_ms=22.72
ZWL PERF shm copies=62 copy_ms=0.064
ZWL PERF 5003ms: passes=475 timeouts=475 | poll 96.9% work 0.4%
ZWL PERF 5025ms: passes=471 timeouts=471 | poll 95.7% work 0.4%
ZWL PERF 5008ms: passes=476 timeouts=476 | poll 96.9% work 1.0%
ZWL PERF compose frames=1 draw_ms=26.32 (acquire 0.02 submit+present 26.13) frame_ms=28.46
ZWL PERF 5024ms: passes=472 timeouts=472 | poll 95.8% work 0.4%
ZWL PERF 5002ms: passes=478 timeouts=478 | poll 97.5% work 0.4%
ZWL PERF 5002ms: passes=471 timeouts=471 | poll 96.1% work 0.4%
ZWL PERF 5009ms: passes=478 timeouts=478 | poll 97.4% work 0.4%
ZWL PERF 5007ms: passes=471 timeouts=471 | poll 96.0% work 0.4%
ZWL PERF 5009ms: passes=479 timeouts=479 | poll 97.4% work 0.4%
ZWL PERF 5019ms: passes=475 timeouts=475 | poll 96.4% work 0.4%
ZWL CURSOR shape client=11 shape=9 image=0
ZWL PING pong client=11 serial=96
ZWL IME activate client=11
KEI-IME ACTIVATE
ZWL PRIMARY selection client=11 source=49 types=2
ZWL PRIMARY offer client=11 offer=4278190080 types=2
ZWL CURSOR shape client=11 shape=9 image=0
ZWL DATA selection client=11 source=45 types=2
ZWL DATA offer client=11 offer=4278190081 types=2
ZWL CLIP read client=11 mime=text/plain;charset=utf-8
ZWL CLIP add length=27 sum=d10d5a5d count=1
ZWL CLIENT client=12 fd=33
ZWL TABLET seat client=12
ZWL SEAT client=12 pointer=1 keyboard=0 touch=0
ZWL SEAT client=12 pointer=1 keyboard=1 touch=0
ZWL BOUNDS client=12 surface=23 width=1256 height=690
ZWL CONFIGURE client=12 surface=23 serial=114 width=0 height=0 fullscreen=0
ZWL VIEWPORT surface=23 source=0,0,0,0 destination=728,489
ZWL DECORATION applied client=12 surface=23 mode=1
ZWL MAP client=12 surface=23 x=324 y=246
ZWL DATA offer client=12 offer=4278190080 types=2
ZWL PRIMARY offer client=12 offer=4278190081 types=2
ZWL IME deactivate
KEI-IME DEACTIVATE
ZWL IME activate client=12
ZWL CURSOR shape client=12 shape=1 image=10
KEI-IME ACTIVATE
ZWL PERF 5005ms: passes=514 timeouts=440 | poll 86.0% work 11.9%
ZWL PERF compose frames=40 draw_ms=14.26 (acquire 0.01 submit+present 14.15) frame_ms=16.01
ZWL PERF shm copies=53 copy_ms=0.048
ZWL CURSOR shape client=12 shape=9 image=0
ZWL PING pong client=12 serial=121
ZWL DATA receive client=12 mime=text/plain;charset=utf-8 source=11
ZWL CURSOR shape client=12 shape=9 image=0
ZWL CURSOR shape client=12 shape=9 image=0
ZWL CLIENT gone client=12 reason=read
ZWL CLEANUP client=12 objects=33 unread_fds=0
ZWL IME deactivate
ZWL DATA offer client=11 offer=4278190082 types=2
ZWL PRIMARY offer client=11 offer=4278190083 types=2
KEI-IME DEACTIVATE
ZWL CURSOR shape client=11 shape=9 image=0
ZWL IME activate client=11
KEI-IME ACTIVATE
ZWL CLIENT client=13 fd=33
ZWL TABLET seat client=13
ZWL CLIENT client=14 fd=35
ZWL CLIENT gone client=14 reason=read
ZWL CLEANUP client=14 objects=2 unread_fds=0
ZWL CLIENT client=15 fd=35
ZWL CLIENT gone client=15 reason=read
ZWL CLEANUP client=15 objects=2 unread_fds=0
ZWL SEAT client=13 pointer=1 keyboard=0 touch=0
ZWL SEAT client=13 pointer=1 keyboard=1 touch=0
ZWL BOUNDS client=13 surface=23 width=1256 height=690
ZWL CONFIGURE client=13 surface=23 serial=138 width=0 height=0 fullscreen=0
ZWL VIEWPORT surface=23 source=0,0,0,0 destination=728,489
ZWL DECORATION applied client=13 surface=23 mode=1
ZWL MAP client=13 surface=23 x=324 y=246
ZWL DATA offer client=13 offer=4278190080 types=2
ZWL PRIMARY offer client=13 offer=4278190081 types=2
ZWL IME deactivate
KEI-IME DEACTIVATE
ZWL IME activate client=13
ZWL CURSOR shape client=13 shape=1 image=10
ZWL CURSOR shape client=13 shape=9 image=0
KEI-IME ACTIVATE
ZWL PERF 5031ms: passes=505 timeouts=390 | poll 73.4% work 23.2%
ZWL PERF compose frames=66 draw_ms=17.06 (acquire 0.01 submit+present 16.92) frame_ms=20.59
ZWL PERF shm copies=64 copy_ms=0.138
ZWL PING pong client=13 serial=145
ZWL CURSOR shape client=13 shape=9 image=0
ZWL CLIENT gone client=13 reason=read
ZWL CLEANUP client=13 objects=51 unread_fds=0
ZWL IME deactivate
ZWL DATA offer client=11 offer=4278190084 types=2
ZWL PRIMARY offer client=11 offer=4278190085 types=2
KEI-IME DEACTIVATE
ZWL CLIENT gone client=11 reason=read
ZWL CLEANUP client=11 objects=44 unread_fds=0
ZWL DATA selection none (source gone)
ZWL PRIMARY selection none (source gone)
ZWL CLIENT client=16 fd=23
ZWL INSET create client=16 inset=20 toplevel=16
ZWL EDIT create client=16 edit=24 toplevel=16
ZWL BOUNDS client=16 surface=14 width=1256 height=690
ZWL CONFIGURE client=16 surface=14 serial=156 width=0 height=0 fullscreen=0
ZWL SEAT client=16 pointer=1 keyboard=0 touch=0
ZWL SEAT client=16 pointer=1 keyboard=1 touch=0
ZWL IMPORT client=16 buffer=39 width=916 height=632 bytes=2347008
ZWL IMPORT client=16 buffer=41 width=916 height=632 bytes=2347008
ZWL IMPORT client=16 buffer=43 width=916 height=632 bytes=2347008
ZWL MENU commit client=16 menu=47 serial=1 items=30 generation=1
ZWL MENU set client=16 place=48 menu=47
ZWL MENU commit client=16 menu=47 serial=2 items=30 generation=2
ZWL TITLEBAR create client=16 titlebar=52 toplevel=16
ZWL BOUNDS client=16 surface=14 width=1256 height=690
ZWL CONFIGURE client=16 surface=14 serial=157 width=0 height=0 fullscreen=0
ZWL EDIT state client=16 edit=24 actions=0xff flags=0xd
ZWL TITLEBAR commit client=16 titlebar=52 serial=1 mode=0 controls=0 tabs=1 generation=1
ZWL DECORATION applied client=16 surface=14 mode=1
ZWL MAP client=16 surface=14 x=182 y=127
ZWL DECORATION applied client=16 surface=14 mode=2
ZWL MENU bar client=16 surface=14 where=floating item=1 offset=127 top=75 width=55 height=44
ZWL MENU bar client=16 surface=14 where=floating item=2 offset=184 top=75 width=47 height=44
ZWL MENU bar client=16 surface=14 where=floating item=3 offset=233 top=75 width=55 height=44
ZWL MENU bar client=16 surface=14 where=floating item=4 offset=290 top=75 width=76 height=44
ZWL MENU bar client=16 surface=14 where=floating item=5 offset=368 top=75 width=53 height=44
ZWL PERF 5009ms: passes=488 timeouts=414 | poll 82.3% work 15.3%
ZWL PERF compose frames=31 draw_ms=23.74 (acquire 0.01 submit+present 23.58) frame_ms=25.41
ZWL PERF shm copies=21 copy_ms=0.239
ZWL PERF 5001ms: passes=475 timeouts=475 | poll 96.8% work 0.4%
ZWL PERF 5009ms: passes=477 timeouts=477 | poll 96.9% work 1.0%
ZWL PERF compose frames=1 draw_ms=28.51 (acquire 0.02 submit+present 28.22) frame_ms=30.60
ZWL PERF 5003ms: passes=470 timeouts=470 | poll 95.7% work 0.4%
ZWL PERF 5003ms: passes=480 timeouts=480 | poll 97.7% work 0.4%
ZWL PERF 5007ms: passes=476 timeouts=476 | poll 96.5% work 0.3%
ZWL PERF 5004ms: passes=480 timeouts=480 | poll 97.5% work 0.4%
ZWL PERF 5016ms: passes=476 timeouts=476 | poll 96.6% work 0.4%
ZWL PERF 5003ms: passes=477 timeouts=477 | poll 97.1% work 0.4%
ZWL PERF 5029ms: passes=472 timeouts=472 | poll 95.7% work 0.4%
ZWL PERF 5008ms: passes=477 timeouts=477 | poll 97.1% work 0.4%
ZWL PERF 5004ms: passes=472 timeouts=472 | poll 96.2% work 0.4%
ZWL PERF 5003ms: passes=478 timeouts=478 | poll 97.5% work 0.4%
ZWL PERF 5073ms: passes=476 timeouts=476 | poll 95.8% work 1.0%
ZWL PERF compose frames=1 draw_ms=32.10 (acquire 0.02 submit+present 31.85) frame_ms=34.25
ZWL PERF 5003ms: passes=479 timeouts=479 | poll 97.5% work 0.4%
ZWL PERF 5003ms: passes=471 timeouts=471 | poll 96.2% work 0.4%
ZWL PERF 5005ms: passes=474 timeouts=474 | poll 96.8% work 0.4%
ZWL PERF 5003ms: passes=472 timeouts=472 | poll 96.3% work 0.4%
ZWL MENU activate client=16 place=48 item=13 action=19 serial=167 via=shortcut
ZWL TITLEBAR commit client=16 titlebar=52 serial=2 mode=2 controls=0 tabs=2 generation=2
ZWL TITLEBAR strip client=16 surface=14 where=floating id=1 x=309 y=82 width=96 height=30 shown=1 flags=4 close=-1
ZWL TITLEBAR strip client=16 surface=14 where=floating id=2 x=409 y=82 width=96 height=30 shown=1 flags=5 close=483
ZWL TITLEBAR strip client=16 surface=14 where=floating button=new x=509 y=82 width=30 height=30
ZWL TITLEBAR strip client=16 surface=14 where=floating button=overflow x=954 y=82 width=30 height=30
ZWL TITLEBAR strip client=16 surface=14 where=floating id=1 x=309 y=82 width=96 height=30 shown=1 flags=4 close=383
ZWL TITLEBAR strip client=16 surface=14 where=floating id=2 x=409 y=82 width=96 height=30 shown=1 flags=5 close=483
ZWL TITLEBAR strip client=16 surface=14 where=floating button=new x=509 y=82 width=30 height=30
ZWL TITLEBAR strip client=16 surface=14 where=floating button=overflow x=954 y=82 width=30 height=30
ZWL TITLEBAR tab client=16 id=1 event=activated
ZWL TITLEBAR commit client=16 titlebar=52 serial=3 mode=2 controls=0 tabs=2 generation=3
ZWL TITLEBAR strip client=16 surface=14 where=floating id=1 x=309 y=82 width=96 height=30 shown=1 flags=5 close=383
ZWL TITLEBAR strip client=16 surface=14 where=floating id=2 x=409 y=82 width=96 height=30 shown=1 flags=4 close=-1
ZWL TITLEBAR strip client=16 surface=14 where=floating button=new x=509 y=82 width=30 height=30
ZWL TITLEBAR strip client=16 surface=14 where=floating button=overflow x=954 y=82 width=30 height=30
ZWL PERF 5007ms: passes=470 timeouts=461 | poll 94.2% work 3.4%
ZWL PERF compose frames=6 draw_ms=24.69 (acquire 0.04 submit+present 24.42) frame_ms=26.13
ZWL PERF 5007ms: passes=472 timeouts=472 | poll 96.2% work 0.4%
ZWL PERF 5007ms: passes=477 timeouts=477 | poll 97.2% work 0.4%
ZWL PERF 5021ms: passes=475 timeouts=475 | poll 96.6% work 0.6%
ZWL PERF 5001ms: passes=477 timeouts=477 | poll 97.3% work 0.4%
ZWL PERF 5027ms: passes=475 timeouts=475 | poll 96.5% work 0.4%
ZWL PERF 5004ms: passes=477 timeouts=477 | poll 97.2% work 0.4%
ZWL PERF 5020ms: passes=472 timeouts=472 | poll 95.8% work 1.1%
ZWL PERF compose frames=1 draw_ms=36.38 (acquire 0.17 submit+present 35.17) frame_ms=38.62
ZWL MENU open client=16 surface=14 item=0 depth=1 x=950 y=125 width=200 height=162
ZWL MENU row item=1 depth=1 y=131 height=30
ZWL MENU row item=2 depth=1 y=161 height=30
ZWL MENU row item=3 depth=1 y=191 height=30
ZWL MENU row item=4 depth=1 y=221 height=30
ZWL MENU row item=5 depth=1 y=251 height=30
ZWL MENU close client=16 surface=14 item=4294967295 depth=0
ZWL GLASS dock surface=14 via=button buttons=768,722,676 title=65 x=0 y=38 w=1280 h=762
ZWL CONFIGURE client=16 surface=14 serial=176 width=1280 height=762 fullscreen=0
ZWL IMPORT client=16 buffer=59 width=1280 height=762 bytes=3911680
ZWL IMPORT client=16 buffer=61 width=1280 height=762 bytes=3911680
ZWL IMPORT client=16 buffer=63 width=1280 height=762 bytes=3911680
ZWL TITLEBAR strip client=16 surface=14 where=docked id=1 x=178 y=3 width=96 height=28 shown=1 flags=5 close=252
ZWL TITLEBAR strip client=16 surface=14 where=docked id=2 x=278 y=3 width=96 height=28 shown=1 flags=4 close=-1
ZWL TITLEBAR strip client=16 surface=14 where=docked button=new x=378 y=3 width=28 height=28
ZWL TITLEBAR strip client=16 surface=14 where=docked button=overflow x=624 y=3 width=28 height=28
ZWL GLASS undock surface=14 via=button x=182 y=127
ZWL BOUNDS client=16 surface=14 width=1256 height=690
ZWL CONFIGURE client=16 surface=14 serial=178 width=916 height=632 fullscreen=0
ZWL IMPORT client=16 buffer=66 width=916 height=632 bytes=2347008
ZWL IMPORT client=16 buffer=68 width=916 height=632 bytes=2347008
ZWL IMPORT client=16 buffer=70 width=916 height=632 bytes=2347008
ZWL PERF 5006ms: passes=451 timeouts=430 | poll 87.2% work 10.9%
ZWL PERF compose frames=19 draw_ms=27.60 (acquire 0.01 submit+present 27.37) frame_ms=29.38
ZWL PERF 5050ms: passes=474 timeouts=474 | poll 95.8% work 0.4%
ZWL PERF 5007ms: passes=477 timeouts=477 | poll 97.2% work 0.4%
ZWL PERF 5007ms: passes=471 timeouts=471 | poll 96.0% work 0.4%
ZWL PERF 5005ms: passes=476 timeouts=476 | poll 97.1% work 0.4%
ZWL PERF 5005ms: passes=472 timeouts=472 | poll 96.2% work 0.4%
ZWL PERF 5009ms: passes=479 timeouts=479 | poll 97.6% work 0.4%
ZWL PERF 5007ms: passes=475 timeouts=475 | poll 96.8% work 0.4%
ZWL PERF 5007ms: passes=479 timeouts=479 | poll 97.6% work 0.4%
ZWL PERF 5033ms: passes=476 timeouts=476 | poll 96.5% work 0.4%
ZWL PERF 5009ms: passes=476 timeouts=476 | poll 97.0% work 0.4%
ZWL PERF 5019ms: passes=469 timeouts=469 | poll 95.2% work 1.2%
ZWL PERF compose frames=1 draw_ms=41.42 (acquire 0.02 submit+present 41.13) frame_ms=43.63
ZWL PERF 5007ms: passes=477 timeouts=477 | poll 97.2% work 0.4%
ZWL PERF 5017ms: passes=473 timeouts=473 | poll 96.4% work 0.4%
ZWL PERF 5005ms: passes=478 timeouts=478 | poll 97.5% work 0.4%
ZWL PERF 5019ms: passes=474 timeouts=474 | poll 96.3% work 0.4%
ZWL PERF 5000ms: passes=476 timeouts=476 | poll 97.1% work 0.4%
ZWL PERF 5036ms: passes=475 timeouts=475 | poll 96.3% work 0.4%
ZWL PERF 5005ms: passes=479 timeouts=479 | poll 97.7% work 0.4%
ZWL PERF 5007ms: passes=475 timeouts=475 | poll 96.8% work 0.4%
ZWL PERF 5006ms: passes=480 timeouts=480 | poll 97.7% work 0.4%
ZWL PERF 5018ms: passes=474 timeouts=474 | poll 96.2% work 0.4%
ZWL PERF 5007ms: passes=480 timeouts=480 | poll 97.7% work 0.4%
ZWL PERF 5021ms: passes=473 timeouts=473 | poll 95.9% work 1.2%
ZWL PERF compose frames=1 draw_ms=38.05 (acquire 0.23 submit+present 36.83) frame_ms=40.23
ZWL PERF 5003ms: passes=480 timeouts=480 | poll 97.7% work 0.4%
ZWL PERF 5017ms: passes=474 timeouts=474 | poll 96.2% work 0.4%
ZWL PERF 5003ms: passes=480 timeouts=480 | poll 97.7% work 0.4%
ZWL PERF 5007ms: passes=476 timeouts=476 | poll 96.9% work 0.4%
ZWL PERF 5004ms: passes=480 timeouts=480 | poll 97.7% work 0.4%
ZWL PERF 5010ms: passes=476 timeouts=476 | poll 96.8% work 0.4%
ZWL PERF 5007ms: passes=478 timeouts=478 | poll 97.4% work 0.4%
ZWL PERF 5025ms: passes=474 timeouts=474 | poll 96.1% work 0.4%
ZWL PERF 5008ms: passes=478 timeouts=478 | poll 97.2% work 0.4%
ZWL PERF 5008ms: passes=476 timeouts=476 | poll 96.8% work 0.4%
ZWL GLASS close surface=14
ZWL CLIENT gone client=16 reason=read
ZWL CLEANUP client=16 objects=39 unread_fds=0
ZWL CLIENT client=17 fd=23
ZWL BOUNDS client=17 surface=8 width=1256 height=690
ZWL CONFIGURE client=17 surface=8 serial=182 width=0 height=0 fullscreen=0
ZWL SEAT client=17 pointer=1 keyboard=0 touch=0
ZWL SEAT client=17 pointer=1 keyboard=1 touch=0
ZWL IMPORT client=17 buffer=20 width=1120 height=690 bytes=3100672
ZWL IMPORT client=17 buffer=22 width=1120 height=690 bytes=3100672
ZWL IMPORT client=17 buffer=24 width=1120 height=690 bytes=3100672
ZWL MENU commit client=17 menu=32 serial=1 items=108 generation=1
ZWL MENU set client=17 place=33 menu=32
ZWL MENU commit client=17 menu=32 serial=2 items=108 generation=2
ZWL TITLEBAR create client=17 titlebar=37 toplevel=10
ZWL BOUNDS client=17 surface=8 width=1256 height=690
ZWL CONFIGURE client=17 surface=8 serial=183 width=0 height=0 fullscreen=0
ZWL TITLEBAR commit client=17 titlebar=37 serial=1 mode=1 controls=8 tabs=0 generation=1
ZWL TITLEBAR commit client=17 titlebar=37 serial=2 mode=1 controls=8 tabs=0 generation=2
ZWL GLASS client=17 surface=8 panels=2 card:0,0,212,690,16 card:220,0,900,690,16
ZWL DECORATION applied client=17 surface=8 mode=1
ZWL MAP client=17 surface=8 x=80 y=98
ZWL DECORATION applied client=17 surface=8 mode=2
ZWL GLASS glyph codepoint=U+2026 size=0 face=0 cell=0
ZWL TITLEBAR control client=17 surface=8 where=floating id=1 x=176 y=53 width=30 height=30 shown=1
ZWL TITLEBAR control client=17 surface=8 where=floating id=2 x=210 y=53 width=30 height=30 shown=1
ZWL TITLEBAR control client=17 surface=8 where=floating id=3 x=244 y=53 width=30 height=30 shown=1
ZWL TITLEBAR control client=17 surface=8 where=floating id=4 x=284 y=53 width=142 height=30 shown=1
ZWL TITLEBAR control client=17 surface=8 where=floating id=5 x=724 y=53 width=220 height=30 shown=1
ZWL TITLEBAR control client=17 surface=8 where=floating id=6 x=948 y=53 width=30 height=30 shown=1
ZWL TITLEBAR control client=17 surface=8 where=floating id=7 x=982 y=53 width=30 height=30 shown=1
ZWL TITLEBAR control client=17 surface=8 where=floating id=8 x=1016 y=53 width=30 height=30 shown=1
ZWL TITLEBAR control client=17 surface=8 where=floating id=0 x=1056 y=53 width=30 height=30 shown=1
ZWL PERF 5003ms: passes=480 timeouts=458 | poll 93.3% work 4.1%
ZWL PERF compose frames=8 draw_ms=22.57 (acquire 0.01 submit+present 22.39) frame_ms=23.38
ZWL PERF 5007ms: passes=472 timeouts=472 | poll 96.0% work 1.1%
ZWL PERF compose frames=1 draw_ms=36.71 (acquire 0.02 submit+present 36.45) frame_ms=38.93
ZWL PERF 5003ms: passes=479 timeouts=479 | poll 97.7% work 0.4%
ZWL PERF 5019ms: passes=474 timeouts=474 | poll 96.3% work 0.4%
ZWL PERF 5005ms: passes=479 timeouts=479 | poll 97.6% work 0.4%
ZWL PERF 5007ms: passes=473 timeouts=473 | poll 96.4% work 0.4%
ZWL PERF 5001ms: passes=479 timeouts=479 | poll 97.6% work 0.4%
ZWL PERF 5039ms: passes=474 timeouts=474 | poll 96.0% work 0.4%
ZWL PERF 5005ms: passes=477 timeouts=477 | poll 97.3% work 0.4%
ZWL PERF 5019ms: passes=474 timeouts=474 | poll 96.4% work 0.4%
ZWL PERF 5004ms: passes=476 timeouts=476 | poll 97.1% work 0.4%
ZWL PERF 5012ms: passes=475 timeouts=475 | poll 96.7% work 0.4%
ZWL PERF 5001ms: passes=477 timeouts=477 | poll 97.4% work 0.4%
ZWL PERF 5011ms: passes=472 timeouts=472 | poll 96.0% work 1.1%
ZWL PERF compose frames=1 draw_ms=33.47 (acquire 0.02 submit+present 33.18) frame_ms=35.58
ZWL PERF 5004ms: passes=479 timeouts=479 | poll 97.6% work 0.4%
ZWL PERF 5032ms: passes=475 timeouts=475 | poll 96.4% work 0.4%
ZWL PERF 5009ms: passes=479 timeouts=479 | poll 97.6% work 0.4%
ZWL PERF 5011ms: passes=475 timeouts=475 | poll 96.7% work 0.4%
ZWL PERF 5006ms: passes=479 timeouts=479 | poll 97.6% work 0.4%
ZWL PERF 5022ms: passes=476 timeouts=476 | poll 96.7% work 0.4%
ZWL PERF 5003ms: passes=478 timeouts=478 | poll 97.5% work 0.4%
ZWL PERF 5021ms: passes=475 timeouts=475 | poll 96.6% work 0.4%
ZWL PERF 5005ms: passes=478 timeouts=478 | poll 97.5% work 0.4%
ZWL PERF 5015ms: passes=474 timeouts=474 | poll 96.5% work 0.4%
ZWL PERF 5009ms: passes=477 timeouts=477 | poll 97.2% work 0.4%
ZWL PERF 5027ms: passes=471 timeouts=471 | poll 95.5% work 1.1%
ZWL PERF compose frames=1 draw_ms=34.83 (acquire 0.02 submit+present 34.56) frame_ms=36.95
ZWL TITLEBAR focus client=17 surface=8 id=5 edit=0
ZWL TITLEBAR text client=17 id=5 done=0 how=0 length=1
ZWL MENU commit client=17 menu=32 serial=3 items=108 generation=3
ZWL TITLEBAR text client=17 id=5 done=0 how=0 length=2
ZWL TITLEBAR text client=17 id=5 done=0 how=0 length=3
ZWL TITLEBAR text client=17 id=5 done=0 how=0 length=4
ZWL TITLEBAR commit client=17 titlebar=37 serial=3 mode=1 controls=8 tabs=0 generation=3
ZWL TITLEBAR control client=17 surface=8 where=floating id=1 x=176 y=53 width=30 height=30 shown=1
ZWL TITLEBAR control client=17 surface=8 where=floating id=2 x=210 y=53 width=30 height=30 shown=1
ZWL TITLEBAR control client=17 surface=8 where=floating id=3 x=244 y=53 width=30 height=30 shown=1
ZWL TITLEBAR control client=17 surface=8 where=floating id=4 x=284 y=53 width=65 height=30 shown=1
ZWL TITLEBAR control client=17 surface=8 where=floating id=5 x=724 y=53 width=220 height=30 shown=1
ZWL TITLEBAR control client=17 surface=8 where=floating id=6 x=948 y=53 width=30 height=30 shown=1
ZWL TITLEBAR control client=17 surface=8 where=floating id=7 x=982 y=53 width=30 height=30 shown=1
ZWL TITLEBAR control client=17 surface=8 where=floating id=8 x=1016 y=53 width=30 height=30 shown=1
ZWL TITLEBAR control client=17 surface=8 where=floating id=0 x=1056 y=53 width=30 height=30 shown=1
ZWL MENU commit client=17 menu=32 serial=4 items=108 generation=4
ZWL TITLEBAR text client=17 id=5 done=0 how=0 length=0
ZWL TITLEBAR text client=17 id=5 done=1 how=2 length=0
ZWL TITLEBAR activate client=17 id=7 detail=0 serial=192 via=pointer
ZWL MENU commit client=17 menu=32 serial=5 items=108 generation=5
ZWL TITLEBAR commit client=17 titlebar=37 serial=4 mode=1 controls=8 tabs=0 generation=4
ZWL MENU commit client=17 menu=32 serial=6 items=108 generation=6
ZWL TITLEBAR control client=17 surface=8 where=floating id=1 x=176 y=53 width=30 height=30 shown=1
ZWL TITLEBAR control client=17 surface=8 where=floating id=2 x=210 y=53 width=30 height=30 shown=1
ZWL TITLEBAR control client=17 surface=8 where=floating id=3 x=244 y=53 width=30 height=30 shown=1
ZWL TITLEBAR control client=17 surface=8 where=floating id=4 x=284 y=53 width=142 height=30 shown=1
ZWL TITLEBAR control client=17 surface=8 where=floating id=5 x=724 y=53 width=220 height=30 shown=1
ZWL TITLEBAR control client=17 surface=8 where=floating id=6 x=948 y=53 width=30 height=30 shown=1
ZWL TITLEBAR control client=17 surface=8 where=floating id=7 x=982 y=53 width=30 height=30 shown=1
ZWL TITLEBAR control client=17 surface=8 where=floating id=8 x=1016 y=53 width=30 height=30 shown=1
ZWL TITLEBAR control client=17 surface=8 where=floating id=0 x=1056 y=53 width=30 height=30 shown=1
ZWL PERF 5003ms: passes=451 timeouts=422 | poll 86.4% work 11.4%
ZWL PERF compose frames=19 draw_ms=28.96 (acquire 0.01 submit+present 28.77) frame_ms=29.77
ZWL MENU open client=17 surface=8 item=0 depth=1 x=1052 y=96 width=200 height=192
ZWL MENU row item=1 depth=1 y=102 height=30
ZWL MENU row item=2 depth=1 y=132 height=30
ZWL MENU row item=3 depth=1 y=162 height=30
ZWL MENU row item=4 depth=1 y=192 height=30
ZWL MENU row item=5 depth=1 y=222 height=30
ZWL MENU row item=6 depth=1 y=252 height=30
ZWL MENU close client=17 surface=8 item=4294967295 depth=0
ZWL GLASS dock surface=8 via=button buttons=768,722,676 title=65 x=0 y=38 w=1280 h=762
ZWL CONFIGURE client=17 surface=8 serial=194 width=1280 height=762 fullscreen=0
ZWL IMPORT client=17 buffer=50 width=1280 height=762 bytes=3911680
ZWL IMPORT client=17 buffer=52 width=1280 height=762 bytes=3911680
ZWL IMPORT client=17 buffer=54 width=1280 height=762 bytes=3911680
ZWL GLASS client=17 surface=8 panels=2 card:8,8,212,746,16 card:228,8,1044,746,16
ZWL TITLEBAR control client=17 surface=8 where=docked id=1 x=147 y=3 width=28 height=28 shown=1
ZWL TITLEBAR control client=17 surface=8 where=docked id=2 x=179 y=3 width=28 height=28 shown=1
ZWL TITLEBAR control client=17 surface=8 where=docked id=3 x=211 y=3 width=28 height=28 shown=1
ZWL TITLEBAR control client=17 surface=8 where=docked id=4 x=249 y=3 width=142 height=28 shown=1
ZWL TITLEBAR control client=17 surface=8 where=docked id=5 x=490 y=3 width=28 height=28 shown=1
ZWL TITLEBAR control client=17 surface=8 where=docked id=6 x=522 y=3 width=28 height=28 shown=1
ZWL TITLEBAR control client=17 surface=8 where=docked id=7 x=554 y=3 width=28 height=28 shown=1
ZWL TITLEBAR control client=17 surface=8 where=docked id=8 x=586 y=3 width=28 height=28 shown=1
ZWL TITLEBAR control client=17 surface=8 where=docked id=0 x=624 y=3 width=28 height=28 shown=1
ZWL GLASS undock surface=8 via=button x=80 y=98
ZWL BOUNDS client=17 surface=8 width=1256 height=690
ZWL CONFIGURE client=17 surface=8 serial=196 width=1120 height=690 fullscreen=0
ZWL IMPORT client=17 buffer=58 width=1120 height=690 bytes=3100672
ZWL IMPORT client=17 buffer=60 width=1120 height=690 bytes=3100672
ZWL IMPORT client=17 buffer=62 width=1120 height=690 bytes=3100672
ZWL GLASS client=17 surface=8 panels=2 card:0,0,212,690,16 card:220,0,900,690,16
ZWL GLASS close surface=8
ZWL CLIENT gone client=17 reason=read
ZWL CLEANUP client=17 objects=23 unread_fds=0
ZWL CLIENT client=18 fd=23
ZWL INSET create client=18 inset=20 toplevel=16
ZWL EDIT create client=18 edit=24 toplevel=16
ZWL BOUNDS client=18 surface=14 width=1256 height=690
ZWL CONFIGURE client=18 surface=14 serial=200 width=0 height=0 fullscreen=0
ZWL SEAT client=18 pointer=1 keyboard=0 touch=0
ZWL SEAT client=18 pointer=1 keyboard=1 touch=0
ZWL IMPORT client=18 buffer=33 width=900 height=680 bytes=2482176
ZWL IMPORT client=18 buffer=35 width=900 height=680 bytes=2482176
ZWL IMPORT client=18 buffer=37 width=900 height=680 bytes=2482176
ZWL IMPORT client=18 buffer=39 width=900 height=680 bytes=2482176
ZWL IMPORT client=18 buffer=41 width=900 height=680 bytes=2482176
ZWL IMPORT client=18 buffer=43 width=900 height=680 bytes=2482176
ZWL MENU commit client=18 menu=51 serial=1 items=30 generation=1
ZWL MENU set client=18 place=52 menu=51
ZWL MENU commit client=18 menu=53 serial=1 items=8 generation=1
ZWL MENU commit client=18 menu=51 serial=2 items=30 generation=2
ZWL MENU commit client=18 menu=53 serial=2 items=8 generation=2
ZWL TITLEBAR create client=18 titlebar=57 toplevel=16
ZWL BOUNDS client=18 surface=14 width=1256 height=690
ZWL CONFIGURE client=18 surface=14 serial=201 width=0 height=0 fullscreen=0
ZWL TITLEBAR commit client=18 titlebar=57 serial=1 mode=1 controls=5 tabs=0 generation=1
ZWL TITLEBAR commit client=18 titlebar=57 serial=2 mode=1 controls=5 tabs=0 generation=2
ZWL GLASS client=18 surface=14 panels=1 card:8,8,884,664,18
ZWL DECORATION applied client=18 surface=14 mode=1
ZWL EDIT state client=18 edit=24 actions=0xff flags=0xd
ZWL EDIT state client=18 edit=24 actions=0xff flags=0x0
ZWL MAP client=18 surface=14 x=190 y=103
ZWL IME activate client=18
KEI-IME ACTIVATE
ZWL DECORATION applied client=18 surface=14 mode=2
ZWL GLASS glyph codepoint=U+2014 size=1 face=0 cell=1
ZWL TITLEBAR control client=18 surface=14 where=floating id=1 x=457 y=58 width=62 height=30 shown=1
ZWL TITLEBAR control client=18 surface=14 where=floating id=2 x=523 y=58 width=58 height=30 shown=1
ZWL TITLEBAR control client=18 surface=14 where=floating id=3 x=585 y=58 width=62 height=30 shown=1
ZWL TITLEBAR control client=18 surface=14 where=floating id=4 x=651 y=58 width=61 height=30 shown=1
ZWL TITLEBAR control client=18 surface=14 where=floating id=5 x=716 y=58 width=220 height=30 shown=1
ZWL TITLEBAR control client=18 surface=14 where=floating id=0 x=946 y=58 width=30 height=30 shown=1
ZWL PERF 5021ms: passes=457 timeouts=408 | poll 81.6% work 14.9%
ZWL PERF compose frames=26 draw_ms=27.56 (acquire 0.01 submit+present 27.36) frame_ms=29.03
ZWL PERF 5029ms: passes=468 timeouts=458 | poll 92.3% work 5.6%
ZWL PERF compose frames=10 draw_ms=25.93 (acquire 0.01 submit+present 25.64) frame_ms=28.10
ZWL PERF 5003ms: passes=467 timeouts=458 | poll 92.4% work 4.5%
ZWL PERF compose frames=9 draw_ms=22.79 (acquire 0.01 submit+present 22.56) frame_ms=24.93
ZWL PERF 5003ms: passes=470 timeouts=461 | poll 93.3% work 4.6%
ZWL PERF compose frames=9 draw_ms=23.14 (acquire 0.01 submit+present 22.87) frame_ms=25.31
ZWL PERF 5010ms: passes=462 timeouts=452 | poll 91.7% work 5.2%
ZWL PERF compose frames=10 draw_ms=23.75 (acquire 0.01 submit+present 23.50) frame_ms=25.93
ZWL PERF 5008ms: passes=469 timeouts=460 | poll 93.3% work 4.8%
ZWL PERF compose frames=9 draw_ms=24.19 (acquire 0.01 submit+present 23.92) frame_ms=31.51
ZWL PERF 5011ms: passes=467 timeouts=457 | poll 92.1% work 5.1%
ZWL PERF compose frames=10 draw_ms=23.48 (acquire 0.01 submit+present 23.24) frame_ms=25.63
ZWL PERF 5007ms: passes=471 timeouts=461 | poll 92.9% work 5.0%
ZWL PERF compose frames=10 draw_ms=22.94 (acquire 0.01 submit+present 22.71) frame_ms=25.08
ZWL PERF 5037ms: passes=464 timeouts=454 | poll 91.3% work 5.3%
ZWL PERF compose frames=10 draw_ms=24.44 (acquire 0.01 submit+present 24.18) frame_ms=26.61
ZWL PERF 5002ms: passes=469 timeouts=460 | poll 93.3% work 4.6%
ZWL PERF compose frames=9 draw_ms=23.10 (acquire 0.01 submit+present 22.85) frame_ms=25.27
ZWL PERF 5022ms: passes=463 timeouts=453 | poll 91.1% work 5.8%
ZWL PERF compose frames=11 draw_ms=24.67 (acquire 0.01 submit+present 24.41) frame_ms=31.12
ZWL PERF 5003ms: passes=466 timeouts=457 | poll 92.9% work 4.8%
ZWL PERF compose frames=9 draw_ms=24.00 (acquire 0.01 submit+present 23.75) frame_ms=26.20
ZWL PERF 5062ms: passes=466 timeouts=456 | poll 91.4% work 5.2%
ZWL PERF compose frames=10 draw_ms=23.92 (acquire 0.01 submit+present 23.66) frame_ms=26.08
ZWL PERF 5004ms: passes=467 timeouts=458 | poll 92.9% work 4.8%
ZWL PERF compose frames=9 draw_ms=24.04 (acquire 0.01 submit+present 23.79) frame_ms=26.23
ZWL PERF 5020ms: passes=465 timeouts=455 | poll 91.8% work 5.1%
ZWL PERF compose frames=10 draw_ms=23.43 (acquire 0.01 submit+present 23.17) frame_ms=25.60
ZWL PERF 5007ms: passes=469 timeouts=460 | poll 93.1% work 4.8%
ZWL PERF compose frames=9 draw_ms=23.90 (acquire 0.01 submit+present 23.66) frame_ms=26.08
ZWL PERF 5016ms: passes=464 timeouts=455 | poll 91.7% work 4.4%
ZWL PERF compose frames=9 draw_ms=22.27 (acquire 0.01 submit+present 22.04) frame_ms=30.82
ZWL PERF 5006ms: passes=471 timeouts=461 | poll 93.1% work 5.0%
ZWL PERF compose frames=10 draw_ms=22.97 (acquire 0.01 submit+present 22.73) frame_ms=25.12
ZWL PERF 5018ms: passes=467 timeouts=458 | poll 92.3% work 4.6%
ZWL PERF compose frames=9 draw_ms=23.43 (acquire 0.01 submit+present 23.18) frame_ms=25.58
ZWL PERF 5010ms: passes=468 timeouts=458 | poll 92.7% work 5.1%
ZWL PERF compose frames=10 draw_ms=23.50 (acquire 0.01 submit+present 23.24) frame_ms=25.63
ZWL PERF 5030ms: passes=466 timeouts=457 | poll 91.9% work 4.6%
ZWL PERF compose frames=9 draw_ms=23.62 (acquire 0.01 submit+present 23.37) frame_ms=25.77
ZWL PERF 5004ms: passes=470 timeouts=460 | poll 93.0% work 4.9%
ZWL PERF compose frames=10 draw_ms=22.57 (acquire 0.01 submit+present 22.32) frame_ms=24.71
ZWL PERF 5016ms: passes=463 timeouts=454 | poll 91.4% work 5.3%
ZWL PERF compose frames=10 draw_ms=24.45 (acquire 0.01 submit+present 24.21) frame_ms=33.56
ZWL PERF 5004ms: passes=468 timeouts=458 | poll 92.7% work 4.8%
ZWL PERF compose frames=10 draw_ms=22.19 (acquire 0.01 submit+present 21.92) frame_ms=24.33
ZWL PERF 5020ms: passes=467 timeouts=458 | poll 92.3% work 4.5%
ZWL PERF compose frames=9 draw_ms=22.75 (acquire 0.01 submit+present 22.50) frame_ms=24.91
ZWL PERF 5001ms: passes=471 timeouts=461 | poll 92.8% work 5.0%
ZWL PERF compose frames=10 draw_ms=22.97 (acquire 0.01 submit+present 22.73) frame_ms=25.12
ZWL PERF 5019ms: passes=462 timeouts=453 | poll 91.7% work 4.8%
ZWL PERF compose frames=9 draw_ms=24.48 (acquire 0.01 submit+present 24.20) frame_ms=26.65
ZWL PERF 5006ms: passes=467 timeouts=457 | poll 92.5% work 5.3%
ZWL PERF compose frames=9 draw_ms=26.68 (acquire 0.01 submit+present 26.36) frame_ms=27.62
ZWL PERF 5006ms: passes=463 timeouts=454 | poll 92.0% work 4.8%
ZWL PERF compose frames=10 draw_ms=21.64 (acquire 0.01 submit+present 21.37) frame_ms=26.04
ZWL PERF 5004ms: passes=467 timeouts=458 | poll 92.8% work 4.9%
ZWL PERF compose frames=9 draw_ms=24.76 (acquire 0.01 submit+present 24.49) frame_ms=26.93
ZWL PERF 5028ms: passes=467 timeouts=457 | poll 91.8% work 5.2%
ZWL PERF compose frames=10 draw_ms=23.69 (acquire 0.01 submit+present 23.48) frame_ms=25.84
ZWL PERF 5008ms: passes=466 timeouts=457 | poll 92.8% work 4.9%
ZWL PERF compose frames=9 draw_ms=24.78 (acquire 0.01 submit+present 24.54) frame_ms=32.89
ZWL PERF 5036ms: passes=465 timeouts=455 | poll 91.3% work 5.2%
ZWL PERF compose frames=10 draw_ms=23.82 (acquire 0.01 submit+present 23.56) frame_ms=26.00
ZWL PERF 5003ms: passes=469 timeouts=460 | poll 93.1% work 4.7%
ZWL PERF compose frames=9 draw_ms=23.60 (acquire 0.01 submit+present 23.34) frame_ms=25.74
ZWL PERF 5009ms: passes=462 timeouts=452 | poll 91.1% work 6.0%
ZWL PERF compose frames=11 draw_ms=25.47 (acquire 0.01 submit+present 25.23) frame_ms=27.60
ZWL PERF 5007ms: passes=468 timeouts=459 | poll 93.2% work 4.7%
ZWL PERF compose frames=9 draw_ms=23.58 (acquire 0.01 submit+present 23.33) frame_ms=25.74
ZWL PERF 5029ms: passes=464 timeouts=454 | poll 91.4% work 5.1%
ZWL PERF compose frames=10 draw_ms=23.56 (acquire 0.01 submit+present 23.29) frame_ms=30.53
ZWL PERF 5003ms: passes=468 timeouts=459 | poll 93.0% work 4.7%
ZWL PERF compose frames=9 draw_ms=23.73 (acquire 0.01 submit+present 23.47) frame_ms=25.88
ZWL PERF 5046ms: passes=465 timeouts=455 | poll 91.3% work 5.3%
ZWL PERF compose frames=10 draw_ms=24.57 (acquire 0.01 submit+present 24.32) frame_ms=26.74
ZWL PERF 5002ms: passes=471 timeouts=462 | poll 93.5% work 4.6%
ZWL PERF compose frames=9 draw_ms=23.11 (acquire 0.01 submit+present 22.84) frame_ms=25.27
ZWL PERF 5017ms: passes=466 timeouts=456 | poll 91.7% work 5.3%
ZWL PERF compose frames=9 draw_ms=27.27 (acquire 0.01 submit+present 26.99) frame_ms=26.81
ZWL PERF 5004ms: passes=469 timeouts=460 | poll 93.4% work 4.8%
ZWL PERF compose frames=10 draw_ms=21.56 (acquire 0.01 submit+present 21.31) frame_ms=26.11
ZWL PERF 5040ms: passes=467 timeouts=458 | poll 92.3% work 4.7%
ZWL PERF compose frames=9 draw_ms=23.72 (acquire 0.01 submit+present 23.46) frame_ms=31.07
ZWL PERF 5010ms: passes=467 timeouts=457 | poll 92.5% work 5.5%
ZWL PERF compose frames=10 draw_ms=25.30 (acquire 0.01 submit+present 25.04) frame_ms=27.45
ZWL PERF 5010ms: passes=465 timeouts=456 | poll 92.2% work 4.8%
ZWL PERF compose frames=9 draw_ms=24.24 (acquire 0.01 submit+present 23.99) frame_ms=26.40
ZWL PERF 5005ms: passes=466 timeouts=456 | poll 92.7% work 5.2%
ZWL PERF compose frames=10 draw_ms=23.80 (acquire 0.01 submit+present 23.54) frame_ms=25.95
ZWL PERF 5027ms: passes=465 timeouts=456 | poll 91.6% work 5.4%
ZWL PERF compose frames=10 draw_ms=25.16 (acquire 0.01 submit+present 24.92) frame_ms=27.30
ZWL PERF 5006ms: passes=468 timeouts=458 | poll 92.9% work 5.2%
ZWL PERF compose frames=10 draw_ms=23.74 (acquire 0.01 submit+present 23.49) frame_ms=25.93
ZWL PERF 5062ms: passes=466 timeouts=457 | poll 91.7% work 4.8%
ZWL PERF compose frames=9 draw_ms=24.48 (acquire 0.01 submit+present 24.23) frame_ms=32.72
ZWL PERF 5006ms: passes=468 timeouts=458 | poll 92.5% work 5.3%
ZWL PERF compose frames=10 draw_ms=24.16 (acquire 0.01 submit+present 23.92) frame_ms=26.33
ZWL PERF 5002ms: passes=466 timeouts=457 | poll 92.4% work 4.7%
ZWL PERF compose frames=9 draw_ms=23.60 (acquire 0.01 submit+present 23.34) frame_ms=25.79
ZWL PERF 5006ms: passes=469 timeouts=459 | poll 93.1% work 5.0%
ZWL PERF compose frames=10 draw_ms=23.07 (acquire 0.01 submit+present 22.82) frame_ms=25.23
ZWL PERF 5050ms: passes=465 timeouts=456 | poll 91.5% work 4.7%
ZWL PERF compose frames=9 draw_ms=23.78 (acquire 0.01 submit+present 23.53) frame_ms=25.96
ZWL PERF 5006ms: passes=469 timeouts=459 | poll 92.6% work 5.0%
ZWL PERF compose frames=10 draw_ms=22.88 (acquire 0.01 submit+present 22.63) frame_ms=29.52
ZWL PERF 5004ms: passes=466 timeouts=457 | poll 92.5% work 4.7%
ZWL PERF compose frames=9 draw_ms=23.59 (acquire 0.01 submit+present 23.34) frame_ms=25.73
ZWL PERF 5010ms: passes=470 timeouts=461 | poll 93.2% work 4.8%
ZWL PERF compose frames=9 draw_ms=24.40 (acquire 0.01 submit+present 24.14) frame_ms=26.55
ZWL PERF 5012ms: passes=465 timeouts=455 | poll 91.9% work 5.2%
ZWL PERF compose frames=10 draw_ms=24.01 (acquire 0.01 submit+present 23.75) frame_ms=26.16
ZWL PERF 5008ms: passes=470 timeouts=461 | poll 93.4% work 4.7%
ZWL PERF compose frames=9 draw_ms=23.46 (acquire 0.01 submit+present 23.21) frame_ms=25.60
ZWL PERF 5012ms: passes=462 timeouts=452 | poll 91.1% work 5.9%
ZWL PERF compose frames=11 draw_ms=24.94 (acquire 0.01 submit+present 24.69) frame_ms=27.12
ZWL GLASS close surface=14
ZWL CLIENT gone client=18 reason=read
ZWL CLEANUP client=18 objects=27 unread_fds=0
ZWL IME deactivate
KEI-IME DEACTIVATE
