{"event": "gtk-version", "pid": 1162, "version": "4.18.6"}
{"event": "focus", "pid": 1162, "active": true}
{"event": "snapshot", "pid": 1162, "renderer": "GskGLRenderer", "width": 728, "height": 489, "scale": 1, "display": "GdkWaylandDisplay"}
{"event": "scroll", "pid": 1162, "value": 33.856663005926926, "upper": 540.0, "page": 197.0}
{"event": "target-text", "pid": 1162, "text": "z"}
{"event": "focus", "pid": 1162, "active": false}
{"event": "focus", "pid": 1162, "active": true}
{"event": "target-text", "pid": 1162, "text": "zr"}
{"event": "scroll", "pid": 1162, "value": 72.15373436427336, "upper": 540.0, "page": 237.0}
{"event": "target-text", "pid": 1162, "text": "zrs"}
[1225948.593] {Default Queue} wl_pointer#6.button(9, 1557466, 272, 0)
[1226179.642] {Default Queue} wl_pointer#6.button(10, 1557692, 272, 1)
[1226224.331] {Default Queue} wl_pointer#6.button(12, 1557741, 272, 0)
[1229046.261] {Default Queue} wl_pointer#6.button(28, 1560534, 272, 1)
[1229087.940] {Default Queue} wl_pointer#6.button(30, 1560591, 272, 0)
[1404864.937] {Default Queue} wl_pointer#6.button(33, 1736357, 272, 1)
[1404865.227]  -> xdg_toplevel#30.resize(wl_seat#14, 33, 10)
[1406116.257] {Default Queue} wl_pointer#6.button(46, 1737634, 272, 0)
[1406889.682] {Default Queue} wl_pointer#6.button(47, 1738402, 272, 1)
[1406943.968] {Default Queue} wl_pointer#6.button(49, 1738456, 272, 0)
ZWL RESIZE start surface=24 edges=10 width=700 height=460
ZWL RESIZE end surface=24 width=770 height=500
ZWL RESIZE settled surface=24 x=306 y=218 width=770 height=500
