{"event": "gtk-version", "pid": 730, "version": "4.18.6"}
{"event": "focus", "pid": 730, "active": true}
{"event": "snapshot", "pid": 730, "renderer": "GskGLRenderer", "width": 728, "height": 489, "scale": 1, "display": "GdkWaylandDisplay"}
{"event": "target-text", "pid": 730, "text": "a"}
{"event": "target-text", "pid": 730, "text": "ab"}
{"event": "focus", "pid": 730, "active": false}
{"event": "focus", "pid": 730, "active": true}
{"event": "focus", "pid": 730, "active": false}
{"event": "focus", "pid": 730, "active": true}
{"event": "menu-action", "pid": 730, "name": "first"}
{"event": "focus", "pid": 730, "active": false}
{"event": "focus", "pid": 730, "active": true}
{"event": "dialog-opened", "pid": 730, "modal": true, "transient": true}
{"event": "focus", "pid": 730, "active": false}
{"event": "focus", "pid": 730, "active": true}
[4117411.464]  -> xdg_surface#41.set_window_geometry(14, 12, 312, 159)
[4117411.487] {Default Queue}  -> wl_compositor#4.create_region(new id wl_region#48)
[4117411.500] {Default Queue}  -> wl_region#48.add(14, 20, 312, 151)
[4117411.511]  -> wl_surface#39.set_opaque_region(wl_region#48)
[4117411.520] {Default Queue}  -> wl_region#48.destroy()
[4117411.528] {Default Queue}  -> wl_compositor#4.create_region(new id wl_region#50)
[4117411.538] {Default Queue}  -> wl_region#50.add(2, 0, 336, 183)
[4117411.547]  -> wl_surface#39.set_input_region(wl_region#50)
[4117411.555] {Default Queue}  -> wl_region#50.destroy()
[4117411.563] {Default Queue}  -> wp_viewport#35.set_destination(340, 188)
[4117411.573]  -> wl_surface#39.frame(new id wl_callback#47)
[4117411.667] {mesa egl surface queue}  -> wl_surface#39.attach(wl_buffer#51, 0, 0)
[4117411.679] {mesa egl surface queue}  -> wl_surface#39.damage_buffer(0, 0, 340, 188)
[4117414.553] {mesa egl surface queue}  -> wl_surface#39.commit()
[4117414.582] {mesa egl surface queue}  -> wl_display#1.sync(new id wl_callback#45)
[4117420.690] {Display Queue} wl_display#1.delete_id(44)
[4117420.717] {Display Queue} wl_display#1.delete_id(42)
[4117420.726] {Display Queue} wl_display#1.delete_id(48)
[4117420.733] {Display Queue} wl_display#1.delete_id(50)
[4117420.740] {Display Queue} wl_display#1.delete_id(45)
[4117460.942] {Display Queue} wl_display#1.delete_id(47)
[4117460.975] {Default Queue} wl_callback#47.done(154011)
[4117507.349] {Default Queue} wl_pointer#6.frame()
[4117507.378] xdg_toplevel#46.configure_bounds(1256, 690)
[4117507.390] xdg_toplevel#46.configure(306, 159, array[8])
[4117507.400] xdg_surface#41.configure(58)
[4117507.423]  -> xdg_surface#41.ack_configure(58)
[4117507.964] {mesa egl surface queue} wl_callback#45.done(153971)
[4117508.000] {mesa egl surface queue} wl_buffer#51.release()
[4117508.010] {mesa egl surface queue}  -> wl_buffer#51.destroy()
[4117508.108] {mesa egl swrast display queue}  -> wl_shm#27.create_pool(new id wl_shm_pool#45, fd 18, 251168)
[4117508.122] {mesa egl surface queue}  -> wl_shm_pool#45.create_buffer(new id wl_buffer#47, 0, 334, 188, 1336, 0)
[4117508.132] {mesa egl surface queue}  -> wl_shm_pool#45.destroy()
[4117509.079]  -> xdg_surface#41.set_window_geometry(14, 12, 306, 159)
[4117509.101] {Default Queue}  -> wl_compositor#4.create_region(new id wl_region#50)
[4117509.112] {Default Queue}  -> wl_region#50.add(14, 20, 306, 151)
[4117509.121]  -> wl_surface#39.set_opaque_region(wl_region#50)
[4117509.129] {Default Queue}  -> wl_region#50.destroy()
[4117510.875] {Default Queue}  -> wl_compositor#4.create_region(new id wl_region#48)
[4117510.886] {Default Queue}  -> wl_region#48.add(2, 0, 330, 183)
[4117510.896]  -> wl_surface#39.set_input_region(wl_region#48)
[4117510.903] {Default Queue}  -> wl_region#48.destroy()
[4117510.911] {Default Queue}  -> wp_viewport#35.set_destination(334, 188)
[4117510.919]  -> wl_surface#39.frame(new id wl_callback#42)
[4117510.955] {mesa egl surface queue}  -> wl_surface#39.attach(wl_buffer#47, 0, 0)
[4117510.966] {mesa egl surface queue}  -> wl_surface#39.damage_buffer(0, 0, 334, 188)
[4117513.238] {mesa egl surface queue}  -> wl_surface#39.commit()
[4117513.263] {mesa egl surface queue}  -> wl_display#1.sync(new id wl_callback#44)
[4117513.741] {Display Queue} wl_display#1.delete_id(51)
[4117513.757] {Display Queue} wl_display#1.delete_id(45)
[4117513.765] {Display Queue} wl_display#1.delete_id(50)
[4117513.772] {Display Queue} wl_display#1.delete_id(48)
[4117513.779] {Display Queue} wl_display#1.delete_id(44)
[4117549.362] {Display Queue} wl_display#1.delete_id(42)
[4117549.395] {Default Queue} wl_callback#42.done(154100)
[4117607.576] {Default Queue} wl_pointer#6.frame()
[4117607.609] xdg_toplevel#46.configure_bounds(1256, 690)
[4117607.622] xdg_toplevel#46.configure(300, 159, array[8])
[4117607.633] xdg_surface#41.configure(59)
[4117607.659]  -> xdg_surface#41.ack_configure(59)
[4117608.254] {mesa egl surface queue} wl_callback#44.done(154064)
[4117608.279] {mesa egl surface queue} wl_buffer#47.release()
[4117608.289] {mesa egl surface queue}  -> wl_buffer#47.destroy()
[4117608.365] {mesa egl swrast display queue}  -> wl_shm#27.create_pool(new id wl_shm_pool#44, fd 18, 246656)
[4117608.380] {mesa egl surface queue}  -> wl_shm_pool#44.create_buffer(new id wl_buffer#42, 0, 328, 188, 1312, 0)
[4117608.392] {mesa egl surface queue}  -> wl_shm_pool#44.destroy()
[4117609.474]  -> xdg_surface#41.set_window_geometry(14, 12, 300, 159)
[4117609.500] {Default Queue}  -> wl_compositor#4.create_region(new id wl_region#48)
[4117609.511] {Default Queue}  -> wl_region#48.add(14, 20, 300, 151)
[4117609.521]  -> wl_surface#39.set_opaque_region(wl_region#48)
[4117609.530] {Default Queue}  -> wl_region#48.destroy()
[4117609.539] {Default Queue}  -> wl_compositor#4.create_region(new id wl_region#50)
[4117609.547] {Default Queue}  -> wl_region#50.add(2, 0, 324, 183)
[4117609.557]  -> wl_surface#39.set_input_region(wl_region#50)
[4117609.564] {Default Queue}  -> wl_region#50.destroy()
[4117609.573] {Default Queue}  -> wp_viewport#35.set_destination(328, 188)
[4117609.582]  -> wl_surface#39.frame(new id wl_callback#45)
[4117609.619] {mesa egl surface queue}  -> wl_surface#39.attach(wl_buffer#42, 0, 0)
[4117609.630] {mesa egl surface queue}  -> wl_surface#39.damage_buffer(0, 0, 328, 188)
[4117612.520] {mesa egl surface queue}  -> wl_surface#39.commit()
[4117612.547] {mesa egl surface queue}  -> wl_display#1.sync(new id wl_callback#51)
[4117612.801] {Display Queue} wl_display#1.delete_id(47)
[4117612.818] {Display Queue} wl_display#1.delete_id(44)
[4117612.826] {Display Queue} wl_display#1.delete_id(48)
[4117612.834] {Display Queue} wl_display#1.delete_id(50)
[4117612.842] {Display Queue} wl_display#1.delete_id(51)
[4117648.544] {Display Queue} wl_display#1.delete_id(45)
[4117648.568] {Default Queue} wl_callback#45.done(154199)
[4117708.742] {Default Queue} wl_pointer#6.frame()
[4117708.776] xdg_toplevel#46.configure_bounds(1256, 690)
[4117708.788] xdg_toplevel#46.configure(300, 159, array[4])
[4117708.800] xdg_surface#41.configure(60)
[4117708.824]  -> xdg_surface#41.ack_configure(60)
[4117708.961]  -> wl_surface#39.commit()
[4118524.621] {Default Queue} wl_pointer#6.motion(155075, 223.00000000, 351.00000000)
[4118524.700] {Default Queue} wl_pointer#6.frame()
[4118577.759] {Default Queue} wl_pointer#6.axis_source(0)
[4118577.788] {Default Queue} wl_pointer#6.axis_discrete(0, 1)
[4118577.806] {Default Queue} wl_pointer#6.axis(155128, 0, 15.00000000)
[4118577.815] {Default Queue} wl_pointer#6.frame()
