{"event": "gtk-version", "pid": 1445, "version": "4.18.6"}
{"event": "focus", "pid": 1445, "active": true}
{"event": "snapshot", "pid": 1445, "renderer": "GskGLRenderer", "width": 728, "height": 489, "scale": 1, "display": "GdkWaylandDisplay"}
{"event": "target-text", "pid": 1445, "text": "f"}
{"event": "focus", "pid": 1445, "active": false}
{"event": "focus", "pid": 1445, "active": true}
{"event": "focus", "pid": 1445, "active": false}
{"event": "focus", "pid": 1445, "active": true}
{"event": "menu-action", "pid": 1445, "name": "first"}
{"event": "focus", "pid": 1445, "active": false}
{"event": "focus", "pid": 1445, "active": true}
{"event": "dialog-opened", "pid": 1445, "modal": true, "transient": true}
{"event": "focus", "pid": 1445, "active": false}
{"event": "dialog-closed", "pid": 1445}
{"event": "focus", "pid": 1445, "active": true}
{"event": "maximized", "pid": 1445, "value": true}
{"event": "snapshot", "pid": 1445, "renderer": "GskGLRenderer", "width": 1280, "height": 762, "scale": 1, "display": "GdkWaylandDisplay"}
{"event": "maximized", "pid": 1445, "value": false}
{"event": "fullscreen", "pid": 1445, "value": true}
{"event": "snapshot", "pid": 1445, "renderer": "GskGLRenderer", "width": 1280, "height": 800, "scale": 1, "display": "GdkWaylandDisplay"}
{"event": "fullscreen", "pid": 1445, "value": false}
