[4200969.630] {Default Queue}  -> wl_compositor#4.create_region(new id wl_region#48)
[4200969.638] {Default Queue}  -> wl_region#48.add(2, 0, 306, 183)
[4200969.648]  -> wl_surface#39.set_input_region(wl_region#48)
[4200969.656] {Default Queue}  -> wl_region#48.destroy()
[4200969.664] {Default Queue}  -> wp_viewport#35.set_destination(310, 188)
[4200969.674]  -> wl_surface#39.frame(new id wl_callback#47)
[4200969.710] {mesa egl surface queue}  -> wl_surface#39.attach(wl_buffer#51, 0, 0)
[4200969.721] {mesa egl surface queue}  -> wl_surface#39.damage_buffer(0, 0, 310, 188)
[4200972.195] {mesa egl surface queue}  -> wl_surface#39.commit()
[4200972.214] {mesa egl surface queue}  -> wl_display#1.sync(new id wl_callback#45)
[4200972.627] {Display Queue} wl_display#1.delete_id(44)
[4200972.645] {Display Queue} wl_display#1.delete_id(42)
[4200972.654] {Display Queue} wl_display#1.delete_id(50)
[4200972.662] {Display Queue} wl_display#1.delete_id(48)
[4200972.670] {Display Queue} wl_display#1.delete_id(45)
[4201009.253] {Display Queue} wl_display#1.delete_id(47)
[4201009.280] {Default Queue} wl_callback#47.done(237560)
[4201070.542] {Default Queue} wl_pointer#6.frame()
[4201070.586] xdg_toplevel#46.configure_bounds(1256, 690)
[4201070.608] xdg_toplevel#46.configure(276, 159, array[8])
[4201070.629] xdg_surface#41.configure(66)
[4201070.662]  -> xdg_surface#41.ack_configure(66)
[4201071.267] {mesa egl surface queue} wl_callback#45.done(237523)
[4201071.305] {mesa egl surface queue} wl_buffer#51.release()
[4201071.314] {mesa egl surface queue}  -> wl_buffer#51.destroy()
[4201071.389] {mesa egl swrast display queue}  -> wl_shm#27.create_pool(new id wl_shm_pool#45, fd 18, 228608)
[4201071.403] {mesa egl surface queue}  -> wl_shm_pool#45.create_buffer(new id wl_buffer#47, 0, 304, 188, 1216, 0)
[4201071.415] {mesa egl surface queue}  -> wl_shm_pool#45.destroy()
[4201072.251]  -> xdg_surface#41.set_window_geometry(14, 12, 276, 159)
[4201072.271] {Default Queue}  -> wl_compositor#4.create_region(new id wl_region#48)
[4201072.284] {Default Queue}  -> wl_region#48.add(14, 20, 276, 151)
[4201072.294]  -> wl_surface#39.set_opaque_region(wl_region#48)
[4201072.302] {Default Queue}  -> wl_region#48.destroy()
[4201072.311] {Default Queue}  -> wl_compositor#4.create_region(new id wl_region#50)
[4201072.319] {Default Queue}  -> wl_region#50.add(2, 0, 300, 183)
[4201072.329]  -> wl_surface#39.set_input_region(wl_region#50)
[4201072.336] {Default Queue}  -> wl_region#50.destroy()
[4201072.345] {Default Queue}  -> wp_viewport#35.set_destination(304, 188)
[4201072.354]  -> wl_surface#39.frame(new id wl_callback#42)
[4201072.390] {mesa egl surface queue}  -> wl_surface#39.attach(wl_buffer#47, 0, 0)
[4201072.401] {mesa egl surface queue}  -> wl_surface#39.damage_buffer(0, 0, 304, 188)
[4201075.233] {mesa egl surface queue}  -> wl_surface#39.commit()
[4201075.256] {mesa egl surface queue}  -> wl_display#1.sync(new id wl_callback#44)
[4201076.377] {Display Queue} wl_display#1.delete_id(51)
[4201076.409] {Display Queue} wl_display#1.delete_id(45)
[4201076.418] {Display Queue} wl_display#1.delete_id(48)
[4201076.426] {Display Queue} wl_display#1.delete_id(50)
[4201076.433] {Display Queue} wl_display#1.delete_id(44)
[4201111.208] {Display Queue} wl_display#1.delete_id(42)
[4201111.234] {Default Queue} wl_callback#42.done(237662)
[4201178.278] {Default Queue} wl_pointer#6.frame()
[4201178.314] xdg_toplevel#46.configure_bounds(1256, 690)
[4201178.327] xdg_toplevel#46.configure(272, 159, array[8])
[4201178.338] xdg_surface#41.configure(67)
[4201178.364]  -> xdg_surface#41.ack_configure(67)
[4201178.942] {mesa egl surface queue} wl_callback#44.done(237627)
[4201178.966] {mesa egl surface queue} wl_buffer#47.release()
[4201178.977] {mesa egl surface queue}  -> wl_buffer#47.destroy()
[4201179.058] {mesa egl swrast display queue}  -> wl_shm#27.create_pool(new id wl_shm_pool#44, fd 18, 225600)
[4201179.072] {mesa egl surface queue}  -> wl_shm_pool#44.create_buffer(new id wl_buffer#42, 0, 300, 188, 1200, 0)
[4201179.084] {mesa egl surface queue}  -> wl_shm_pool#44.destroy()
[4201179.841]  -> xdg_surface#41.set_window_geometry(14, 12, 272, 159)
[4201179.860] {Default Queue}  -> wl_compositor#4.create_region(new id wl_region#50)
[4201179.871] {Default Queue}  -> wl_region#50.add(14, 20, 272, 151)
[4201179.881]  -> wl_surface#39.set_opaque_region(wl_region#50)
[4201179.890] {Default Queue}  -> wl_region#50.destroy()
[4201179.898] {Default Queue}  -> wl_compositor#4.create_region(new id wl_region#48)
[4201179.907] {Default Queue}  -> wl_region#48.add(2, 0, 296, 183)
[4201179.917]  -> wl_surface#39.set_input_region(wl_region#48)
[4201179.924] {Default Queue}  -> wl_region#48.destroy()
[4201179.932] {Default Queue}  -> wp_viewport#35.set_destination(300, 188)
[4201179.942]  -> wl_surface#39.frame(new id wl_callback#45)
[4201179.976] {mesa egl surface queue}  -> wl_surface#39.attach(wl_buffer#42, 0, 0)
[4201179.987] {mesa egl surface queue}  -> wl_surface#39.damage_buffer(0, 0, 300, 188)
[4201183.801] {mesa egl surface queue}  -> wl_surface#39.commit()
[4201183.838] {mesa egl surface queue}  -> wl_display#1.sync(new id wl_callback#51)
[4201184.187] {Display Queue} wl_display#1.delete_id(47)
[4201184.204] {Display Queue} wl_display#1.delete_id(44)
[4201184.212] {Display Queue} wl_display#1.delete_id(50)
[4201184.220] {Display Queue} wl_display#1.delete_id(48)
[4201184.227] {Display Queue} wl_display#1.delete_id(51)
[4201219.777] {Display Queue} wl_display#1.delete_id(45)
[4201219.819] {Default Queue} wl_callback#45.done(237770)
[4201276.365] {Default Queue} wl_pointer#6.frame()
[4201373.241] {Default Queue} wl_pointer#6.frame()
[4201472.921] {Default Queue} wl_pointer#6.frame()
[4201572.958] {Default Queue} wl_pointer#6.frame()
[4201678.944] {Default Queue} wl_pointer#6.frame()
[4201776.331] {Default Queue} wl_pointer#6.frame()
[4201776.368] xdg_toplevel#46.configure_bounds(1256, 690)
[4201776.381] xdg_toplevel#46.configure(272, 159, array[4])
[4201776.392] xdg_surface#41.configure(68)
[4201776.420]  -> xdg_surface#41.ack_configure(68)
[4201776.536]  -> wl_surface#39.commit()
[4202593.040] {Default Queue} wl_pointer#6.motion(239143, 323.00000000, 351.00000000)
[4202593.086] {Default Queue} wl_pointer#6.frame()
[4202642.426] {Default Queue} wl_pointer#6.axis_source(0)
[4202642.488] {Default Queue} wl_pointer#6.axis_discrete(0, 1)
[4202642.500] {Default Queue} wl_pointer#6.axis(239193, 0, 15.00000000)
[4202642.512] {Default Queue} wl_pointer#6.frame()
{"event": "gtk-version", "pid": 730, "version": "4.18.6"}
{"event": "focus", "pid": 730, "active": true}
{"event": "snapshot", "pid": 730, "renderer": "GskGLRenderer", "width": 728, "height": 489, "scale": 1, "display": "GdkWaylandDisplay"}
{"event": "target-text", "pid": 730, "text": "a"}
{"event": "target-text", "pid": 730, "text": "ab"}
{"event": "focus", "pid": 730, "active": false}
{"event": "focus", "pid": 730, "active": true}
{"event": "focus", "pid": 730, "active": false}
{"event": "focus", "pid": 730, "active": true}
{"event": "menu-action", "pid": 730, "name": "first"}
{"event": "focus", "pid": 730, "active": false}
{"event": "focus", "pid": 730, "active": true}
{"event": "dialog-opened", "pid": 730, "modal": true, "transient": true}
{"event": "focus", "pid": 730, "active": false}
{"event": "focus", "pid": 730, "active": true}
