v1-check: FAIL userland/desktop/wayland/backdrop.c: userland/desktop/wayland/zwl-gpu.h:16:10: fatal error: 'stddef.h' file not found
v1-check: FAIL userland/desktop/wayland/clipboard.c: userland/desktop/wayland/zwl-gpu.h:16:10: fatal error: 'stddef.h' file not found
v1-check: FAIL userland/desktop/wayland/compose.c: userland/desktop/wayland/zwl-gpu.h:16:10: fatal error: 'stddef.h' file not found
v1-check: FAIL userland/desktop/wayland/corner.c: userland/desktop/wayland/zwl-gpu.h:16:10: fatal error: 'stddef.h' file not found
v1-check: FAIL userland/desktop/wayland/cursor.c: userland/desktop/wayland/zwl-gpu.h:16:10: fatal error: 'stddef.h' file not found
v1-check: FAIL userland/desktop/wayland/damage.c: userland/desktop/wayland/zwl-gpu.h:16:10: fatal error: 'stddef.h' file not found
v1-check: FAIL userland/desktop/wayland/data.c: userland/desktop/wayland/zwl-gpu.h:16:10: fatal error: 'stddef.h' file not found
v1-check: FAIL userland/desktop/wayland/decoration.c: userland/desktop/wayland/zwl-gpu.h:16:10: fatal error: 'stddef.h' file not found
v1-check: FAIL userland/desktop/wayland/desktop.c: userland/desktop/wayland/zwl-gpu.h:16:10: fatal error: 'stddef.h' file not found
v1-check: FAIL userland/desktop/wayland/display.c: userland/desktop/wayland/zwl-gpu.h:16:10: fatal error: 'stddef.h' file not found
v1-check: FAIL userland/desktop/wayland/dmabuf/gpu-dmabuf.c: userland/desktop/wayland/dmabuf/../zwl-gpu.h:16:10: fatal error: 'stddef.h' file not found
v1-check: FAIL userland/desktop/wayland/edit.c: userland/desktop/wayland/zwl-gpu.h:16:10: fatal error: 'stddef.h' file not found
v1-check: FAIL userland/desktop/wayland/evdev/input-evdev.c: userland/desktop/wayland/evdev/../zwl-gpu.h:16:10: fatal error: 'stddef.h' file not found
v1-check: FAIL userland/desktop/wayland/freebsd/os-freebsd.c: userland/desktop/wayland/freebsd/../zwl-gpu.h:16:10: fatal error: 'stddef.h' file not found
v1-check: FAIL userland/desktop/wayland/freebsd/seat-freebsd.c: userland/desktop/wayland/freebsd/../zwl-gpu.h:16:10: fatal error: 'stddef.h' file not found
v1-check: FAIL userland/desktop/wayland/freebsd/sync-freebsd.c: userland/desktop/wayland/freebsd/../../freebsd-compat/freebsd/dma-sync.h:12:10: fatal error: 'errno.h' file not found
v1-check: FAIL userland/desktop/wayland/glass.c: userland/desktop/wayland/zwl-gpu.h:16:10: fatal error: 'stddef.h' file not found
v1-check: FAIL userland/desktop/wayland/greeter.c: userland/desktop/wayland/zwl-gpu.h:16:10: fatal error: 'stddef.h' file not found
v1-check: FAIL userland/desktop/wayland/home.c: userland/desktop/wayland/zwl-gpu.h:16:10: fatal error: 'stddef.h' file not found
v1-check: FAIL userland/desktop/wayland/icons.c: userland/desktop/wayland/icons.h:18:10: fatal error: 'stddef.h' file not found
v1-check: FAIL userland/desktop/wayland/import.c: userland/desktop/wayland/zwl-gpu.h:16:10: fatal error: 'stddef.h' file not found
v1-check: FAIL userland/desktop/wayland/input-method.c: userland/desktop/wayland/zwl-gpu.h:16:10: fatal error: 'stddef.h' file not found
v1-check: FAIL userland/desktop/wayland/input.c: userland/desktop/wayland/zwl-gpu.h:16:10: fatal error: 'stddef.h' file not found
v1-check: FAIL userland/desktop/wayland/inset.c: userland/desktop/wayland/zwl-gpu.h:16:10: fatal error: 'stddef.h' file not found
v1-check: FAIL userland/desktop/wayland/keyboard-hand.c: userland/desktop/wayland/keyboard.h:20:10: fatal error: 'stddef.h' file not found
v1-check: FAIL userland/desktop/wayland/keyboard-layout.c: userland/desktop/wayland/keyboard.h:20:10: fatal error: 'stddef.h' file not found
v1-check: FAIL userland/desktop/wayland/keyboard.c: userland/desktop/wayland/zwl-gpu.h:16:10: fatal error: 'stddef.h' file not found
v1-check: FAIL userland/desktop/wayland/keymap.c: userland/desktop/wayland/keymap.h:15:10: fatal error: 'stdint.h' file not found
v1-check: FAIL userland/desktop/wayland/main.c: userland/desktop/wayland/zwl-gpu.h:16:10: fatal error: 'stddef.h' file not found
v1-check: FAIL userland/desktop/wayland/menu-shell.c: userland/desktop/wayland/zwl-gpu.h:16:10: fatal error: 'stddef.h' file not found
v1-check: FAIL userland/desktop/wayland/menu.c: userland/desktop/wayland/zwl-gpu.h:16:10: fatal error: 'stddef.h' file not found
v1-check: FAIL userland/desktop/wayland/network.c: userland/desktop/wayland/zwl-gpu.h:16:10: fatal error: 'stddef.h' file not found
v1-check: FAIL userland/desktop/wayland/objects.c: userland/desktop/wayland/zwl-gpu.h:16:10: fatal error: 'stddef.h' file not found
v1-check: FAIL userland/desktop/wayland/panels.c: userland/desktop/wayland/zwl-gpu.h:16:10: fatal error: 'stddef.h' file not found
v1-check: FAIL userland/desktop/wayland/popup.c: userland/desktop/wayland/zwl-gpu.h:16:10: fatal error: 'stddef.h' file not found
v1-check: FAIL userland/desktop/wayland/preferences.c: userland/desktop/wayland/zwl-gpu.h:16:10: fatal error: 'stddef.h' file not found
v1-check: FAIL userland/desktop/wayland/primary.c: userland/desktop/wayland/zwl-gpu.h:16:10: fatal error: 'stddef.h' file not found
v1-check: FAIL userland/desktop/wayland/protocol.c: userland/desktop/wayland/zwl-gpu.h:16:10: fatal error: 'stddef.h' file not found
v1-check: FAIL userland/desktop/wayland/seat.c: userland/desktop/wayland/zwl-gpu.h:16:10: fatal error: 'stddef.h' file not found
v1-check: FAIL userland/desktop/wayland/session/handoff-session.c: userland/desktop/wayland/session/../zwl-gpu.h:16:10: fatal error: 'stddef.h' file not found
v1-check: FAIL userland/desktop/wayland/sheet.c: userland/desktop/wayland/zwl-gpu.h:16:10: fatal error: 'stddef.h' file not found
v1-check: FAIL userland/desktop/wayland/shell.c: userland/desktop/wayland/zwl-gpu.h:16:10: fatal error: 'stddef.h' file not found
v1-check: FAIL userland/desktop/wayland/shm.c: userland/desktop/wayland/zwl-gpu.h:16:10: fatal error: 'stddef.h' file not found
v1-check: FAIL userland/desktop/wayland/subsurface.c: userland/desktop/wayland/zwl-gpu.h:16:10: fatal error: 'stddef.h' file not found
v1-check: FAIL userland/desktop/wayland/tablet.c: userland/desktop/wayland/zwl-gpu.h:16:10: fatal error: 'stddef.h' file not found
v1-check: FAIL userland/desktop/wayland/text-input.c: userland/desktop/wayland/zwl-gpu.h:16:10: fatal error: 'stddef.h' file not found
v1-check: FAIL userland/desktop/wayland/titlebar-shell.c: userland/desktop/wayland/zwl-gpu.h:16:10: fatal error: 'stddef.h' file not found
v1-check: FAIL userland/desktop/wayland/titlebar.c: userland/desktop/wayland/zwl-gpu.h:16:10: fatal error: 'stddef.h' file not found
v1-check: FAIL userland/desktop/wayland/toplevel.c: userland/desktop/wayland/zwl-gpu.h:16:10: fatal error: 'stddef.h' file not found
v1-check: FAIL userland/desktop/wayland/touch.c: userland/desktop/wayland/zwl-gpu.h:16:10: fatal error: 'stddef.h' file not found
v1-check: FAIL userland/desktop/wayland/viewport.c: userland/desktop/wayland/zwl-gpu.h:16:10: fatal error: 'stddef.h' file not found
v1-check: FAIL userland/desktop/wayland/volume.c: userland/desktop/wayland/zwl-gpu.h:16:10: fatal error: 'stddef.h' file not found
v1-check: FAIL userland/desktop/wayland/wire.c: userland/desktop/wayland/zwl-gpu.h:16:10: fatal error: 'stddef.h' file not found
v1-check: FAIL userland/desktop/wayland/zedbsd/gpu-buffer-zedbsd.c: ./userland/desktop/wayland/zwl-gpu.h:16:10: fatal error: 'stddef.h' file not found
v1-check: FAIL userland/desktop/wayland/zedbsd/handoff-zedbsd.c: ./userland/desktop/wayland/zwl-gpu.h:16:10: fatal error: 'stddef.h' file not found
v1-check: FAIL userland/desktop/wayland/zedbsd/input-zedbsd.c: ./userland/desktop/wayland/zwl-gpu.h:16:10: fatal error: 'stddef.h' file not found
v1-check: FAIL userland/desktop/wayland/zedbsd/os-zedbsd.c: ./userland/desktop/wayland/zwl-os.h:12:10: fatal error: 'poll.h' file not found
v1-check: 0 sources compiled with the GPU UAPI headers poisoned
