[1920000.678] {Default Queue}  -> wl_display#1.get_registry(new id wl_registry#2)
[1920000.698] {Default Queue}  -> wl_display#1.sync(new id wl_callback#3)
[1920004.272] {Display Queue} wl_display#1.delete_id(3)
[1920004.283] {Default Queue} wl_registry#2.global(1, "wl_compositor", 4)
[1920004.288] {Default Queue}  -> wl_registry#2.bind(1, "wl_compositor", 4, new id [unknown]#4)
[1920004.293] {Default Queue} wl_registry#2.global(2, "xdg_wm_base", 4)
[1920004.296] {Default Queue} wl_registry#2.global(3, "zwp_linux_dmabuf_v1", 3)
[1920004.300] {Default Queue} wl_registry#2.global(4, "wl_output", 4)
[1920004.303] {Default Queue}  -> wl_registry#2.bind(4, "wl_output", 3, new id [unknown]#5)
[1920004.355] {Default Queue}  -> wl_display#1.sync(new id wl_callback#6)
[1920004.359] {Default Queue} wl_registry#2.global(5, "wl_seat", 5)
[1920004.362] {Default Queue} wl_registry#2.global(6, "wl_shm", 1)
[1920004.365] {Default Queue}  -> wl_registry#2.bind(6, "wl_shm", 1, new id [unknown]#7)
[1920004.368] {Default Queue} wl_registry#2.global(7, "xdg_menu_manager_v1", 2)
[1920004.371] {Default Queue} wl_registry#2.global(8, "wl_subcompositor", 1)
[1920004.374] {Default Queue}  -> wl_registry#2.bind(8, "wl_subcompositor", 1, new id [unknown]#8)
[1920004.378] {Default Queue} wl_registry#2.global(9, "wl_data_device_manager", 3)
[1920004.380] {Default Queue}  -> wl_registry#2.bind(9, "wl_data_device_manager", 3, new id [unknown]#9)
[1920004.383] {Default Queue} wl_registry#2.global(10, "zxdg_decoration_manager_v1", 1)
[1920004.386] {Default Queue} wl_registry#2.global(11, "wp_cursor_shape_manager_v1", 1)
[1920004.389] {Default Queue}  -> wl_registry#2.bind(11, "wp_cursor_shape_manager_v1", 1, new id [unknown]#10)
[1920004.391] {Default Queue} wl_registry#2.global(12, "wp_viewporter", 1)
[1920004.394] {Default Queue}  -> wl_registry#2.bind(12, "wp_viewporter", 1, new id [unknown]#11)
[1920004.397] {Default Queue} wl_registry#2.global(13, "zwp_text_input_manager_v3", 1)
[1920004.399] {Default Queue} wl_registry#2.global(16, "keiland_titlebar_manager_v1", 3)
[1920004.402] {Default Queue} wl_registry#2.global(17, "keiland_glass_manager_v1", 2)
[1920004.405] {Default Queue} wl_registry#2.global(18, "zwp_primary_selection_device_manager_v1", 1)
[1920004.407] {Default Queue}  -> wl_registry#2.bind(18, "zwp_primary_selection_device_manager_v1", 1, new id [unknown]#12)
[1920004.419] {Default Queue} wl_registry#2.global(19, "zwp_tablet_manager_v2", 1)
[1920004.422] {Default Queue}  -> wl_registry#2.bind(19, "zwp_tablet_manager_v2", 1, new id [unknown]#13)
[1920004.425] {Default Queue} wl_registry#2.global(21, "keiland_desktop_manager_v1", 1)
[1920004.427] {Default Queue} wl_registry#2.global(22, "keiland_keyboard_inset_manager_v1", 1)
[1920004.430] {Default Queue} wl_registry#2.global(23, "keiland_edit_manager_v1", 1)
[1920004.433] {Default Queue} wl_callback#3.done(2251522)
[1920004.510] {Default Queue}  -> wl_shm#7.create_pool(new id wl_shm_pool#3, fd 10, 2304)
[1920004.516] {Default Queue}  -> wl_registry#2.bind(5, "wl_seat", 5, new id [unknown]#14)
[1920007.516] {Default Queue}  -> zwp_primary_selection_device_manager_v1#12.get_device(new id zwp_primary_selection_device_v1#15, wl_seat#14)
[1920007.525] {Default Queue}  -> wl_data_device_manager#9.get_data_device(new id wl_data_device#16, wl_seat#14)
[1920007.569] {Default Queue}  -> wl_compositor#4.create_surface(new id wl_surface#17)
[1920007.573] {Default Queue}  -> wp_viewporter#11.get_viewport(new id wp_viewport#18, wl_surface#17)
[1920007.575] {Default Queue}  -> zwp_tablet_manager_v2#13.get_tablet_seat(new id zwp_tablet_seat_v2#19, wl_seat#14)
[1920007.580] {Default Queue}  -> wl_display#1.sync(new id wl_callback#20)
[1920007.796] {Display Queue} wl_display#1.delete_id(6)
[1920007.800] {Default Queue} wl_output#5.geometry(0, 0, 0, 0, 0, "Unknown", "Unknown", 0)
[1920007.807] {Default Queue} wl_output#5.mode(3, 1280, 800, 74994)
[1920007.811] {Default Queue} wl_output#5.scale(1)
[1920007.813] {Default Queue} wl_output#5.done()
[1920007.816] {Default Queue} wl_callback#6.done(2251526)
[1920007.818] {Default Queue} wl_shm#7.format(0)
[1920007.834] {Display Queue} wl_display#1.delete_id(20)
[1920007.836] {Default Queue} wl_shm#7.format(1)
[1920007.838] {Default Queue} wl_seat#14.capabilities(3)
[1920007.841] {Default Queue}  -> wl_seat#14.get_pointer(new id wl_pointer#6)
[1920007.848] {Default Queue}  -> wp_cursor_shape_manager_v1#10.get_pointer(new id wp_cursor_shape_device_v1#21, wl_pointer#6)
[1920007.851] {Default Queue}  -> wl_seat#14.get_keyboard(new id wl_keyboard#22)
[1920007.855] {Default Queue} wl_seat#14.name("seat0")
[1920007.858] {Default Queue} wl_callback#20.done(2251526)
[1920007.861] {Default Queue}  -> wl_registry#2.bind(2, "xdg_wm_base", 4, new id [unknown]#20)

(python3:1544): Gtk-WARNING **: 08:37:48.017: Unable to acquire the address of the accessibility bus: GDBus.Error:org.freedesktop.DBus.Error.ServiceUnknown: The name org.a11y.Bus was not provided by any .service files. If you are attempting to run GTK without a11y support, GTK_A11Y should be set to 'none'.
[1920036.248] {Default Queue}  -> wl_compositor#4.create_surface(new id wl_surface#23)
[1920036.257] {Default Queue}  -> wp_viewporter#11.get_viewport(new id wp_viewport#24, wl_surface#23)
Environment variable GSK_RENDERER=vulkan set, trying GskVulkanRenderer
[1920081.284] {Default Queue}  -> wl_display#1.get_registry(new id wl_registry#2)
[1920081.679] {Default Queue} wl_registry#2.global(1, "wl_compositor", 4)
[1920081.696] {Default Queue} wl_registry#2.global(2, "xdg_wm_base", 4)
[1920081.698] {Default Queue} wl_registry#2.global(3, "zwp_linux_dmabuf_v1", 3)
[1920081.701] {Default Queue} wl_registry#2.global(4, "wl_output", 4)
[1920081.705] {Default Queue}  -> wl_display#1.sync(new id wl_callback#3)
[1920081.722] {Default Queue} wl_registry#2.global(5, "wl_seat", 5)
[1920081.725] {Default Queue} wl_registry#2.global(6, "wl_shm", 1)
[1920081.727] {Default Queue} wl_registry#2.global(7, "xdg_menu_manager_v1", 2)
[1920081.730] {Default Queue} wl_registry#2.global(8, "wl_subcompositor", 1)
[1920081.732] {Default Queue} wl_registry#2.global(9, "wl_data_device_manager", 3)
[1920081.734] {Default Queue} wl_registry#2.global(10, "zxdg_decoration_manager_v1", 1)
[1920081.737] {Default Queue} wl_registry#2.global(11, "wp_cursor_shape_manager_v1", 1)
[1920081.739] {Default Queue} wl_registry#2.global(12, "wp_viewporter", 1)
[1920081.752] {Default Queue} wl_registry#2.global(13, "zwp_text_input_manager_v3", 1)
[1920081.754] {Default Queue} wl_registry#2.global(16, "keiland_titlebar_manager_v1", 3)
[1920081.756] {Default Queue} wl_registry#2.global(17, "keiland_glass_manager_v1", 2)
[1920081.759] {Default Queue} wl_registry#2.global(18, "zwp_primary_selection_device_manager_v1", 1)
[1920081.761] {Default Queue} wl_registry#2.global(19, "zwp_tablet_manager_v2", 1)
[1920081.763] {Default Queue} wl_registry#2.global(21, "keiland_desktop_manager_v1", 1)
[1920081.765] {Default Queue} wl_registry#2.global(22, "keiland_keyboard_inset_manager_v1", 1)
[1920081.772] {Default Queue} wl_registry#2.global(23, "keiland_edit_manager_v1", 1)
[1920081.820] {Display Queue} wl_display#1.delete_id(3)
[1920081.823] {Default Queue} wl_callback#3.done(2251600)
[1920082.003] {Default Queue}  -> wl_display#1.get_registry(new id wl_registry#2)
[1920082.176] {Default Queue} wl_registry#2.global(1, "wl_compositor", 4)
[1920082.181] {Default Queue} wl_registry#2.global(2, "xdg_wm_base", 4)
[1920082.184] {Default Queue} wl_registry#2.global(3, "zwp_linux_dmabuf_v1", 3)
[1920082.186] {Default Queue} wl_registry#2.global(4, "wl_output", 4)
[1920082.189] {Default Queue}  -> wl_display#1.sync(new id wl_callback#3)
[1920082.205] {Default Queue} wl_registry#2.global(5, "wl_seat", 5)
[1920082.208] {Default Queue} wl_registry#2.global(6, "wl_shm", 1)
[1920082.210] {Default Queue} wl_registry#2.global(7, "xdg_menu_manager_v1", 2)
[1920082.212] {Default Queue} wl_registry#2.global(8, "wl_subcompositor", 1)
[1920082.215] {Default Queue} wl_registry#2.global(9, "wl_data_device_manager", 3)
[1920082.217] {Default Queue} wl_registry#2.global(10, "zxdg_decoration_manager_v1", 1)
[1920082.220] {Default Queue} wl_registry#2.global(11, "wp_cursor_shape_manager_v1", 1)
[1920082.236] {Default Queue} wl_registry#2.global(12, "wp_viewporter", 1)
[1920082.238] {Default Queue} wl_registry#2.global(13, "zwp_text_input_manager_v3", 1)
[1920082.241] {Default Queue} wl_registry#2.global(16, "keiland_titlebar_manager_v1", 3)
[1920082.243] {Default Queue} wl_registry#2.global(17, "keiland_glass_manager_v1", 2)
[1920082.246] {Default Queue} wl_registry#2.global(18, "zwp_primary_selection_device_manager_v1", 1)
[1920082.248] {Default Queue} wl_registry#2.global(19, "zwp_tablet_manager_v2", 1)
[1920082.250] {Default Queue} wl_registry#2.global(21, "keiland_desktop_manager_v1", 1)
[1920082.258] {Default Queue} wl_registry#2.global(22, "keiland_keyboard_inset_manager_v1", 1)
[1920082.260] {Default Queue} wl_registry#2.global(23, "keiland_edit_manager_v1", 1)
[1920082.293] {Display Queue} wl_display#1.delete_id(3)
[1920082.296] {Default Queue} wl_callback#3.done(2251600)
[1920099.949] {mesa formats query}  -> wl_display#1.get_registry(new id wl_registry#25)
[1920099.960] {mesa formats query}  -> wl_display#1.sync(new id wl_callback#26)
[1920100.215] {mesa formats query} wl_registry#25.global(1, "wl_compositor", 4)
[1920100.220] {mesa formats query} wl_registry#25.global(2, "xdg_wm_base", 4)
[1920100.231] {mesa formats query} wl_registry#25.global(3, "zwp_linux_dmabuf_v1", 3)
[1920100.234] {mesa formats query} wl_registry#25.global(4, "wl_output", 4)
[1920100.236] {mesa formats query} wl_registry#25.global(5, "wl_seat", 5)
[1920100.239] {mesa formats query} wl_registry#25.global(6, "wl_shm", 1)
[1920100.242] {mesa formats query}  -> wl_registry#25.bind(6, "wl_shm", 1, new id [unknown]#27)
[1920100.258] {mesa formats query} wl_registry#25.global(7, "xdg_menu_manager_v1", 2)
[1920100.261] {mesa formats query} wl_registry#25.global(8, "wl_subcompositor", 1)
[1920100.264] {mesa formats query} wl_registry#25.global(9, "wl_data_device_manager", 3)
[1920100.266] {mesa formats query} wl_registry#25.global(10, "zxdg_decoration_manager_v1", 1)
[1920100.269] {mesa formats query} wl_registry#25.global(11, "wp_cursor_shape_manager_v1", 1)
[1920100.271] {mesa formats query} wl_registry#25.global(12, "wp_viewporter", 1)
[1920100.283] {mesa formats query} wl_registry#25.global(13, "zwp_text_input_manager_v3", 1)
[1920100.286] {mesa formats query} wl_registry#25.global(16, "keiland_titlebar_manager_v1", 3)
[1920100.289] {mesa formats query} wl_registry#25.global(17, "keiland_glass_manager_v1", 2)
[1920100.291] {mesa formats query} wl_registry#25.global(18, "zwp_primary_selection_device_manager_v1", 1)
[1920100.294] {mesa formats query} wl_registry#25.global(19, "zwp_tablet_manager_v2", 1)
[1920100.296] {mesa formats query} wl_registry#25.global(21, "keiland_desktop_manager_v1", 1)
[1920100.306] {Display Queue} wl_display#1.delete_id(26)
[1920100.309] {mesa formats query} wl_registry#25.global(22, "keiland_keyboard_inset_manager_v1", 1)
[1920100.312] {mesa formats query} wl_registry#25.global(23, "keiland_edit_manager_v1", 1)
[1920100.314] {mesa formats query} wl_callback#26.done(2251618)
[1920100.317] {mesa formats query}  -> wl_display#1.sync(new id wl_callback#26)
[1920100.377] {mesa formats query} wl_shm#27.format(0)
[1920100.394] {mesa formats query} wl_shm#27.format(1)
[1920100.403] {Display Queue} wl_display#1.delete_id(26)
[1920100.406] {mesa formats query} wl_callback#26.done(2251618)
[1920100.414] {mesa formats query}  -> wl_display#1.get_registry(new id wl_registry#26)
[1920100.417] {mesa formats query}  -> wl_display#1.sync(new id wl_callback#28)
[1920100.474] {mesa formats query} wl_registry#26.global(1, "wl_compositor", 4)
[1920100.477] {mesa formats query} wl_registry#26.global(2, "xdg_wm_base", 4)
[1920100.486] {mesa formats query} wl_registry#26.global(3, "zwp_linux_dmabuf_v1", 3)
[1920100.489] {mesa formats query} wl_registry#26.global(4, "wl_output", 4)
[1920100.491] {mesa formats query} wl_registry#26.global(5, "wl_seat", 5)
[1920100.500] {mesa formats query} wl_registry#26.global(6, "wl_shm", 1)
[1920100.503] {mesa formats query}  -> wl_registry#26.bind(6, "wl_shm", 1, new id [unknown]#29)
[1920100.511] {mesa formats query} wl_registry#26.global(7, "xdg_menu_manager_v1", 2)
[1920100.513] {mesa formats query} wl_registry#26.global(8, "wl_subcompositor", 1)
[1920100.527] {mesa formats query} wl_registry#26.global(9, "wl_data_device_manager", 3)
[1920100.530] {mesa formats query} wl_registry#26.global(10, "zxdg_decoration_manager_v1", 1)
[1920100.532] {mesa formats query} wl_registry#26.global(11, "wp_cursor_shape_manager_v1", 1)
[1920100.535] {mesa formats query} wl_registry#26.global(12, "wp_viewporter", 1)
[1920100.537] {mesa formats query} wl_registry#26.global(13, "zwp_text_input_manager_v3", 1)
[1920100.540] {mesa formats query} wl_registry#26.global(16, "keiland_titlebar_manager_v1", 3)
[1920100.551] {mesa formats query} wl_registry#26.global(17, "keiland_glass_manager_v1", 2)
[1920100.554] {mesa formats query} wl_registry#26.global(18, "zwp_primary_selection_device_manager_v1", 1)
[1920100.557] {mesa formats query} wl_registry#26.global(19, "zwp_tablet_manager_v2", 1)
[1920100.559] {mesa formats query} wl_registry#26.global(21, "keiland_desktop_manager_v1", 1)
[1920100.562] {mesa formats query} wl_registry#26.global(22, "keiland_keyboard_inset_manager_v1", 1)
[1920100.564] {mesa formats query} wl_registry#26.global(23, "keiland_edit_manager_v1", 1)
[1920100.572] {Display Queue} wl_display#1.delete_id(28)
[1920100.574] {mesa formats query} wl_callback#28.done(2251618)
[1920100.577] {mesa formats query}  -> wl_display#1.sync(new id wl_callback#28)
[1920100.613] {mesa formats query} wl_shm#29.format(0)
[1920100.617] {mesa formats query} wl_shm#29.format(1)
[1920100.625] {Display Queue} wl_display#1.delete_id(28)
[1920100.627] {mesa formats query} wl_callback#28.done(2251619)
[1920100.697] {mesa image count query}  -> wl_display#1.get_registry(new id wl_registry#28)
[1920100.700] {mesa image count query}  -> wl_display#1.sync(new id wl_callback#30)
[1920100.925] {mesa image count query} wl_registry#28.global(1, "wl_compositor", 4)
[1920100.929] {mesa image count query} wl_registry#28.global(2, "xdg_wm_base", 4)
[1920100.932] {mesa image count query} wl_registry#28.global(3, "zwp_linux_dmabuf_v1", 3)
[1920100.942] {mesa image count query} wl_registry#28.global(4, "wl_output", 4)
[1920100.945] {mesa image count query} wl_registry#28.global(5, "wl_seat", 5)
[1920100.948] {mesa image count query} wl_registry#28.global(6, "wl_shm", 1)
[1920100.950] {mesa image count query}  -> wl_registry#28.bind(6, "wl_shm", 1, new id [unknown]#31)
[1920100.953] {mesa image count query} wl_registry#28.global(7, "xdg_menu_manager_v1", 2)
[1920100.967] {mesa image count query} wl_registry#28.global(8, "wl_subcompositor", 1)
[1920100.969] {mesa image count query} wl_registry#28.global(9, "wl_data_device_manager", 3)
[1920100.972] {mesa image count query} wl_registry#28.global(10, "zxdg_decoration_manager_v1", 1)
[1920100.974] {mesa image count query} wl_registry#28.global(11, "wp_cursor_shape_manager_v1", 1)
[1920100.977] {mesa image count query} wl_registry#28.global(12, "wp_viewporter", 1)
[1920100.987] {mesa image count query} wl_registry#28.global(13, "zwp_text_input_manager_v3", 1)
[1920100.990] {mesa image count query} wl_registry#28.global(16, "keiland_titlebar_manager_v1", 3)
[1920100.993] {mesa image count query} wl_registry#28.global(17, "keiland_glass_manager_v1", 2)
[1920100.995] {mesa image count query} wl_registry#28.global(18, "zwp_primary_selection_device_manager_v1", 1)
[1920100.998] {mesa image count query} wl_registry#28.global(19, "zwp_tablet_manager_v2", 1)
[1920101.010] {Display Queue} wl_display#1.delete_id(30)
[1920101.012] {mesa image count query} wl_registry#28.global(21, "keiland_desktop_manager_v1", 1)
[1920101.015] {mesa image count query} wl_registry#28.global(22, "keiland_keyboard_inset_manager_v1", 1)
[1920101.017] {mesa image count query} wl_registry#28.global(23, "keiland_edit_manager_v1", 1)
[1920101.020] {mesa image count query} wl_callback#30.done(2251619)
[1920101.023] {mesa image count query}  -> wl_display#1.sync(new id wl_callback#30)
[1920101.089] {mesa image count query} wl_shm#31.format(0)
[1920101.093] {mesa image count query} wl_shm#31.format(1)
[1920101.101] {Display Queue} wl_display#1.delete_id(30)
[1920101.103] {mesa image count query} wl_callback#30.done(2251619)
[1920101.110] {mesa present modes query}  -> wl_display#1.get_registry(new id wl_registry#30)
[1920101.113] {mesa present modes query}  -> wl_display#1.sync(new id wl_callback#32)
[1920101.155] {mesa present modes query} wl_registry#30.global(1, "wl_compositor", 4)
[1920101.158] {mesa present modes query} wl_registry#30.global(2, "xdg_wm_base", 4)
[1920101.168] {mesa present modes query} wl_registry#30.global(3, "zwp_linux_dmabuf_v1", 3)
[1920101.171] {mesa present modes query} wl_registry#30.global(4, "wl_output", 4)
[1920101.173] {mesa present modes query} wl_registry#30.global(5, "wl_seat", 5)
[1920101.182] {mesa present modes query} wl_registry#30.global(6, "wl_shm", 1)
[1920101.185] {mesa present modes query}  -> wl_registry#30.bind(6, "wl_shm", 1, new id [unknown]#33)
[1920101.188] {mesa present modes query} wl_registry#30.global(7, "xdg_menu_manager_v1", 2)
[1920101.190] {mesa present modes query} wl_registry#30.global(8, "wl_subcompositor", 1)
[1920101.204] {mesa present modes query} wl_registry#30.global(9, "wl_data_device_manager", 3)
[1920101.207] {mesa present modes query} wl_registry#30.global(10, "zxdg_decoration_manager_v1", 1)
[1920101.210] {mesa present modes query} wl_registry#30.global(11, "wp_cursor_shape_manager_v1", 1)
[1920101.212] {mesa present modes query} wl_registry#30.global(12, "wp_viewporter", 1)
[1920101.215] {mesa present modes query} wl_registry#30.global(13, "zwp_text_input_manager_v3", 1)
[1920101.227] {mesa present modes query} wl_registry#30.global(16, "keiland_titlebar_manager_v1", 3)
[1920101.229] {mesa present modes query} wl_registry#30.global(17, "keiland_glass_manager_v1", 2)
[1920101.232] {mesa present modes query} wl_registry#30.global(18, "zwp_primary_selection_device_manager_v1", 1)
[1920101.234] {mesa present modes query} wl_registry#30.global(19, "zwp_tablet_manager_v2", 1)
[1920101.237] {mesa present modes query} wl_registry#30.global(21, "keiland_desktop_manager_v1", 1)
[1920101.247] {Display Queue} wl_display#1.delete_id(32)
[1920101.249] {mesa present modes query} wl_registry#30.global(22, "keiland_keyboard_inset_manager_v1", 1)
[1920101.252] {mesa present modes query} wl_registry#30.global(23, "keiland_edit_manager_v1", 1)
[1920101.254] {mesa present modes query} wl_callback#32.done(2251619)
[1920101.257] {mesa present modes query}  -> wl_display#1.sync(new id wl_callback#32)
[1920101.297] {mesa present modes query} wl_shm#33.format(0)
[1920101.301] {mesa present modes query} wl_shm#33.format(1)
[1920101.309] {Display Queue} wl_display#1.delete_id(32)
[1920101.311] {mesa present modes query} wl_callback#32.done(2251619)
[1920101.314] {mesa present modes query}  -> wl_display#1.get_registry(new id wl_registry#32)
[1920101.317] {mesa present modes query}  -> wl_display#1.sync(new id wl_callback#34)
[1920101.359] {mesa present modes query} wl_registry#32.global(1, "wl_compositor", 4)
[1920101.362] {mesa present modes query} wl_registry#32.global(2, "xdg_wm_base", 4)
[1920101.372] {mesa present modes query} wl_registry#32.global(3, "zwp_linux_dmabuf_v1", 3)
[1920101.375] {mesa present modes query} wl_registry#32.global(4, "wl_output", 4)
[1920101.377] {mesa present modes query} wl_registry#32.global(5, "wl_seat", 5)
[1920101.386] {mesa present modes query} wl_registry#32.global(6, "wl_shm", 1)
[1920101.389] {mesa present modes query}  -> wl_registry#32.bind(6, "wl_shm", 1, new id [unknown]#35)
[1920101.391] {mesa present modes query} wl_registry#32.global(7, "xdg_menu_manager_v1", 2)
[1920101.394] {mesa present modes query} wl_registry#32.global(8, "wl_subcompositor", 1)
[1920101.407] {mesa present modes query} wl_registry#32.global(9, "wl_data_device_manager", 3)
[1920101.410] {mesa present modes query} wl_registry#32.global(10, "zxdg_decoration_manager_v1", 1)
[1920101.413] {mesa present modes query} wl_registry#32.global(11, "wp_cursor_shape_manager_v1", 1)
[1920101.418] {mesa present modes query} wl_registry#32.global(12, "wp_viewporter", 1)
[1920101.420] {mesa present modes query} wl_registry#32.global(13, "zwp_text_input_manager_v3", 1)
[1920101.432] {mesa present modes query} wl_registry#32.global(16, "keiland_titlebar_manager_v1", 3)
[1920101.435] {mesa present modes query} wl_registry#32.global(17, "keiland_glass_manager_v1", 2)
[1920101.437] {mesa present modes query} wl_registry#32.global(18, "zwp_primary_selection_device_manager_v1", 1)
[1920101.440] {mesa present modes query} wl_registry#32.global(19, "zwp_tablet_manager_v2", 1)
[1920101.442] {mesa present modes query} wl_registry#32.global(21, "keiland_desktop_manager_v1", 1)
[1920101.445] {mesa present modes query} wl_registry#32.global(22, "keiland_keyboard_inset_manager_v1", 1)
[1920101.453] {Display Queue} wl_display#1.delete_id(34)
[1920101.456] {mesa present modes query} wl_registry#32.global(23, "keiland_edit_manager_v1", 1)
[1920101.458] {mesa present modes query} wl_callback#34.done(2251619)
[1920101.461] {mesa present modes query}  -> wl_display#1.sync(new id wl_callback#34)
[1920101.496] {mesa present modes query} wl_shm#35.format(0)
[1920101.500] {mesa present modes query} wl_shm#35.format(1)
[1920101.507] {Display Queue} wl_display#1.delete_id(34)
[1920101.510] {mesa present modes query} wl_callback#34.done(2251619)
[1920101.517] {mesa vk display queue}  -> wl_display#1.get_registry(new id wl_registry#34)
[1920101.520] {mesa vk display queue}  -> wl_display#1.sync(new id wl_callback#36)
[1920101.574] {mesa vk display queue} wl_registry#34.global(1, "wl_compositor", 4)
[1920101.578] {mesa vk display queue} wl_registry#34.global(2, "xdg_wm_base", 4)
[1920101.610] {mesa vk display queue} wl_registry#34.global(3, "zwp_linux_dmabuf_v1", 3)
[1920101.613] {mesa vk display queue} wl_registry#34.global(4, "wl_output", 4)
[1920101.623] {mesa vk display queue} wl_registry#34.global(5, "wl_seat", 5)
[1920101.626] {mesa vk display queue} wl_registry#34.global(6, "wl_shm", 1)
[1920101.628] {mesa vk display queue}  -> wl_registry#34.bind(6, "wl_shm", 1, new id [unknown]#37)
[1920101.631] {mesa vk display queue} wl_registry#34.global(7, "xdg_menu_manager_v1", 2)
[1920101.645] {mesa vk display queue} wl_registry#34.global(8, "wl_subcompositor", 1)
[1920101.648] {mesa vk display queue} wl_registry#34.global(9, "wl_data_device_manager", 3)
[1920101.651] {mesa vk display queue} wl_registry#34.global(10, "zxdg_decoration_manager_v1", 1)
[1920101.653] {mesa vk display queue} wl_registry#34.global(11, "wp_cursor_shape_manager_v1", 1)
[1920101.656] {mesa vk display queue} wl_registry#34.global(12, "wp_viewporter", 1)
[1920101.666] {mesa vk display queue} wl_registry#34.global(13, "zwp_text_input_manager_v3", 1)
[1920101.668] {mesa vk display queue} wl_registry#34.global(16, "keiland_titlebar_manager_v1", 3)
[1920101.671] {mesa vk display queue} wl_registry#34.global(17, "keiland_glass_manager_v1", 2)
[1920101.673] {mesa vk display queue} wl_registry#34.global(18, "zwp_primary_selection_device_manager_v1", 1)
[1920101.676] {mesa vk display queue} wl_registry#34.global(19, "zwp_tablet_manager_v2", 1)
[1920101.688] {Display Queue} wl_display#1.delete_id(36)
[1920101.690] {mesa vk display queue} wl_registry#34.global(21, "keiland_desktop_manager_v1", 1)
[1920101.693] {mesa vk display queue} wl_registry#34.global(22, "keiland_keyboard_inset_manager_v1", 1)
[1920101.695] {mesa vk display queue} wl_registry#34.global(23, "keiland_edit_manager_v1", 1)
[1920101.698] {mesa vk display queue} wl_callback#36.done(2251619)
[1920101.700] {mesa vk display queue}  -> wl_display#1.sync(new id wl_callback#36)
[1920101.740] {mesa vk display queue} wl_shm#37.format(0)
[1920101.744] {mesa vk display queue} wl_shm#37.format(1)
[1920101.752] {Display Queue} wl_display#1.delete_id(36)
[1920101.754] {mesa vk display queue} wl_callback#36.done(2251620)
[1920101.789] {mesa vk display queue}  -> wl_shm#37.create_pool(new id wl_shm_pool#36, fd 19, 256)
[1920101.793] {mesa vk display queue}  -> wl_shm_pool#36.create_buffer(new id wl_buffer#38, 0, 1, 1, 64, 0)
[1920101.799] {mesa vk display queue}  -> wl_shm_pool#36.destroy()
[1920101.812] {mesa vk display queue}  -> wl_shm#37.create_pool(new id wl_shm_pool#39, fd 21, 256)
[1920101.816] {mesa vk display queue}  -> wl_shm_pool#39.create_buffer(new id wl_buffer#40, 0, 1, 1, 64, 0)
[1920101.819] {mesa vk display queue}  -> wl_shm_pool#39.destroy()
[1920101.830] {mesa vk display queue}  -> wl_shm#37.create_pool(new id wl_shm_pool#41, fd 23, 256)
[1920101.833] {mesa vk display queue}  -> wl_shm_pool#41.create_buffer(new id wl_buffer#42, 0, 1, 1, 64, 0)
[1920101.836] {mesa vk display queue}  -> wl_shm_pool#41.destroy()
[1920101.848] {mesa vk display queue}  -> wl_shm#37.create_pool(new id wl_shm_pool#43, fd 25, 256)
[1920101.851] {mesa vk display queue}  -> wl_shm_pool#43.create_buffer(new id wl_buffer#44, 0, 1, 1, 64, 0)
[1920101.854] {mesa vk display queue}  -> wl_shm_pool#43.destroy()
Using renderer 'GskVulkanRenderer' for surface 'GdkWaylandToplevel'
[1920101.970] {Default Queue}  -> xdg_wm_base#20.get_xdg_surface(new id xdg_surface#45, wl_surface#23)
[1920101.975]  -> xdg_surface#45.get_toplevel(new id xdg_toplevel#46)
[1920101.978]  -> xdg_toplevel#46.set_parent(nil)
[1920101.981]  -> xdg_toplevel#46.set_title("WS114 Vulkan CSD")
[1920101.983]  -> xdg_toplevel#46.set_app_id("org.zedbsd.WS114Vulkan")
[1920101.986]  -> wl_surface#23.commit()
[1920106.156] {Default Queue}  -> wl_display#1.get_registry(new id wl_registry#47)
[1920106.529] {Default Queue} wl_keyboard#22.keymap(1, fd 17, 6896)
[1920107.046] {Default Queue} wl_keyboard#22.repeat_info(25, 400)
[1920107.532] {Display Queue} wl_display#1.delete_id(36)
[1920107.539] {Display Queue} wl_display#1.delete_id(39)
[1920107.541] {Display Queue} wl_display#1.delete_id(41)
[1920107.543] {Display Queue} wl_display#1.delete_id(43)
[1920107.545] {Default Queue} wl_registry#47.global(1, "wl_compositor", 4)
[1920107.549] {Default Queue} wl_registry#47.global(2, "xdg_wm_base", 4)
[1920107.551] {Default Queue} wl_registry#47.global(3, "zwp_linux_dmabuf_v1", 3)
[1920107.554] {Default Queue} wl_registry#47.global(4, "wl_output", 4)
[1920107.556] {Default Queue} wl_registry#47.global(5, "wl_seat", 5)
[1920107.559] {Default Queue} wl_registry#47.global(6, "wl_shm", 1)
[1920107.561] {Default Queue} wl_registry#47.global(7, "xdg_menu_manager_v1", 2)
[1920107.564] {Default Queue} wl_registry#47.global(8, "wl_subcompositor", 1)
[1920107.566] {Default Queue} wl_registry#47.global(9, "wl_data_device_manager", 3)
[1920107.569] {Default Queue} wl_registry#47.global(10, "zxdg_decoration_manager_v1", 1)
[1920107.571] {Default Queue} wl_registry#47.global(11, "wp_cursor_shape_manager_v1", 1)
[1920107.573] {Default Queue} wl_registry#47.global(12, "wp_viewporter", 1)
[1920107.576] {Default Queue} wl_registry#47.global(13, "zwp_text_input_manager_v3", 1)
[1920107.579] {Default Queue}  -> wl_registry#47.bind(13, "zwp_text_input_manager_v3", 1, new id [unknown]#43)
[1920107.583] {Default Queue}  -> zwp_text_input_manager_v3#43.get_text_input(new id zwp_text_input_v3#41, wl_seat#14)
[1920107.587] {Default Queue} wl_registry#47.global(16, "keiland_titlebar_manager_v1", 3)
[1920107.589] {Default Queue} wl_registry#47.global(17, "keiland_glass_manager_v1", 2)
[1920107.592] {Default Queue} wl_registry#47.global(18, "zwp_primary_selection_device_manager_v1", 1)
[1920107.594] {Default Queue} wl_registry#47.global(19, "zwp_tablet_manager_v2", 1)
[1920107.596] {Default Queue} wl_registry#47.global(21, "keiland_desktop_manager_v1", 1)
[1920107.599] {Default Queue} wl_registry#47.global(22, "keiland_keyboard_inset_manager_v1", 1)
[1920107.601] {Default Queue} wl_registry#47.global(23, "keiland_edit_manager_v1", 1)
[1920107.604] xdg_toplevel#46.configure_bounds(1256, 690)
[1920107.607] xdg_toplevel#46.configure(0, 0, array[4])
[1920107.610] xdg_surface#45.configure(138)
[1920107.621]  -> xdg_surface#45.ack_configure(138)
[1920109.427]  -> xdg_toplevel#46.set_min_size(485, 338)
[1920109.435]  -> xdg_toplevel#46.set_max_size(0, 0)
[1920109.537] {mesa present modes query}  -> wl_display#1.get_registry(new id wl_registry#39)
[1920109.546] {mesa present modes query}  -> wl_display#1.sync(new id wl_callback#36)
[1920128.634] {Display Queue} wl_display#1.delete_id(36)
[1920128.657] {mesa present modes query} wl_registry#39.global(1, "wl_compositor", 4)
[1920128.670] {mesa present modes query} wl_registry#39.global(2, "xdg_wm_base", 4)
[1920128.679] {mesa present modes query} wl_registry#39.global(3, "zwp_linux_dmabuf_v1", 3)
[1920128.688] {mesa present modes query} wl_registry#39.global(4, "wl_output", 4)
[1920128.696] {mesa present modes query} wl_registry#39.global(5, "wl_seat", 5)
[1920128.705] {mesa present modes query} wl_registry#39.global(6, "wl_shm", 1)
[1920128.715] {mesa present modes query}  -> wl_registry#39.bind(6, "wl_shm", 1, new id [unknown]#48)
[1920128.726] {mesa present modes query} wl_registry#39.global(7, "xdg_menu_manager_v1", 2)
[1920128.735] {mesa present modes query} wl_registry#39.global(8, "wl_subcompositor", 1)
[1920128.744] {mesa present modes query} wl_registry#39.global(9, "wl_data_device_manager", 3)
[1920128.752] {mesa present modes query} wl_registry#39.global(10, "zxdg_decoration_manager_v1", 1)
[1920128.761] {mesa present modes query} wl_registry#39.global(11, "wp_cursor_shape_manager_v1", 1)
[1920128.769] {mesa present modes query} wl_registry#39.global(12, "wp_viewporter", 1)
[1920128.777] {mesa present modes query} wl_registry#39.global(13, "zwp_text_input_manager_v3", 1)
[1920128.786] {mesa present modes query} wl_registry#39.global(16, "keiland_titlebar_manager_v1", 3)
[1920128.794] {mesa present modes query} wl_registry#39.global(17, "keiland_glass_manager_v1", 2)
[1920128.802] {mesa present modes query} wl_registry#39.global(18, "zwp_primary_selection_device_manager_v1", 1)
[1920128.826] {mesa present modes query} wl_registry#39.global(19, "zwp_tablet_manager_v2", 1)
[1920128.835] {mesa present modes query} wl_registry#39.global(21, "keiland_desktop_manager_v1", 1)
[1920128.844] {mesa present modes query} wl_registry#39.global(22, "keiland_keyboard_inset_manager_v1", 1)
[1920128.852] {mesa present modes query} wl_registry#39.global(23, "keiland_edit_manager_v1", 1)
[1920128.861] {mesa present modes query} wl_callback#36.done(2251646)
[1920128.871] {mesa present modes query}  -> wl_display#1.sync(new id wl_callback#36)
[1920128.990] {Display Queue} wl_display#1.delete_id(36)
[1920129.001] {mesa present modes query} wl_shm#48.format(0)
[1920129.016] {mesa present modes query} wl_shm#48.format(1)
[1920129.026] {mesa present modes query} wl_callback#36.done(2251647)
[1920129.043] {mesa present modes query}  -> wl_display#1.get_registry(new id wl_registry#36)
[1920129.052] {mesa present modes query}  -> wl_display#1.sync(new id wl_callback#49)
[1920129.196] {mesa present modes query} wl_registry#36.global(1, "wl_compositor", 4)
[1920129.208] {mesa present modes query} wl_registry#36.global(2, "xdg_wm_base", 4)
[1920129.217] {mesa present modes query} wl_registry#36.global(3, "zwp_linux_dmabuf_v1", 3)
[1920129.225] {mesa present modes query} wl_registry#36.global(4, "wl_output", 4)
[1920129.234] {mesa present modes query} wl_registry#36.global(5, "wl_seat", 5)
[1920129.242] {mesa present modes query} wl_registry#36.global(6, "wl_shm", 1)
[1920129.251] {mesa present modes query}  -> wl_registry#36.bind(6, "wl_shm", 1, new id [unknown]#50)
[1920129.261] {mesa present modes query} wl_registry#36.global(7, "xdg_menu_manager_v1", 2)
[1920129.269] {mesa present modes query} wl_registry#36.global(8, "wl_subcompositor", 1)
[1920129.278] {mesa present modes query} wl_registry#36.global(9, "wl_data_device_manager", 3)
[1920129.286] {mesa present modes query} wl_registry#36.global(10, "zxdg_decoration_manager_v1", 1)
[1920129.295] {mesa present modes query} wl_registry#36.global(11, "wp_cursor_shape_manager_v1", 1)
[1920129.303] {mesa present modes query} wl_registry#36.global(12, "wp_viewporter", 1)
[1920129.312] {mesa present modes query} wl_registry#36.global(13, "zwp_text_input_manager_v3", 1)
[1920129.366] {Display Queue} wl_display#1.delete_id(49)
[1920129.375] {mesa present modes query} wl_registry#36.global(16, "keiland_titlebar_manager_v1", 3)
[1920129.394] {mesa present modes query} wl_registry#36.global(17, "keiland_glass_manager_v1", 2)
[1920129.414] {mesa present modes query} wl_registry#36.global(18, "zwp_primary_selection_device_manager_v1", 1)
[1920129.416] {mesa present modes query} wl_registry#36.global(19, "zwp_tablet_manager_v2", 1)
[1920129.419] {mesa present modes query} wl_registry#36.global(21, "keiland_desktop_manager_v1", 1)
[1920129.421] {mesa present modes query} wl_registry#36.global(22, "keiland_keyboard_inset_manager_v1", 1)
[1920129.423] {mesa present modes query} wl_registry#36.global(23, "keiland_edit_manager_v1", 1)
[1920129.426] {mesa present modes query} wl_callback#49.done(2251647)
[1920129.429] {mesa present modes query}  -> wl_display#1.sync(new id wl_callback#49)
[1920129.441] {mesa present modes query} wl_shm#50.format(0)
[1920129.444] {mesa present modes query} wl_shm#50.format(1)
[1920129.465] {Display Queue} wl_display#1.delete_id(49)
[1920129.468] {mesa present modes query} wl_callback#49.done(2251647)
[1920129.515] {mesa vk display queue}  -> wl_shm#37.create_pool(new id wl_shm_pool#49, fd 19, 1448448)
[1920129.520] {mesa vk display queue}  -> wl_shm_pool#49.create_buffer(new id wl_buffer#51, 0, 728, 489, 2944, 0)
[1920129.523] {mesa vk display queue}  -> wl_shm_pool#49.destroy()
[1920129.540] {mesa vk display queue}  -> wl_shm#37.create_pool(new id wl_shm_pool#52, fd 23, 1448448)
[1920129.544] {mesa vk display queue}  -> wl_shm_pool#52.create_buffer(new id wl_buffer#53, 0, 728, 489, 2944, 0)
[1920129.547] {mesa vk display queue}  -> wl_shm_pool#52.destroy()
[1920129.574] {mesa vk display queue}  -> wl_shm#37.create_pool(new id wl_shm_pool#54, fd 26, 1448448)
[1920129.578] {mesa vk display queue}  -> wl_shm_pool#54.create_buffer(new id wl_buffer#55, 0, 728, 489, 2944, 0)
[1920129.581] {mesa vk display queue}  -> wl_shm_pool#54.destroy()
[1920129.602] {mesa vk display queue}  -> wl_shm#37.create_pool(new id wl_shm_pool#56, fd 28, 1448448)
[1920129.605] {mesa vk display queue}  -> wl_shm_pool#56.create_buffer(new id wl_buffer#57, 0, 728, 489, 2944, 0)
[1920129.608] {mesa vk display queue}  -> wl_shm_pool#56.destroy()
[1920129.611] {mesa vk display queue}  -> wl_buffer#38.destroy()
[1920129.629] {mesa vk display queue}  -> wl_buffer#40.destroy()
[1920129.635] {mesa vk display queue}  -> wl_buffer#42.destroy()
[1920129.641] {mesa vk display queue}  -> wl_buffer#44.destroy()
[1920567.428]  -> xdg_toplevel#46.set_min_size(457, 309)
[1920567.442]  -> xdg_toplevel#46.set_max_size(0, 0)
[1920567.446]  -> xdg_surface#45.set_window_geometry(14, 12, 700, 460)
[1920567.451] {Default Queue}  -> wl_compositor#4.create_region(new id wl_region#58)
[1920567.456] {Default Queue}  -> wl_region#58.add(14, 20, 700, 452)
[1920567.459]  -> wl_surface#23.set_opaque_region(wl_region#58)
[1920567.461] {Default Queue}  -> wl_region#58.destroy()
[1920567.464] {Default Queue}  -> wl_compositor#4.create_region(new id wl_region#59)
[1920567.467] {Default Queue}  -> wl_region#59.add(2, 0, 724, 484)
[1920567.470]  -> wl_surface#23.set_input_region(wl_region#59)
[1920567.472] {Default Queue}  -> wl_region#59.destroy()
[1920567.475] {Default Queue}  -> wp_viewport#24.set_destination(728, 489)
[1920567.477]  -> wl_surface#23.frame(new id wl_callback#60)
[1920646.811] {mesa vk display queue}  -> wl_surface#23.attach(wl_buffer#51, 0, 0)
[1920646.840] {mesa vk display queue}  -> wl_surface#23.damage_buffer(0, 0, 728, 489)
[1920646.851] {mesa vk display queue}  -> wl_surface#23.commit()
[1920647.198] {Display Queue} wl_display#1.delete_id(49)
[1920647.217] {Display Queue} wl_display#1.delete_id(52)
[1920647.228] {Display Queue} wl_display#1.delete_id(54)
[1920647.235] {Display Queue} wl_display#1.delete_id(56)
[1920647.242] {Display Queue} wl_display#1.delete_id(38)
[1920647.250] {Display Queue} wl_display#1.delete_id(40)
[1920647.257] {Display Queue} wl_display#1.delete_id(42)
[1920647.265] {Display Queue} wl_display#1.delete_id(44)
[1920647.272] {Display Queue} wl_display#1.delete_id(58)
[1920647.323] {Display Queue} wl_display#1.delete_id(59)
[1920669.253] {Default Queue} wl_data_device#16.data_offer(new id wl_data_offer#4278190080)
[1920669.279] {Default Queue} wl_data_offer#4278190080.offer("text/plain;charset=utf-8")
[1920669.292] {Default Queue} wl_data_offer#4278190080.offer("text/plain")
[1920669.298] {Default Queue} wl_data_device#16.selection(wl_data_offer#4278190080)
[1920670.182] {Default Queue} zwp_primary_selection_device_v1#15.data_offer(new id zwp_primary_selection_offer_v1#4278190081)
[1920670.196] {Default Queue} zwp_primary_selection_offer_v1#4278190081.offer("text/plain;charset=utf-8")
[1920670.203] {Default Queue} zwp_primary_selection_offer_v1#4278190081.offer("text/plain")
[1920670.208] {Default Queue} zwp_primary_selection_device_v1#15.selection(zwp_primary_selection_offer_v1#4278190081)
[1920670.225] {Default Queue} wl_keyboard#22.enter(140, wl_surface#23, array[0])
[1920670.241] {Default Queue} wl_keyboard#22.modifiers(141, 0, 0, 0, 0)
[1920670.275] {Default Queue} zwp_text_input_v3#41.enter(wl_surface#23)
[1920670.281] {Default Queue}  -> zwp_text_input_v3#41.enable()
[1920670.303] {Default Queue}  -> zwp_text_input_v3#41.set_surrounding_text("q581 clipboard Ω 日本語", 27, 0)
[1920670.309] {Default Queue}  -> zwp_text_input_v3#41.set_text_change_cause(1)
[1920670.317] {Default Queue}  -> zwp_text_input_v3#41.set_content_type(0, 0)
[1920670.332] {Default Queue}  -> zwp_text_input_v3#41.set_cursor_rectangle(189, 112, 0, 32)
[1920670.339] {Default Queue}  -> zwp_text_input_v3#41.commit()
[1920670.343] {Default Queue} wl_pointer#6.enter(143, wl_surface#23, 275.00000000, 303.00000000)
[1920670.352] {Default Queue} wl_pointer#6.frame()
[1920670.366] {Default Queue}  -> wp_cursor_shape_device_v1#21.set_shape(143, 1)
[1920670.864] {Default Queue}  -> wp_cursor_shape_device_v1#21.set_shape(143, 9)
[1920671.272] {Display Queue} wl_display#1.delete_id(60)
[1920671.282] {Default Queue} wl_callback#60.done(2252187)
[1920672.190]  -> wl_surface#23.frame(new id wl_callback#60)
[1920681.702] {mesa vk display queue}  -> wl_surface#23.attach(wl_buffer#53, 0, 0)
[1920681.718] {mesa vk display queue}  -> wl_surface#23.damage_buffer(0, 0, 728, 489)
[1920681.724] {mesa vk display queue}  -> wl_surface#23.commit()
[1920711.230] {Display Queue} wl_display#1.delete_id(60)
[1920711.257] {Default Queue} wl_callback#60.done(2252229)
[1921926.976] {Default Queue} wl_pointer#6.motion(2253445, 125.00000000, 127.00000000)
[1921927.025] {Default Queue} wl_pointer#6.frame()
[1921973.766] {Default Queue} wl_pointer#6.button(144, 2253491, 272, 1)
[1921973.810] {Default Queue} xdg_wm_base#20.ping(145)
[1921973.822] {Default Queue}  -> xdg_wm_base#20.pong(145)
[1921973.833] {Default Queue} wl_pointer#6.frame()
[1921974.187] {Default Queue}  -> zwp_text_input_v3#41.set_surrounding_text("q581 clipboard Ω 日本語", 27, 0)
[1921974.210] {Default Queue}  -> zwp_text_input_v3#41.set_text_change_cause(1)
[1921974.226] {Default Queue}  -> zwp_text_input_v3#41.set_content_type(0, 0)
[1921974.239] {Default Queue}  -> zwp_text_input_v3#41.set_cursor_rectangle(189, 112, 0, 32)
[1921974.250] {Default Queue}  -> zwp_text_input_v3#41.commit()
[1922030.260] {Default Queue} wl_pointer#6.button(146, 2253548, 272, 0)
[1922030.299] {Default Queue} wl_pointer#6.frame()
[1922031.976]  -> wl_surface#23.frame(new id wl_callback#60)
[1922046.959] {mesa vk display queue}  -> wl_surface#23.attach(wl_buffer#55, 0, 0)
[1922046.986] {mesa vk display queue}  -> wl_surface#23.damage_buffer(0, 0, 728, 489)
[1922046.998] {mesa vk display queue}  -> wl_surface#23.commit()
[1922063.159] {Display Queue} wl_display#1.delete_id(60)
[1922063.183] {Default Queue} wl_callback#60.done(2253581)
[1922078.968] {Default Queue} wl_keyboard#22.key(147, 2253597, 47, 1)
[1922079.845] {Default Queue}  -> wl_surface#17.attach(nil, 0, 0)
[1922079.868] {Default Queue}  -> wl_surface#17.commit()
[1922079.879] {Default Queue}  -> wl_pointer#6.set_cursor(143, wl_surface#17, 0, 0)
[1922079.916] {Default Queue}  -> zwp_text_input_v3#41.set_surrounding_text("q581 clipboavrd Ω 日本語", 13, 13)
[1922079.977] {Default Queue}  -> zwp_text_input_v3#41.set_text_change_cause(0)
[1922079.993] {Default Queue}  -> zwp_text_input_v3#41.set_content_type(0, 0)
[1922080.013] {Default Queue}  -> zwp_text_input_v3#41.set_cursor_rectangle(133, 112, 0, 32)
[1922080.024] {Default Queue}  -> zwp_text_input_v3#41.commit()
[1922081.403]  -> wl_surface#23.frame(new id wl_callback#60)
[1922108.714] {mesa vk display queue}  -> wl_surface#23.attach(wl_buffer#57, 0, 0)
[1922108.728] {mesa vk display queue}  -> wl_surface#23.damage_buffer(0, 0, 728, 489)
[1922108.733] {mesa vk display queue}  -> wl_surface#23.commit()
[1922145.622] {Display Queue} wl_display#1.delete_id(60)
[1922145.643] {Default Queue} wl_callback#60.done(2253663)
[1922145.663] {Default Queue} wl_keyboard#22.key(148, 2253651, 47, 0)
[1922193.151] {Default Queue} wl_pointer#6.motion(2253711, 275.00000000, 303.00000000)
[1922193.191] {Default Queue} wl_pointer#6.frame()
[1922197.894] {Default Queue}  -> wp_cursor_shape_device_v1#21.set_shape(143, 9)
[1922213.865] {mesa vk display queue} wl_buffer#51.release()
[1922213.886] {mesa vk display queue} wl_buffer#53.release()
[1922213.892] {mesa vk display queue} wl_buffer#55.release()
[1922213.899] {mesa vk display queue} wl_buffer#57.release()
[1922274.344]  -> wl_surface#23.frame(new id wl_callback#60)
[1922401.772] {mesa vk display queue}  -> wl_surface#23.attach(wl_buffer#51, 0, 0)
[1922401.801] {mesa vk display queue}  -> wl_surface#23.damage_buffer(32, 107, 664, 42)
[1922401.813] {mesa vk display queue}  -> wl_surface#23.damage_buffer(36, 257, 139, 67)
[1922401.822] {mesa vk display queue}  -> wl_surface#23.damage_buffer(687, 257, 5, 67)
[1922401.831] {mesa vk display queue}  -> wl_surface#23.damage_buffer(36, 324, 139, 127)
[1922401.840] {mesa vk display queue}  -> wl_surface#23.commit()
[1922401.981] {Default Queue} wl_pointer#6.axis_source(0)
[1922402.002] {Default Queue} wl_pointer#6.axis_discrete(0, 1)
[1922402.013] {Default Queue} wl_pointer#6.axis(2253761, 0, 15.00000000)
[1922402.051] {Default Queue} wl_pointer#6.frame()
[1922417.411] {Display Queue} wl_display#1.delete_id(60)
[1922417.438] {Default Queue} wl_callback#60.done(2253935)
[1922418.485]  -> wl_surface#23.frame(new id wl_callback#60)
[1922420.497] {mesa vk display queue}  -> wl_surface#23.attach(wl_buffer#53, 0, 0)
[1922420.516] {mesa vk display queue}  -> wl_surface#23.damage_buffer(45, 119, 144, 2)
[1922420.524] {mesa vk display queue}  -> wl_surface#23.damage_buffer(45, 121, 153, 15)
[1922420.532] {mesa vk display queue}  -> wl_surface#23.damage_buffer(45, 136, 144, 1)
[1922420.539] {mesa vk display queue}  -> wl_surface#23.damage_buffer(45, 137, 103, 1)
[1922420.545] {mesa vk display queue}  -> wl_surface#23.damage_buffer(36, 255, 656, 197)
[1922420.552] {mesa vk display queue}  -> wl_surface#23.commit()
[1922447.781] {Display Queue} wl_display#1.delete_id(60)
[1922447.809] {Default Queue} wl_callback#60.done(2253966)
[1922448.524]  -> wl_surface#23.frame(new id wl_callback#60)
[1922451.987] {mesa vk display queue}  -> wl_surface#23.attach(wl_buffer#55, 0, 0)
[1922452.007] {mesa vk display queue}  -> wl_surface#23.damage_buffer(126, 119, 1, 2)
[1922452.018] {mesa vk display queue}  -> wl_surface#23.damage_buffer(133, 119, 1, 2)
[1922452.026] {mesa vk display queue}  -> wl_surface#23.damage_buffer(45, 121, 103, 1)
[1922452.034] {mesa vk display queue}  -> wl_surface#23.damage_buffer(157, 121, 41, 1)
[1922452.043] {mesa vk display queue}  -> wl_surface#23.damage_buffer(45, 122, 153, 13)
[1922452.051] {mesa vk display queue}  -> wl_surface#23.damage_buffer(45, 135, 103, 1)
[1922452.059] {mesa vk display queue}  -> wl_surface#23.damage_buffer(157, 135, 41, 1)
[1922452.067] {mesa vk display queue}  -> wl_surface#23.damage_buffer(45, 136, 103, 2)
[1922452.075] {mesa vk display queue}  -> wl_surface#23.damage_buffer(36, 255, 656, 197)
[1922452.085] {mesa vk display queue}  -> wl_surface#23.commit()
[1922482.766] {Display Queue} wl_display#1.delete_id(60)
[1922482.801] {Default Queue} wl_callback#60.done(2254001)
[1922483.392]  -> wl_surface#23.frame(new id wl_callback#60)
[1922484.802] {mesa vk display queue}  -> wl_surface#23.attach(wl_buffer#57, 0, 0)
[1922484.814] {mesa vk display queue}  -> wl_surface#23.damage_buffer(133, 119, 1, 18)
[1922484.821] {mesa vk display queue}  -> wl_surface#23.damage_buffer(36, 255, 656, 197)
[1922484.827] {mesa vk display queue}  -> wl_surface#23.commit()
[1922515.389] {Display Queue} wl_display#1.delete_id(60)
[1922515.415] {Default Queue} wl_callback#60.done(2254033)
[1922515.678] {mesa vk display queue} wl_buffer#51.release()
[1922515.696] {mesa vk display queue} wl_buffer#53.release()
[1922515.704] {mesa vk display queue} wl_buffer#55.release()
[1922515.711] {mesa vk display queue} wl_buffer#57.release()
[1922516.037]  -> wl_surface#23.frame(new id wl_callback#60)
[1922517.930] {mesa vk display queue}  -> wl_surface#23.attach(wl_buffer#51, 0, 0)
[1922517.951] {mesa vk display queue}  -> wl_surface#23.damage_buffer(133, 119, 1, 18)
[1922517.962] {mesa vk display queue}  -> wl_surface#23.damage_buffer(36, 255, 656, 197)
[1922517.971] {mesa vk display queue}  -> wl_surface#23.commit()
[1922546.884] {Display Queue} wl_display#1.delete_id(60)
[1922546.910] {Default Queue} wl_callback#60.done(2254065)
[1922547.407]  -> wl_surface#23.frame(new id wl_callback#60)
[1922548.625] {mesa vk display queue}  -> wl_surface#23.attach(wl_buffer#53, 0, 0)
[1922548.645] {mesa vk display queue}  -> wl_surface#23.damage_buffer(133, 119, 1, 18)
[1922548.655] {mesa vk display queue}  -> wl_surface#23.damage_buffer(687, 269, 5, 67)
[1922548.664] {mesa vk display queue}  -> wl_surface#23.commit()
[1922577.527] {Display Queue} wl_display#1.delete_id(60)
[1922577.624] {Default Queue} wl_callback#60.done(2254095)
[1922578.157]  -> wl_surface#23.frame(new id wl_callback#60)
[1922579.196] {mesa vk display queue}  -> wl_surface#23.attach(wl_buffer#55, 0, 0)
[1922579.215] {mesa vk display queue}  -> wl_surface#23.damage_buffer(133, 119, 1, 18)
[1922579.226] {mesa vk display queue}  -> wl_surface#23.damage_buffer(687, 269, 5, 67)
[1922579.235] {mesa vk display queue}  -> wl_surface#23.commit()
[1922608.108] {Display Queue} wl_display#1.delete_id(60)
[1922608.134] {Default Queue} wl_callback#60.done(2254126)
[1922608.641]  -> wl_surface#23.frame(new id wl_callback#60)
[1922610.040] {mesa vk display queue}  -> wl_surface#23.attach(wl_buffer#57, 0, 0)
[1922610.062] {mesa vk display queue}  -> wl_surface#23.damage_buffer(133, 119, 1, 18)
[1922610.073] {mesa vk display queue}  -> wl_surface#23.damage_buffer(687, 269, 5, 67)
[1922610.083] {mesa vk display queue}  -> wl_surface#23.commit()
[1922641.678] {Display Queue} wl_display#1.delete_id(60)
[1922641.704] {Default Queue} wl_callback#60.done(2254159)
[1922641.963] {mesa vk display queue} wl_buffer#51.release()
[1922641.980] {mesa vk display queue} wl_buffer#53.release()
[1922641.988] {mesa vk display queue} wl_buffer#55.release()
[1922641.994] {mesa vk display queue} wl_buffer#57.release()
[1922642.284]  -> wl_surface#23.frame(new id wl_callback#60)
[1922643.427] {mesa vk display queue}  -> wl_surface#23.attach(wl_buffer#51, 0, 0)
[1922643.441] {mesa vk display queue}  -> wl_surface#23.damage_buffer(133, 119, 1, 18)
[1922643.449] {mesa vk display queue}  -> wl_surface#23.damage_buffer(687, 269, 5, 67)
[1922643.456] {mesa vk display queue}  -> wl_surface#23.commit()
[1922673.150] {Display Queue} wl_display#1.delete_id(60)
[1922673.167] {Default Queue} wl_callback#60.done(2254191)
[1922673.477]  -> wl_surface#23.frame(new id wl_callback#60)
[1922674.783] {mesa vk display queue}  -> wl_surface#23.attach(wl_buffer#53, 0, 0)
[1922674.795] {mesa vk display queue}  -> wl_surface#23.damage_buffer(133, 119, 1, 18)
[1922674.804] {mesa vk display queue}  -> wl_surface#23.damage_buffer(687, 269, 5, 67)
[1922674.810] {mesa vk display queue}  -> wl_surface#23.commit()
[1922701.974] {Display Queue} wl_display#1.delete_id(60)
[1922702.001] {Default Queue} wl_callback#60.done(2254220)
[1922702.404]  -> wl_surface#23.frame(new id wl_callback#60)
[1922703.359] {mesa vk display queue}  -> wl_surface#23.attach(wl_buffer#55, 0, 0)
[1922703.406] {mesa vk display queue}  -> wl_surface#23.damage_buffer(133, 119, 1, 18)
[1922703.416] {mesa vk display queue}  -> wl_surface#23.damage_buffer(687, 269, 5, 67)
[1922703.421] {mesa vk display queue}  -> wl_surface#23.commit()
[1922731.047] {Display Queue} wl_display#1.delete_id(60)
[1922731.068] {Default Queue} wl_callback#60.done(2254249)
[1922731.429]  -> wl_surface#23.frame(new id wl_callback#60)
[1922732.375] {mesa vk display queue}  -> wl_surface#23.attach(wl_buffer#57, 0, 0)
[1922732.397] {mesa vk display queue}  -> wl_surface#23.damage_buffer(133, 119, 1, 18)
[1922732.405] {mesa vk display queue}  -> wl_surface#23.damage_buffer(687, 269, 5, 67)
[1922732.412] {mesa vk display queue}  -> wl_surface#23.commit()
[1922951.814] {Display Queue} wl_display#1.delete_id(60)
[1922951.844] {Default Queue} wl_callback#60.done(2254470)
[1922952.161] {mesa vk display queue} wl_buffer#51.release()
[1922952.177] {mesa vk display queue} wl_buffer#53.release()
[1922952.187] {mesa vk display queue} wl_buffer#55.release()
[1922952.195] {mesa vk display queue} wl_buffer#57.release()
[1922952.504]  -> wl_surface#23.frame(new id wl_callback#60)
[1922954.082] {mesa vk display queue}  -> wl_surface#23.attach(wl_buffer#51, 0, 0)
[1922954.101] {mesa vk display queue}  -> wl_surface#23.damage_buffer(133, 119, 1, 18)
[1922954.112] {mesa vk display queue}  -> wl_surface#23.damage_buffer(687, 269, 5, 67)
[1922954.121] {mesa vk display queue}  -> wl_surface#23.commit()
[1923024.406] {Display Queue} wl_display#1.delete_id(60)
[1923024.420] {Default Queue} wl_callback#60.done(2254542)
[1923024.790]  -> wl_surface#23.frame(new id wl_callback#60)
[1923025.944] {mesa vk display queue}  -> wl_surface#23.attach(wl_buffer#53, 0, 0)
[1923025.953] {mesa vk display queue}  -> wl_surface#23.damage_buffer(133, 119, 1, 18)
[1923025.959] {mesa vk display queue}  -> wl_surface#23.damage_buffer(687, 269, 5, 67)
[1923025.963] {mesa vk display queue}  -> wl_surface#23.commit()
[1923050.280] {Display Queue} wl_display#1.delete_id(60)
[1923050.307] {Default Queue} wl_callback#60.done(2254568)
[1923050.800]  -> wl_surface#23.frame(new id wl_callback#60)
[1923052.200] {mesa vk display queue}  -> wl_surface#23.attach(wl_buffer#55, 0, 0)
[1923052.218] {mesa vk display queue}  -> wl_surface#23.damage_buffer(133, 119, 1, 18)
[1923052.228] {mesa vk display queue}  -> wl_surface#23.damage_buffer(687, 269, 5, 67)
[1923052.240] {mesa vk display queue}  -> wl_surface#23.commit()
[1923080.393] {Display Queue} wl_display#1.delete_id(60)
[1923080.419] {Default Queue} wl_callback#60.done(2254598)
[1923080.886]  -> wl_surface#23.frame(new id wl_callback#60)
[1923081.939] {mesa vk display queue}  -> wl_surface#23.attach(wl_buffer#57, 0, 0)
[1923081.957] {mesa vk display queue}  -> wl_surface#23.damage_buffer(133, 119, 1, 18)
[1923081.967] {mesa vk display queue}  -> wl_surface#23.damage_buffer(687, 269, 5, 67)
[1923081.975] {mesa vk display queue}  -> wl_surface#23.commit()
[1923111.962] {Display Queue} wl_display#1.delete_id(60)
[1923111.996] {Default Queue} wl_callback#60.done(2254630)
[1923112.343] {mesa vk display queue} wl_buffer#51.release()
[1923112.363] {mesa vk display queue} wl_buffer#53.release()
[1923112.372] {mesa vk display queue} wl_buffer#55.release()
[1923112.377] {mesa vk display queue} wl_buffer#57.release()
[1923112.525]  -> wl_surface#23.frame(new id wl_callback#60)
[1923113.475] {mesa vk display queue}  -> wl_surface#23.attach(wl_buffer#51, 0, 0)
[1923113.497] {mesa vk display queue}  -> wl_surface#23.damage_buffer(133, 119, 1, 18)
[1923113.506] {mesa vk display queue}  -> wl_surface#23.damage_buffer(687, 269, 5, 67)
[1923113.518] {mesa vk display queue}  -> wl_surface#23.commit()
[1923144.310] {Display Queue} wl_display#1.delete_id(60)
[1923144.337] {Default Queue} wl_callback#60.done(2254662)
[1923144.784]  -> wl_surface#23.frame(new id wl_callback#60)
[1923145.876] {mesa vk display queue}  -> wl_surface#23.attach(wl_buffer#53, 0, 0)
[1923145.888] {mesa vk display queue}  -> wl_surface#23.damage_buffer(133, 119, 1, 18)
[1923145.900] {mesa vk display queue}  -> wl_surface#23.damage_buffer(687, 269, 5, 67)
[1923145.905] {mesa vk display queue}  -> wl_surface#23.commit()
[1923178.751] {Display Queue} wl_display#1.delete_id(60)
[1923178.772] {Default Queue} wl_callback#60.done(2254697)
[1923179.110]  -> wl_surface#23.frame(new id wl_callback#60)
[1923181.068] {mesa vk display queue}  -> wl_surface#23.attach(wl_buffer#55, 0, 0)
[1923181.113] {mesa vk display queue}  -> wl_surface#23.damage_buffer(133, 119, 1, 18)
[1923181.123] {mesa vk display queue}  -> wl_surface#23.damage_buffer(687, 269, 5, 67)
[1923181.129] {mesa vk display queue}  -> wl_surface#23.commit()
