[1916407.961] {Default Queue}  -> wl_display#1.get_registry(new id wl_registry#2)
[1916407.983] {Default Queue}  -> wl_display#1.sync(new id wl_callback#3)
[1916408.100] {Display Queue} wl_display#1.delete_id(3)
[1916408.109] {Default Queue} wl_registry#2.global(1, "wl_compositor", 4)
[1916408.116] {Default Queue}  -> wl_registry#2.bind(1, "wl_compositor", 4, new id [unknown]#4)
[1916408.124] {Default Queue} wl_registry#2.global(2, "xdg_wm_base", 4)
[1916408.129] {Default Queue} wl_registry#2.global(3, "zwp_linux_dmabuf_v1", 3)
[1916408.136] {Default Queue} wl_registry#2.global(4, "wl_output", 4)
[1916408.142] {Default Queue}  -> wl_registry#2.bind(4, "wl_output", 3, new id [unknown]#5)
[1916408.213] {Default Queue}  -> wl_display#1.sync(new id wl_callback#6)
[1916408.219] {Default Queue} wl_registry#2.global(5, "wl_seat", 5)
[1916408.224] {Default Queue} wl_registry#2.global(6, "wl_shm", 1)
[1916408.229] {Default Queue}  -> wl_registry#2.bind(6, "wl_shm", 1, new id [unknown]#7)
[1916408.233] {Default Queue} wl_registry#2.global(7, "xdg_menu_manager_v1", 2)
[1916408.238] {Default Queue} wl_registry#2.global(8, "wl_subcompositor", 1)
[1916408.244] {Default Queue}  -> wl_registry#2.bind(8, "wl_subcompositor", 1, new id [unknown]#8)
[1916408.252] {Default Queue} wl_registry#2.global(9, "wl_data_device_manager", 3)
[1916408.258] {Default Queue}  -> wl_registry#2.bind(9, "wl_data_device_manager", 3, new id [unknown]#9)
[1916408.263] {Default Queue} wl_registry#2.global(10, "zxdg_decoration_manager_v1", 1)
[1916408.269] {Default Queue} wl_registry#2.global(11, "wp_cursor_shape_manager_v1", 1)
[1916408.275] {Default Queue}  -> wl_registry#2.bind(11, "wp_cursor_shape_manager_v1", 1, new id [unknown]#10)
[1916408.281] {Default Queue} wl_registry#2.global(12, "wp_viewporter", 1)
[1916408.287] {Default Queue}  -> wl_registry#2.bind(12, "wp_viewporter", 1, new id [unknown]#11)
[1916408.293] {Default Queue} wl_registry#2.global(13, "zwp_text_input_manager_v3", 1)
[1916408.299] {Default Queue} wl_registry#2.global(16, "keiland_titlebar_manager_v1", 3)
[1916408.305] {Default Queue} wl_registry#2.global(17, "keiland_glass_manager_v1", 2)
[1916408.311] {Default Queue} wl_registry#2.global(18, "zwp_primary_selection_device_manager_v1", 1)
[1916408.317] {Default Queue}  -> wl_registry#2.bind(18, "zwp_primary_selection_device_manager_v1", 1, new id [unknown]#12)
[1916408.324] {Default Queue} wl_registry#2.global(19, "zwp_tablet_manager_v2", 1)
[1916408.329] {Default Queue}  -> wl_registry#2.bind(19, "zwp_tablet_manager_v2", 1, new id [unknown]#13)
[1916408.333] {Default Queue} wl_registry#2.global(21, "keiland_desktop_manager_v1", 1)
[1916408.338] {Default Queue} wl_registry#2.global(22, "keiland_keyboard_inset_manager_v1", 1)
[1916408.343] {Default Queue} wl_registry#2.global(23, "keiland_edit_manager_v1", 1)
[1916408.350] {Default Queue} wl_callback#3.done(2247926)
[1916408.422] {Default Queue}  -> wl_shm#7.create_pool(new id wl_shm_pool#3, fd 11, 2304)
[1916408.431] {Default Queue}  -> wl_registry#2.bind(5, "wl_seat", 5, new id [unknown]#14)
[1916413.407] {Default Queue}  -> zwp_primary_selection_device_manager_v1#12.get_device(new id zwp_primary_selection_device_v1#15, wl_seat#14)
[1916413.418] {Default Queue}  -> wl_data_device_manager#9.get_data_device(new id wl_data_device#16, wl_seat#14)
[1916413.479] {Default Queue}  -> wl_compositor#4.create_surface(new id wl_surface#17)
[1916413.483] {Default Queue}  -> wp_viewporter#11.get_viewport(new id wp_viewport#18, wl_surface#17)
[1916413.488] {Default Queue}  -> zwp_tablet_manager_v2#13.get_tablet_seat(new id zwp_tablet_seat_v2#19, wl_seat#14)
[1916413.494] {Default Queue}  -> wl_display#1.sync(new id wl_callback#20)
[1916413.637] {Display Queue} wl_display#1.delete_id(6)
[1916413.644] {Display Queue} wl_display#1.delete_id(20)
[1916413.649] {Default Queue} wl_output#5.geometry(0, 0, 0, 0, 0, "Unknown", "Unknown", 0)
[1916413.663] {Default Queue} wl_output#5.mode(3, 1280, 800, 74994)
[1916413.671] {Default Queue} wl_output#5.scale(1)
[1916413.676] {Default Queue} wl_output#5.done()
[1916413.680] {Default Queue} wl_callback#6.done(2247931)
[1916413.692] {Default Queue} wl_shm#7.format(0)
[1916413.697] {Default Queue} wl_shm#7.format(1)
[1916413.701] {Default Queue} wl_seat#14.capabilities(3)
[1916413.706] {Default Queue}  -> wl_seat#14.get_pointer(new id wl_pointer#6)
[1916413.720] {Default Queue}  -> wp_cursor_shape_manager_v1#10.get_pointer(new id wp_cursor_shape_device_v1#21, wl_pointer#6)
[1916413.726] {Default Queue}  -> wl_seat#14.get_keyboard(new id wl_keyboard#22)
[1916413.735] {Default Queue} wl_seat#14.name("seat0")
[1916413.739] {Default Queue} wl_callback#20.done(2247932)
[1916413.743] {Default Queue}  -> wl_registry#2.bind(2, "xdg_wm_base", 4, new id [unknown]#20)

(python3:1503): Gtk-WARNING **: 08:37:44.426: Unable to acquire the address of the accessibility bus: GDBus.Error:org.freedesktop.DBus.Error.ServiceUnknown: The name org.a11y.Bus was not provided by any .service files. If you are attempting to run GTK without a11y support, GTK_A11Y should be set to 'none'.
[1916444.648] {Default Queue}  -> wl_compositor#4.create_surface(new id wl_surface#23)
[1916444.658] {Default Queue}  -> wp_viewporter#11.get_viewport(new id wp_viewport#24, wl_surface#23)
Environment variable GSK_RENDERER=cairo set, trying GskCairoRenderer
Using renderer 'GskCairoRenderer' for surface 'GdkWaylandToplevel'
[1916444.735] {Default Queue}  -> xdg_wm_base#20.get_xdg_surface(new id xdg_surface#25, wl_surface#23)
[1916444.739]  -> xdg_surface#25.get_toplevel(new id xdg_toplevel#26)
[1916444.743]  -> xdg_toplevel#26.set_parent(nil)
[1916444.745]  -> xdg_toplevel#26.set_title("WS114 Cairo CSD")
[1916444.747]  -> xdg_toplevel#26.set_app_id("org.zedbsd.WS114Cairo")
[1916444.750]  -> wl_surface#23.commit()
[1916448.427] {Default Queue}  -> wl_display#1.get_registry(new id wl_registry#27)
[1916452.178] {Default Queue} wl_keyboard#22.keymap(1, fd 5, 6896)
[1916452.842] {Default Queue} wl_keyboard#22.repeat_info(25, 400)
[1916452.861] {Default Queue} wl_registry#27.global(1, "wl_compositor", 4)
[1916452.866] {Default Queue} wl_registry#27.global(2, "xdg_wm_base", 4)
[1916452.871] {Default Queue} wl_registry#27.global(3, "zwp_linux_dmabuf_v1", 3)
[1916452.875] {Default Queue} wl_registry#27.global(4, "wl_output", 4)
[1916452.880] {Default Queue} wl_registry#27.global(5, "wl_seat", 5)
[1916452.884] {Default Queue} wl_registry#27.global(6, "wl_shm", 1)
[1916452.889] {Default Queue} wl_registry#27.global(7, "xdg_menu_manager_v1", 2)
[1916452.894] {Default Queue} wl_registry#27.global(8, "wl_subcompositor", 1)
[1916452.898] {Default Queue} wl_registry#27.global(9, "wl_data_device_manager", 3)
[1916452.903] {Default Queue} wl_registry#27.global(10, "zxdg_decoration_manager_v1", 1)
[1916452.908] {Default Queue} wl_registry#27.global(11, "wp_cursor_shape_manager_v1", 1)
[1916452.913] {Default Queue} wl_registry#27.global(12, "wp_viewporter", 1)
[1916452.917] {Default Queue} wl_registry#27.global(13, "zwp_text_input_manager_v3", 1)
[1916452.923] {Default Queue}  -> wl_registry#27.bind(13, "zwp_text_input_manager_v3", 1, new id [unknown]#28)
[1916452.930] {Default Queue}  -> zwp_text_input_manager_v3#28.get_text_input(new id zwp_text_input_v3#29, wl_seat#14)
[1916452.935] {Default Queue} wl_registry#27.global(16, "keiland_titlebar_manager_v1", 3)
[1916452.940] {Default Queue} wl_registry#27.global(17, "keiland_glass_manager_v1", 2)
[1916452.944] {Default Queue} wl_registry#27.global(18, "zwp_primary_selection_device_manager_v1", 1)
[1916452.949] {Default Queue} wl_registry#27.global(19, "zwp_tablet_manager_v2", 1)
[1916452.954] {Default Queue} wl_registry#27.global(21, "keiland_desktop_manager_v1", 1)
[1916452.958] {Default Queue} wl_registry#27.global(22, "keiland_keyboard_inset_manager_v1", 1)
[1916452.963] {Default Queue} wl_registry#27.global(23, "keiland_edit_manager_v1", 1)
[1916452.968] xdg_toplevel#26.configure_bounds(1256, 690)
[1916452.973] xdg_toplevel#26.configure(0, 0, array[4])
[1916452.979] xdg_surface#25.configure(114)
[1916452.998]  -> xdg_surface#25.ack_configure(114)
[1916455.783]  -> xdg_toplevel#26.set_min_size(485, 338)
[1916455.799]  -> xdg_toplevel#26.set_max_size(0, 0)
[1916459.010] {Default Queue}  -> wl_shm#7.create_pool(new id wl_shm_pool#30, fd 13, 1423968)
[1916459.024] {Default Queue}  -> wl_shm_pool#30.create_buffer(new id wl_buffer#31, 0, 728, 489, 2912, 0)
[1916467.737]  -> xdg_toplevel#26.set_min_size(457, 309)
[1916467.748]  -> xdg_toplevel#26.set_max_size(0, 0)
[1916467.752]  -> xdg_surface#25.set_window_geometry(14, 12, 700, 460)
[1916467.758] {Default Queue}  -> wl_compositor#4.create_region(new id wl_region#32)
[1916467.762] {Default Queue}  -> wl_region#32.add(14, 20, 700, 452)
[1916467.766]  -> wl_surface#23.set_opaque_region(wl_region#32)
[1916467.770] {Default Queue}  -> wl_region#32.destroy()
[1916467.774] {Default Queue}  -> wl_compositor#4.create_region(new id wl_region#33)
[1916467.777] {Default Queue}  -> wl_region#33.add(2, 0, 724, 484)
[1916467.781]  -> wl_surface#23.set_input_region(wl_region#33)
[1916467.784] {Default Queue}  -> wl_region#33.destroy()
[1916467.788] {Default Queue}  -> wp_viewport#24.set_destination(728, 489)
[1916467.792]  -> wl_surface#23.attach(wl_buffer#31, 0, 0)
[1916467.796]  -> wl_surface#23.damage_buffer(0, 0, 728, 489)
[1916467.801]  -> wl_surface#23.frame(new id wl_callback#34)
[1916467.806]  -> wl_surface#23.commit()
[1916477.195] {Display Queue} wl_display#1.delete_id(32)
[1916477.205] {Display Queue} wl_display#1.delete_id(33)
[1916478.491] {Default Queue} wl_data_device#16.data_offer(new id wl_data_offer#4278190080)
[1916478.504] {Default Queue} wl_data_offer#4278190080.offer("text/plain;charset=utf-8")
[1916478.511] {Default Queue} wl_data_offer#4278190080.offer("text/plain")
[1916478.517] {Default Queue} wl_data_device#16.selection(wl_data_offer#4278190080)
[1916479.227] {Default Queue} zwp_primary_selection_device_v1#15.data_offer(new id zwp_primary_selection_offer_v1#4278190081)
[1916479.236] {Default Queue} zwp_primary_selection_offer_v1#4278190081.offer("text/plain;charset=utf-8")
[1916479.240] {Default Queue} zwp_primary_selection_offer_v1#4278190081.offer("text/plain")
[1916479.244] {Default Queue} zwp_primary_selection_device_v1#15.selection(zwp_primary_selection_offer_v1#4278190081)
[1916479.262] {Default Queue} wl_keyboard#22.enter(116, wl_surface#23, array[0])
[1916479.277] {Default Queue} wl_keyboard#22.modifiers(117, 0, 0, 0, 0)
[1916479.303] {Default Queue} zwp_text_input_v3#29.enter(wl_surface#23)
[1916479.309] {Default Queue}  -> zwp_text_input_v3#29.enable()
[1916479.324] {Default Queue}  -> zwp_text_input_v3#29.set_surrounding_text("q581 clipboard Ω 日本語", 27, 0)
[1916479.329] {Default Queue}  -> zwp_text_input_v3#29.set_text_change_cause(1)
[1916479.338] {Default Queue}  -> zwp_text_input_v3#29.set_content_type(0, 0)
[1916479.350] {Default Queue}  -> zwp_text_input_v3#29.set_cursor_rectangle(189, 112, 0, 32)
[1916479.356] {Default Queue}  -> zwp_text_input_v3#29.commit()
[1916479.361] {Default Queue} wl_pointer#6.enter(119, wl_surface#23, 125.00000000, 79.00000000)
[1916479.372] {Default Queue} wl_pointer#6.frame()
[1916479.386] {Default Queue}  -> wp_cursor_shape_device_v1#21.set_shape(119, 1)
[1916479.401] {Default Queue} wl_buffer#31.release()
[1916504.555] {Display Queue} wl_display#1.delete_id(34)
[1916504.589] {Default Queue} wl_callback#34.done(2248022)
[1916505.401]  -> wl_surface#23.attach(wl_buffer#31, 0, 0)
[1916505.411]  -> wl_surface#23.damage_buffer(32, 107, 664, 42)
[1916505.416]  -> wl_surface#23.frame(new id wl_callback#34)
[1916505.422]  -> wl_surface#23.commit()
[1916505.545] {Default Queue} wl_buffer#31.release()
[1916527.403] {Display Queue} wl_display#1.delete_id(34)
[1916527.416] {Default Queue} wl_callback#34.done(2248045)
[1916528.150]  -> wl_surface#23.attach(wl_buffer#31, 0, 0)
[1916528.161]  -> wl_surface#23.damage_buffer(33, 108, 662, 40)
[1916528.165]  -> wl_surface#23.frame(new id wl_callback#34)
[1916528.170]  -> wl_surface#23.commit()
[1916528.300] {Default Queue} wl_buffer#31.release()
[1916546.898] {Display Queue} wl_display#1.delete_id(34)
[1916546.909] {Default Queue} wl_callback#34.done(2248065)
[1916547.579]  -> wl_surface#23.attach(wl_buffer#31, 0, 0)
[1916547.605]  -> wl_surface#23.damage_buffer(33, 108, 662, 40)
[1916547.608]  -> wl_surface#23.frame(new id wl_callback#34)
[1916547.613]  -> wl_surface#23.commit()
[1916547.787] {Default Queue} wl_buffer#31.release()
[1916565.581] {Display Queue} wl_display#1.delete_id(34)
[1916565.593] {Default Queue} wl_callback#34.done(2248083)
[1916566.242]  -> wl_surface#23.attach(wl_buffer#31, 0, 0)
[1916566.252]  -> wl_surface#23.damage_buffer(34, 109, 660, 38)
[1916566.256]  -> wl_surface#23.frame(new id wl_callback#34)
[1916566.260]  -> wl_surface#23.commit()
[1916566.398] {Default Queue} wl_buffer#31.release()
[1916583.039] {Display Queue} wl_display#1.delete_id(34)
[1916583.050] {Default Queue} wl_callback#34.done(2248101)
[1916583.637]  -> wl_surface#23.attach(wl_buffer#31, 0, 0)
[1916583.645]  -> wl_surface#23.damage_buffer(34, 109, 660, 38)
[1916583.648]  -> wl_surface#23.frame(new id wl_callback#34)
[1916583.652]  -> wl_surface#23.commit()
[1916583.891] {Default Queue} wl_buffer#31.release()
[1916604.914] {Display Queue} wl_display#1.delete_id(34)
[1916604.925] {Default Queue} wl_callback#34.done(2248123)
[1916605.484]  -> wl_surface#23.attach(wl_buffer#31, 0, 0)
[1916605.493]  -> wl_surface#23.damage_buffer(34, 109, 660, 38)
[1916605.496]  -> wl_surface#23.frame(new id wl_callback#34)
[1916605.500]  -> wl_surface#23.commit()
[1916605.655] {Default Queue} wl_buffer#31.release()
[1916621.475] {Display Queue} wl_display#1.delete_id(34)
[1916621.486] {Default Queue} wl_callback#34.done(2248139)
[1916622.077]  -> wl_surface#23.attach(wl_buffer#31, 0, 0)
[1916622.087]  -> wl_surface#23.damage_buffer(35, 110, 658, 36)
[1916622.091]  -> wl_surface#23.frame(new id wl_callback#34)
[1916622.095]  -> wl_surface#23.commit()
[1916622.231] {Default Queue} wl_buffer#31.release()
[1916638.508] {Display Queue} wl_display#1.delete_id(34)
[1916638.519] {Default Queue} wl_callback#34.done(2248156)
[1916639.087]  -> wl_surface#23.attach(wl_buffer#31, 0, 0)
[1916639.096]  -> wl_surface#23.damage_buffer(35, 110, 658, 36)
[1916639.099]  -> wl_surface#23.frame(new id wl_callback#34)
[1916639.103]  -> wl_surface#23.commit()
[1916639.257] {Default Queue} wl_buffer#31.release()
[1916656.524] {Display Queue} wl_display#1.delete_id(34)
[1916656.536] {Default Queue} wl_callback#34.done(2248174)
[1916657.060]  -> wl_surface#23.attach(wl_buffer#31, 0, 0)
[1916657.068]  -> wl_surface#23.damage_buffer(35, 110, 658, 36)
[1916657.072]  -> wl_surface#23.frame(new id wl_callback#34)
[1916657.076]  -> wl_surface#23.commit()
[1916657.195] {Default Queue} wl_buffer#31.release()
[1916671.868] {Display Queue} wl_display#1.delete_id(34)
[1916671.878] {Default Queue} wl_callback#34.done(2248190)
[1916672.391]  -> wl_surface#23.attach(wl_buffer#31, 0, 0)
[1916672.399]  -> wl_surface#23.damage_buffer(35, 110, 658, 36)
[1916672.402]  -> wl_surface#23.frame(new id wl_callback#34)
[1916672.406]  -> wl_surface#23.commit()
[1916672.526] {Default Queue} wl_buffer#31.release()
[1916690.507] {Display Queue} wl_display#1.delete_id(34)
[1916690.519] {Default Queue} wl_callback#34.done(2248208)
[1916691.069]  -> wl_surface#23.attach(wl_buffer#31, 0, 0)
[1916691.077]  -> wl_surface#23.damage_buffer(35, 110, 658, 36)
[1916691.081]  -> wl_surface#23.frame(new id wl_callback#34)
[1916691.085]  -> wl_surface#23.commit()
[1916691.283] {Default Queue} wl_buffer#31.release()
[1916708.476] {Display Queue} wl_display#1.delete_id(34)
[1916708.487] {Default Queue} wl_callback#34.done(2248226)
[1916709.047]  -> wl_surface#23.attach(wl_buffer#31, 0, 0)
[1916709.054]  -> wl_surface#23.damage_buffer(35, 110, 658, 36)
[1916709.058]  -> wl_surface#23.frame(new id wl_callback#34)
[1916709.062]  -> wl_surface#23.commit()
[1916709.245] {Default Queue} wl_buffer#31.release()
[1916726.376] {Display Queue} wl_display#1.delete_id(34)
[1916726.387] {Default Queue} wl_callback#34.done(2248244)
[1916726.968]  -> wl_surface#23.attach(wl_buffer#31, 0, 0)
[1916726.977]  -> wl_surface#23.damage_buffer(35, 110, 658, 36)
[1916726.980]  -> wl_surface#23.frame(new id wl_callback#34)
[1916727.000]  -> wl_surface#23.commit()
[1916727.192] {Default Queue} wl_buffer#31.release()
[1916745.278] {Display Queue} wl_display#1.delete_id(34)
[1916745.307] {Default Queue} wl_callback#34.done(2248263)
[1916746.239]  -> wl_surface#23.attach(wl_buffer#31, 0, 0)
[1916746.248]  -> wl_surface#23.damage_buffer(35, 110, 658, 36)
[1916746.253]  -> wl_surface#23.frame(new id wl_callback#34)
[1916746.257]  -> wl_surface#23.commit()
[1916746.382] {Default Queue} wl_buffer#31.release()
[1916764.947] {Display Queue} wl_display#1.delete_id(34)
[1916764.974] {Default Queue} wl_callback#34.done(2248283)
[1916765.727]  -> wl_surface#23.attach(wl_buffer#31, 0, 0)
[1916765.735]  -> wl_surface#23.damage_buffer(35, 110, 658, 36)
[1916765.739]  -> wl_surface#23.frame(new id wl_callback#34)
[1916765.742]  -> wl_surface#23.commit()
[1916766.111] {Default Queue} wl_buffer#31.release()
[1916784.514] {Display Queue} wl_display#1.delete_id(34)
[1916784.542] {Default Queue} wl_callback#34.done(2248302)
[1917741.094] {Default Queue} wl_pointer#6.motion(2249259, 125.00000000, 127.00000000)
[1917741.145] {Default Queue} wl_pointer#6.frame()
[1917741.415] {Default Queue}  -> wp_cursor_shape_device_v1#21.set_shape(119, 9)
[1917742.406]  -> wl_surface#23.attach(wl_buffer#31, 0, 0)
[1917742.430]  -> wl_surface#23.frame(new id wl_callback#34)
[1917742.442]  -> wl_surface#23.commit()
[1917747.893] {Default Queue} wl_buffer#31.release()
[1917784.822] {Display Queue} wl_display#1.delete_id(34)
[1917784.844] {Default Queue} wl_callback#34.done(2249303)
[1917789.948] {Default Queue} wl_pointer#6.button(120, 2249308, 272, 1)
[1917789.971] {Default Queue} xdg_wm_base#20.ping(121)
[1917789.977] {Default Queue}  -> xdg_wm_base#20.pong(121)
[1917789.982] {Default Queue} wl_pointer#6.frame()
[1917790.210] {Default Queue}  -> zwp_text_input_v3#29.set_surrounding_text("q581 clipboard Ω 日本語", 27, 0)
[1917790.221] {Default Queue}  -> zwp_text_input_v3#29.set_text_change_cause(1)
[1917790.229] {Default Queue}  -> zwp_text_input_v3#29.set_content_type(0, 0)
[1917790.236] {Default Queue}  -> zwp_text_input_v3#29.set_cursor_rectangle(189, 112, 0, 32)
[1917790.241] {Default Queue}  -> zwp_text_input_v3#29.commit()
[1917799.663]  -> wl_surface#23.attach(wl_buffer#31, 0, 0)
[1917799.684]  -> wl_surface#23.frame(new id wl_callback#34)
[1917799.693]  -> wl_surface#23.commit()
[1917814.812] {Default Queue} wl_buffer#31.release()
[1917865.974] {Display Queue} wl_display#1.delete_id(34)
[1917866.006] {Default Queue} wl_callback#34.done(2249384)
[1917866.056] {Default Queue} wl_pointer#6.button(122, 2249356, 272, 0)
[1917866.074] {Default Queue} wl_pointer#6.frame()
[1917867.986]  -> wl_surface#23.attach(wl_buffer#31, 0, 0)
[1917868.010]  -> wl_surface#23.damage_buffer(45, 119, 144, 18)
[1917868.022]  -> wl_surface#23.frame(new id wl_callback#34)
[1917868.034]  -> wl_surface#23.commit()
[1917868.434] {Default Queue} wl_buffer#31.release()
[1917885.262] {Default Queue} wl_keyboard#22.key(123, 2249403, 29, 1)
[1917885.353] {Default Queue} wl_keyboard#22.modifiers(125, 4, 0, 0, 0)
[1917885.388] {Default Queue} wl_keyboard#22.key(126, 2249403, 47, 1)
[1917885.524] {Default Queue}  -> wl_surface#17.attach(nil, 0, 0)
[1917885.539] {Default Queue}  -> wl_surface#17.commit()
[1917885.548] {Default Queue}  -> wl_pointer#6.set_cursor(119, wl_surface#17, 0, 0)
[1917886.368] {Default Queue}  -> wl_data_offer#4278190080.receive("text/plain;charset=utf-8", fd 14)
[1917934.462] {Display Queue} wl_display#1.delete_id(34)
[1917934.487] {Default Queue} wl_callback#34.done(2249452)
[1917936.099]  -> wl_surface#23.attach(wl_buffer#31, 0, 0)
[1917936.114]  -> wl_surface#23.damage_buffer(126, 119, 1, 2)
[1917936.121]  -> wl_surface#23.damage_buffer(272, 119, 1, 2)
[1917936.128]  -> wl_surface#23.damage_buffer(45, 121, 178, 1)
[1917936.133]  -> wl_surface#23.damage_buffer(240, 121, 46, 1)
[1917936.139]  -> wl_surface#23.damage_buffer(303, 121, 33, 1)
[1917936.144]  -> wl_surface#23.damage_buffer(45, 122, 178, 13)
[1917936.150]  -> wl_surface#23.damage_buffer(226, 122, 13, 13)
[1917936.164]  -> wl_surface#23.damage_buffer(240, 122, 46, 13)
[1917936.170]  -> wl_surface#23.damage_buffer(288, 122, 13, 13)
[1917936.175]  -> wl_surface#23.damage_buffer(303, 122, 33, 13)
[1917936.181]  -> wl_surface#23.damage_buffer(45, 135, 178, 1)
[1917936.187]  -> wl_surface#23.damage_buffer(240, 135, 34, 1)
[1917936.192]  -> wl_surface#23.damage_buffer(303, 135, 33, 1)
[1917936.198]  -> wl_surface#23.damage_buffer(45, 136, 178, 1)
[1917936.203]  -> wl_surface#23.damage_buffer(272, 136, 1, 1)
[1917936.209]  -> wl_surface#23.damage_buffer(45, 137, 178, 1)
[1917936.215]  -> wl_surface#23.frame(new id wl_callback#34)
[1917936.223]  -> wl_surface#23.commit()
[1917936.312] {Default Queue} wl_keyboard#22.key(127, 2249453, 47, 0)
[1917936.341] {Default Queue} wl_keyboard#22.key(128, 2249453, 29, 0)
[1917936.352] {Default Queue} wl_keyboard#22.modifiers(130, 0, 0, 0, 0)
[1917936.510] {Default Queue}  -> wp_cursor_shape_device_v1#21.set_shape(119, 9)
[1917936.628] {Default Queue} wl_buffer#31.release()
[1917971.394] {Display Queue} wl_display#1.delete_id(34)
[1917971.415] {Default Queue} wl_callback#34.done(2249489)
[1917971.983]  -> wl_surface#23.attach(wl_buffer#31, 0, 0)
[1917971.997]  -> wl_surface#23.frame(new id wl_callback#34)
[1917972.004]  -> wl_surface#23.commit()
[1917972.743] {Default Queue} wl_buffer#31.release()
[1917998.696] {Display Queue} wl_display#1.delete_id(34)
[1917998.717] {Default Queue} wl_callback#34.done(2249516)
[1918486.753]  -> wl_surface#23.attach(wl_buffer#31, 0, 0)
[1918486.786]  -> wl_surface#23.frame(new id wl_callback#34)
[1918486.799]  -> wl_surface#23.commit()
[1918586.689] {Default Queue} wl_buffer#31.release()
[1918588.981] {Display Queue} wl_display#1.delete_id(34)
[1918589.007] {Default Queue} wl_callback#34.done(2250107)
[1918787.172]  -> wl_surface#23.attach(wl_buffer#31, 0, 0)
[1918787.203]  -> wl_surface#23.damage_buffer(272, 119, 1, 18)
[1918787.217]  -> wl_surface#23.frame(new id wl_callback#34)
[1918787.229]  -> wl_surface#23.commit()
[1918808.168] {Default Queue} wl_buffer#31.release()
[1918810.207] {Display Queue} wl_display#1.delete_id(34)
[1918810.222] {Default Queue} wl_callback#34.done(2250328)
[1918810.945]  -> wl_surface#23.attach(wl_buffer#31, 0, 0)
[1918810.963]  -> wl_surface#23.damage_buffer(272, 119, 1, 18)
[1918810.973]  -> wl_surface#23.frame(new id wl_callback#34)
[1918810.983]  -> wl_surface#23.commit()
[1918811.271] {Default Queue} wl_buffer#31.release()
[1918836.141] {Display Queue} wl_display#1.delete_id(34)
[1918836.157] {Default Queue} wl_callback#34.done(2250354)
[1918836.590]  -> wl_surface#23.attach(wl_buffer#31, 0, 0)
[1918836.600]  -> wl_surface#23.damage_buffer(272, 119, 1, 18)
[1918836.605]  -> wl_surface#23.frame(new id wl_callback#34)
[1918836.610]  -> wl_surface#23.commit()
[1918836.748] {Default Queue} wl_buffer#31.release()
[1918861.680] {Display Queue} wl_display#1.delete_id(34)
[1918861.703] {Default Queue} wl_callback#34.done(2250379)
[1918861.724] {Default Queue} wl_keyboard#22.key(131, 2250379, 46, 1)
[1918862.551] {Default Queue}  -> wl_surface#17.attach(nil, 0, 0)
[1918862.568] {Default Queue}  -> wl_surface#17.commit()
[1918862.576] {Default Queue}  -> wl_pointer#6.set_cursor(119, wl_surface#17, 0, 0)
[1918862.609] {Default Queue}  -> zwp_text_input_v3#29.set_surrounding_text("q581 clipboaq587 clipboard Ω 日本語crd Ω 日本語", 40, 40)
[1918862.623] {Default Queue}  -> zwp_text_input_v3#29.set_text_change_cause(0)
[1918862.637] {Default Queue}  -> zwp_text_input_v3#29.set_content_type(0, 0)
[1918862.654] {Default Queue}  -> zwp_text_input_v3#29.set_cursor_rectangle(278, 112, 0, 32)
[1918862.663] {Default Queue}  -> zwp_text_input_v3#29.commit()
[1918864.055]  -> wl_surface#23.attach(wl_buffer#31, 0, 0)
[1918864.075]  -> wl_surface#23.damage_buffer(272, 119, 1, 2)
[1918864.084]  -> wl_surface#23.damage_buffer(279, 119, 1, 2)
[1918864.093]  -> wl_surface#23.damage_buffer(271, 121, 22, 1)
[1918864.100]  -> wl_surface#23.damage_buffer(303, 121, 40, 1)
[1918864.108]  -> wl_surface#23.damage_buffer(271, 122, 72, 13)
[1918864.115]  -> wl_surface#23.damage_buffer(272, 135, 1, 1)
[1918864.132]  -> wl_surface#23.damage_buffer(279, 135, 1, 1)
[1918864.140]  -> wl_surface#23.damage_buffer(303, 135, 40, 1)
[1918864.147]  -> wl_surface#23.damage_buffer(272, 136, 1, 1)
[1918864.154]  -> wl_surface#23.damage_buffer(279, 136, 1, 1)
[1918864.163]  -> wl_surface#23.frame(new id wl_callback#34)
[1918864.173]  -> wl_surface#23.commit()
[1918864.502] {Default Queue} wl_buffer#31.release()
[1918901.826] {Display Queue} wl_display#1.delete_id(34)
[1918901.850] {Default Queue} wl_callback#34.done(2250420)
[1918902.541]  -> wl_surface#23.attach(wl_buffer#31, 0, 0)
[1918902.557]  -> wl_surface#23.damage_buffer(279, 119, 1, 18)
[1918902.565]  -> wl_surface#23.frame(new id wl_callback#34)
[1918902.573]  -> wl_surface#23.commit()
[1918902.752] {Default Queue} wl_buffer#31.release()
[1918911.330] {Default Queue} wl_keyboard#22.key(132, 2250429, 46, 0)
[1918938.392] {Display Queue} wl_display#1.delete_id(34)
[1918938.414] {Default Queue} wl_callback#34.done(2250456)
[1918939.033]  -> wl_surface#23.attach(wl_buffer#31, 0, 0)
[1918939.048]  -> wl_surface#23.damage_buffer(279, 119, 1, 18)
[1918939.055]  -> wl_surface#23.frame(new id wl_callback#34)
[1918939.063]  -> wl_surface#23.commit()
[1918939.263] {Default Queue} wl_buffer#31.release()
[1918964.971] {Display Queue} wl_display#1.delete_id(34)
[1918964.997] {Default Queue} wl_callback#34.done(2250483)
[1918965.019] {Default Queue} wl_pointer#6.motion(2250480, 275.00000000, 303.00000000)
[1918965.035] {Default Queue} wl_pointer#6.frame()
[1918965.293] {Default Queue}  -> wp_cursor_shape_device_v1#21.set_shape(119, 9)
[1918966.339]  -> wl_surface#23.attach(wl_buffer#31, 0, 0)
[1918966.360]  -> wl_surface#23.damage_buffer(279, 119, 1, 18)
[1918966.369]  -> wl_surface#23.frame(new id wl_callback#34)
[1918966.378]  -> wl_surface#23.commit()
[1918985.542] {Default Queue} wl_buffer#31.release()
[1919018.115] {Display Queue} wl_display#1.delete_id(34)
[1919018.144] {Default Queue} wl_callback#34.done(2250536)
[1919018.165] {Default Queue} wl_pointer#6.axis_source(0)
[1919018.172] {Default Queue} wl_pointer#6.axis_discrete(0, 1)
[1919018.179] {Default Queue} wl_pointer#6.axis(2250527, 0, 15.00000000)
[1919018.186] {Default Queue} wl_pointer#6.frame()
[1919019.965]  -> wl_surface#23.attach(wl_buffer#31, 0, 0)
[1919019.980]  -> wl_surface#23.damage_buffer(279, 119, 1, 18)
[1919019.987]  -> wl_surface#23.damage_buffer(36, 255, 86, 2)
[1919019.993]  -> wl_surface#23.damage_buffer(36, 257, 139, 12)
[1919019.998]  -> wl_surface#23.damage_buffer(36, 269, 139, 67)
[1919020.003]  -> wl_surface#23.damage_buffer(687, 269, 5, 67)
[1919020.009]  -> wl_surface#23.damage_buffer(36, 336, 139, 115)
[1919020.014]  -> wl_surface#23.damage_buffer(36, 451, 86, 1)
[1919020.020]  -> wl_surface#23.frame(new id wl_callback#34)
[1919020.028]  -> wl_surface#23.commit()
[1919020.499] {Default Queue} wl_buffer#31.release()
[1919046.853] {Display Queue} wl_display#1.delete_id(34)
[1919046.881] {Default Queue} wl_callback#34.done(2250565)
[1919047.916]  -> wl_surface#23.attach(wl_buffer#31, 0, 0)
[1919047.935]  -> wl_surface#23.damage_buffer(279, 119, 1, 18)
[1919047.944]  -> wl_surface#23.damage_buffer(687, 269, 5, 67)
[1919047.953]  -> wl_surface#23.frame(new id wl_callback#34)
[1919047.962]  -> wl_surface#23.commit()
[1919048.398] {Default Queue} wl_buffer#31.release()
[1919075.677] {Display Queue} wl_display#1.delete_id(34)
[1919075.711] {Default Queue} wl_callback#34.done(2250593)
[1919077.067]  -> wl_surface#23.attach(wl_buffer#31, 0, 0)
[1919077.092]  -> wl_surface#23.damage_buffer(279, 119, 1, 18)
[1919077.103]  -> wl_surface#23.damage_buffer(687, 269, 5, 67)
[1919077.113]  -> wl_surface#23.frame(new id wl_callback#34)
[1919077.125]  -> wl_surface#23.commit()
[1919077.647] {Default Queue} wl_buffer#31.release()
[1919105.816] {Display Queue} wl_display#1.delete_id(34)
[1919105.847] {Default Queue} wl_callback#34.done(2250624)
[1919107.095]  -> wl_surface#23.attach(wl_buffer#31, 0, 0)
[1919107.120]  -> wl_surface#23.damage_buffer(279, 119, 1, 18)
[1919107.132]  -> wl_surface#23.damage_buffer(687, 269, 5, 67)
[1919107.162]  -> wl_surface#23.frame(new id wl_callback#34)
[1919107.173]  -> wl_surface#23.commit()
[1919107.698] {Default Queue} wl_buffer#31.release()
[1919135.699] {Display Queue} wl_display#1.delete_id(34)
[1919135.728] {Default Queue} wl_callback#34.done(2250653)
[1919136.573]  -> wl_surface#23.attach(wl_buffer#31, 0, 0)
[1919136.595]  -> wl_surface#23.damage_buffer(687, 269, 5, 67)
[1919136.606]  -> wl_surface#23.frame(new id wl_callback#34)
[1919136.617]  -> wl_surface#23.commit()
[1919137.030] {Default Queue} wl_buffer#31.release()
[1919167.274] {Display Queue} wl_display#1.delete_id(34)
[1919167.304] {Default Queue} wl_callback#34.done(2250685)
[1919168.158]  -> wl_surface#23.attach(wl_buffer#31, 0, 0)
[1919168.178]  -> wl_surface#23.damage_buffer(687, 269, 5, 67)
[1919168.189]  -> wl_surface#23.frame(new id wl_callback#34)
[1919168.199]  -> wl_surface#23.commit()
[1919168.602] {Default Queue} wl_buffer#31.release()
[1919197.329] {Display Queue} wl_display#1.delete_id(34)
[1919197.358] {Default Queue} wl_callback#34.done(2250715)
[1919198.331]  -> wl_surface#23.attach(wl_buffer#31, 0, 0)
[1919198.356]  -> wl_surface#23.damage_buffer(687, 269, 5, 67)
[1919198.368]  -> wl_surface#23.frame(new id wl_callback#34)
[1919198.379]  -> wl_surface#23.commit()
[1919198.757] {Default Queue} wl_buffer#31.release()
[1919230.652] {Display Queue} wl_display#1.delete_id(34)
[1919230.681] {Default Queue} wl_callback#34.done(2250748)
[1919231.370]  -> wl_surface#23.attach(wl_buffer#31, 0, 0)
[1919231.385]  -> wl_surface#23.damage_buffer(687, 269, 5, 67)
[1919231.393]  -> wl_surface#23.frame(new id wl_callback#34)
[1919231.400]  -> wl_surface#23.commit()
[1919231.692] {Default Queue} wl_buffer#31.release()
[1919259.700] {Display Queue} wl_display#1.delete_id(34)
[1919259.730] {Default Queue} wl_callback#34.done(2250777)
[1919260.504]  -> wl_surface#23.attach(wl_buffer#31, 0, 0)
[1919260.519]  -> wl_surface#23.damage_buffer(687, 269, 5, 67)
[1919260.527]  -> wl_surface#23.frame(new id wl_callback#34)
[1919260.534]  -> wl_surface#23.commit()
[1919260.853] {Default Queue} wl_buffer#31.release()
[1919288.906] {Display Queue} wl_display#1.delete_id(34)
[1919288.931] {Default Queue} wl_callback#34.done(2250807)
[1919289.604]  -> wl_surface#23.attach(wl_buffer#31, 0, 0)
[1919289.621]  -> wl_surface#23.damage_buffer(687, 269, 5, 67)
[1919289.629]  -> wl_surface#23.frame(new id wl_callback#34)
[1919289.637]  -> wl_surface#23.commit()
[1919289.874] {Default Queue} wl_buffer#31.release()
[1919320.165] {Display Queue} wl_display#1.delete_id(34)
[1919320.197] {Default Queue} wl_callback#34.done(2250838)
[1919321.083]  -> wl_surface#23.attach(wl_buffer#31, 0, 0)
[1919321.106]  -> wl_surface#23.damage_buffer(687, 269, 5, 67)
[1919321.118]  -> wl_surface#23.frame(new id wl_callback#34)
[1919321.129]  -> wl_surface#23.commit()
[1919321.502] {Default Queue} wl_buffer#31.release()
[1919349.728] {Display Queue} wl_display#1.delete_id(34)
[1919349.753] {Default Queue} wl_callback#34.done(2250868)
[1919350.508]  -> wl_surface#23.attach(wl_buffer#31, 0, 0)
[1919350.525]  -> wl_surface#23.damage_buffer(687, 269, 5, 67)
[1919350.533]  -> wl_surface#23.frame(new id wl_callback#34)
[1919350.541]  -> wl_surface#23.commit()
[1919350.905] {Default Queue} wl_buffer#31.release()
[1919381.870] {Display Queue} wl_display#1.delete_id(34)
[1919381.904] {Default Queue} wl_callback#34.done(2250900)
[1919382.887]  -> wl_surface#23.attach(wl_buffer#31, 0, 0)
[1919382.911]  -> wl_surface#23.damage_buffer(687, 269, 5, 67)
[1919382.923]  -> wl_surface#23.frame(new id wl_callback#34)
[1919382.935]  -> wl_surface#23.commit()
[1919383.296] {Default Queue} wl_buffer#31.release()
[1919411.384] {Display Queue} wl_display#1.delete_id(34)
[1919411.417] {Default Queue} wl_callback#34.done(2250929)
[1919412.298]  -> wl_surface#23.attach(wl_buffer#31, 0, 0)
[1919412.316]  -> wl_surface#23.damage_buffer(279, 119, 1, 18)
[1919412.323]  -> wl_surface#23.damage_buffer(687, 269, 5, 67)
[1919412.330]  -> wl_surface#23.frame(new id wl_callback#34)
[1919412.356]  -> wl_surface#23.commit()
[1919412.901] {Default Queue} wl_buffer#31.release()
[1919441.627] {Display Queue} wl_display#1.delete_id(34)
[1919441.659] {Default Queue} wl_callback#34.done(2250959)
[1919442.568]  -> wl_surface#23.attach(wl_buffer#31, 0, 0)
[1919442.586]  -> wl_surface#23.damage_buffer(279, 119, 1, 18)
[1919442.593]  -> wl_surface#23.damage_buffer(687, 269, 5, 67)
[1919442.600]  -> wl_surface#23.frame(new id wl_callback#34)
[1919442.608]  -> wl_surface#23.commit()
[1919443.061] {Default Queue} wl_buffer#31.release()
[1919474.144] {Display Queue} wl_display#1.delete_id(34)
[1919474.187] {Default Queue} wl_callback#34.done(2250992)
[1919475.424]  -> wl_surface#23.attach(wl_buffer#31, 0, 0)
[1919475.447]  -> wl_surface#23.damage_buffer(279, 119, 1, 18)
[1919475.458]  -> wl_surface#23.damage_buffer(687, 269, 5, 67)
[1919475.469]  -> wl_surface#23.frame(new id wl_callback#34)
[1919475.480]  -> wl_surface#23.commit()
[1919475.944] {Default Queue} wl_buffer#31.release()
[1919506.567] {Display Queue} wl_display#1.delete_id(34)
[1919506.589] {Default Queue} wl_callback#34.done(2251024)
[1919507.410]  -> wl_surface#23.attach(wl_buffer#31, 0, 0)
[1919507.426]  -> wl_surface#23.damage_buffer(279, 119, 1, 18)
[1919507.433]  -> wl_surface#23.damage_buffer(687, 269, 5, 67)
[1919507.440]  -> wl_surface#23.frame(new id wl_callback#34)
[1919507.447]  -> wl_surface#23.commit()
[1919507.858] {Default Queue} wl_buffer#31.release()
[1919534.701] {Display Queue} wl_display#1.delete_id(34)
[1919534.719] {Default Queue} wl_callback#34.done(2251053)
[1919535.415]  -> wl_surface#23.attach(wl_buffer#31, 0, 0)
[1919535.428]  -> wl_surface#23.damage_buffer(279, 119, 1, 18)
[1919535.433]  -> wl_surface#23.damage_buffer(687, 269, 5, 67)
[1919535.439]  -> wl_surface#23.frame(new id wl_callback#34)
[1919535.445]  -> wl_surface#23.commit()
[1919535.717] {Default Queue} wl_buffer#31.release()
[1919562.607] {Display Queue} wl_display#1.delete_id(34)
[1919562.631] {Default Queue} wl_callback#34.done(2251080)
[1919563.544]  -> wl_surface#23.attach(wl_buffer#31, 0, 0)
[1919563.560]  -> wl_surface#23.damage_buffer(279, 119, 1, 18)
[1919563.569]  -> wl_surface#23.damage_buffer(687, 269, 5, 67)
[1919563.577]  -> wl_surface#23.frame(new id wl_callback#34)
[1919563.586]  -> wl_surface#23.commit()
[1919563.998] {Default Queue} wl_buffer#31.release()
[1919592.057] {Display Queue} wl_display#1.delete_id(34)
[1919592.075] {Default Queue} wl_callback#34.done(2251110)
[1919592.806]  -> wl_surface#23.attach(wl_buffer#31, 0, 0)
[1919592.820]  -> wl_surface#23.damage_buffer(279, 119, 1, 18)
[1919592.826]  -> wl_surface#23.damage_buffer(687, 269, 5, 67)
[1919592.833]  -> wl_surface#23.frame(new id wl_callback#34)
[1919592.840]  -> wl_surface#23.commit()
[1919593.241] {Default Queue} wl_buffer#31.release()
[1919621.825] {Display Queue} wl_display#1.delete_id(34)
[1919621.853] {Default Queue} wl_callback#34.done(2251140)
[1919622.846]  -> wl_surface#23.attach(wl_buffer#31, 0, 0)
[1919622.865]  -> wl_surface#23.damage_buffer(279, 119, 1, 18)
[1919622.873]  -> wl_surface#23.damage_buffer(687, 269, 5, 67)
[1919622.881]  -> wl_surface#23.frame(new id wl_callback#34)
[1919622.889]  -> wl_surface#23.commit()
[1919623.190] {Default Queue} wl_buffer#31.release()
[1919650.410] {Display Queue} wl_display#1.delete_id(34)
[1919650.438] {Default Queue} wl_callback#34.done(2251168)
[1919651.658]  -> wl_surface#23.attach(wl_buffer#31, 0, 0)
[1919651.679]  -> wl_surface#23.damage_buffer(279, 119, 1, 18)
[1919651.690]  -> wl_surface#23.damage_buffer(687, 269, 5, 67)
[1919651.701]  -> wl_surface#23.frame(new id wl_callback#34)
[1919651.713]  -> wl_surface#23.commit()
[1919652.333] {Default Queue} wl_buffer#31.release()
[1919683.413] {Display Queue} wl_display#1.delete_id(34)
[1919683.432] {Default Queue} wl_callback#34.done(2251201)
