{"event": "gtk-version", "pid": 1042, "version": "4.18.6"}
{"event": "focus", "pid": 1042, "active": true}
{"event": "snapshot", "pid": 1042, "renderer": "GskGLRenderer", "width": 728, "height": 489, "scale": 1, "display": "GdkWaylandDisplay"}
{"event": "scroll", "pid": 1042, "value": 33.856663005926926, "upper": 540.0, "page": 197.0}
{"event": "target-text", "pid": 1042, "text": "x"}
{"event": "scroll", "pid": 1042, "value": 72.15373436427336, "upper": 540.0, "page": 237.0}
{"event": "target-text", "pid": 1042, "text": "xy"}
[1007379.294] {Default Queue} wl_pointer#6.button(7, 1338897, 272, 1)
[1007732.891]  -> xdg_toplevel#31.move(wl_seat#14, 7)
[1008641.673] {Default Queue} wl_pointer#6.button(9, 1340159, 272, 0)
[1009897.528] {Default Queue} wl_pointer#6.button(10, 1341411, 272, 1)
[1009947.258] {Default Queue} wl_pointer#6.button(12, 1341461, 272, 0)
[1104425.855] {Default Queue} wl_pointer#6.button(15, 1435929, 272, 1)
[1104426.175]  -> xdg_toplevel#31.resize(wl_seat#14, 15, 10)
[1105734.071] {Default Queue} wl_pointer#6.button(28, 1437206, 272, 0)
[1107425.359] {Default Queue} wl_pointer#6.button(29, 1438934, 272, 1)
[1107476.484] {Default Queue} wl_pointer#6.button(31, 1438993, 272, 0)
ZWL RESIZE start surface=23 edges=10 width=700 height=460
ZWL RESIZE end surface=23 width=770 height=500
ZWL RESIZE settled surface=23 x=324 y=230 width=770 height=500
