{"request": [1, 1], "payload": [2]}
{"request": [1, 0], "payload": [3]}
{"event": [2, 0], "payload_hex": "010000000e000000776c5f636f6d706f7369746f7200000004000000"}
{"event": [2, 0], "payload_hex": "020000000c0000007864675f776d5f626173650004000000"}
{"event": [2, 0], "payload_hex": "03000000140000007a77705f6c696e75785f646d616275665f76310003000000"}
{"event": [2, 0], "payload_hex": "040000000a000000776c5f6f757470757400000004000000"}
{"event": [2, 0], "payload_hex": "0500000008000000776c5f736561740005000000"}
{"event": [2, 0], "payload_hex": "0600000007000000776c5f73686d000001000000"}
{"event": [2, 0], "payload_hex": "07000000140000007864675f6d656e755f6d616e616765725f76310002000000"}
{"event": [2, 0], "payload_hex": "0800000011000000776c5f737562636f6d706f7369746f720000000001000000"}
{"event": [2, 0], "payload_hex": "0900000017000000776c5f646174615f6465766963655f6d616e61676572000003000000"}
{"event": [2, 0], "payload_hex": "0a0000001b0000007a7864675f6465636f726174696f6e5f6d616e616765725f7631000001000000"}
{"event": [2, 0], "payload_hex": "0b0000001b00000077705f637572736f725f73686170655f6d616e616765725f7631000001000000"}
{"event": [2, 0], "payload_hex": "0c0000000e00000077705f76696577706f7274657200000001000000"}
{"event": [2, 0], "payload_hex": "0d0000001a0000007a77705f746578745f696e7075745f6d616e616765725f763300000001000000"}
{"event": [2, 0], "payload_hex": "100000001c0000006b65696c616e645f7469746c656261725f6d616e616765725f76310003000000"}
{"event": [2, 0], "payload_hex": "11000000190000006b65696c616e645f676c6173735f6d616e616765725f76310000000002000000"}
{"event": [2, 0], "payload_hex": "12000000280000007a77705f7072696d6172795f73656c656374696f6e5f6465766963655f6d616e616765725f76310001000000"}
{"event": [2, 0], "payload_hex": "13000000160000007a77705f7461626c65745f6d616e616765725f763200000001000000"}
{"event": [2, 0], "payload_hex": "150000001b0000006b65696c616e645f6465736b746f705f6d616e616765725f7631000001000000"}
{"event": [2, 0], "payload_hex": "16000000220000006b65696c616e645f6b6579626f6172645f696e7365745f6d616e616765725f763100000001000000"}
{"event": [2, 0], "payload_hex": "17000000180000006b65696c616e645f656469745f6d616e616765725f76310001000000"}
{"event": [3, 0], "payload_hex": "258d2000"}
{"request": [2, 0], "payload": [1, 14, 1667198071, 1869639023, 1869900147, 114, 4, 4]}
{"request": [2, 0], "payload": [2, 12, 1600611448, 1650421111, 6648673, 1, 5]}
{"request": [2, 0], "payload": [10, 27, 1734637690, 1667589215, 1952543343, 1601073001, 1634623853, 1601332583, 12662, 1, 6]}
{"request": [2, 0], "payload": [16, 28, 1818846571, 1600417377, 1819568500, 1918984805, 1851878751, 1919248225, 3241567, 1, 7]}
{"request": [4, 0], "payload": [8]}
{"request": [5, 2], "payload": [9, 8]}
{"request": [9, 1], "payload": [10]}
{"request": [1, 0], "payload": [11]}
{"event": [1, 1], "payload_hex": "03000000"}
{"event": [11, 0], "payload_hex": "268d2000"}
{"request": [2, 0], "payload": [6, 7, 1935633527, 28008, 1, 12]}
{"request": [2, 0], "payload": [5, 8, 1935633527, 7627109, 5, 13]}
{"request": [13, 0], "payload": [14]}
{"request": [10, 2], "payload": [25, 926430577, 1970233888, 1684366446, 1919514400, 1818435685, 1953391977, 0]}
{"request": [10, 7], "payload": [360, 200]}
{"request": [10, 8], "payload": [300, 180]}
{"request": [8, 6], "payload": []}
{"request": [1, 0], "payload": [15]}
{"event": [1, 1], "payload_hex": "0b000000"}
{"event": [12, 0], "payload_hex": "00000000"}
{"event": [12, 0], "payload_hex": "01000000"}
{"event": [13, 0], "payload_hex": "03000000"}
{"event": [13, 1], "payload_hex": "060000007365617430000000"}
{"event": [10, 0], "payload_hex": "00000000000000000400000004000000"}
{"event": [9, 0], "payload_hex": "1c000000"}
{"event": [15, 0], "payload_hex": "268d2000"}
{"request": [9, 4], "payload": [28]}
{"request": [1, 0], "payload": [16]}
{"event": [1, 1], "payload_hex": "0f000000"}
{"event": [16, 0], "payload_hex": "398d2000"}
{"request": [8, 6], "payload": []}
{"request": [1, 0], "payload": [17]}
{"event": [1, 1], "payload_hex": "10000000"}
{"event": [17, 0], "payload_hex": "3a8d2000"}
{"checkpoint": "initial"}
{"request": [18, 0], "payload": [19, 0, 300, 180, 1200, 0]}
{"request": [18, 1], "payload": []}
{"request": [9, 3], "payload": [0, 0, 300, 180]}
{"request": [8, 1], "payload": [19, 0, 0]}
{"request": [8, 2], "payload": [0, 0, 300, 180]}
{"request": [8, 6], "payload": []}
{"request": [1, 0], "payload": [20]}
{"event": [1, 1], "payload_hex": "11000000"}
{"event": [1, 1], "payload_hex": "12000000"}
{"event": [20, 0], "payload_hex": "488d2000"}
{"checkpoint": "mapped bounded 300x180"}
READY
{"event": [1, 1], "payload_hex": "14000000"}
{"event": [14, 0], "payload_hex": "1e000000080000000061020000820100"}
{"event": [14, 5], "payload_hex": ""}
{"event": [19, 0], "payload_hex": ""}
{"event": [14, 2], "payload_hex": "4a90200000950000004c0000"}
{"event": [14, 5], "payload_hex": ""}
{"event": [14, 3], "payload_hex": "1f0000007b9020001101000001000000"}
{"request": [10, 5], "payload": [13, 31]}
{"event": [5, 0], "payload_hex": "20000000"}
{"request": [5, 3], "payload": [32]}
{"event": [14, 5], "payload_hex": ""}
{"event": [14, 5], "payload_hex": ""}
{"event": [14, 3], "payload_hex": "21000000d69220001101000000000000"}
PASS one matching release [(273, 1), (273, 0)]
{"event": [14, 5], "payload_hex": ""}
PASS release frame
