PASS parser child
PASS detached child null
PASS distinct identity
PASS repeated identity
PASS initial URL
PASS initial tree
PASS initial state
PASS defaultView
PASS parent top frameElement
PASS realm constructor
PASS nested relationships
PASS removed child null
PASS saved window closed
PASS removed defaultView
PASS nested destroyed
PASS reinsert fresh identity
PASS inactive document child null
