== ordinary
case exact: ok (accepted)
case srgb-reading: ok (accepted)
case width: ok (refused)
case height: ok (refused)
case format: ok (refused)
case stride: ok (refused)
case offset: ok (refused)
case allocation-bytes: ok (refused)
case tiling: ok (refused)
case usage: ok (refused)
case allocation-size: ok (refused)
case memory-type: ok (refused)
case memory-type-range: ok (refused)
case image-tiling: ok (refused)
case image-layers: ok (refused)
case image-levels: ok (refused)
case image-samples: ok (refused)
case layout-pitch: ok (refused)
dedicated-host: PASS
== sanitize
case exact: ok (accepted)
case srgb-reading: ok (accepted)
case width: ok (refused)
case height: ok (refused)
case format: ok (refused)
case stride: ok (refused)
case offset: ok (refused)
case allocation-bytes: ok (refused)
case tiling: ok (refused)
case usage: ok (refused)
case allocation-size: ok (refused)
case memory-type: ok (refused)
case memory-type-range: ok (refused)
case image-tiling: ok (refused)
case image-layers: ok (refused)
case image-levels: ok (refused)
case image-samples: ok (refused)
case layout-pitch: ok (refused)
dedicated-host: PASS
