== ordinary
case exact: ok (accepted)
case rgba: ok (accepted)
case padded: ok (accepted)
case length: ok (refused)
case version: ok (refused)
case zero-width: ok (refused)
case zero-height: ok (refused)
case too-wide: ok (refused)
case format: ok (refused)
case tiling: ok (refused)
case short-row: ok (refused)
case unaligned-row: ok (refused)
case past-end: ok (refused)
case offset: ok (refused)
case offset-wrap: ok (refused)
case memory-type: ok (refused)
case memory-type-shift: ok (refused)
gpu-zedbsd-host: PASS
== sanitize
case exact: ok (accepted)
case rgba: ok (accepted)
case padded: ok (accepted)
case length: ok (refused)
case version: ok (refused)
case zero-width: ok (refused)
case zero-height: ok (refused)
case too-wide: ok (refused)
case format: ok (refused)
case tiling: ok (refused)
case short-row: ok (refused)
case unaligned-row: ok (refused)
case past-end: ok (refused)
case offset: ok (refused)
case offset-wrap: ok (refused)
case memory-type: ok (refused)
case memory-type-shift: ok (refused)
gpu-zedbsd-host: PASS
