log: ZWL CORNER commit (1) ok
log: ZWL CONFIGURE client=[0-9]+ surface=[0-9]+ serial=[0-9]+ width=1280 height=800 fullscreen=1 (1) ok
log: ZWL GLASS unfullscreen-swipe start (1) ok
log: ZWL GLASS unfullscreen surface=[0-9]+ via=swipe errno=0 (1) ok
log: ZWL WINDOW unfullscreen surface=[0-9]+ x=-?[0-9]+ y=-?[0-9]+ placed=0 (1) ok
log: ZWL CONFIGURE client=[0-9]+ surface=[0-9]+ serial=[0-9]+ width=[0-9]+ height=[0-9]+ fullscreen=0 (1) ok
log: ZWL WINDOW centred surface=[0-9]+ x=[0-9]+ y=[0-9]+ width=[0-9]+ height=[0-9]+ (1) ok
log: no more ZWL WISEVIEW open ok
notes centred at 128,98 size 1024x690
title bar under the system bar (y=98 >= 98) ok
log: ZWL GLASS moved surface=[0-9]+ x=228 y=158 (1) MISSING (found 0)
log: ZWL CORNER commit (2) ok
log: ZWL GLASS unfullscreen surface=[0-9]+ via=swipe errno=0 (2) ok
log: ZWL WINDOW unfullscreen surface=[0-9]+ x=228 y=98 placed=1 (1) MISSING (found 0)
log: ZWL CORNER commit (3) ok
log: no more ZWL GLASS unfullscreen surface= ok
log: ZWL OSK open kind=flick (1) ok
log: ZWL GLASS unfullscreen-swipe start found 2 (more than Connection timed out during banner exchange) FAIL
log: ZWL OSK close kind=flick (1) ok
touch: SKIPPED (no /bin/touchinject in the image)
c3-swipe-back: FAIL
