Started keiland-deb-smoke.service - [systemd-run] /opt/keiland/bin/wayland --session --glass --wallpaper=/opt/keiland/share/keiland/wallpaper.ppm.
ZWL PREFERENCES open
ZWL DISPLAY device=llvmpipe (LLVM 19.1.7, 256 bits) width=1280 height=800 refresh_mhz=74994
ZWL STARTUP step=vulkan-device ms=594
ZWL STARTUP step=vulkan-objects-arrow ms=923
ZWL STARTUP step=wallpaper-picture ms=80
ZWL STARTUP step=wallpaper ms=319
ZWL STARTUP step=glyphs-text ms=100
ZWL STARTUP step=glyphs-icons ms=72
ZWL STARTUP step=glyphs-mark ms=467
ZWL GLASS atlas cache-top=380 cells=273 faces=1
ZWL STARTUP step=glyphs ms=646
ZWL GLASS ready text=1
ZWL STARTUP step=compose ms=2485 at_ms=325293
ZWL INPUT device=/dev/input/event4 kind=pointer abs=1
ZWL INPUT device=/dev/input/event3 kind=keyboard abs=0
ZWL INPUT device=/dev/input/event1 kind=pointer abs=0
ZWL INPUT device=/dev/input/event0 kind=keyboard abs=0
ZWL STARTUP step=input ms=28 at_ms=325321
ZWL KEYMAP format=xkb_v1 errno=0
ZWL STARTUP step=keymap ms=1 at_ms=325322
ZWL STARTUP step=socket ms=1 at_ms=325323
ZWL CLIENT client=1 fd=16 ime=1
ZWL IME started pid=2389 client=1
ZWL READY socket=/tmp/keiland-runtime/wayland-keiland width=1280 height=800 timeout_ms=18446744073709551615 pid=2361
ZWL CORNER zone x=1252 y=0 width=28 height=28
ZWL OSK zone kind=flick x=1252 y=772 size=28
ZWL OSK zone kind=qwerty x=0 y=772 size=28
ZWL NETWORK state reachable=0 connected=1 kind=wired interface=enp0s4 wifi=absent ssid=
ZWL VOLUME reachable=0 device=0
ZWL DESKTOP start pid=2390 command=/opt/keiland/bin/files --desktop at_ms=325372
ZWL STARTUP step=output-display ms=2
ZWL STARTUP step=output-pipelines ms=212
ZWL STARTUP step=output-swapchain ms=56
ZWL STARTUP step=output-targets ms=0
ZWL OUTPUT open width=1280 height=800 images=3 format=44
ZWL MODE window switch_ms=272 at_ms=325645
ZWL GLASS desktops x=819 step=46 width=40
ZWL NETWORK icon x=1063 y=3 width=30 height=28
ZWL VOLUME icon x=1030 y=3 width=30 height=28
ZWL CLIENT client=2 fd=20
ZWL CLIENT client=3 fd=21
KEI-IME LANGUAGE id=direct
ZWL INSET create client=3 inset=20 toplevel=16
ZWL DESKTOP role client=2 surface=8 x=0 y=34 width=1280 height=766
ZWL SEAT client=2 pointer=1 keyboard=0 touch=0
ZWL SEAT client=2 pointer=1 keyboard=1 touch=0
ZWL IME language=direct
ZFILES DESKTOP configure x=0 y=34 width=1280 height=766
KEI-IME READY languages=2
ZWL EDIT create client=3 edit=24 toplevel=16
ZWL BOUNDS client=3 surface=14 width=1256 height=690
ZWL CONFIGURE client=3 surface=14 serial=3 width=0 height=0 fullscreen=0
ZWL SEAT client=3 pointer=1 keyboard=0 touch=0
ZWL SEAT client=3 pointer=1 keyboard=1 touch=0
ZWL DESKTOP ack serial=1
ZFILES LOCATION kind=folder path=/root/Desktop items=0 error=0
ZFILES DESKTOP layout saved=0 error=0
ZFILES DESKTOP grid width=1280 height=766 columns=13 rows=7
ZFILES DESKTOP ready items=0 cells=0 width=1280 height=766 at_ms=328723 newest_age_ms=-1
ZWL IMPORT client=2 buffer=22 width=1280 height=766 bytes=3932160
ZWL IMPORT client=2 buffer=24 width=1280 height=766 bytes=3932160
ZWL IMPORT client=2 buffer=26 width=1280 height=766 bytes=3932160
ZWL IMPORT client=3 buffer=39 width=916 height=632 bytes=2347008
ZWL IMPORT client=3 buffer=41 width=916 height=632 bytes=2347008
ZWL IMPORT client=3 buffer=43 width=916 height=632 bytes=2347008
ZWL MENU commit client=3 menu=47 serial=1 items=30 generation=1
ZWL MENU set client=3 place=48 menu=47
ZWL MENU commit client=3 menu=47 serial=2 items=30 generation=2
ZWL TITLEBAR create client=3 titlebar=52 toplevel=16
ZWL EDIT state client=3 edit=24 actions=0xff flags=0xd
ZWL TITLEBAR commit client=3 titlebar=52 serial=1 mode=0 controls=0 tabs=1 generation=1
ZFILES SLOW-FRAME draw=20 present=920 copy=32 acquire=2 queue=885 wait=0
ZFILES MENU context-only
ZFILES DESKTOP startup entered_ms=325416 fonts=44 instance=287 window=2424 present=519 app=13 canvas=0 draw=20 shown=920 menus=314
ZFILES READY width=1280 height=766 token=-
ZWL DESKTOP drawn at_ms=329962
ZWL MAP client=3 surface=14 x=182 y=127
ZWL MENU bar client=3 surface=14 where=floating item=1 offset=127 top=75 width=55 height=44
ZWL MENU bar client=3 surface=14 where=floating item=2 offset=184 top=75 width=47 height=44
ZWL MENU bar client=3 surface=14 where=floating item=3 offset=233 top=75 width=55 height=44
ZWL MENU bar client=3 surface=14 where=floating item=4 offset=290 top=75 width=76 height=44
ZWL MENU bar client=3 surface=14 where=floating item=5 offset=368 top=75 width=53 height=44
ZWL PERF 5307ms: passes=93 timeouts=68 | poll 20.5% work 149.9%
ZWL PERF compose frames=6 draw_ms=1224.98 (acquire 0.56 submit+present 1216.21) frame_ms=1041.19
