ZWL PREFERENCES open
ZWL DISPLAY device=llvmpipe (LLVM 19.1.7, 256 bits) width=1280 height=800 refresh_mhz=74994
ZWL STARTUP step=vulkan-device ms=209
ZWL STARTUP step=vulkan-objects-arrow ms=264
ZWL STARTUP step=wallpaper-picture ms=26
ZWL STARTUP step=wallpaper ms=257
ZWL STARTUP step=glyphs-text ms=28
ZWL STARTUP step=glyphs-icons ms=13
ZWL STARTUP step=glyphs-mark ms=21
ZWL GLASS atlas cache-top=380 cells=273 faces=1
ZWL STARTUP step=glyphs ms=165
ZWL GLASS ready text=1
ZWL STARTUP step=compose ms=975 at_ms=323833
ZWL INPUT device=/dev/input/event0 kind=pointer abs=1
ZWL INPUT device=/dev/input/event1 kind=keyboard abs=0
ZWL INPUT device=/dev/input/event2 kind=pointer abs=0
ZWL INPUT device=/dev/input/event3 kind=keyboard abs=0
ZWL STARTUP step=input ms=1 at_ms=323834
ZWL KEYMAP format=xkb_v1 errno=0
ZWL STARTUP step=keymap ms=0 at_ms=323834
ZWL STARTUP step=socket ms=0 at_ms=323834
ZWL IME none program=/usr/libexec/keiland-ime errno=6
ZWL READY socket=/tmp/wayland-0 width=1280 height=800 timeout_ms=400000 pid=851
ZWL CORNER zone x=1252 y=0 width=28 height=28
ZWL OSK zone kind=flick x=1252 y=772 size=28
ZWL OSK zone kind=qwerty x=0 y=772 size=28
ZWL STARTUP step=output-display ms=97
ZWL STARTUP step=output-pipelines ms=181
ZWL STARTUP step=output-swapchain ms=382
ZWL STARTUP step=output-targets ms=360
ZWL OUTPUT open width=1280 height=800 images=3 format=37
ZWL MODE window switch_ms=1021 at_ms=324866
ZWL LAT draw frame=1 at_us=324866000
ZWL LAT acquired frame=1 at_us=324866000
ZWL GLASS desktops x=820 step=46 width=40
ZWL NETWORK icon x=1064 y=3 width=30 height=28
ZWL VOLUME icon x=1031 y=3 width=30 height=28
ZWL LAT recorded frame=1 at_us=324887000
ZWL COMPOSE frame=1 image=0 windows=0 at_ms=324958
ZWL LAT submit frame=1 at_us=324958000
ZWL CLIENT client=1 fd=18
ZWL LAT shown frame=1 at_us=326794000
ZWL HOME skip name=Image Viewer missing=/bin/imageview
ZWL HOME skip name=Text Editor missing=/bin/textedit
ZWL HOME skip name=Browser missing=/bin/browser
ZWL NETWORK state reachable=1 connected=1 kind=wired interface=ue0 wifi=absent ssid=
ZWL LAT draw frame=2 at_us=326797000
ZWL LAT acquired frame=2 at_us=326797000
ZWL LAT recorded frame=2 at_us=326818000
ZWL COMPOSE frame=2 image=1 windows=0 at_ms=326888
ZWL LAT submit frame=2 at_us=326888000
ZWL LAT shown frame=2 at_us=326898000
ZWL CONFIGURE client=1 surface=8 serial=1 width=0 height=0 fullscreen=0
ZWL LAT draw frame=3 at_us=326899000
ZWL LAT acquired frame=3 at_us=326925000
ZWL LAT recorded frame=3 at_us=326945000
ZWL COMPOSE frame=3 image=2 windows=0 at_ms=327015
ZWL LAT submit frame=3 at_us=327015000
ZWL LAT shown frame=3 at_us=327024000
ZWL SEAT client=1 pointer=1 keyboard=0 touch=0
ZWL SEAT client=1 pointer=1 keyboard=1 touch=0
ZWL COMMIT client=1 surface=8 buffer=15 queued=0
ZWL LAT adopt surface=8 at_us=327025000
ZWL MAP client=1 surface=8 x=440 y=293
ZWL SHM_COPY client=1 surface=8 buffer=15 rows=0-300 sum=47199377
ZWL LAT draw frame=4 at_us=327221000
ZWL LAT acquired frame=4 at_us=327221000
ZWL LAT recorded frame=4 at_us=327241000
ZWL COMPOSE frame=4 image=0 windows=1 at_ms=327311
ZWL LAT submit frame=4 at_us=327311000
ZWL LAT shown frame=4 at_us=327321000
ZWL PERF 5006ms: passes=161 timeouts=154 | poll 39.1% work 43.5%
ZWL PERF compose frames=4 draw_ms=124.44 (acquire 8.48 submit+present 89.62) frame_ms=722.21
ZWL PERF shm copies=1 copy_ms=1.037
ZWL LAT draw frame=5 at_us=329604000
ZWL LAT acquired frame=5 at_us=329605000
ZWL LAT recorded frame=5 at_us=329626000
ZWL COMPOSE frame=5 image=1 windows=1 at_ms=329696
ZWL LAT submit frame=5 at_us=329696000
ZWL LAT shown frame=5 at_us=329706000
ZWL LAT draw frame=6 at_us=331752000
ZWL LAT acquired frame=6 at_us=331752000
ZWL LAT recorded frame=6 at_us=331772000
ZWL COMPOSE frame=6 image=2 windows=1 at_ms=331842
ZWL LAT submit frame=6 at_us=331842000
ZWL LAT shown frame=6 at_us=331852000
ZWL GLASS request move surface=8 refused=no-press
ZWL PING pong client=1 serial=6
ZWL LAT draw frame=7 at_us=335757000
ZWL LAT acquired frame=7 at_us=335757000
ZWL LAT recorded frame=7 at_us=335777000
ZWL COMPOSE frame=7 image=0 windows=1 at_ms=335847
ZWL LAT submit frame=7 at_us=335847000
ZWL PERF 5005ms: passes=298 timeouts=294 | poll 41.8% work 4.5%
ZWL PERF compose frames=2 draw_ms=97.29 (acquire 0.27 submit+present 75.03) frame_ms=72.22
ZWL LAT shown frame=7 at_us=335858000
ZWL PERF 5005ms: passes=301 timeouts=300 | poll 98.9% work 1.0%
ZWL PERF compose frames=1 draw_ms=0.00 (acquire 0.00 submit+present 0.00) frame_ms=167.88
ZWL LAT draw frame=8 at_us=339637000
ZWL LAT acquired frame=8 at_us=339637000
ZWL LAT recorded frame=8 at_us=339659000
ZWL COMPOSE frame=8 image=1 windows=1 at_ms=339729
ZWL LAT submit frame=8 at_us=339729000
ZWL LAT shown frame=8 at_us=339739000
ZWL LAT draw frame=9 at_us=339791000
ZWL LAT acquired frame=9 at_us=339791000
ZWL LAT recorded frame=9 at_us=339811000
ZWL COMPOSE frame=9 image=2 windows=1 at_ms=339881
ZWL LAT submit frame=9 at_us=339881000
ZWL LAT shown frame=9 at_us=339891000
ZWL LAT draw frame=10 at_us=340297000
ZWL LAT acquired frame=10 at_us=340297000
ZWL LAT recorded frame=10 at_us=340318000
ZWL COMPOSE frame=10 image=0 windows=1 at_ms=340388
ZWL LAT submit frame=10 at_us=340388000
ZWL LAT shown frame=10 at_us=340398000
ZWL LAT draw frame=11 at_us=340501000
ZWL LAT acquired frame=11 at_us=340501000
ZWL LAT recorded frame=11 at_us=340522000
ZWL COMPOSE frame=11 image=1 windows=1 at_ms=340592
ZWL LAT submit frame=11 at_us=340592000
ZWL LAT shown frame=11 at_us=340603000
ZWL LAT draw frame=12 at_us=340705000
ZWL LAT acquired frame=12 at_us=340705000
ZWL LAT recorded frame=12 at_us=340726000
ZWL COMPOSE frame=12 image=2 windows=1 at_ms=340796
ZWL LAT submit frame=12 at_us=340796000
ZWL LAT shown frame=12 at_us=340806000
ZWL PERF 5007ms: passes=460 timeouts=448 | poll 89.3% work 10.6%
ZWL PERF compose frames=5 draw_ms=91.24 (acquire 0.28 submit+present 70.10) frame_ms=101.28
ZWL PERF 5002ms: passes=500 timeouts=500 | poll 99.2% work 0.7%
ZWL PERF 5000ms: passes=499 timeouts=499 | poll 99.3% work 0.6%
ZWL PERF 5002ms: passes=457 timeouts=457 | poll 91.2% work 0.6%
ZWL PERF 5004ms: passes=500 timeouts=500 | poll 99.3% work 0.6%
ZWL PERF 5004ms: passes=421 timeouts=421 | poll 83.7% work 0.6%
ZWL PERF 5006ms: passes=500 timeouts=500 | poll 99.2% work 0.7%
ZWL CURSOR frame edges=2
ZWL LAT draw frame=13 at_us=375266000
ZWL LAT acquired frame=13 at_us=375267000
ZWL LAT recorded frame=13 at_us=375288000
ZWL COMPOSE frame=13 image=0 windows=1 at_ms=375358
ZWL LAT submit frame=13 at_us=375358000
ZWL LAT shown frame=13 at_us=375368000
ZWL RESIZE start surface=8 edges=2 width=400 height=300
ZWL LAT draw frame=14 at_us=376036000
ZWL LAT acquired frame=14 at_us=376037000
ZWL LAT recorded frame=14 at_us=376058000
ZWL COMPOSE frame=14 image=1 windows=1 at_ms=376128
ZWL LAT submit frame=14 at_us=376128000
ZWL LAT shown frame=14 at_us=376138000
ZWL LAT draw frame=15 at_us=376240000
ZWL LAT acquired frame=15 at_us=376240000
ZWL LAT recorded frame=15 at_us=376261000
ZWL COMPOSE frame=15 image=2 windows=1 at_ms=376331
ZWL LAT submit frame=15 at_us=376331000
ZWL LAT shown frame=15 at_us=376341000
ZWL PERF 5007ms: passes=455 timeouts=448 | poll 89.2% work 10.7%
ZWL PERF compose frames=3 draw_ms=91.21 (acquire 0.27 submit+present 69.85) frame_ms=101.20
ZWL LAT draw frame=16 at_us=382929000
ZWL LAT acquired frame=16 at_us=382929000
ZWL LAT recorded frame=16 at_us=382950000
ZWL COMPOSE frame=16 image=0 windows=1 at_ms=383020
ZWL LAT submit frame=16 at_us=383020000
ZWL LAT shown frame=16 at_us=383031000
ZWL CONFIGURE client=1 surface=8 serial=9 width=400 height=300 fullscreen=0
ZWL RESIZE end surface=8 width=400 height=300
ZWL RESIZE settled surface=8 x=440 y=293 width=400 height=300
ZWL PERF 5008ms: passes=493 timeouts=489 | poll 97.2% work 2.7%
ZWL PERF compose frames=1 draw_ms=91.69 (acquire 0.29 submit+present 69.96) frame_ms=102.88
ZWL PERF 5008ms: passes=500 timeouts=500 | poll 99.2% work 0.7%
