return PASS
immediate PASS
source-not-read PASS
partial-tag PASS
partial-reference PASS
partial-surrogate PASS
writeln PASS
carriage-returns PASS
nested-order PASS
nested-dom PASS
nested-tail PASS
later-write PASS
conversion-error PASS
conversion-atomic PASS
empty-write PASS
receiver PASS
nested-partial PASS
source-resumed PASS
document-order PASS
source-crlf-boundary PASS
