ZWL PREFERENCES open
ZWL DISPLAY device=llvmpipe (LLVM 19.1.7, 256 bits) width=1280 height=800 refresh_mhz=74994
ZWL STARTUP step=vulkan-device ms=219
ZWL STARTUP step=vulkan-objects-arrow ms=265
ZWL STARTUP step=wallpaper-picture ms=27
ZWL STARTUP step=wallpaper ms=260
ZWL STARTUP step=glyphs-text ms=29
ZWL STARTUP step=glyphs-icons ms=14
ZWL STARTUP step=glyphs-mark ms=23
ZWL GLASS atlas cache-top=380 cells=273 faces=1
ZWL STARTUP step=glyphs ms=168
ZWL GLASS ready text=1
ZWL STARTUP step=compose ms=993 at_ms=5923800
ZWL INPUT device=/dev/input/event0 kind=pointer abs=1
ZWL INPUT device=/dev/input/event1 kind=keyboard abs=0
ZWL INPUT device=/dev/input/event2 kind=pointer abs=0
ZWL INPUT device=/dev/input/event3 kind=keyboard abs=0
ZWL STARTUP step=input ms=1 at_ms=5923801
ZWL KEYMAP format=xkb_v1 errno=0
ZWL STARTUP step=keymap ms=0 at_ms=5923801
ZWL STARTUP step=socket ms=0 at_ms=5923801
ZWL IME none program=/usr/libexec/keiland-ime errno=6
ZWL READY socket=/tmp/wayland-0 width=1280 height=800 timeout_ms=400000 pid=6752
ZWL CORNER zone x=1252 y=0 width=28 height=28
ZWL OSK zone kind=flick x=1252 y=772 size=28
ZWL OSK zone kind=qwerty x=0 y=772 size=28
ZWL STARTUP step=output-display ms=42
ZWL STARTUP step=output-pipelines ms=220
ZWL STARTUP step=output-swapchain ms=381
ZWL STARTUP step=output-targets ms=90
ZWL OUTPUT open width=1280 height=800 images=3 format=37
ZWL MODE window switch_ms=733 at_ms=5924545
ZWL LAT draw frame=1 at_us=5924545000
ZWL LAT acquired frame=1 at_us=5924546000
ZWL GLASS desktops x=821 step=46 width=40
ZWL NETWORK icon x=1065 y=3 width=30 height=28
ZWL VOLUME icon x=1032 y=3 width=30 height=28
ZWL LAT recorded frame=1 at_us=5924567000
ZWL COMPOSE frame=1 image=0 windows=0 at_ms=5924637
ZWL LAT submit frame=1 at_us=5924637000
ZWL LAT shown frame=1 at_us=5924647000
ZWL HOME skip name=Image Viewer missing=/bin/imageview
ZWL HOME skip name=Text Editor missing=/bin/textedit
ZWL HOME skip name=Browser missing=/bin/browser
ZWL NETWORK state reachable=1 connected=1 kind=wired interface=ue0 wifi=absent ssid=
ZWL LAT draw frame=2 at_us=5924648000
ZWL LAT acquired frame=2 at_us=5924678000
ZWL LAT recorded frame=2 at_us=5924698000
ZWL COMPOSE frame=2 image=1 windows=0 at_ms=5924768
ZWL LAT submit frame=2 at_us=5924768000
ZWL LAT shown frame=2 at_us=5924778000
ZWL CLIENT client=1 fd=17
ZWL CONFIGURE client=1 surface=8 serial=1 width=0 height=0 fullscreen=0
ZWL LAT draw frame=3 at_us=5924816000
ZWL LAT acquired frame=3 at_us=5924816000
ZWL LAT recorded frame=3 at_us=5924836000
ZWL COMPOSE frame=3 image=2 windows=0 at_ms=5924906
ZWL LAT submit frame=3 at_us=5924906000
ZWL LAT shown frame=3 at_us=5924916000
ZWL SEAT client=1 pointer=1 keyboard=0 touch=0
ZWL SEAT client=1 pointer=1 keyboard=1 touch=0
ZWL COMMIT client=1 surface=8 buffer=15 queued=0
ZWL LAT adopt surface=8 at_us=5924916000
ZWL MAP client=1 surface=8 x=440 y=293
ZWL SHM_COPY client=1 surface=8 buffer=15 rows=0-300 sum=47199377
ZWL LAT draw frame=4 at_us=5925113000
ZWL LAT acquired frame=4 at_us=5925113000
ZWL LAT recorded frame=4 at_us=5925133000
ZWL COMPOSE frame=4 image=0 windows=1 at_ms=5925203
ZWL LAT submit frame=4 at_us=5925203000
ZWL LAT shown frame=4 at_us=5925214000
ZWL PERF 5006ms: passes=373 timeouts=364 | poll 86.4% work 34.3%
ZWL PERF compose frames=4 draw_ms=117.15 (acquire 9.37 submit+present 83.67) frame_ms=129.15
ZWL PERF shm copies=1 copy_ms=1.091
ZWL LAT draw frame=5 at_us=5929389000
ZWL LAT acquired frame=5 at_us=5929389000
ZWL LAT recorded frame=5 at_us=5929410000
ZWL COMPOSE frame=5 image=1 windows=1 at_ms=5929481
ZWL LAT submit frame=5 at_us=5929481000
ZWL LAT shown frame=5 at_us=5929491000
ZWL LAT draw frame=6 at_us=5929542000
ZWL LAT acquired frame=6 at_us=5929542000
ZWL LAT recorded frame=6 at_us=5929564000
ZWL COMPOSE frame=6 image=2 windows=1 at_ms=5929634
ZWL LAT submit frame=6 at_us=5929634000
ZWL LAT shown frame=6 at_us=5929644000
ZWL POPUP create client=1 popup=19 surface=17 parent=8 x=60 y=60 width=360 height=180
ZWL POPUP grab popup=19 surface=17
ZWL POPUP configure surface=17 serial=8 x=60 y=60 width=360 height=180
ZWL PING pong client=1 serial=6
ZWL COMMIT client=1 surface=17 buffer=21 queued=0
ZWL LAT adopt surface=17 at_us=5930099000
ZWL POPUP map surface=17 x=500 y=353 grab=1
ZWL SHM_COPY client=1 surface=17 buffer=21 rows=0-180 sum=26c56835
ZWL LAT draw frame=7 at_us=5930302000
ZWL LAT acquired frame=7 at_us=5930303000
ZWL LAT recorded frame=7 at_us=5930323000
ZWL COMPOSE frame=7 image=0 windows=1 at_ms=5930394
ZWL LAT submit frame=7 at_us=5930394000
ZWL LAT shown frame=7 at_us=5930404000
ZWL LAT draw frame=8 at_us=5932893000
ZWL LAT acquired frame=8 at_us=5932893000
ZWL LAT recorded frame=8 at_us=5932913000
ZWL COMPOSE frame=8 image=1 windows=1 at_ms=5932983
ZWL LAT submit frame=8 at_us=5932983000
ZWL LAT shown frame=8 at_us=5932993000
ZWL LAT draw frame=9 at_us=5933046000
ZWL LAT acquired frame=9 at_us=5933047000
ZWL LAT recorded frame=9 at_us=5933068000
ZWL COMPOSE frame=9 image=2 windows=1 at_ms=5933138
ZWL LAT submit frame=9 at_us=5933138000
ZWL LAT shown frame=9 at_us=5933148000
ZWL POPUP create client=1 popup=25 surface=23 parent=17 x=360 y=120 width=360 height=120
ZWL POPUP grab popup=25 surface=23
ZWL POPUP configure surface=23 serial=16 x=360 y=120 width=360 height=120
ZWL PING pong client=1 serial=15
ZWL COMMIT client=1 surface=23 buffer=27 queued=0
ZWL LAT adopt surface=23 at_us=5933352000
ZWL POPUP map surface=23 x=860 y=473 grab=1
ZWL SHM_COPY client=1 surface=23 buffer=27 rows=0-120 sum=0e8510e5
ZWL LAT draw frame=10 at_us=5933554000
ZWL LAT acquired frame=10 at_us=5933555000
ZWL LAT recorded frame=10 at_us=5933575000
ZWL COMPOSE frame=10 image=0 windows=1 at_ms=5933645
ZWL LAT submit frame=10 at_us=5933646000
ZWL LAT shown frame=10 at_us=5933655000
ZWL PERF 5009ms: passes=373 timeouts=353 | poll 70.2% work 20.9%
ZWL PERF compose frames=6 draw_ms=91.35 (acquire 0.26 submit+present 70.20) frame_ms=101.33
ZWL PERF shm copies=2 copy_ms=1.179
ZWL LAT draw frame=11 at_us=5935873000
ZWL LAT acquired frame=11 at_us=5935873000
ZWL LAT recorded frame=11 at_us=5935894000
ZWL COMPOSE frame=11 image=1 windows=1 at_ms=5935964
ZWL LAT submit frame=11 at_us=5935964000
ZWL LAT shown frame=11 at_us=5935974000
ZWL LAT draw frame=12 at_us=5936026000
ZWL LAT acquired frame=12 at_us=5936027000
ZWL LAT recorded frame=12 at_us=5936047000
ZWL COMPOSE frame=12 image=2 windows=1 at_ms=5936117
ZWL LAT submit frame=12 at_us=5936117000
ZWL LAT shown frame=12 at_us=5936127000
ZWL LAT draw frame=13 at_us=5936464000
ZWL LAT acquired frame=13 at_us=5936465000
ZWL LAT recorded frame=13 at_us=5936487000
ZWL COMPOSE frame=13 image=0 windows=1 at_ms=5936556
ZWL LAT submit frame=13 at_us=5936556000
ZWL LAT shown frame=13 at_us=5936566000
ZWL PING pong client=1 serial=24
ZWL LAT draw frame=14 at_us=5936710000
ZWL LAT acquired frame=14 at_us=5936710000
ZWL LAT recorded frame=14 at_us=5936731000
ZWL COMPOSE frame=14 image=1 windows=1 at_ms=5936801
ZWL LAT submit frame=14 at_us=5936801000
ZWL LAT shown frame=14 at_us=5936812000
ZWL LAT draw frame=15 at_us=5938578000
ZWL LAT acquired frame=15 at_us=5938578000
ZWL LAT recorded frame=15 at_us=5938600000
ZWL COMPOSE frame=15 image=2 windows=1 at_ms=5938670
ZWL LAT submit frame=15 at_us=5938670000
ZWL LAT shown frame=15 at_us=5938680000
ZWL LAT draw frame=16 at_us=5938732000
ZWL LAT acquired frame=16 at_us=5938732000
ZWL LAT recorded frame=16 at_us=5938753000
ZWL COMPOSE frame=16 image=0 windows=1 at_ms=5938823
ZWL LAT submit frame=16 at_us=5938823000
ZWL LAT shown frame=16 at_us=5941483000
ZWL LAT draw frame=17 at_us=5941484000
ZWL LAT acquired frame=17 at_us=5941484000
ZWL LAT recorded frame=17 at_us=5941505000
ZWL COMPOSE frame=17 image=1 windows=1 at_ms=5941576
ZWL LAT submit frame=17 at_us=5941576000
ZWL PERF 5007ms: passes=422 timeouts=410 | poll 52.6% work 13.1%
ZWL PERF compose frames=6 draw_ms=69.02 (acquire 0.26 submit+present 52.85) frame_ms=350.81
ZWL LAT shown frame=17 at_us=5941587000
ZWL POPUP create client=1 popup=31 surface=29 parent=8 x=360 y=60 width=360 height=180
ZWL POPUP grab popup=31 surface=29
ZWL POPUP configure surface=29 serial=37 x=360 y=60 width=360 height=180
ZWL PING pong client=1 serial=34
ZWL COMMIT client=1 surface=29 buffer=33 queued=0
ZWL LAT adopt surface=29 at_us=5941589000
ZWL POPUP map surface=29 x=800 y=353 grab=1
ZWL SHM_COPY client=1 surface=29 buffer=33 rows=0-180 sum=26c56835
ZWL LAT draw frame=18 at_us=5941772000
ZWL LAT acquired frame=18 at_us=5941772000
ZWL LAT recorded frame=18 at_us=5941793000
ZWL COMPOSE frame=18 image=2 windows=1 at_ms=5941863
ZWL LAT submit frame=18 at_us=5941863000
ZWL LAT shown frame=18 at_us=5941873000
ZWL PERF 5654ms: passes=77 timeouts=73 | poll 24.8% work 10.9%
ZWL PERF compose frames=2 draw_ms=88.35 (acquire 0.25 submit+present 67.65) frame_ms=198.06
ZWL PERF shm copies=1 copy_ms=2.721
ZWL PERF 5003ms: passes=402 timeouts=402 | poll 54.1% work 0.4%
