ZWL PREFERENCES open
ZWL DISPLAY device=llvmpipe (LLVM 19.1.7, 256 bits) width=1280 height=800 refresh_mhz=74994
ZWL STARTUP step=vulkan-device ms=210
ZWL STARTUP step=vulkan-objects-arrow ms=264
ZWL STARTUP step=wallpaper-picture ms=26
ZWL STARTUP step=wallpaper ms=259
ZWL STARTUP step=glyphs-text ms=27
ZWL STARTUP step=glyphs-icons ms=13
ZWL STARTUP step=glyphs-mark ms=24
ZWL GLASS atlas cache-top=380 cells=273 faces=1
ZWL STARTUP step=glyphs ms=168
ZWL GLASS ready text=1
ZWL STARTUP step=compose ms=982 at_ms=341361
ZWL INPUT device=/dev/input/event0 kind=pointer abs=1
ZWL INPUT device=/dev/input/event1 kind=keyboard abs=0
ZWL INPUT device=/dev/input/event2 kind=pointer abs=0
ZWL INPUT device=/dev/input/event3 kind=keyboard abs=0
ZWL STARTUP step=input ms=1 at_ms=341362
ZWL KEYMAP format=xkb_v1 errno=0
ZWL STARTUP step=keymap ms=0 at_ms=341362
ZWL STARTUP step=socket ms=0 at_ms=341362
ZWL IME none program=/usr/libexec/keiland-ime errno=6
ZWL READY socket=/tmp/wayland-0 width=1280 height=800 timeout_ms=400000 pid=1721
ZWL CORNER zone x=1252 y=0 width=28 height=28
ZWL OSK zone kind=flick x=1252 y=772 size=28
ZWL OSK zone kind=qwerty x=0 y=772 size=28
ZWL STARTUP step=output-display ms=5
ZWL STARTUP step=output-pipelines ms=160
ZWL STARTUP step=output-swapchain ms=385
ZWL STARTUP step=output-targets ms=89
ZWL OUTPUT open width=1280 height=800 images=3 format=37
ZWL MODE window switch_ms=640 at_ms=342012
ZWL LAT draw frame=1 at_us=342012000
ZWL LAT acquired frame=1 at_us=342012000
ZWL GLASS desktops x=822 step=46 width=40
ZWL NETWORK icon x=1066 y=3 width=30 height=28
ZWL VOLUME icon x=1033 y=3 width=30 height=28
ZWL LAT recorded frame=1 at_us=342034000
ZWL COMPOSE frame=1 image=0 windows=0 at_ms=342104
ZWL LAT submit frame=1 at_us=342104000
ZWL LAT shown frame=1 at_us=342114000
ZWL HOME skip name=Image Viewer missing=/bin/imageview
ZWL HOME skip name=Text Editor missing=/bin/textedit
ZWL HOME skip name=Browser missing=/bin/browser
ZWL NETWORK state reachable=1 connected=1 kind=wired interface=ue0 wifi=absent ssid=
ZWL LAT draw frame=2 at_us=342116000
ZWL LAT acquired frame=2 at_us=342248000
ZWL LAT recorded frame=2 at_us=342269000
ZWL COMPOSE frame=2 image=1 windows=0 at_ms=342339
ZWL LAT submit frame=2 at_us=342339000
ZWL LAT shown frame=2 at_us=342349000
ZWL CLIENT client=1 fd=17
ZWL LAT draw frame=3 at_us=342390000
ZWL LAT acquired frame=3 at_us=342390000
ZWL LAT recorded frame=3 at_us=342410000
ZWL COMPOSE frame=3 image=2 windows=0 at_ms=342480
ZWL LAT submit frame=3 at_us=342480000
ZWL LAT shown frame=3 at_us=342490000
ZWL CONFIGURE client=1 surface=8 serial=1 width=0 height=0 fullscreen=0
ZWL SEAT client=1 pointer=1 keyboard=0 touch=0
ZWL SEAT client=1 pointer=1 keyboard=1 touch=0
ZWL COMMIT client=1 surface=8 buffer=15 queued=0
ZWL LAT adopt surface=8 at_us=342491000
ZWL MAP client=1 surface=8 x=440 y=293
ZWL SHM_COPY client=1 surface=8 buffer=15 rows=0-300 sum=47199377
ZWL LAT draw frame=4 at_us=342692000
ZWL LAT acquired frame=4 at_us=342693000
ZWL LAT recorded frame=4 at_us=342714000
ZWL COMPOSE frame=4 image=0 windows=1 at_ms=342784
ZWL LAT submit frame=4 at_us=342784000
ZWL LAT shown frame=4 at_us=342794000
ZWL PERF 5002ms: passes=372 timeouts=363 | poll 84.1% work 33.2%
ZWL PERF compose frames=4 draw_ms=144.92 (acquire 38.76 submit+present 81.67) frame_ms=156.85
ZWL PERF shm copies=1 copy_ms=2.926
ZWL LAT draw frame=5 at_us=347235000
ZWL LAT acquired frame=5 at_us=347235000
ZWL LAT recorded frame=5 at_us=347256000
ZWL COMPOSE frame=5 image=1 windows=1 at_ms=347326
ZWL LAT submit frame=5 at_us=347326000
ZWL LAT shown frame=5 at_us=347336000
ZWL LAT draw frame=6 at_us=347388000
ZWL LAT acquired frame=6 at_us=347388000
ZWL LAT recorded frame=6 at_us=347409000
ZWL COMPOSE frame=6 image=2 windows=1 at_ms=347480
ZWL LAT submit frame=6 at_us=347480000
ZWL LAT shown frame=6 at_us=347490000
ZWL POPUP create client=1 popup=19 surface=17 parent=8 x=60 y=60 width=360 height=180
ZWL POPUP grab popup=19 surface=17
ZWL POPUP configure surface=17 serial=7 x=60 y=60 width=360 height=180
ZWL PING pong client=1 serial=6
ZWL COMMIT client=1 surface=17 buffer=21 queued=0
ZWL LAT adopt surface=17 at_us=347693000
ZWL POPUP map surface=17 x=500 y=353 grab=1
ZWL SHM_COPY client=1 surface=17 buffer=21 rows=0-180 sum=26c56835
ZWL LAT draw frame=7 at_us=347897000
ZWL LAT acquired frame=7 at_us=347897000
ZWL LAT recorded frame=7 at_us=347918000
ZWL COMPOSE frame=7 image=0 windows=1 at_ms=347988
ZWL LAT submit frame=7 at_us=347988000
ZWL LAT shown frame=7 at_us=347998000
ZWL PERF 5008ms: passes=460 timeouts=448 | poll 89.0% work 10.9%
ZWL PERF compose frames=3 draw_ms=91.69 (acquire 0.26 submit+present 70.26) frame_ms=101.65
ZWL PERF shm copies=1 copy_ms=1.404
ZWL LAT draw frame=8 at_us=351973000
ZWL LAT acquired frame=8 at_us=351974000
ZWL LAT recorded frame=8 at_us=351995000
ZWL COMPOSE frame=8 image=1 windows=1 at_ms=352065
ZWL LAT submit frame=8 at_us=352065000
ZWL LAT shown frame=8 at_us=352066000
ZWL LAT draw frame=9 at_us=352121000
ZWL LAT acquired frame=9 at_us=352122000
ZWL LAT recorded frame=9 at_us=352143000
ZWL COMPOSE frame=9 image=2 windows=1 at_ms=352213
ZWL LAT submit frame=9 at_us=352213000
ZWL LAT shown frame=9 at_us=352223000
ZWL POPUP create client=1 popup=25 surface=23 parent=17 x=360 y=120 width=360 height=120
ZWL POPUP grab popup=25 surface=23
ZWL POPUP configure surface=23 serial=16 x=360 y=120 width=360 height=120
ZWL PING pong client=1 serial=15
ZWL COMMIT client=1 surface=23 buffer=27 queued=0
ZWL LAT adopt surface=23 at_us=352426000
ZWL POPUP map surface=23 x=860 y=473 grab=1
ZWL SHM_COPY client=1 surface=23 buffer=27 rows=0-120 sum=0e8510e5
ZWL LAT draw frame=10 at_us=352629000
ZWL LAT acquired frame=10 at_us=352630000
ZWL LAT recorded frame=10 at_us=352650000
ZWL COMPOSE frame=10 image=0 windows=1 at_ms=352720
ZWL LAT submit frame=10 at_us=352720000
ZWL LAT shown frame=10 at_us=352730000
ZWL LAT draw frame=11 at_us=356014000
ZWL LAT acquired frame=11 at_us=356015000
ZWL LAT recorded frame=11 at_us=356036000
ZWL COMPOSE frame=11 image=1 windows=1 at_ms=356105
ZWL LAT submit frame=11 at_us=356105000
ZWL LAT shown frame=11 at_us=356115000
ZWL LAT draw frame=12 at_us=356167000
ZWL LAT acquired frame=12 at_us=356167000
ZWL LAT recorded frame=12 at_us=356188000
ZWL COMPOSE frame=12 image=2 windows=1 at_ms=356259
ZWL LAT submit frame=12 at_us=356259000
ZWL LAT shown frame=12 at_us=356268000
ZWL PERF 5007ms: passes=442 timeouts=428 | poll 85.2% work 14.7%
ZWL PERF compose frames=5 draw_ms=91.16 (acquire 0.28 submit+present 69.83) frame_ms=99.31
ZWL PERF shm copies=1 copy_ms=0.920
ZWL LAT draw frame=13 at_us=356704000
ZWL LAT acquired frame=13 at_us=356704000
ZWL LAT recorded frame=13 at_us=356725000
ZWL COMPOSE frame=13 image=0 windows=1 at_ms=356795
ZWL LAT submit frame=13 at_us=356795000
ZWL LAT shown frame=13 at_us=356806000
ZWL PING pong client=1 serial=24
ZWL LAT draw frame=14 at_us=360689000
ZWL LAT acquired frame=14 at_us=360689000
ZWL LAT recorded frame=14 at_us=360711000
ZWL COMPOSE frame=14 image=1 windows=1 at_ms=360780
ZWL LAT submit frame=14 at_us=360781000
ZWL LAT shown frame=14 at_us=360790000
ZWL LAT draw frame=15 at_us=360842000
ZWL LAT acquired frame=15 at_us=360843000
ZWL LAT recorded frame=15 at_us=360863000
ZWL COMPOSE frame=15 image=2 windows=1 at_ms=360934
ZWL LAT submit frame=15 at_us=360934000
ZWL LAT shown frame=15 at_us=360945000
ZWL POPUP create client=1 popup=31 surface=29 parent=8 x=360 y=60 width=360 height=180
ZWL POPUP grab popup=31 surface=29
ZWL POPUP configure surface=29 serial=36 x=360 y=60 width=360 height=180
ZWL PING pong client=1 serial=35
ZWL COMMIT client=1 surface=29 buffer=33 queued=0
ZWL LAT adopt surface=29 at_us=361147000
ZWL POPUP map surface=29 x=800 y=353 grab=1
ZWL SHM_COPY client=1 surface=29 buffer=33 rows=0-180 sum=26c56835
ZWL LAT draw frame=16 at_us=361331000
ZWL LAT acquired frame=16 at_us=361331000
ZWL LAT recorded frame=16 at_us=361353000
ZWL COMPOSE frame=16 image=0 windows=1 at_ms=361423
ZWL LAT submit frame=16 at_us=361423000
ZWL LAT shown frame=16 at_us=361434000
ZWL PERF 5044ms: passes=432 timeouts=418 | poll 82.8% work 17.1%
ZWL PERF compose frames=4 draw_ms=91.63 (acquire 0.31 submit+present 70.21) frame_ms=102.28
ZWL PERF shm copies=1 copy_ms=1.363
ZWL LAT draw frame=17 at_us=362892000
ZWL LAT acquired frame=17 at_us=362892000
ZWL LAT recorded frame=17 at_us=362913000
ZWL COMPOSE frame=17 image=1 windows=1 at_ms=362983
ZWL LAT submit frame=17 at_us=362983000
ZWL LAT shown frame=17 at_us=362992000
ZWL LAT draw frame=18 at_us=363045000
ZWL LAT acquired frame=18 at_us=363045000
ZWL LAT recorded frame=18 at_us=363066000
ZWL COMPOSE frame=18 image=2 windows=1 at_ms=363137
ZWL LAT submit frame=18 at_us=363137000
ZWL LAT shown frame=18 at_us=363147000
ZWL POPUP create client=1 popup=37 surface=35 parent=29 x=-360 y=120 width=360 height=120
ZWL POPUP grab popup=37 surface=35
ZWL POPUP configure surface=35 serial=45 x=-360 y=120 width=360 height=120
ZWL PING pong client=1 serial=44
ZWL COMMIT client=1 surface=35 buffer=39 queued=0
ZWL LAT adopt surface=35 at_us=363350000
ZWL POPUP map surface=35 x=440 y=473 grab=1
ZWL SHM_COPY client=1 surface=35 buffer=39 rows=0-120 sum=0e8510e5
ZWL LAT draw frame=19 at_us=363534000
ZWL LAT acquired frame=19 at_us=363534000
ZWL LAT recorded frame=19 at_us=363555000
ZWL COMPOSE frame=19 image=0 windows=1 at_ms=363625
ZWL LAT submit frame=19 at_us=363625000
ZWL LAT shown frame=19 at_us=363636000
P017_PROBE_BOUNDARY
POPUPPROBE configure window width=0 height=0 states=1 resizing=0
POPUPPROBE ready run=p
POPUPPROBE focus window
POPUPPROBE enter window x=200 y=107
POPUPPROBE button window state=1 x=60 y=60
POPUPPROBE open menu at=60,60
POPUPPROBE ping serial=6 answered
POPUPPROBE configure menu x=60 y=60 width=360 height=180
POPUPPROBE unfocus window
POPUPPROBE focus menu
POPUPPROBE leave window
POPUPPROBE enter menu x=0 y=0
POPUPPROBE button menu state=0 x=0 y=0
POPUPPROBE button menu state=1 x=100 y=130
POPUPPROBE open submenu row=120
POPUPPROBE ping serial=15 answered
POPUPPROBE configure submenu x=360 y=120 width=360 height=120
POPUPPROBE unfocus menu
POPUPPROBE focus submenu
POPUPPROBE button menu state=0 x=100 y=130
POPUPPROBE leave menu
POPUPPROBE enter submenu x=98 y=45
POPUPPROBE button submenu state=1 x=100 y=45
POPUPPROBE choose submenu row=1
POPUPPROBE close submenu
POPUPPROBE close menu
POPUPPROBE ping serial=24 answered
POPUPPROBE unfocus other
POPUPPROBE focus other
POPUPPROBE leave other
POPUPPROBE unfocus other
POPUPPROBE focus window
POPUPPROBE enter window x=520 y=225
POPUPPROBE button window state=0 x=520 y=225
POPUPPROBE button window state=1 x=360 y=60
POPUPPROBE open menu at=360,60
POPUPPROBE ping serial=35 answered
POPUPPROBE configure menu x=360 y=60 width=360 height=180
POPUPPROBE unfocus window
POPUPPROBE focus menu
POPUPPROBE leave window
POPUPPROBE enter menu x=0 y=0
POPUPPROBE button menu state=0 x=0 y=0
POPUPPROBE button menu state=1 x=100 y=130
POPUPPROBE open submenu row=120
POPUPPROBE ping serial=44 answered
POPUPPROBE configure submenu x=-360 y=120 width=360 height=120
POPUPPROBE unfocus menu
POPUPPROBE focus submenu
POPUPPROBE button menu state=0 x=100 y=130
