ZWL PREFERENCES open
ZWL DISPLAY device=llvmpipe (LLVM 19.1.7, 256 bits) width=1280 height=800 refresh_mhz=74994
ZWL STARTUP step=vulkan-device ms=214
ZWL STARTUP step=vulkan-objects-arrow ms=264
ZWL STARTUP step=wallpaper-picture ms=26
ZWL STARTUP step=wallpaper ms=257
ZWL STARTUP step=glyphs-text ms=29
ZWL STARTUP step=glyphs-icons ms=13
ZWL STARTUP step=glyphs-mark ms=20
ZWL GLASS atlas cache-top=380 cells=273 faces=1
ZWL STARTUP step=glyphs ms=165
ZWL GLASS ready text=1
ZWL STARTUP step=compose ms=980 at_ms=143336
ZWL INPUT device=/dev/input/event0 kind=pointer abs=1
ZWL INPUT device=/dev/input/event1 kind=keyboard abs=0
ZWL INPUT device=/dev/input/event2 kind=pointer abs=0
ZWL INPUT device=/dev/input/event3 kind=keyboard abs=0
ZWL STARTUP step=input ms=2 at_ms=143338
ZWL KEYMAP format=xkb_v1 errno=0
ZWL STARTUP step=keymap ms=0 at_ms=143338
ZWL STARTUP step=socket ms=0 at_ms=143338
ZWL IME none program=/usr/libexec/keiland-ime errno=6
ZWL READY socket=/tmp/wayland-0 width=1280 height=800 timeout_ms=400000 pid=448
ZWL CORNER zone x=1252 y=0 width=28 height=28
ZWL OSK zone kind=flick x=1252 y=772 size=28
ZWL OSK zone kind=qwerty x=0 y=772 size=28
ZWL STARTUP step=output-display ms=5
ZWL STARTUP step=output-pipelines ms=161
ZWL STARTUP step=output-swapchain ms=389
ZWL STARTUP step=output-targets ms=89
ZWL OUTPUT open width=1280 height=800 images=3 format=37
ZWL MODE window switch_ms=644 at_ms=143992
ZWL LAT draw frame=1 at_us=143992000
ZWL LAT acquired frame=1 at_us=143993000
ZWL GLASS desktops x=822 step=46 width=40
ZWL NETWORK icon x=1066 y=3 width=30 height=28
ZWL VOLUME icon x=1033 y=3 width=30 height=28
ZWL LAT recorded frame=1 at_us=144014000
ZWL COMPOSE frame=1 image=0 windows=0 at_ms=145642
ZWL LAT submit frame=1 at_us=145642000
ZWL CLIENT client=1 fd=18
ZWL LAT shown frame=1 at_us=148825000
ZWL HOME skip name=Image Viewer missing=/bin/imageview
ZWL HOME skip name=Text Editor missing=/bin/textedit
ZWL HOME skip name=Browser missing=/bin/browser
ZWL NETWORK state reachable=1 connected=1 kind=wired interface=ue0 wifi=absent ssid=
ZWL LAT draw frame=2 at_us=148827000
ZWL LAT acquired frame=2 at_us=148827000
ZWL LAT recorded frame=2 at_us=148849000
ZWL COMPOSE frame=2 image=1 windows=0 at_ms=148919
ZWL LAT submit frame=2 at_us=148919000
ZWL LAT shown frame=2 at_us=148929000
ZWL PERF 5581ms: passes=3 timeouts=1 | poll 0.3% work 73.3%
ZWL PERF compose frames=2 draw_ms=1478.23 (acquire 0.71 submit+present 1441.35) frame_ms=4188.44
ZWL LAT draw frame=3 at_us=148930000
ZWL LAT acquired frame=3 at_us=148940000
ZWL LAT recorded frame=3 at_us=148961000
ZWL COMPOSE frame=3 image=2 windows=0 at_ms=149031
ZWL LAT submit frame=3 at_us=149031000
ZWL LAT shown frame=3 at_us=149041000
ZWL CONFIGURE client=1 surface=8 serial=1 width=0 height=0 fullscreen=0
ZWL SEAT client=1 pointer=1 keyboard=0 touch=0
ZWL SEAT client=1 pointer=1 keyboard=1 touch=0
ZWL COMMIT client=1 surface=8 buffer=15 queued=0
ZWL LAT adopt surface=8 at_us=149043000
ZWL MAP client=1 surface=8 x=440 y=293
ZWL SHM_COPY client=1 surface=8 buffer=15 rows=0-300 sum=47199377
ZWL LAT draw frame=4 at_us=150210000
ZWL LAT acquired frame=4 at_us=150211000
ZWL LAT recorded frame=4 at_us=150232000
ZWL COMPOSE frame=4 image=0 windows=1 at_ms=150302
ZWL LAT submit frame=4 at_us=150302000
ZWL LAT shown frame=4 at_us=150312000
ZWL PERF 6273ms: passes=207 timeouts=201 | poll 31.7% work 22.4%
ZWL PERF compose frames=2 draw_ms=99.66 (acquire 8.55 submit+present 69.86) frame_ms=109.65
ZWL PERF shm copies=1 copy_ms=2.456
ZWL LAT draw frame=5 at_us=155332000
ZWL LAT acquired frame=5 at_us=155332000
ZWL LAT recorded frame=5 at_us=155353000
ZWL COMPOSE frame=5 image=1 windows=1 at_ms=155423
ZWL LAT submit frame=5 at_us=155423000
ZWL LAT shown frame=5 at_us=155433000
ZWL LAT draw frame=6 at_us=155486000
ZWL LAT acquired frame=6 at_us=155486000
ZWL LAT recorded frame=6 at_us=155507000
ZWL COMPOSE frame=6 image=2 windows=1 at_ms=155577
ZWL LAT submit frame=6 at_us=155577000
ZWL LAT shown frame=6 at_us=155586000
ZWL POPUP create client=1 popup=19 surface=17 parent=8 x=60 y=60 width=360 height=180
ZWL POPUP grab popup=19 surface=17
ZWL POPUP configure surface=17 serial=7 x=60 y=60 width=360 height=180
ZWL PING pong client=1 serial=6
ZWL COMMIT client=1 surface=17 buffer=21 queued=0
ZWL LAT adopt surface=17 at_us=155790000
ZWL POPUP map surface=17 x=500 y=353 grab=1
ZWL SHM_COPY client=1 surface=17 buffer=21 rows=0-180 sum=26c56835
ZWL LAT draw frame=7 at_us=155993000
ZWL LAT acquired frame=7 at_us=155993000
ZWL LAT recorded frame=7 at_us=156014000
ZWL COMPOSE frame=7 image=0 windows=1 at_ms=156084
ZWL LAT submit frame=7 at_us=156084000
ZWL LAT shown frame=7 at_us=156094000
ZWL PERF 7611ms: passes=361 timeouts=350 | poll 45.7% work 7.1%
ZWL PERF compose frames=3 draw_ms=91.17 (acquire 0.29 submit+present 70.06) frame_ms=101.09
ZWL PERF shm copies=1 copy_ms=1.345
ZWL LAT draw frame=8 at_us=164883000
ZWL LAT acquired frame=8 at_us=164884000
ZWL LAT recorded frame=8 at_us=164905000
ZWL COMPOSE frame=8 image=1 windows=1 at_ms=164975
ZWL LAT submit frame=8 at_us=164975000
ZWL LAT shown frame=8 at_us=164985000
ZWL LAT draw frame=9 at_us=165037000
ZWL LAT acquired frame=9 at_us=165038000
ZWL LAT recorded frame=9 at_us=165059000
ZWL COMPOSE frame=9 image=2 windows=1 at_ms=165129
ZWL LAT submit frame=9 at_us=165129000
ZWL LAT shown frame=9 at_us=165139000
ZWL POPUP create client=1 popup=25 surface=23 parent=17 x=360 y=120 width=360 height=120
ZWL POPUP grab popup=25 surface=23
ZWL POPUP configure surface=23 serial=16 x=360 y=120 width=360 height=120
ZWL PING pong client=1 serial=15
ZWL COMMIT client=1 surface=23 buffer=27 queued=0
ZWL LAT adopt surface=23 at_us=165341000
ZWL POPUP map surface=23 x=860 y=473 grab=1
ZWL SHM_COPY client=1 surface=23 buffer=27 rows=0-120 sum=0e8510e5
ZWL LAT draw frame=10 at_us=165544000
ZWL LAT acquired frame=10 at_us=165545000
ZWL LAT recorded frame=10 at_us=165565000
ZWL COMPOSE frame=10 image=0 windows=1 at_ms=165635
ZWL LAT submit frame=10 at_us=165635000
ZWL LAT shown frame=10 at_us=165645000
ZWL PERF 5004ms: passes=459 timeouts=448 | poll 89.0% work 11.0%
ZWL PERF compose frames=3 draw_ms=91.41 (acquire 0.29 submit+present 69.97) frame_ms=101.37
ZWL PERF shm copies=1 copy_ms=0.935
ZWL LAT draw frame=11 at_us=168888000
ZWL LAT acquired frame=11 at_us=168889000
ZWL LAT recorded frame=11 at_us=168910000
ZWL COMPOSE frame=11 image=1 windows=1 at_ms=168981
ZWL LAT submit frame=11 at_us=168981000
ZWL LAT shown frame=11 at_us=168991000
ZWL LAT draw frame=12 at_us=169038000
ZWL LAT acquired frame=12 at_us=169038000
ZWL LAT recorded frame=12 at_us=169060000
ZWL COMPOSE frame=12 image=2 windows=1 at_ms=169130
ZWL LAT submit frame=12 at_us=169130000
ZWL LAT shown frame=12 at_us=169140000
ZWL LAT draw frame=13 at_us=169477000
ZWL LAT acquired frame=13 at_us=169478000
ZWL LAT recorded frame=13 at_us=169499000
ZWL COMPOSE frame=13 image=0 windows=1 at_ms=169570
ZWL LAT submit frame=13 at_us=169570000
ZWL LAT shown frame=13 at_us=169581000
ZWL PING pong client=1 serial=24
ZWL LAT draw frame=14 at_us=169731000
ZWL LAT acquired frame=14 at_us=169732000
ZWL LAT recorded frame=14 at_us=169753000
ZWL COMPOSE frame=14 image=1 windows=1 at_ms=169823
ZWL LAT submit frame=14 at_us=169823000
ZWL LAT shown frame=14 at_us=169834000
P017_PROBE_BOUNDARY
POPUPPROBE configure window width=0 height=0 states=1 resizing=0
POPUPPROBE ready run=p
POPUPPROBE focus window
POPUPPROBE enter window x=200 y=107
POPUPPROBE button window state=1 x=60 y=60
POPUPPROBE open menu at=60,60
POPUPPROBE ping serial=6 answered
POPUPPROBE configure menu x=60 y=60 width=360 height=180
POPUPPROBE unfocus window
POPUPPROBE focus menu
POPUPPROBE leave window
POPUPPROBE enter menu x=0 y=0
POPUPPROBE button menu state=0 x=0 y=0
POPUPPROBE button menu state=1 x=100 y=130
POPUPPROBE open submenu row=120
POPUPPROBE ping serial=15 answered
POPUPPROBE configure submenu x=360 y=120 width=360 height=120
POPUPPROBE unfocus menu
POPUPPROBE focus submenu
POPUPPROBE button menu state=0 x=100 y=130
POPUPPROBE leave menu
POPUPPROBE enter submenu x=98 y=45
POPUPPROBE button submenu state=1 x=100 y=45
POPUPPROBE choose submenu row=1
POPUPPROBE close submenu
POPUPPROBE close menu
POPUPPROBE ping serial=24 answered
POPUPPROBE unfocus other
POPUPPROBE focus other
POPUPPROBE leave other
POPUPPROBE unfocus other
POPUPPROBE focus window
POPUPPROBE enter window x=520 y=225
POPUPPROBE button window state=0 x=520 y=225
