ZWL PREFERENCES open
ZWL DISPLAY device=llvmpipe (LLVM 19.1.7, 256 bits) width=1280 height=800 refresh_mhz=74994
ZWL STARTUP step=vulkan-device ms=93
ZWL STARTUP step=vulkan-objects-arrow ms=2
ZWL STARTUP step=wallpaper-picture ms=210
ZWL STARTUP step=wallpaper ms=240
ZWL STARTUP step=glyphs-text ms=8
ZWL STARTUP step=glyphs-icons ms=3
ZWL STARTUP step=glyphs-mark ms=18
ZWL GLASS atlas cache-top=380 cells=273 faces=1
ZWL STARTUP step=glyphs ms=30
ZWL GLASS ready text=1
ZWL STARTUP step=compose ms=365 at_ms=293389
ZWL INPUT device=/dev/input/event5 kind=pointer abs=1
ZWL INPUT device=/dev/input/event3 kind=keyboard abs=0
ZWL INPUT device=/dev/input/event1 kind=pointer abs=0
ZWL INPUT device=/dev/input/event0 kind=keyboard abs=0
ZWL STARTUP step=input ms=59 at_ms=293448
ZWL KEYMAP format=xkb_v1 errno=0
ZWL STARTUP step=keymap ms=0 at_ms=293448
ZWL STARTUP step=socket ms=0 at_ms=293448
ZWL IME none program=/opt/keiland/libexec/keiland-ime errno=2
ZWL READY socket=/run/keiland-term width=1280 height=800 timeout_ms=18446744073709551615 pid=1119
ZWL CORNER zone x=1252 y=0 width=28 height=28
ZWL OSK zone kind=flick x=1252 y=772 size=28
ZWL OSK zone kind=qwerty x=0 y=772 size=28
ZWL STARTUP step=output-display ms=0
ZWL STARTUP step=output-pipelines ms=13
ZWL STARTUP step=output-swapchain ms=8
ZWL STARTUP step=output-targets ms=0
ZWL OUTPUT open width=1280 height=800 images=3 format=44
ZWL MODE window switch_ms=21 at_ms=293479
ZWL GLASS desktops x=814 step=46 width=40
ZWL NETWORK icon x=1058 y=3 width=30 height=28
ZWL VOLUME icon x=1025 y=3 width=30 height=28
ZWL HOME skip name=Terminal missing=/opt/keiland/bin/terminal
ZWL HOME skip name=Model viewer missing=/opt/keiland/bin/mview
ZWL HOME skip name=Vulkan test missing=/opt/keiland/bin/wltest
ZWL HOME skip name=X terminal missing=/opt/keiland/libexec/keiland-x11
ZWL HOME skip name=Gears missing=/opt/keiland/libexec/keiland-x11
ZWL HOME skip name=Files missing=/opt/keiland/bin/files
ZWL HOME skip name=Notes missing=/opt/keiland/bin/notes
ZWL HOME skip name=PDF Viewer missing=/opt/keiland/bin/pdfviewer
ZWL HOME skip name=Image Viewer missing=/opt/keiland/bin/imageview
ZWL HOME skip name=Text Editor missing=/opt/keiland/bin/textedit
ZWL HOME skip name=Browser missing=/opt/keiland/bin/browser
ZWL OUTPUT closed
ZWL EXIT frames=1 error=0 cleanup_failed=0 pid=1119 input_events=0 seat_events=0 at_ms=293968
