ZWL PREFERENCES open
ZWL DISPLAY device=llvmpipe (LLVM 19.1.7, 256 bits) width=1280 height=800 refresh_mhz=74994
ZWL STARTUP step=vulkan-device ms=211
ZWL STARTUP step=vulkan-objects-arrow ms=265
ZWL STARTUP step=wallpaper-picture ms=27
ZWL STARTUP step=wallpaper ms=260
ZWL STARTUP step=glyphs-text ms=25
ZWL STARTUP step=glyphs-icons ms=13
ZWL STARTUP step=glyphs-mark ms=22
ZWL GLASS atlas cache-top=380 cells=273 faces=1
ZWL STARTUP step=glyphs ms=163
ZWL GLASS ready text=1
ZWL STARTUP step=compose ms=979 at_ms=90363
ZWL INPUT device=/dev/input/event0 kind=pointer abs=1
ZWL INPUT device=/dev/input/event1 kind=keyboard abs=0
ZWL INPUT device=/dev/input/event2 kind=pointer abs=0
ZWL INPUT device=/dev/input/event3 kind=keyboard abs=0
ZWL STARTUP step=input ms=1 at_ms=90364
ZWL KEYMAP format=xkb_v1 errno=0
ZWL STARTUP step=keymap ms=0 at_ms=90364
ZWL STARTUP step=socket ms=0 at_ms=90364
ZWL IME none program=/usr/libexec/keiland-ime errno=6
ZWL READY socket=/tmp/wayland-0 width=1280 height=800 timeout_ms=400000 pid=251
ZWL CORNER zone x=1252 y=0 width=28 height=28
ZWL OSK zone kind=flick x=1252 y=772 size=28
ZWL OSK zone kind=qwerty x=0 y=772 size=28
ZWL STARTUP step=output-display ms=5
ZWL STARTUP step=output-pipelines ms=160
ZWL STARTUP step=output-swapchain ms=385
ZWL STARTUP step=output-targets ms=90
ZWL OUTPUT open width=1280 height=800 images=3 format=37
ZWL MODE window switch_ms=640 at_ms=91015
ZWL LAT draw frame=1 at_us=91015000
ZWL LAT acquired frame=1 at_us=91015000
ZWL GLASS desktops x=822 step=46 width=40
ZWL NETWORK icon x=1066 y=3 width=30 height=28
ZWL VOLUME icon x=1033 y=3 width=30 height=28
ZWL LAT recorded frame=1 at_us=91037000
ZWL COMPOSE frame=1 image=0 windows=0 at_ms=91107
ZWL LAT submit frame=1 at_us=91107000
ZWL LAT shown frame=1 at_us=91117000
ZWL HOME skip name=Image Viewer missing=/bin/imageview
ZWL HOME skip name=Text Editor missing=/bin/textedit
ZWL HOME skip name=Browser missing=/bin/browser
ZWL NETWORK state reachable=1 connected=1 kind=wired interface=ue0 wifi=absent ssid=
ZWL LAT draw frame=2 at_us=91119000
ZWL LAT acquired frame=2 at_us=91254000
ZWL LAT recorded frame=2 at_us=91275000
ZWL COMPOSE frame=2 image=1 windows=0 at_ms=91345
ZWL LAT submit frame=2 at_us=91345000
ZWL LAT shown frame=2 at_us=91355000
ZWL CLIENT client=1 fd=17
ZWL CONFIGURE client=1 surface=8 serial=1 width=0 height=0 fullscreen=0
ZWL LAT draw frame=3 at_us=91396000
ZWL LAT acquired frame=3 at_us=91396000
ZWL LAT recorded frame=3 at_us=91416000
ZWL COMPOSE frame=3 image=2 windows=0 at_ms=91486
ZWL LAT submit frame=3 at_us=91486000
ZWL LAT shown frame=3 at_us=91496000
ZWL SEAT client=1 pointer=1 keyboard=0 touch=0
ZWL SEAT client=1 pointer=1 keyboard=1 touch=0
ZWL COMMIT client=1 surface=8 buffer=15 queued=0
ZWL LAT adopt surface=8 at_us=91497000
ZWL MAP client=1 surface=8 x=440 y=293
ZWL SHM_COPY client=1 surface=8 buffer=15 rows=0-300 sum=47199377
ZWL LAT draw frame=4 at_us=91699000
ZWL LAT acquired frame=4 at_us=91700000
ZWL LAT recorded frame=4 at_us=91720000
ZWL COMPOSE frame=4 image=0 windows=1 at_ms=91790
ZWL LAT submit frame=4 at_us=91791000
ZWL LAT shown frame=4 at_us=91800000
ZWL PERF 5006ms: passes=372 timeouts=363 | poll 84.0% work 33.3%
ZWL PERF compose frames=4 draw_ms=145.90 (acquire 39.64 submit+present 81.76) frame_ms=157.58
ZWL PERF shm copies=1 copy_ms=3.012
ZWL LAT draw frame=5 at_us=96244000
ZWL LAT acquired frame=5 at_us=96244000
ZWL LAT recorded frame=5 at_us=96265000
ZWL COMPOSE frame=5 image=1 windows=1 at_ms=96336
ZWL LAT submit frame=5 at_us=96336000
ZWL LAT shown frame=5 at_us=96346000
ZWL LAT draw frame=6 at_us=96397000
ZWL LAT acquired frame=6 at_us=96397000
ZWL LAT recorded frame=6 at_us=96418000
ZWL COMPOSE frame=6 image=2 windows=1 at_ms=96488
ZWL LAT submit frame=6 at_us=96488000
ZWL LAT shown frame=6 at_us=96498000
ZWL POPUP create client=1 popup=19 surface=17 parent=8 x=60 y=60 width=360 height=180
ZWL POPUP grab popup=19 surface=17
ZWL POPUP configure surface=17 serial=7 x=60 y=60 width=360 height=180
ZWL PING pong client=1 serial=6
ZWL COMMIT client=1 surface=17 buffer=21 queued=0
ZWL LAT adopt surface=17 at_us=96702000
ZWL POPUP map surface=17 x=500 y=353 grab=1
ZWL SHM_COPY client=1 surface=17 buffer=21 rows=0-180 sum=26c56835
ZWL LAT draw frame=7 at_us=96905000
ZWL LAT acquired frame=7 at_us=96905000
ZWL LAT recorded frame=7 at_us=96926000
ZWL COMPOSE frame=7 image=0 windows=1 at_ms=96996
ZWL LAT submit frame=7 at_us=96996000
ZWL LAT shown frame=7 at_us=97006000
ZWL PERF 5945ms: passes=424 timeouts=413 | poll 71.0% work 9.1%
ZWL PERF compose frames=3 draw_ms=91.66 (acquire 0.27 submit+present 70.35) frame_ms=101.61
ZWL PERF shm copies=1 copy_ms=1.428
ZWL LAT draw frame=8 at_us=103610000
ZWL LAT acquired frame=8 at_us=103610000
ZWL LAT recorded frame=8 at_us=103631000
ZWL COMPOSE frame=8 image=1 windows=1 at_ms=103701
ZWL LAT submit frame=8 at_us=103701000
ZWL LAT shown frame=8 at_us=103711000
ZWL LAT draw frame=9 at_us=103764000
ZWL LAT acquired frame=9 at_us=103764000
ZWL LAT recorded frame=9 at_us=103785000
ZWL COMPOSE frame=9 image=2 windows=1 at_ms=103855
ZWL LAT submit frame=9 at_us=103855000
ZWL LAT shown frame=9 at_us=103865000
ZWL POPUP create client=1 popup=25 surface=23 parent=17 x=360 y=120 width=360 height=120
ZWL POPUP grab popup=25 surface=23
ZWL POPUP configure surface=23 serial=16 x=360 y=120 width=360 height=120
ZWL PING pong client=1 serial=15
ZWL COMMIT client=1 surface=23 buffer=27 queued=0
ZWL LAT adopt surface=23 at_us=104068000
ZWL POPUP map surface=23 x=860 y=473 grab=1
ZWL SHM_COPY client=1 surface=23 buffer=27 rows=0-120 sum=0e8510e5
ZWL LAT draw frame=10 at_us=104271000
ZWL LAT acquired frame=10 at_us=104272000
ZWL LAT recorded frame=10 at_us=104293000
ZWL COMPOSE frame=10 image=0 windows=1 at_ms=104363
ZWL LAT submit frame=10 at_us=104363000
ZWL LAT shown frame=10 at_us=104373000
ZWL PERF 5008ms: passes=455 timeouts=445 | poll 89.1% work 10.9%
ZWL PERF compose frames=3 draw_ms=91.43 (acquire 0.39 submit+present 69.97) frame_ms=101.44
ZWL PERF shm copies=1 copy_ms=0.954
ZWL PERF 7375ms: passes=5 timeouts=5 | poll 0.7% work 0.0%
ZWL LAT draw frame=11 at_us=115575000
ZWL LAT acquired frame=11 at_us=115575000
ZWL LAT recorded frame=11 at_us=115595000
ZWL COMPOSE frame=11 image=1 windows=1 at_ms=115665
ZWL LAT submit frame=11 at_us=115665000
ZWL LAT shown frame=11 at_us=115675000
ZWL LAT draw frame=12 at_us=115729000
ZWL LAT acquired frame=12 at_us=115729000
ZWL LAT recorded frame=12 at_us=115750000
ZWL COMPOSE frame=12 image=2 windows=1 at_ms=115820
ZWL LAT submit frame=12 at_us=115820000
ZWL LAT shown frame=12 at_us=115830000
ZWL PING pong client=1 serial=24
ZWL LAT draw frame=13 at_us=116270000
ZWL LAT acquired frame=13 at_us=116271000
ZWL LAT recorded frame=13 at_us=116292000
ZWL COMPOSE frame=13 image=0 windows=1 at_ms=116362
ZWL LAT submit frame=13 at_us=116362000
ZWL LAT shown frame=13 at_us=116373000
ZWL PERF 5008ms: passes=450 timeouts=443 | poll 88.3% work 11.6%
ZWL PERF compose frames=3 draw_ms=90.97 (acquire 0.33 submit+present 70.01) frame_ms=101.30
ZWL LAT draw frame=14 at_us=121664000
ZWL LAT acquired frame=14 at_us=121665000
ZWL LAT recorded frame=14 at_us=121686000
ZWL COMPOSE frame=14 image=1 windows=1 at_ms=121756
ZWL LAT submit frame=14 at_us=121756000
ZWL LAT shown frame=14 at_us=121766000
ZWL LAT draw frame=15 at_us=121818000
ZWL LAT acquired frame=15 at_us=121818000
ZWL LAT recorded frame=15 at_us=121839000
ZWL COMPOSE frame=15 image=2 windows=1 at_ms=121909
ZWL LAT submit frame=15 at_us=121909000
ZWL LAT shown frame=15 at_us=121919000
ZWL POPUP create client=1 popup=31 surface=29 parent=8 x=360 y=60 width=360 height=180
ZWL POPUP grab popup=31 surface=29
ZWL POPUP configure surface=29 serial=36 x=360 y=60 width=360 height=180
ZWL PING pong client=1 serial=35
ZWL COMMIT client=1 surface=29 buffer=33 queued=0
ZWL LAT adopt surface=29 at_us=122123000
ZWL POPUP map surface=29 x=800 y=353 grab=1
ZWL SHM_COPY client=1 surface=29 buffer=33 rows=0-180 sum=26c56835
ZWL LAT draw frame=16 at_us=122306000
ZWL LAT acquired frame=16 at_us=122306000
ZWL LAT recorded frame=16 at_us=122327000
ZWL COMPOSE frame=16 image=0 windows=1 at_ms=122397
ZWL LAT submit frame=16 at_us=122397000
ZWL LAT shown frame=16 at_us=122407000
ZWL LAT draw frame=17 at_us=123547000
ZWL LAT acquired frame=17 at_us=123547000
ZWL LAT recorded frame=17 at_us=123569000
ZWL COMPOSE frame=17 image=1 windows=1 at_ms=123639
ZWL LAT submit frame=17 at_us=123639000
ZWL LAT shown frame=17 at_us=123649000
ZWL LAT draw frame=18 at_us=123701000
ZWL LAT acquired frame=18 at_us=123701000
ZWL LAT recorded frame=18 at_us=123722000
ZWL COMPOSE frame=18 image=2 windows=1 at_ms=123792
ZWL LAT submit frame=18 at_us=123792000
ZWL LAT shown frame=18 at_us=123802000
ZWL PERF 5085ms: passes=254 timeouts=241 | poll 47.6% work 14.0%
ZWL PERF compose frames=5 draw_ms=91.39 (acquire 0.28 submit+present 69.91) frame_ms=101.50
ZWL PERF shm copies=1 copy_ms=1.386
ZWL POPUP create client=1 popup=37 surface=35 parent=29 x=-360 y=120 width=360 height=120
ZWL POPUP grab popup=37 surface=35
ZWL POPUP configure surface=35 serial=45 x=-360 y=120 width=360 height=120
ZWL PING pong client=1 serial=44
ZWL COMMIT client=1 surface=35 buffer=39 queued=0
ZWL LAT adopt surface=35 at_us=124005000
ZWL POPUP map surface=35 x=440 y=473 grab=1
ZWL SHM_COPY client=1 surface=35 buffer=39 rows=0-120 sum=0e8510e5
ZWL LAT draw frame=19 at_us=124189000
ZWL LAT acquired frame=19 at_us=124189000
ZWL LAT recorded frame=19 at_us=124210000
ZWL COMPOSE frame=19 image=0 windows=1 at_ms=124280
ZWL LAT submit frame=19 at_us=124280000
ZWL LAT shown frame=19 at_us=124290000
ZWL PERF 5000ms: passes=172 timeouts=165 | poll 32.8% work 6.0%
ZWL PERF compose frames=1 draw_ms=91.11 (acquire 0.26 submit+present 70.26) frame_ms=101.16
ZWL PERF shm copies=1 copy_ms=1.004
P017_PROBE_BOUNDARY
POPUPPROBE configure window width=0 height=0 states=1 resizing=0
POPUPPROBE ready run=p
POPUPPROBE focus window
POPUPPROBE enter window x=200 y=107
POPUPPROBE button window state=1 x=60 y=60
POPUPPROBE open menu at=60,60
POPUPPROBE ping serial=6 answered
POPUPPROBE configure menu x=60 y=60 width=360 height=180
POPUPPROBE unfocus window
POPUPPROBE focus menu
POPUPPROBE leave window
POPUPPROBE enter menu x=0 y=0
POPUPPROBE button menu state=0 x=0 y=0
POPUPPROBE button menu state=1 x=100 y=130
POPUPPROBE open submenu row=120
POPUPPROBE ping serial=15 answered
POPUPPROBE configure submenu x=360 y=120 width=360 height=120
POPUPPROBE unfocus menu
POPUPPROBE focus submenu
POPUPPROBE button menu state=0 x=100 y=130
POPUPPROBE leave menu
POPUPPROBE enter submenu x=98 y=45
POPUPPROBE button submenu state=1 x=100 y=45
POPUPPROBE choose submenu row=1
POPUPPROBE close submenu
POPUPPROBE close menu
POPUPPROBE ping serial=24 answered
POPUPPROBE unfocus other
POPUPPROBE focus other
POPUPPROBE leave other
POPUPPROBE unfocus other
POPUPPROBE focus window
POPUPPROBE enter window x=520 y=225
POPUPPROBE button window state=0 x=520 y=225
POPUPPROBE button window state=1 x=360 y=60
POPUPPROBE open menu at=360,60
POPUPPROBE ping serial=35 answered
POPUPPROBE configure menu x=360 y=60 width=360 height=180
POPUPPROBE unfocus window
POPUPPROBE focus menu
POPUPPROBE leave window
POPUPPROBE enter menu x=0 y=0
POPUPPROBE button menu state=0 x=0 y=0
POPUPPROBE button menu state=1 x=100 y=130
POPUPPROBE open submenu row=120
POPUPPROBE ping serial=44 answered
POPUPPROBE configure submenu x=-360 y=120 width=360 height=120
POPUPPROBE unfocus menu
POPUPPROBE focus submenu
POPUPPROBE button menu state=0 x=100 y=130
