settings: 10-second live / screenshot
settings: 602
ZWL HOME ended pid=942 status=0
notes: 10-second live / screenshot
notes: 602
ZWL HOME ended pid=1002 status=0
textedit: 10-second live / screenshot
textedit: 602
ZWL HOME ended pid=1002 status=0
imageview: 10-second live / screenshot
imageview: 602
ZWL HOME ended pid=1114 status=0
pdfviewer: 10-second live / screenshot
pdfviewer: 602
ZWL HOME ended pid=1176 status=0
kuidemo: 10-second live / screenshot
kuidemo: 602
ZWL HOME ended pid=1226 status=0
mview: 10-second live / screenshot
mview: 602
ZWL HOME ended pid=1288 status=0
